C:/Users/20102/Desktop/motor_control_ss_stm/6_step/Drivers/STM32F1xx_HAL_Driver/Src/stm32f1xx_hal_flash_ex.c:157:19:HAL_FLASHEx_Erase	32	static
C:/Users/20102/Desktop/motor_control_ss_stm/6_step/Drivers/STM32F1xx_HAL_Driver/Src/stm32f1xx_hal_flash_ex.c:317:19:HAL_FLASHEx_Erase_IT	8	static
C:/Users/20102/Desktop/motor_control_ss_stm/6_step/Drivers/STM32F1xx_HAL_Driver/Src/stm32f1xx_hal_flash_ex.c:392:19:HAL_FLASHEx_OBErase	16	static
C:/Users/20102/Desktop/motor_control_ss_stm/6_step/Drivers/STM32F1xx_HAL_Driver/Src/stm32f1xx_hal_flash_ex.c:441:19:HAL_FLASHEx_OBProgram	32	static
C:/Users/20102/Desktop/motor_control_ss_stm/6_step/Drivers/STM32F1xx_HAL_Driver/Src/stm32f1xx_hal_flash_ex.c:522:6:HAL_FLASHEx_OBGetConfig	0	static
C:/Users/20102/Desktop/motor_control_ss_stm/6_step/Drivers/STM32F1xx_HAL_Driver/Src/stm32f1xx_hal_flash_ex.c:544:10:HAL_FLASHEx_OBGetUserData	0	static
C:/Users/20102/Desktop/motor_control_ss_stm/6_step/Drivers/STM32F1xx_HAL_Driver/Src/stm32f1xx_hal_flash_ex.c:1084:6:FLASH_PageErase	0	static
