14:05:13 **** Build of configuration Debug for project GPS_TRAKER ****
make -j16 all 
arm-none-eabi-gcc -mcpu=cortex-m3 -g3 -c -x assembler-with-cpp -MMD -MP -MF"Startup/startup_stm32f103c8tx.d" -MT"Startup/startup_stm32f103c8tx.o" --specs=nano.specs -mfloat-abi=soft -mthumb -o "Startup/startup_stm32f103c8tx.o" "../Startup/startup_stm32f103c8tx.s"
arm-none-eabi-gcc "../Src/main.c" -mcpu=cortex-m3 -std=gnu11 -g3 -DSTM32 -DSTM32F1 -DSTM32F103C8Tx -DDEBUG -c -I../Inc -O0 -ffunction-sections -fdata-sections -Wall -fstack-usage -MMD -MP -MF"Src/main.d" -MT"Src/main.o" --specs=nano.specs -mfloat-abi=soft -mthumb -o "Src/main.o"
arm-none-eabi-gcc "../Src/syscalls.c" -mcpu=cortex-m3 -std=gnu11 -g3 -DSTM32 -DSTM32F1 -DSTM32F103C8Tx -DDEBUG -c -I../Inc -O0 -ffunction-sections -fdata-sections -Wall -fstack-usage -MMD -MP -MF"Src/syscalls.d" -MT"Src/syscalls.o" --specs=nano.specs -mfloat-abi=soft -mthumb -o "Src/syscalls.o"
arm-none-eabi-gcc "../Src/sysmem.c" -mcpu=cortex-m3 -std=gnu11 -g3 -DSTM32 -DSTM32F1 -DSTM32F103C8Tx -DDEBUG -c -I../Inc -O0 -ffunction-sections -fdata-sections -Wall -fstack-usage -MMD -MP -MF"Src/sysmem.d" -MT"Src/sysmem.o" --specs=nano.specs -mfloat-abi=soft -mthumb -o "Src/sysmem.o"
arm-none-eabi-gcc "../STM32_drivers/CLICK_MODE.c" -mcpu=cortex-m3 -std=gnu11 -g3 -DSTM32 -DSTM32F1 -DSTM32F103C8Tx -DDEBUG -c -I../Inc -O0 -ffunction-sections -fdata-sections -Wall -fstack-usage -MMD -MP -MF"STM32_drivers/CLICK_MODE.d" -MT"STM32_drivers/CLICK_MODE.o" --specs=nano.specs -mfloat-abi=soft -mthumb -o "STM32_drivers/CLICK_MODE.o"
arm-none-eabi-gcc "../STM32_drivers/EEPROM.c" -mcpu=cortex-m3 -std=gnu11 -g3 -DSTM32 -DSTM32F1 -DSTM32F103C8Tx -DDEBUG -c -I../Inc -O0 -ffunction-sections -fdata-sections -Wall -fstack-usage -MMD -MP -MF"STM32_drivers/EEPROM.d" -MT"STM32_drivers/EEPROM.o" --specs=nano.specs -mfloat-abi=soft -mthumb -o "STM32_drivers/EEPROM.o"
arm-none-eabi-gcc "../STM32_drivers/FIFO.c" -mcpu=cortex-m3 -std=gnu11 -g3 -DSTM32 -DSTM32F1 -DSTM32F103C8Tx -DDEBUG -c -I../Inc -O0 -ffunction-sections -fdata-sections -Wall -fstack-usage -MMD -MP -MF"STM32_drivers/FIFO.d" -MT"STM32_drivers/FIFO.o" --specs=nano.specs -mfloat-abi=soft -mthumb -o "STM32_drivers/FIFO.o"
arm-none-eabi-gcc "../STM32_drivers/GPIO_DRIVER.c" -mcpu=cortex-m3 -std=gnu11 -g3 -DSTM32 -DSTM32F1 -DSTM32F103C8Tx -DDEBUG -c -I../Inc -O0 -ffunction-sections -fdata-sections -Wall -fstack-usage -MMD -MP -MF"STM32_drivers/GPIO_DRIVER.d" -MT"STM32_drivers/GPIO_DRIVER.o" --specs=nano.specs -mfloat-abi=soft -mthumb -o "STM32_drivers/GPIO_DRIVER.o"
arm-none-eabi-gcc "../STM32_drivers/I2C_LCD.c" -mcpu=cortex-m3 -std=gnu11 -g3 -DSTM32 -DSTM32F1 -DSTM32F103C8Tx -DDEBUG -c -I../Inc -O0 -ffunction-sections -fdata-sections -Wall -fstack-usage -MMD -MP -MF"STM32_drivers/I2C_LCD.d" -MT"STM32_drivers/I2C_LCD.o" --specs=nano.specs -mfloat-abi=soft -mthumb -o "STM32_drivers/I2C_LCD.o"
arm-none-eabi-gcc "../STM32_drivers/LCD.c" -mcpu=cortex-m3 -std=gnu11 -g3 -DSTM32 -DSTM32F1 -DSTM32F103C8Tx -DDEBUG -c -I../Inc -O0 -ffunction-sections -fdata-sections -Wall -fstack-usage -MMD -MP -MF"STM32_drivers/LCD.d" -MT"STM32_drivers/LCD.o" --specs=nano.specs -mfloat-abi=soft -mthumb -o "STM32_drivers/LCD.o"
arm-none-eabi-gcc "../STM32_drivers/LIFO.c" -mcpu=cortex-m3 -std=gnu11 -g3 -DSTM32 -DSTM32F1 -DSTM32F103C8Tx -DDEBUG -c -I../Inc -O0 -ffunction-sections -fdata-sections -Wall -fstack-usage -MMD -MP -MF"STM32_drivers/LIFO.d" -MT"STM32_drivers/LIFO.o" --specs=nano.specs -mfloat-abi=soft -mthumb -o "STM32_drivers/LIFO.o"
arm-none-eabi-gcc "../STM32_drivers/MPU6050.c" -mcpu=cortex-m3 -std=gnu11 -g3 -DSTM32 -DSTM32F1 -DSTM32F103C8Tx -DDEBUG -c -I../Inc -O0 -ffunction-sections -fdata-sections -Wall -fstack-usage -MMD -MP -MF"STM32_drivers/MPU6050.d" -MT"STM32_drivers/MPU6050.o" --specs=nano.specs -mfloat-abi=soft -mthumb -o "STM32_drivers/MPU6050.o"
arm-none-eabi-gcc "../STM32_drivers/STM32_I2C_DRIVER.c" -mcpu=cortex-m3 -std=gnu11 -g3 -DSTM32 -DSTM32F1 -DSTM32F103C8Tx -DDEBUG -c -I../Inc -O0 -ffunction-sections -fdata-sections -Wall -fstack-usage -MMD -MP -MF"STM32_drivers/STM32_I2C_DRIVER.d" -MT"STM32_drivers/STM32_I2C_DRIVER.o" --specs=nano.specs -mfloat-abi=soft -mthumb -o "STM32_drivers/STM32_I2C_DRIVER.o"
arm-none-eabi-gcc "../STM32_drivers/STM32_TIMERS_DRIVER.c" -mcpu=cortex-m3 -std=gnu11 -g3 -DSTM32 -DSTM32F1 -DSTM32F103C8Tx -DDEBUG -c -I../Inc -O0 -ffunction-sections -fdata-sections -Wall -fstack-usage -MMD -MP -MF"STM32_drivers/STM32_TIMERS_DRIVER.d" -MT"STM32_drivers/STM32_TIMERS_DRIVER.o" --specs=nano.specs -mfloat-abi=soft -mthumb -o "STM32_drivers/STM32_TIMERS_DRIVER.o"
arm-none-eabi-gcc "../STM32_drivers/Triac_drimmer.c" -mcpu=cortex-m3 -std=gnu11 -g3 -DSTM32 -DSTM32F1 -DSTM32F103C8Tx -DDEBUG -c -I../Inc -O0 -ffunction-sections -fdata-sections -Wall -fstack-usage -MMD -MP -MF"STM32_drivers/Triac_drimmer.d" -MT"STM32_drivers/Triac_drimmer.o" --specs=nano.specs -mfloat-abi=soft -mthumb -o "STM32_drivers/Triac_drimmer.o"
arm-none-eabi-gcc "../STM32_drivers/keypad.c" -mcpu=cortex-m3 -std=gnu11 -g3 -DSTM32 -DSTM32F1 -DSTM32F103C8Tx -DDEBUG -c -I../Inc -O0 -ffunction-sections -fdata-sections -Wall -fstack-usage -MMD -MP -MF"STM32_drivers/keypad.d" -MT"STM32_drivers/keypad.o" --specs=nano.specs -mfloat-abi=soft -mthumb -o "STM32_drivers/keypad.o"
../STM32_drivers/CLICK_MODE.c:8:10: fatal error: CLICK_MODE.h: No such file or directory
 #include "CLICK_MODE.h"
          ^~~~~~~~~~~~~~
compilation terminated.
make: *** [STM32_drivers/subdir.mk:66: STM32_drivers/CLICK_MODE.o] Error 1
make: *** Waiting for unfinished jobs....
../STM32_drivers/I2C_LCD.c:8:10: fatal error: I2C_LCD.h: No such file or directory
 #include "I2C_LCD.h"
          ^~~~~~~~~~~
compilation terminated.
../STM32_drivers/FIFO.c:7:10: fatal error: FIFO.h: No such file or directory
 #include "FIFO.h"
          ^~~~~~~~
compilation terminated.
../STM32_drivers/LIFO.c:8:10: fatal error: LIFO.h: No such file or directory
 #include "LIFO.h"
          ^~~~~~~~
compilation terminated.
../STM32_drivers/GPIO_DRIVER.c:1:10: fatal error: STM32f103c6.h: No such file or directory
 #include "STM32f103c6.h"
          ^~~~~~~~~~~~~~~
compilation terminated.
../STM32_drivers/EEPROM.c:8:10: fatal error: EEPROM.h: No such file or directory
 #include "EEPROM.h"
          ^~~~~~~~~~
compilation terminated.
../STM32_drivers/Triac_drimmer.c:9:10: fatal error: Triac_drimmer.h: No such file or directory
 #include "Triac_drimmer.h"
          ^~~~~~~~~~~~~~~~~
compilation terminated.
../STM32_drivers/STM32_TIMERS_DRIVER.c:8:10: fatal error: STM32_TIMERS_DRIVER.h: No such file or directory
 #include "STM32_TIMERS_DRIVER.h"
          ^~~~~~~~~~~~~~~~~~~~~~~
compilation terminated.
../STM32_drivers/LCD.c:8:10: fatal error: LCD.h: No such file or directory
 #include "LCD.h"
          ^~~~~~~
compilation terminated.
make: *** [STM32_drivers/subdir.mk:86: STM32_drivers/Triac_drimmer.o] Error 1
make: *** [STM32_drivers/subdir.mk:70: STM32_drivers/FIFO.o] Error 1
make: *** [STM32_drivers/subdir.mk:68: STM32_drivers/EEPROM.o] Error 1
make: *** [STM32_drivers/subdir.mk:74: STM32_drivers/I2C_LCD.o] Error 1
make: *** [STM32_drivers/subdir.mk:84: STM32_drivers/STM32_TIMERS_DRIVER.o] Error 1
make: *** [STM32_drivers/subdir.mk:78: STM32_drivers/LIFO.o] Error 1
../STM32_drivers/STM32_I2C_DRIVER.c:9:10: fatal error: STM32_I2C_DRIVER.h: No such file or directory
 #include "STM32_I2C_DRIVER.h"
          ^~~~~~~~~~~~~~~~~~~~
compilation terminated.
make: *** [STM32_drivers/subdir.mk:72: STM32_drivers/GPIO_DRIVER.o] Error 1
make: *** [STM32_drivers/subdir.mk:76: STM32_drivers/LCD.o] Error 1
../STM32_drivers/MPU6050.c:9:10: fatal error: MPU6050.h: No such file or directory
 #include "MPU6050.h"
          ^~~~~~~~~~~
compilation terminated.
make: *** [STM32_drivers/subdir.mk:82: STM32_drivers/STM32_I2C_DRIVER.o] Error 1
../STM32_drivers/keypad.c:2:10: fatal error: keypad.h: No such file or directory
 #include "keypad.h"
          ^~~~~~~~~~
compilation terminated.
make: *** [STM32_drivers/subdir.mk:80: STM32_drivers/MPU6050.o] Error 1
make: *** [STM32_drivers/subdir.mk:88: STM32_drivers/keypad.o] Error 1
"make -j16 all" terminated with exit code 2. Build might be incomplete.
14:05:56 **** Incremental Build of configuration Debug for project GPS_TRAKER ****
make -j16 all 
arm-none-eabi-gcc "../Src/main.c" -mcpu=cortex-m3 -std=gnu11 -g3 -DSTM32 -DSTM32F1 -DSTM32F103C8Tx -DDEBUG -c -I../Inc -I"C:/E/embedded/test/final simulation code for my assignments/GPS_TRAKER/GPS_TRAKER/STM32_drivers/inc" -O0 -ffunction-sections -fdata-sections -Wall -fstack-usage -MMD -MP -MF"Src/main.d" -MT"Src/main.o" --specs=nano.specs -mfloat-abi=soft -mthumb -o "Src/main.o"
arm-none-eabi-gcc "../Src/syscalls.c" -mcpu=cortex-m3 -std=gnu11 -g3 -DSTM32 -DSTM32F1 -DSTM32F103C8Tx -DDEBUG -c -I../Inc -I"C:/E/embedded/test/final simulation code for my assignments/GPS_TRAKER/GPS_TRAKER/STM32_drivers/inc" -O0 -ffunction-sections -fdata-sections -Wall -fstack-usage -MMD -MP -MF"Src/syscalls.d" -MT"Src/syscalls.o" --specs=nano.specs -mfloat-abi=soft -mthumb -o "Src/syscalls.o"
arm-none-eabi-gcc "../Src/sysmem.c" -mcpu=cortex-m3 -std=gnu11 -g3 -DSTM32 -DSTM32F1 -DSTM32F103C8Tx -DDEBUG -c -I../Inc -I"C:/E/embedded/test/final simulation code for my assignments/GPS_TRAKER/GPS_TRAKER/STM32_drivers/inc" -O0 -ffunction-sections -fdata-sections -Wall -fstack-usage -MMD -MP -MF"Src/sysmem.d" -MT"Src/sysmem.o" --specs=nano.specs -mfloat-abi=soft -mthumb -o "Src/sysmem.o"
arm-none-eabi-gcc "../STM32_drivers/CLICK_MODE.c" -mcpu=cortex-m3 -std=gnu11 -g3 -DSTM32 -DSTM32F1 -DSTM32F103C8Tx -DDEBUG -c -I../Inc -I"C:/E/embedded/test/final simulation code for my assignments/GPS_TRAKER/GPS_TRAKER/STM32_drivers/inc" -O0 -ffunction-sections -fdata-sections -Wall -fstack-usage -MMD -MP -MF"STM32_drivers/CLICK_MODE.d" -MT"STM32_drivers/CLICK_MODE.o" --specs=nano.specs -mfloat-abi=soft -mthumb -o "STM32_drivers/CLICK_MODE.o"
arm-none-eabi-gcc "../STM32_drivers/EEPROM.c" -mcpu=cortex-m3 -std=gnu11 -g3 -DSTM32 -DSTM32F1 -DSTM32F103C8Tx -DDEBUG -c -I../Inc -I"C:/E/embedded/test/final simulation code for my assignments/GPS_TRAKER/GPS_TRAKER/STM32_drivers/inc" -O0 -ffunction-sections -fdata-sections -Wall -fstack-usage -MMD -MP -MF"STM32_drivers/EEPROM.d" -MT"STM32_drivers/EEPROM.o" --specs=nano.specs -mfloat-abi=soft -mthumb -o "STM32_drivers/EEPROM.o"
arm-none-eabi-gcc "../STM32_drivers/FIFO.c" -mcpu=cortex-m3 -std=gnu11 -g3 -DSTM32 -DSTM32F1 -DSTM32F103C8Tx -DDEBUG -c -I../Inc -I"C:/E/embedded/test/final simulation code for my assignments/GPS_TRAKER/GPS_TRAKER/STM32_drivers/inc" -O0 -ffunction-sections -fdata-sections -Wall -fstack-usage -MMD -MP -MF"STM32_drivers/FIFO.d" -MT"STM32_drivers/FIFO.o" --specs=nano.specs -mfloat-abi=soft -mthumb -o "STM32_drivers/FIFO.o"
arm-none-eabi-gcc "../STM32_drivers/GPIO_DRIVER.c" -mcpu=cortex-m3 -std=gnu11 -g3 -DSTM32 -DSTM32F1 -DSTM32F103C8Tx -DDEBUG -c -I../Inc -I"C:/E/embedded/test/final simulation code for my assignments/GPS_TRAKER/GPS_TRAKER/STM32_drivers/inc" -O0 -ffunction-sections -fdata-sections -Wall -fstack-usage -MMD -MP -MF"STM32_drivers/GPIO_DRIVER.d" -MT"STM32_drivers/GPIO_DRIVER.o" --specs=nano.specs -mfloat-abi=soft -mthumb -o "STM32_drivers/GPIO_DRIVER.o"
arm-none-eabi-gcc "../STM32_drivers/I2C_LCD.c" -mcpu=cortex-m3 -std=gnu11 -g3 -DSTM32 -DSTM32F1 -DSTM32F103C8Tx -DDEBUG -c -I../Inc -I"C:/E/embedded/test/final simulation code for my assignments/GPS_TRAKER/GPS_TRAKER/STM32_drivers/inc" -O0 -ffunction-sections -fdata-sections -Wall -fstack-usage -MMD -MP -MF"STM32_drivers/I2C_LCD.d" -MT"STM32_drivers/I2C_LCD.o" --specs=nano.specs -mfloat-abi=soft -mthumb -o "STM32_drivers/I2C_LCD.o"
arm-none-eabi-gcc "../STM32_drivers/LCD.c" -mcpu=cortex-m3 -std=gnu11 -g3 -DSTM32 -DSTM32F1 -DSTM32F103C8Tx -DDEBUG -c -I../Inc -I"C:/E/embedded/test/final simulation code for my assignments/GPS_TRAKER/GPS_TRAKER/STM32_drivers/inc" -O0 -ffunction-sections -fdata-sections -Wall -fstack-usage -MMD -MP -MF"STM32_drivers/LCD.d" -MT"STM32_drivers/LCD.o" --specs=nano.specs -mfloat-abi=soft -mthumb -o "STM32_drivers/LCD.o"
arm-none-eabi-gcc "../STM32_drivers/LIFO.c" -mcpu=cortex-m3 -std=gnu11 -g3 -DSTM32 -DSTM32F1 -DSTM32F103C8Tx -DDEBUG -c -I../Inc -I"C:/E/embedded/test/final simulation code for my assignments/GPS_TRAKER/GPS_TRAKER/STM32_drivers/inc" -O0 -ffunction-sections -fdata-sections -Wall -fstack-usage -MMD -MP -MF"STM32_drivers/LIFO.d" -MT"STM32_drivers/LIFO.o" --specs=nano.specs -mfloat-abi=soft -mthumb -o "STM32_drivers/LIFO.o"
arm-none-eabi-gcc "../STM32_drivers/MPU6050.c" -mcpu=cortex-m3 -std=gnu11 -g3 -DSTM32 -DSTM32F1 -DSTM32F103C8Tx -DDEBUG -c -I../Inc -I"C:/E/embedded/test/final simulation code for my assignments/GPS_TRAKER/GPS_TRAKER/STM32_drivers/inc" -O0 -ffunction-sections -fdata-sections -Wall -fstack-usage -MMD -MP -MF"STM32_drivers/MPU6050.d" -MT"STM32_drivers/MPU6050.o" --specs=nano.specs -mfloat-abi=soft -mthumb -o "STM32_drivers/MPU6050.o"
arm-none-eabi-gcc "../STM32_drivers/STM32_I2C_DRIVER.c" -mcpu=cortex-m3 -std=gnu11 -g3 -DSTM32 -DSTM32F1 -DSTM32F103C8Tx -DDEBUG -c -I../Inc -I"C:/E/embedded/test/final simulation code for my assignments/GPS_TRAKER/GPS_TRAKER/STM32_drivers/inc" -O0 -ffunction-sections -fdata-sections -Wall -fstack-usage -MMD -MP -MF"STM32_drivers/STM32_I2C_DRIVER.d" -MT"STM32_drivers/STM32_I2C_DRIVER.o" --specs=nano.specs -mfloat-abi=soft -mthumb -o "STM32_drivers/STM32_I2C_DRIVER.o"
arm-none-eabi-gcc "../STM32_drivers/STM32_TIMERS_DRIVER.c" -mcpu=cortex-m3 -std=gnu11 -g3 -DSTM32 -DSTM32F1 -DSTM32F103C8Tx -DDEBUG -c -I../Inc -I"C:/E/embedded/test/final simulation code for my assignments/GPS_TRAKER/GPS_TRAKER/STM32_drivers/inc" -O0 -ffunction-sections -fdata-sections -Wall -fstack-usage -MMD -MP -MF"STM32_drivers/STM32_TIMERS_DRIVER.d" -MT"STM32_drivers/STM32_TIMERS_DRIVER.o" --specs=nano.specs -mfloat-abi=soft -mthumb -o "STM32_drivers/STM32_TIMERS_DRIVER.o"
arm-none-eabi-gcc "../STM32_drivers/Triac_drimmer.c" -mcpu=cortex-m3 -std=gnu11 -g3 -DSTM32 -DSTM32F1 -DSTM32F103C8Tx -DDEBUG -c -I../Inc -I"C:/E/embedded/test/final simulation code for my assignments/GPS_TRAKER/GPS_TRAKER/STM32_drivers/inc" -O0 -ffunction-sections -fdata-sections -Wall -fstack-usage -MMD -MP -MF"STM32_drivers/Triac_drimmer.d" -MT"STM32_drivers/Triac_drimmer.o" --specs=nano.specs -mfloat-abi=soft -mthumb -o "STM32_drivers/Triac_drimmer.o"
arm-none-eabi-gcc "../STM32_drivers/keypad.c" -mcpu=cortex-m3 -std=gnu11 -g3 -DSTM32 -DSTM32F1 -DSTM32F103C8Tx -DDEBUG -c -I../Inc -I"C:/E/embedded/test/final simulation code for my assignments/GPS_TRAKER/GPS_TRAKER/STM32_drivers/inc" -O0 -ffunction-sections -fdata-sections -Wall -fstack-usage -MMD -MP -MF"STM32_drivers/keypad.d" -MT"STM32_drivers/keypad.o" --specs=nano.specs -mfloat-abi=soft -mthumb -o "STM32_drivers/keypad.o"
arm-none-eabi-gcc "../STM32_drivers/stm32_speed_DRIVER.c" -mcpu=cortex-m3 -std=gnu11 -g3 -DSTM32 -DSTM32F1 -DSTM32F103C8Tx -DDEBUG -c -I../Inc -I"C:/E/embedded/test/final simulation code for my assignments/GPS_TRAKER/GPS_TRAKER/STM32_drivers/inc" -O0 -ffunction-sections -fdata-sections -Wall -fstack-usage -MMD -MP -MF"STM32_drivers/stm32_speed_DRIVER.d" -MT"STM32_drivers/stm32_speed_DRIVER.o" --specs=nano.specs -mfloat-abi=soft -mthumb -o "STM32_drivers/stm32_speed_DRIVER.o"
arm-none-eabi-gcc "../STM32_drivers/stm32f103c6_ADC.c" -mcpu=cortex-m3 -std=gnu11 -g3 -DSTM32 -DSTM32F1 -DSTM32F103C8Tx -DDEBUG -c -I../Inc -I"C:/E/embedded/test/final simulation code for my assignments/GPS_TRAKER/GPS_TRAKER/STM32_drivers/inc" -O0 -ffunction-sections -fdata-sections -Wall -fstack-usage -MMD -MP -MF"STM32_drivers/stm32f103c6_ADC.d" -MT"STM32_drivers/stm32f103c6_ADC.o" --specs=nano.specs -mfloat-abi=soft -mthumb -o "STM32_drivers/stm32f103c6_ADC.o"
../STM32_drivers/I2C_LCD.c: In function 'I2C_LCD_write_FLOATnumber':
../STM32_drivers/I2C_LCD.c:114:2: warning: implicit declaration of function 'gcvt' [-Wimplicit-function-declaration]
  gcvt(num,digit,text);
  ^~~~
arm-none-eabi-gcc "../STM32_drivers/stm32f103c6_ISR_DRIVER.c" -mcpu=cortex-m3 -std=gnu11 -g3 -DSTM32 -DSTM32F1 -DSTM32F103C8Tx -DDEBUG -c -I../Inc -I"C:/E/embedded/test/final simulation code for my assignments/GPS_TRAKER/GPS_TRAKER/STM32_drivers/inc" -O0 -ffunction-sections -fdata-sections -Wall -fstack-usage -MMD -MP -MF"STM32_drivers/stm32f103c6_ISR_DRIVER.d" -MT"STM32_drivers/stm32f103c6_ISR_DRIVER.o" --specs=nano.specs -mfloat-abi=soft -mthumb -o "STM32_drivers/stm32f103c6_ISR_DRIVER.o"
arm-none-eabi-gcc "../STM32_drivers/stm32f103c6_SPI_DRIVER.c" -mcpu=cortex-m3 -std=gnu11 -g3 -DSTM32 -DSTM32F1 -DSTM32F103C8Tx -DDEBUG -c -I../Inc -I"C:/E/embedded/test/final simulation code for my assignments/GPS_TRAKER/GPS_TRAKER/STM32_drivers/inc" -O0 -ffunction-sections -fdata-sections -Wall -fstack-usage -MMD -MP -MF"STM32_drivers/stm32f103c6_SPI_DRIVER.d" -MT"STM32_drivers/stm32f103c6_SPI_DRIVER.o" --specs=nano.specs -mfloat-abi=soft -mthumb -o "STM32_drivers/stm32f103c6_SPI_DRIVER.o"
arm-none-eabi-gcc "../STM32_drivers/stm32f103c6_USART_SRIVER.c" -mcpu=cortex-m3 -std=gnu11 -g3 -DSTM32 -DSTM32F1 -DSTM32F103C8Tx -DDEBUG -c -I../Inc -I"C:/E/embedded/test/final simulation code for my assignments/GPS_TRAKER/GPS_TRAKER/STM32_drivers/inc" -O0 -ffunction-sections -fdata-sections -Wall -fstack-usage -MMD -MP -MF"STM32_drivers/stm32f103c6_USART_SRIVER.d" -MT"STM32_drivers/stm32f103c6_USART_SRIVER.o" --specs=nano.specs -mfloat-abi=soft -mthumb -o "STM32_drivers/stm32f103c6_USART_SRIVER.o"
../STM32_drivers/STM32_I2C_DRIVER.c: In function 'I2C_GetFlagStatus':
../STM32_drivers/STM32_I2C_DRIVER.c:119:20: warning: variable 'dummy_Read' set but not used [-Wunused-but-set-variable]
  volatile uint32_t dummy_Read;
                    ^~~~~~~~~~
../STM32_drivers/LCD.c: In function 'LCD_write_FLOATnumber':
../STM32_drivers/LCD.c:118:2: warning: implicit declaration of function 'gcvt' [-Wimplicit-function-declaration]
  gcvt(num,digit,text);
  ^~~~
../STM32_drivers/Triac_drimmer.c: In function 'Drimmer_init':
../STM32_drivers/Triac_drimmer.c:22:55: warning: passing argument 4 of 'EXTI' from incompatible pointer type [-Wincompatible-pointer-types]
  EXTI(Drimer_POART,ZERO_CROS_PIN,EXTI_Trigger_Rising, zero_cross_ISR);
                                                       ^~~~~~~~~~~~~~
In file included from C:/E/embedded/test/final simulation code for my assignments/GPS_TRAKER/GPS_TRAKER/STM32_drivers/inc/STM32_TIMERS_DRIVER.h:18:0,
                 from C:/E/embedded/test/final simulation code for my assignments/GPS_TRAKER/GPS_TRAKER/STM32_drivers/inc/Triac_drimmer.h:11,
                 from ../STM32_drivers/Triac_drimmer.c:9:
C:/E/embedded/test/final simulation code for my assignments/GPS_TRAKER/GPS_TRAKER/STM32_drivers/inc/stm32f103c6_ISR_DRIVER.h:71:6: note: expected 'void (*)(interrupt_data *, uint8_t) {aka void (*)(struct <anonymous> *, unsigned char)}' but argument is of type 'void (*)()'
 void EXTI(GPIO_typeDef* PORTx ,uint16_t pin,uint16_t triggercase,void(*function_addres)(interrupt_data* isr_data,uint8_t interupt_num));
      ^~~~
../STM32_drivers/stm32f103c6_USART_SRIVER.c: In function 'USART1_IRQHandler':
../STM32_drivers/stm32f103c6_USART_SRIVER.c:272:22: warning: unused variable 'd' [-Wunused-variable]
    volatile uint16_t d=USART1->USART_DR;
                      ^
../STM32_drivers/stm32f103c6_USART_SRIVER.c:277:21: warning: unused variable 'w' [-Wunused-variable]
   volatile uint16_t w =USART1->USART_DR;
                     ^
../STM32_drivers/stm32f103c6_USART_SRIVER.c: In function 'USART2_IRQHandler':
../STM32_drivers/stm32f103c6_USART_SRIVER.c:353:22: warning: unused variable 'd' [-Wunused-variable]
    volatile uint16_t d =USART2->USART_DR;
                      ^
../STM32_drivers/stm32f103c6_USART_SRIVER.c:358:21: warning: unused variable 'w' [-Wunused-variable]
   volatile uint16_t w =USART2->USART_DR;
                     ^
../STM32_drivers/stm32f103c6_USART_SRIVER.c: In function 'USART3_IRQHandler':
../STM32_drivers/stm32f103c6_USART_SRIVER.c:434:22: warning: unused variable 'd' [-Wunused-variable]
    volatile uint16_t d =USART3->USART_DR;
                      ^
../STM32_drivers/stm32f103c6_USART_SRIVER.c:439:21: warning: unused variable 'w' [-Wunused-variable]
   volatile uint16_t w =USART3->USART_DR;
                     ^
arm-none-eabi-gcc -o "GPS_TRAKER.elf" @"objects.list"   -mcpu=cortex-m3 -T"C:\E\embedded\test\final simulation code for my assignments\GPS_TRAKER\GPS_TRAKER\STM32F103C8TX_FLASH.ld" --specs=nosys.specs -Wl,-Map="GPS_TRAKER.map" -Wl,--gc-sections -static --specs=nano.specs -mfloat-abi=soft -mthumb -Wl,--start-group -lc -lm -Wl,--end-group
Finished building target: GPS_TRAKER.elf
 
arm-none-eabi-size   GPS_TRAKER.elf 
arm-none-eabi-objdump -h -S  GPS_TRAKER.elf  > "GPS_TRAKER.list"
arm-none-eabi-objcopy  -O binary  GPS_TRAKER.elf  "GPS_TRAKER.bin"
   text	   data	    bss	    dec	    hex	filename
   3300	     40	   1744	   5084	   13dc	GPS_TRAKER.elf
Finished building: default.size.stdout
 
Finished building: GPS_TRAKER.bin
Finished building: GPS_TRAKER.list
 
 
14:10:00 **** Incremental Build of configuration Debug for project GPS_TRAKER ****
make -j16 all 
arm-none-eabi-gcc "../Src/main.c" -mcpu=cortex-m3 -std=gnu11 -g3 -DSTM32 -DSTM32F1 -DSTM32F103C8Tx -DDEBUG -c -I../Inc -I"C:/E/embedded/test/final simulation code for my assignments/GPS_TRAKER/GPS_TRAKER/STM32_drivers/inc" -O0 -ffunction-sections -fdata-sections -Wall -fstack-usage -MMD -MP -MF"Src/main.d" -MT"Src/main.o" --specs=nano.specs -mfloat-abi=soft -mthumb -o "Src/main.o"
arm-none-eabi-gcc "../STM32_drivers/STM32_I2C_LCD.c" -mcpu=cortex-m3 -std=gnu11 -g3 -DSTM32 -DSTM32F1 -DSTM32F103C8Tx -DDEBUG -c -I../Inc -I"C:/E/embedded/test/final simulation code for my assignments/GPS_TRAKER/GPS_TRAKER/STM32_drivers/inc" -O0 -ffunction-sections -fdata-sections -Wall -fstack-usage -MMD -MP -MF"STM32_drivers/STM32_I2C_LCD.d" -MT"STM32_drivers/STM32_I2C_LCD.o" --specs=nano.specs -mfloat-abi=soft -mthumb -o "STM32_drivers/STM32_I2C_LCD.o"
../Src/main.c:20:10: fatal error: STM32_: No such file or directory
 #include "STM32_"
          ^~~~~~~~
compilation terminated.
../STM32_drivers/STM32_I2C_LCD.c:8:10: fatal error: STM32_I2C_LCD.h: No such file or directory
 #include "STM32_I2C_LCD.h"
          ^~~~~~~~~~~~~~~~~
compilation terminated.
make: *** [Src/subdir.mk:24: Src/main.o] Error 1
make: *** Waiting for unfinished jobs....
make: *** [STM32_drivers/subdir.mk:87: STM32_drivers/STM32_I2C_LCD.o] Error 1
"make -j16 all" terminated with exit code 2. Build might be incomplete.
14:10:08 **** Incremental Build of configuration Debug for project GPS_TRAKER ****
make -j16 all 
arm-none-eabi-gcc "../Src/main.c" -mcpu=cortex-m3 -std=gnu11 -g3 -DSTM32 -DSTM32F1 -DSTM32F103C8Tx -DDEBUG -c -I../Inc -I"C:/E/embedded/test/final simulation code for my assignments/GPS_TRAKER/GPS_TRAKER/STM32_drivers/inc" -O0 -ffunction-sections -fdata-sections -Wall -fstack-usage -MMD -MP -MF"Src/main.d" -MT"Src/main.o" --specs=nano.specs -mfloat-abi=soft -mthumb -o "Src/main.o"
arm-none-eabi-gcc "../STM32_drivers/STM32_I2C_LCD.c" -mcpu=cortex-m3 -std=gnu11 -g3 -DSTM32 -DSTM32F1 -DSTM32F103C8Tx -DDEBUG -c -I../Inc -I"C:/E/embedded/test/final simulation code for my assignments/GPS_TRAKER/GPS_TRAKER/STM32_drivers/inc" -O0 -ffunction-sections -fdata-sections -Wall -fstack-usage -MMD -MP -MF"STM32_drivers/STM32_I2C_LCD.d" -MT"STM32_drivers/STM32_I2C_LCD.o" --specs=nano.specs -mfloat-abi=soft -mthumb -o "STM32_drivers/STM32_I2C_LCD.o"
../STM32_drivers/STM32_I2C_LCD.c:8:10: fatal error: STM32_I2C_LCD.h: No such file or directory
 #include "STM32_I2C_LCD.h"
          ^~~~~~~~~~~~~~~~~
compilation terminated.
make: *** [STM32_drivers/subdir.mk:87: STM32_drivers/STM32_I2C_LCD.o] Error 1
make: *** Waiting for unfinished jobs....
"make -j16 all" terminated with exit code 2. Build might be incomplete.
14:10:40 **** Incremental Build of configuration Debug for project GPS_TRAKER ****
make -j16 all 
arm-none-eabi-gcc -o "GPS_TRAKER.elf" @"objects.list"   -mcpu=cortex-m3 -T"C:\E\embedded\test\final simulation code for my assignments\GPS_TRAKER\GPS_TRAKER\STM32F103C8TX_FLASH.ld" --specs=nosys.specs -Wl,-Map="GPS_TRAKER.map" -Wl,--gc-sections -static --specs=nano.specs -mfloat-abi=soft -mthumb -Wl,--start-group -lc -lm -Wl,--end-group
Finished building target: GPS_TRAKER.elf
 
arm-none-eabi-objdump -h -S  GPS_TRAKER.elf  > "GPS_TRAKER.list"
arm-none-eabi-objcopy  -O binary  GPS_TRAKER.elf  "GPS_TRAKER.bin"
arm-none-eabi-size   GPS_TRAKER.elf 
   text	   data	    bss	    dec	    hex	filename
   3308	     40	   1744	   5092	   13e4	GPS_TRAKER.elf
Finished building: default.size.stdout
 
Finished building: GPS_TRAKER.bin
Finished building: GPS_TRAKER.list
 
 
14:10:56 **** Incremental Build of configuration Debug for project GPS_TRAKER ****
make -j16 all 
arm-none-eabi-gcc "../Src/main.c" -mcpu=cortex-m3 -std=gnu11 -g3 -DSTM32 -DSTM32F1 -DSTM32F103C8Tx -DDEBUG -c -I../Inc -I"C:/E/embedded/test/final simulation code for my assignments/GPS_TRAKER/GPS_TRAKER/STM32_drivers/inc" -O0 -ffunction-sections -fdata-sections -Wall -fstack-usage -MMD -MP -MF"Src/main.d" -MT"Src/main.o" --specs=nano.specs -mfloat-abi=soft -mthumb -o "Src/main.o"
arm-none-eabi-gcc -o "GPS_TRAKER.elf" @"objects.list"   -mcpu=cortex-m3 -T"C:\E\embedded\test\final simulation code for my assignments\GPS_TRAKER\GPS_TRAKER\STM32F103C8TX_FLASH.ld" --specs=nosys.specs -Wl,-Map="GPS_TRAKER.map" -Wl,--gc-sections -static --specs=nano.specs -mfloat-abi=soft -mthumb -Wl,--start-group -lc -lm -Wl,--end-group
Finished building target: GPS_TRAKER.elf
 
arm-none-eabi-objdump -h -S  GPS_TRAKER.elf  > "GPS_TRAKER.list"
arm-none-eabi-objcopy  -O binary  GPS_TRAKER.elf  "GPS_TRAKER.bin"
arm-none-eabi-size   GPS_TRAKER.elf 
   text	   data	    bss	    dec	    hex	filename
   3308	     40	   1744	   5092	   13e4	GPS_TRAKER.elf
Finished building: default.size.stdout
 
Finished building: GPS_TRAKER.bin
Finished building: GPS_TRAKER.list
 
 
14:11:57 **** Incremental Build of configuration Debug for project GPS_TRAKER ****
make -j16 all 
arm-none-eabi-gcc "../Src/main.c" -mcpu=cortex-m3 -std=gnu11 -g3 -DSTM32 -DSTM32F1 -DSTM32F103C8Tx -DDEBUG -c -I../Inc -I"C:/E/embedded/test/final simulation code for my assignments/GPS_TRAKER/GPS_TRAKER/STM32_drivers/inc" -O0 -ffunction-sections -fdata-sections -Wall -fstack-usage -MMD -MP -MF"Src/main.d" -MT"Src/main.o" --specs=nano.specs -mfloat-abi=soft -mthumb -o "Src/main.o"
../Src/main.c: In function 'main':
../Src/main.c:26:21: error: 'address' undeclared (first use in this function)
   I2C_LCD_Init(I2C1,address);
                     ^~~~~~~
../Src/main.c:26:21: note: each undeclared identifier is reported only once for each function it appears in
make: *** [Src/subdir.mk:24: Src/main.o] Error 1
"make -j16 all" terminated with exit code 2. Build might be incomplete.
14:12:25 **** Incremental Build of configuration Debug for project GPS_TRAKER ****
make -j16 all 
arm-none-eabi-gcc "../Src/main.c" -mcpu=cortex-m3 -std=gnu11 -g3 -DSTM32 -DSTM32F1 -DSTM32F103C8Tx -DDEBUG -c -I../Inc -I"C:/E/embedded/test/final simulation code for my assignments/GPS_TRAKER/GPS_TRAKER/STM32_drivers/inc" -O0 -ffunction-sections -fdata-sections -Wall -fstack-usage -MMD -MP -MF"Src/main.d" -MT"Src/main.o" --specs=nano.specs -mfloat-abi=soft -mthumb -o "Src/main.o"
arm-none-eabi-gcc -o "GPS_TRAKER.elf" @"objects.list"   -mcpu=cortex-m3 -T"C:\E\embedded\test\final simulation code for my assignments\GPS_TRAKER\GPS_TRAKER\STM32F103C8TX_FLASH.ld" --specs=nosys.specs -Wl,-Map="GPS_TRAKER.map" -Wl,--gc-sections -static --specs=nano.specs -mfloat-abi=soft -mthumb -Wl,--start-group -lc -lm -Wl,--end-group
Finished building target: GPS_TRAKER.elf
 
arm-none-eabi-objdump -h -S  GPS_TRAKER.elf  > "GPS_TRAKER.list"
arm-none-eabi-objcopy  -O binary  GPS_TRAKER.elf  "GPS_TRAKER.bin"
arm-none-eabi-size   GPS_TRAKER.elf 
   text	   data	    bss	    dec	    hex	filename
   7676	     40	   1744	   9460	   24f4	GPS_TRAKER.elf
Finished building: default.size.stdout
 
Finished building: GPS_TRAKER.bin
 
Finished building: GPS_TRAKER.list
 
14:12:31 **** Incremental Build of configuration Debug for project GPS_TRAKER ****
make -j16 all 
arm-none-eabi-gcc "../Src/main.c" -mcpu=cortex-m3 -std=gnu11 -g3 -DSTM32 -DSTM32F1 -DSTM32F103C8Tx -DDEBUG -c -I../Inc -I"C:/E/embedded/test/final simulation code for my assignments/GPS_TRAKER/GPS_TRAKER/STM32_drivers/inc" -O0 -ffunction-sections -fdata-sections -Wall -fstack-usage -MMD -MP -MF"Src/main.d" -MT"Src/main.o" --specs=nano.specs -mfloat-abi=soft -mthumb -o "Src/main.o"
arm-none-eabi-gcc -o "GPS_TRAKER.elf" @"objects.list"   -mcpu=cortex-m3 -T"C:\E\embedded\test\final simulation code for my assignments\GPS_TRAKER\GPS_TRAKER\STM32F103C8TX_FLASH.ld" --specs=nosys.specs -Wl,-Map="GPS_TRAKER.map" -Wl,--gc-sections -static --specs=nano.specs -mfloat-abi=soft -mthumb -Wl,--start-group -lc -lm -Wl,--end-group
Finished building target: GPS_TRAKER.elf
 
arm-none-eabi-objdump -h -S  GPS_TRAKER.elf  > "GPS_TRAKER.list"
arm-none-eabi-objcopy  -O binary  GPS_TRAKER.elf  "GPS_TRAKER.bin"
arm-none-eabi-size   GPS_TRAKER.elf 
   text	   data	    bss	    dec	    hex	filename
   7676	     40	   1744	   9460	   24f4	GPS_TRAKER.elf
Finished building: default.size.stdout
 
Finished building: GPS_TRAKER.bin
 
Finished building: GPS_TRAKER.list
 
14:15:14 **** Incremental Build of configuration Debug for project GPS_TRAKER ****
make -j16 all 
arm-none-eabi-gcc "../Src/main.c" -mcpu=cortex-m3 -std=gnu11 -g3 -DSTM32 -DSTM32F1 -DSTM32F103C8Tx -DDEBUG -c -I../Inc -I"C:/E/embedded/test/final simulation code for my assignments/GPS_TRAKER/GPS_TRAKER/STM32_drivers/inc" -O0 -ffunction-sections -fdata-sections -Wall -fstack-usage -MMD -MP -MF"Src/main.d" -MT"Src/main.o" --specs=nano.specs -mfloat-abi=soft -mthumb -o "Src/main.o"
arm-none-eabi-gcc "../STM32_drivers/I2C_LCD.c" -mcpu=cortex-m3 -std=gnu11 -g3 -DSTM32 -DSTM32F1 -DSTM32F103C8Tx -DDEBUG -c -I../Inc -I"C:/E/embedded/test/final simulation code for my assignments/GPS_TRAKER/GPS_TRAKER/STM32_drivers/inc" -O0 -ffunction-sections -fdata-sections -Wall -fstack-usage -MMD -MP -MF"STM32_drivers/I2C_LCD.d" -MT"STM32_drivers/I2C_LCD.o" --specs=nano.specs -mfloat-abi=soft -mthumb -o "STM32_drivers/I2C_LCD.o"
../STM32_drivers/I2C_LCD.c: In function 'I2C_LCD_write_FLOATnumber':
../STM32_drivers/I2C_LCD.c:114:2: warning: implicit declaration of function 'gcvt' [-Wimplicit-function-declaration]
  gcvt(num,digit,text);
  ^~~~
arm-none-eabi-gcc -o "GPS_TRAKER.axf" @"objects.list"   -mcpu=cortex-m3 -T"C:\E\embedded\test\final simulation code for my assignments\GPS_TRAKER\GPS_TRAKER\STM32F103C8TX_FLASH.ld" --specs=nosys.specs -Wl,-Map="GPS_TRAKER.map" -Wl,--gc-sections -static --specs=nano.specs -mfloat-abi=soft -mthumb -Wl,--start-group -lc -lm -Wl,--end-group
Finished building target: GPS_TRAKER.axf
 
arm-none-eabi-objdump -h -S  GPS_TRAKER.axf  > "GPS_TRAKER.list"
arm-none-eabi-objcopy  -O binary  GPS_TRAKER.axf  "GPS_TRAKER.bin"
arm-none-eabi-size   GPS_TRAKER.axf 
   text	   data	    bss	    dec	    hex	filename
   7676	     40	   1744	   9460	   24f4	GPS_TRAKER.axf
Finished building: default.size.stdout
 
Finished building: GPS_TRAKER.bin
 
Finished building: GPS_TRAKER.list
 
14:18:35 **** Incremental Build of configuration Debug for project GPS_TRAKER ****
make -j16 all 
arm-none-eabi-gcc "../Src/main.c" -mcpu=cortex-m3 -std=gnu11 -g3 -DSTM32 -DSTM32F1 -DSTM32F103C8Tx -DDEBUG -c -I../Inc -I"C:/E/embedded/test/final simulation code for my assignments/GPS_TRAKER/GPS_TRAKER/STM32_drivers/inc" -O0 -ffunction-sections -fdata-sections -Wall -fstack-usage -MMD -MP -MF"Src/main.d" -MT"Src/main.o" --specs=nano.specs -mfloat-abi=soft -mthumb -o "Src/main.o"
arm-none-eabi-gcc -o "GPS_TRAKER.axf" @"objects.list"   -mcpu=cortex-m3 -T"C:\E\embedded\test\final simulation code for my assignments\GPS_TRAKER\GPS_TRAKER\STM32F103C8TX_FLASH.ld" --specs=nosys.specs -Wl,-Map="GPS_TRAKER.map" -Wl,--gc-sections -static --specs=nano.specs -mfloat-abi=soft -mthumb -Wl,--start-group -lc -lm -Wl,--end-group
Finished building target: GPS_TRAKER.axf
 
arm-none-eabi-objdump -h -S  GPS_TRAKER.axf  > "GPS_TRAKER.list"
arm-none-eabi-objcopy  -O binary  GPS_TRAKER.axf  "GPS_TRAKER.bin"
arm-none-eabi-size   GPS_TRAKER.axf 
   text	   data	    bss	    dec	    hex	filename
   7684	     40	   1744	   9468	   24fc	GPS_TRAKER.axf
Finished building: default.size.stdout
 
Finished building: GPS_TRAKER.bin
 
Finished building: GPS_TRAKER.list
 
14:18:51 **** Incremental Build of configuration Debug for project GPS_TRAKER ****
make -j16 all 
arm-none-eabi-gcc "../Src/main.c" -mcpu=cortex-m3 -std=gnu11 -g3 -DSTM32 -DSTM32F1 -DSTM32F103C8Tx -DDEBUG -c -I../Inc -I"C:/E/embedded/test/final simulation code for my assignments/GPS_TRAKER/GPS_TRAKER/STM32_drivers/inc" -O0 -ffunction-sections -fdata-sections -Wall -fstack-usage -MMD -MP -MF"Src/main.d" -MT"Src/main.o" --specs=nano.specs -mfloat-abi=soft -mthumb -o "Src/main.o"
arm-none-eabi-gcc -o "GPS_TRAKER.axf" @"objects.list"   -mcpu=cortex-m3 -T"C:\E\embedded\test\final simulation code for my assignments\GPS_TRAKER\GPS_TRAKER\STM32F103C8TX_FLASH.ld" --specs=nosys.specs -Wl,-Map="GPS_TRAKER.map" -Wl,--gc-sections -static --specs=nano.specs -mfloat-abi=soft -mthumb -Wl,--start-group -lc -lm -Wl,--end-group
Finished building target: GPS_TRAKER.axf
 
arm-none-eabi-objdump -h -S  GPS_TRAKER.axf  > "GPS_TRAKER.list"
arm-none-eabi-objcopy  -O binary  GPS_TRAKER.axf  "GPS_TRAKER.bin"
arm-none-eabi-size   GPS_TRAKER.axf 
   text	   data	    bss	    dec	    hex	filename
   7676	     40	   1744	   9460	   24f4	GPS_TRAKER.axf
Finished building: default.size.stdout
 
Finished building: GPS_TRAKER.bin
 
Finished building: GPS_TRAKER.list
 
14:19:47 **** Incremental Build of configuration Debug for project GPS_TRAKER ****
make -j16 all 
arm-none-eabi-gcc "../Src/main.c" -mcpu=cortex-m3 -std=gnu11 -g3 -DSTM32 -DSTM32F1 -DSTM32F103C8Tx -DDEBUG -c -I../Inc -I"C:/E/embedded/test/final simulation code for my assignments/GPS_TRAKER/GPS_TRAKER/STM32_drivers/inc" -O0 -ffunction-sections -fdata-sections -Wall -fstack-usage -MMD -MP -MF"Src/main.d" -MT"Src/main.o" --specs=nano.specs -mfloat-abi=soft -mthumb -o "Src/main.o"
arm-none-eabi-gcc -o "GPS_TRAKER.axf" @"objects.list"   -mcpu=cortex-m3 -T"C:\E\embedded\test\final simulation code for my assignments\GPS_TRAKER\GPS_TRAKER\STM32F103C8TX_FLASH.ld" --specs=nosys.specs -Wl,-Map="GPS_TRAKER.map" -Wl,--gc-sections -static --specs=nano.specs -mfloat-abi=soft -mthumb -Wl,--start-group -lc -lm -Wl,--end-group
Finished building target: GPS_TRAKER.axf
 
arm-none-eabi-objdump -h -S  GPS_TRAKER.axf  > "GPS_TRAKER.list"
arm-none-eabi-objcopy  -O binary  GPS_TRAKER.axf  "GPS_TRAKER.bin"
arm-none-eabi-size   GPS_TRAKER.axf 
   text	   data	    bss	    dec	    hex	filename
   7672	     40	   1744	   9456	   24f0	GPS_TRAKER.axf
Finished building: default.size.stdout
 
Finished building: GPS_TRAKER.bin
 
Finished building: GPS_TRAKER.list
 
14:55:29 **** Incremental Build of configuration Debug for project GPS_TRAKER ****
make -j16 all 
arm-none-eabi-gcc "../Src/main.c" -mcpu=cortex-m3 -std=gnu11 -g3 -DSTM32 -DSTM32F1 -DSTM32F103C8Tx -DDEBUG -c -I../Inc -I"C:/E/embedded/test/final simulation code for my assignments/GPS_TRAKER/GPS_TRAKER/STM32_drivers/inc" -O0 -ffunction-sections -fdata-sections -Wall -fstack-usage -MMD -MP -MF"Src/main.d" -MT"Src/main.o" --specs=nano.specs -mfloat-abi=soft -mthumb -o "Src/main.o"
../Src/main.c: In function 'read_string':
../Src/main.c:54:20: warning: passing argument 2 of 'USART_READ' from incompatible pointer type [-Wincompatible-pointer-types]
  USART_READ(USART1,&ch);
                    ^
In file included from ../Src/main.c:22:0:
C:/E/embedded/test/final simulation code for my assignments/GPS_TRAKER/GPS_TRAKER/STM32_drivers/inc/stm32f103c6_USART_SRIVER.h:115:6: note: expected 'uint16_t * {aka short unsigned int *}' but argument is of type 'unsigned char *'
 void USART_READ(USART_typeDef* USARTx,uint16_t* data);
      ^~~~~~~~~~
arm-none-eabi-gcc -o "GPS_TRAKER.axf" @"objects.list"   -mcpu=cortex-m3 -T"C:\E\embedded\test\final simulation code for my assignments\GPS_TRAKER\GPS_TRAKER\STM32F103C8TX_FLASH.ld" --specs=nosys.specs -Wl,-Map="GPS_TRAKER.map" -Wl,--gc-sections -static --specs=nano.specs -mfloat-abi=soft -mthumb -Wl,--start-group -lc -lm -Wl,--end-group
Finished building target: GPS_TRAKER.axf
 
arm-none-eabi-objdump -h -S  GPS_TRAKER.axf  > "GPS_TRAKER.list"
arm-none-eabi-objcopy  -O binary  GPS_TRAKER.axf  "GPS_TRAKER.bin"
arm-none-eabi-size   GPS_TRAKER.axf 
   text	   data	    bss	    dec	    hex	filename
   8544	     40	   1768	  10352	   2870	GPS_TRAKER.axf
Finished building: default.size.stdout
 
Finished building: GPS_TRAKER.bin
 
Finished building: GPS_TRAKER.list
 
14:56:13 **** Incremental Build of configuration Debug for project GPS_TRAKER ****
make -j16 all 
arm-none-eabi-gcc "../Src/main.c" -mcpu=cortex-m3 -std=gnu11 -g3 -DSTM32 -DSTM32F1 -DSTM32F103C8Tx -DDEBUG -c -I../Inc -I"C:/E/embedded/test/final simulation code for my assignments/GPS_TRAKER/GPS_TRAKER/STM32_drivers/inc" -O0 -ffunction-sections -fdata-sections -Wall -fstack-usage -MMD -MP -MF"Src/main.d" -MT"Src/main.o" --specs=nano.specs -mfloat-abi=soft -mthumb -o "Src/main.o"
../Src/main.c: In function 'read_string':
../Src/main.c:54:20: warning: passing argument 2 of 'USART_READ' from incompatible pointer type [-Wincompatible-pointer-types]
  USART_READ(USART1,&ch);
                    ^
In file included from ../Src/main.c:22:0:
C:/E/embedded/test/final simulation code for my assignments/GPS_TRAKER/GPS_TRAKER/STM32_drivers/inc/stm32f103c6_USART_SRIVER.h:115:6: note: expected 'uint16_t * {aka short unsigned int *}' but argument is of type 'unsigned char *'
 void USART_READ(USART_typeDef* USARTx,uint16_t* data);
      ^~~~~~~~~~
arm-none-eabi-gcc -o "GPS_TRAKER.axf" @"objects.list"   -mcpu=cortex-m3 -T"C:\E\embedded\test\final simulation code for my assignments\GPS_TRAKER\GPS_TRAKER\STM32F103C8TX_FLASH.ld" --specs=nosys.specs -Wl,-Map="GPS_TRAKER.map" -Wl,--gc-sections -static --specs=nano.specs -mfloat-abi=soft -mthumb -Wl,--start-group -lc -lm -Wl,--end-group
Finished building target: GPS_TRAKER.axf
 
arm-none-eabi-objdump -h -S  GPS_TRAKER.axf  > "GPS_TRAKER.list"
arm-none-eabi-objcopy  -O binary  GPS_TRAKER.axf  "GPS_TRAKER.bin"
arm-none-eabi-size   GPS_TRAKER.axf 
   text	   data	    bss	    dec	    hex	filename
   8544	     40	   1768	  10352	   2870	GPS_TRAKER.axf
Finished building: default.size.stdout
 
Finished building: GPS_TRAKER.bin
 
Finished building: GPS_TRAKER.list
 
14:58:48 **** Incremental Build of configuration Debug for project GPS_TRAKER ****
make -j16 all 
arm-none-eabi-gcc "../Src/main.c" -mcpu=cortex-m3 -std=gnu11 -g3 -DSTM32 -DSTM32F1 -DSTM32F103C8Tx -DDEBUG -c -I../Inc -I"C:/E/embedded/test/final simulation code for my assignments/GPS_TRAKER/GPS_TRAKER/STM32_drivers/inc" -O0 -ffunction-sections -fdata-sections -Wall -fstack-usage -MMD -MP -MF"Src/main.d" -MT"Src/main.o" --specs=nano.specs -mfloat-abi=soft -mthumb -o "Src/main.o"
../Src/main.c: In function 'read_string':
../Src/main.c:54:20: warning: passing argument 2 of 'USART_READ' from incompatible pointer type [-Wincompatible-pointer-types]
  USART_READ(USART1,&ch);
                    ^
In file included from ../Src/main.c:22:0:
C:/E/embedded/test/final simulation code for my assignments/GPS_TRAKER/GPS_TRAKER/STM32_drivers/inc/stm32f103c6_USART_SRIVER.h:115:6: note: expected 'uint16_t * {aka short unsigned int *}' but argument is of type 'unsigned char *'
 void USART_READ(USART_typeDef* USARTx,uint16_t* data);
      ^~~~~~~~~~
arm-none-eabi-gcc -o "GPS_TRAKER.axf" @"objects.list"   -mcpu=cortex-m3 -T"C:\E\embedded\test\final simulation code for my assignments\GPS_TRAKER\GPS_TRAKER\STM32F103C8TX_FLASH.ld" --specs=nosys.specs -Wl,-Map="GPS_TRAKER.map" -Wl,--gc-sections -static --specs=nano.specs -mfloat-abi=soft -mthumb -Wl,--start-group -lc -lm -Wl,--end-group
Finished building target: GPS_TRAKER.axf
 
arm-none-eabi-objdump -h -S  GPS_TRAKER.axf  > "GPS_TRAKER.list"
arm-none-eabi-objcopy  -O binary  GPS_TRAKER.axf  "GPS_TRAKER.bin"
arm-none-eabi-size   GPS_TRAKER.axf 
   text	   data	    bss	    dec	    hex	filename
   8548	     40	   1768	  10356	   2874	GPS_TRAKER.axf
Finished building: default.size.stdout
 
Finished building: GPS_TRAKER.bin
 
Finished building: GPS_TRAKER.list
 
15:00:35 **** Incremental Build of configuration Debug for project GPS_TRAKER ****
make -j16 all 
arm-none-eabi-size   GPS_TRAKER.axf 
   text	   data	    bss	    dec	    hex	filename
   8548	     40	   1768	  10356	   2874	GPS_TRAKER.axf
Finished building: default.size.stdout
 
15:01:30 **** Incremental Build of configuration Debug for project GPS_TRAKER ****
make -j16 all 
arm-none-eabi-gcc "../Src/main.c" -mcpu=cortex-m3 -std=gnu11 -g3 -DSTM32 -DSTM32F1 -DSTM32F103C8Tx -DDEBUG -c -I../Inc -I"C:/E/embedded/test/final simulation code for my assignments/GPS_TRAKER/GPS_TRAKER/STM32_drivers/inc" -O0 -ffunction-sections -fdata-sections -Wall -fstack-usage -MMD -MP -MF"Src/main.d" -MT"Src/main.o" --specs=nano.specs -mfloat-abi=soft -mthumb -o "Src/main.o"
../Src/main.c: In function 'read_string':
../Src/main.c:54:20: warning: passing argument 2 of 'USART_READ' from incompatible pointer type [-Wincompatible-pointer-types]
  USART_READ(USART1,&ch);
                    ^
In file included from ../Src/main.c:22:0:
C:/E/embedded/test/final simulation code for my assignments/GPS_TRAKER/GPS_TRAKER/STM32_drivers/inc/stm32f103c6_USART_SRIVER.h:115:6: note: expected 'uint16_t * {aka short unsigned int *}' but argument is of type 'unsigned char *'
 void USART_READ(USART_typeDef* USARTx,uint16_t* data);
      ^~~~~~~~~~
arm-none-eabi-gcc -o "GPS_TRAKER.axf" @"objects.list"   -mcpu=cortex-m3 -T"C:\E\embedded\test\final simulation code for my assignments\GPS_TRAKER\GPS_TRAKER\STM32F103C8TX_FLASH.ld" --specs=nosys.specs -Wl,-Map="GPS_TRAKER.map" -Wl,--gc-sections -static --specs=nano.specs -mfloat-abi=soft -mthumb -Wl,--start-group -lc -lm -Wl,--end-group
Finished building target: GPS_TRAKER.axf
 
arm-none-eabi-objdump -h -S  GPS_TRAKER.axf  > "GPS_TRAKER.list"
arm-none-eabi-objcopy  -O binary  GPS_TRAKER.axf  "GPS_TRAKER.bin"
arm-none-eabi-size   GPS_TRAKER.axf 
   text	   data	    bss	    dec	    hex	filename
   8560	     40	   1768	  10368	   2880	GPS_TRAKER.axf
Finished building: default.size.stdout
 
Finished building: GPS_TRAKER.bin
 
Finished building: GPS_TRAKER.list
 
15:01:54 **** Incremental Build of configuration Debug for project GPS_TRAKER ****
make -j16 all 
arm-none-eabi-gcc "../Src/main.c" -mcpu=cortex-m3 -std=gnu11 -g3 -DSTM32 -DSTM32F1 -DSTM32F103C8Tx -DDEBUG -c -I../Inc -I"C:/E/embedded/test/final simulation code for my assignments/GPS_TRAKER/GPS_TRAKER/STM32_drivers/inc" -O0 -ffunction-sections -fdata-sections -Wall -fstack-usage -MMD -MP -MF"Src/main.d" -MT"Src/main.o" --specs=nano.specs -mfloat-abi=soft -mthumb -o "Src/main.o"
../Src/main.c: In function 'read_string':
../Src/main.c:54:20: warning: passing argument 2 of 'USART_READ' from incompatible pointer type [-Wincompatible-pointer-types]
  USART_READ(USART1,&ch);
                    ^
In file included from ../Src/main.c:22:0:
C:/E/embedded/test/final simulation code for my assignments/GPS_TRAKER/GPS_TRAKER/STM32_drivers/inc/stm32f103c6_USART_SRIVER.h:115:6: note: expected 'uint16_t * {aka short unsigned int *}' but argument is of type 'unsigned char *'
 void USART_READ(USART_typeDef* USARTx,uint16_t* data);
      ^~~~~~~~~~
arm-none-eabi-gcc -o "GPS_TRAKER.axf" @"objects.list"   -mcpu=cortex-m3 -T"C:\E\embedded\test\final simulation code for my assignments\GPS_TRAKER\GPS_TRAKER\STM32F103C8TX_FLASH.ld" --specs=nosys.specs -Wl,-Map="GPS_TRAKER.map" -Wl,--gc-sections -static --specs=nano.specs -mfloat-abi=soft -mthumb -Wl,--start-group -lc -lm -Wl,--end-group
Finished building target: GPS_TRAKER.axf
 
arm-none-eabi-objdump -h -S  GPS_TRAKER.axf  > "GPS_TRAKER.list"
arm-none-eabi-objcopy  -O binary  GPS_TRAKER.axf  "GPS_TRAKER.bin"
arm-none-eabi-size   GPS_TRAKER.axf 
   text	   data	    bss	    dec	    hex	filename
   8560	     40	   1768	  10368	   2880	GPS_TRAKER.axf
Finished building: default.size.stdout
 
Finished building: GPS_TRAKER.bin
 
Finished building: GPS_TRAKER.list
 
15:03:49 **** Incremental Build of configuration Debug for project GPS_TRAKER ****
make -j16 all 
arm-none-eabi-gcc "../Src/main.c" -mcpu=cortex-m3 -std=gnu11 -g3 -DSTM32 -DSTM32F1 -DSTM32F103C8Tx -DDEBUG -c -I../Inc -I"C:/E/embedded/test/final simulation code for my assignments/GPS_TRAKER/GPS_TRAKER/STM32_drivers/inc" -O0 -ffunction-sections -fdata-sections -Wall -fstack-usage -MMD -MP -MF"Src/main.d" -MT"Src/main.o" --specs=nano.specs -mfloat-abi=soft -mthumb -o "Src/main.o"
../Src/main.c: In function 'read_string':
../Src/main.c:54:20: warning: passing argument 2 of 'USART_READ' from incompatible pointer type [-Wincompatible-pointer-types]
  USART_READ(USART1,&ch);
                    ^
In file included from ../Src/main.c:22:0:
C:/E/embedded/test/final simulation code for my assignments/GPS_TRAKER/GPS_TRAKER/STM32_drivers/inc/stm32f103c6_USART_SRIVER.h:115:6: note: expected 'uint16_t * {aka short unsigned int *}' but argument is of type 'unsigned char *'
 void USART_READ(USART_typeDef* USARTx,uint16_t* data);
      ^~~~~~~~~~
arm-none-eabi-gcc -o "GPS_TRAKER.axf" @"objects.list"   -mcpu=cortex-m3 -T"C:\E\embedded\test\final simulation code for my assignments\GPS_TRAKER\GPS_TRAKER\STM32F103C8TX_FLASH.ld" --specs=nosys.specs -Wl,-Map="GPS_TRAKER.map" -Wl,--gc-sections -static --specs=nano.specs -mfloat-abi=soft -mthumb -Wl,--start-group -lc -lm -Wl,--end-group
Finished building target: GPS_TRAKER.axf
 
arm-none-eabi-objdump -h -S  GPS_TRAKER.axf  > "GPS_TRAKER.list"
arm-none-eabi-objcopy  -O binary  GPS_TRAKER.axf  "GPS_TRAKER.bin"
arm-none-eabi-size   GPS_TRAKER.axf 
   text	   data	    bss	    dec	    hex	filename
   8612	     40	   1768	  10420	   28b4	GPS_TRAKER.axf
Finished building: default.size.stdout
 
Finished building: GPS_TRAKER.bin
 
Finished building: GPS_TRAKER.list
 
15:04:34 **** Incremental Build of configuration Debug for project GPS_TRAKER ****
make -j16 all 
arm-none-eabi-gcc "../Src/main.c" -mcpu=cortex-m3 -std=gnu11 -g3 -DSTM32 -DSTM32F1 -DSTM32F103C8Tx -DDEBUG -c -I../Inc -I"C:/E/embedded/test/final simulation code for my assignments/GPS_TRAKER/GPS_TRAKER/STM32_drivers/inc" -O0 -ffunction-sections -fdata-sections -Wall -fstack-usage -MMD -MP -MF"Src/main.d" -MT"Src/main.o" --specs=nano.specs -mfloat-abi=soft -mthumb -o "Src/main.o"
../Src/main.c: In function 'read_string':
../Src/main.c:54:20: warning: passing argument 2 of 'USART_READ' from incompatible pointer type [-Wincompatible-pointer-types]
  USART_READ(USART1,&ch);
                    ^
In file included from ../Src/main.c:22:0:
C:/E/embedded/test/final simulation code for my assignments/GPS_TRAKER/GPS_TRAKER/STM32_drivers/inc/stm32f103c6_USART_SRIVER.h:115:6: note: expected 'uint16_t * {aka short unsigned int *}' but argument is of type 'unsigned char *'
 void USART_READ(USART_typeDef* USARTx,uint16_t* data);
      ^~~~~~~~~~
arm-none-eabi-gcc -o "GPS_TRAKER.axf" @"objects.list"   -mcpu=cortex-m3 -T"C:\E\embedded\test\final simulation code for my assignments\GPS_TRAKER\GPS_TRAKER\STM32F103C8TX_FLASH.ld" --specs=nosys.specs -Wl,-Map="GPS_TRAKER.map" -Wl,--gc-sections -static --specs=nano.specs -mfloat-abi=soft -mthumb -Wl,--start-group -lc -lm -Wl,--end-group
Finished building target: GPS_TRAKER.axf
 
arm-none-eabi-objdump -h -S  GPS_TRAKER.axf  > "GPS_TRAKER.list"
arm-none-eabi-objcopy  -O binary  GPS_TRAKER.axf  "GPS_TRAKER.bin"
arm-none-eabi-size   GPS_TRAKER.axf 
   text	   data	    bss	    dec	    hex	filename
   8612	     40	   1768	  10420	   28b4	GPS_TRAKER.axf
Finished building: default.size.stdout
 
Finished building: GPS_TRAKER.bin
 
Finished building: GPS_TRAKER.list
 
15:05:24 **** Incremental Build of configuration Debug for project GPS_TRAKER ****
make -j16 all 
arm-none-eabi-gcc "../Src/main.c" -mcpu=cortex-m3 -std=gnu11 -g3 -DSTM32 -DSTM32F1 -DSTM32F103C8Tx -DDEBUG -c -I../Inc -I"C:/E/embedded/test/final simulation code for my assignments/GPS_TRAKER/GPS_TRAKER/STM32_drivers/inc" -O0 -ffunction-sections -fdata-sections -Wall -fstack-usage -MMD -MP -MF"Src/main.d" -MT"Src/main.o" --specs=nano.specs -mfloat-abi=soft -mthumb -o "Src/main.o"
../Src/main.c: In function 'read_string':
../Src/main.c:54:20: warning: passing argument 2 of 'USART_READ' from incompatible pointer type [-Wincompatible-pointer-types]
  USART_READ(USART1,&ch);
                    ^
In file included from ../Src/main.c:22:0:
C:/E/embedded/test/final simulation code for my assignments/GPS_TRAKER/GPS_TRAKER/STM32_drivers/inc/stm32f103c6_USART_SRIVER.h:115:6: note: expected 'uint16_t * {aka short unsigned int *}' but argument is of type 'unsigned char *'
 void USART_READ(USART_typeDef* USARTx,uint16_t* data);
      ^~~~~~~~~~
arm-none-eabi-gcc -o "GPS_TRAKER.axf" @"objects.list"   -mcpu=cortex-m3 -T"C:\E\embedded\test\final simulation code for my assignments\GPS_TRAKER\GPS_TRAKER\STM32F103C8TX_FLASH.ld" --specs=nosys.specs -Wl,-Map="GPS_TRAKER.map" -Wl,--gc-sections -static --specs=nano.specs -mfloat-abi=soft -mthumb -Wl,--start-group -lc -lm -Wl,--end-group
Finished building target: GPS_TRAKER.axf
 
arm-none-eabi-objdump -h -S  GPS_TRAKER.axf  > "GPS_TRAKER.list"
arm-none-eabi-objcopy  -O binary  GPS_TRAKER.axf  "GPS_TRAKER.bin"
arm-none-eabi-size   GPS_TRAKER.axf 
   text	   data	    bss	    dec	    hex	filename
   8612	     40	   1768	  10420	   28b4	GPS_TRAKER.axf
Finished building: default.size.stdout
 
Finished building: GPS_TRAKER.bin
 
Finished building: GPS_TRAKER.list
 
15:11:16 **** Incremental Build of configuration Debug for project GPS_TRAKER ****
make -j16 all 
arm-none-eabi-gcc "../Src/main.c" -mcpu=cortex-m3 -std=gnu11 -g3 -DSTM32 -DSTM32F1 -DSTM32F103C8Tx -DDEBUG -c -I../Inc -I"C:/E/embedded/test/final simulation code for my assignments/GPS_TRAKER/GPS_TRAKER/STM32_drivers/inc" -O0 -ffunction-sections -fdata-sections -Wall -fstack-usage -MMD -MP -MF"Src/main.d" -MT"Src/main.o" --specs=nano.specs -mfloat-abi=soft -mthumb -o "Src/main.o"
../Src/main.c: In function 'read_string':
../Src/main.c:54:20: warning: passing argument 2 of 'USART_READ' from incompatible pointer type [-Wincompatible-pointer-types]
  USART_READ(USART1,&ch);
                    ^
In file included from ../Src/main.c:22:0:
C:/E/embedded/test/final simulation code for my assignments/GPS_TRAKER/GPS_TRAKER/STM32_drivers/inc/stm32f103c6_USART_SRIVER.h:115:6: note: expected 'uint16_t * {aka short unsigned int *}' but argument is of type 'unsigned char *'
 void USART_READ(USART_typeDef* USARTx,uint16_t* data);
      ^~~~~~~~~~
arm-none-eabi-gcc -o "GPS_TRAKER.axf" @"objects.list"   -mcpu=cortex-m3 -T"C:\E\embedded\test\final simulation code for my assignments\GPS_TRAKER\GPS_TRAKER\STM32F103C8TX_FLASH.ld" --specs=nosys.specs -Wl,-Map="GPS_TRAKER.map" -Wl,--gc-sections -static --specs=nano.specs -mfloat-abi=soft -mthumb -Wl,--start-group -lc -lm -Wl,--end-group
Finished building target: GPS_TRAKER.axf
 
arm-none-eabi-objdump -h -S  GPS_TRAKER.axf  > "GPS_TRAKER.list"
arm-none-eabi-objcopy  -O binary  GPS_TRAKER.axf  "GPS_TRAKER.bin"
arm-none-eabi-size   GPS_TRAKER.axf 
   text	   data	    bss	    dec	    hex	filename
   8632	     40	   1768	  10440	   28c8	GPS_TRAKER.axf
Finished building: default.size.stdout
 
Finished building: GPS_TRAKER.bin
 
Finished building: GPS_TRAKER.list
 
15:14:46 **** Incremental Build of configuration Debug for project GPS_TRAKER ****
make -j16 all 
arm-none-eabi-gcc "../Src/main.c" -mcpu=cortex-m3 -std=gnu11 -g3 -DSTM32 -DSTM32F1 -DSTM32F103C8Tx -DDEBUG -c -I../Inc -I"C:/E/embedded/test/final simulation code for my assignments/GPS_TRAKER/GPS_TRAKER/STM32_drivers/inc" -O0 -ffunction-sections -fdata-sections -Wall -fstack-usage -MMD -MP -MF"Src/main.d" -MT"Src/main.o" --specs=nano.specs -mfloat-abi=soft -mthumb -o "Src/main.o"
../Src/main.c: In function 'read_string':
../Src/main.c:54:20: warning: passing argument 2 of 'USART_READ' from incompatible pointer type [-Wincompatible-pointer-types]
  USART_READ(USART1,&ch);
                    ^
In file included from ../Src/main.c:22:0:
C:/E/embedded/test/final simulation code for my assignments/GPS_TRAKER/GPS_TRAKER/STM32_drivers/inc/stm32f103c6_USART_SRIVER.h:115:6: note: expected 'uint16_t * {aka short unsigned int *}' but argument is of type 'unsigned char *'
 void USART_READ(USART_typeDef* USARTx,uint16_t* data);
      ^~~~~~~~~~
arm-none-eabi-gcc -o "GPS_TRAKER.axf" @"objects.list"   -mcpu=cortex-m3 -T"C:\E\embedded\test\final simulation code for my assignments\GPS_TRAKER\GPS_TRAKER\STM32F103C8TX_FLASH.ld" --specs=nosys.specs -Wl,-Map="GPS_TRAKER.map" -Wl,--gc-sections -static --specs=nano.specs -mfloat-abi=soft -mthumb -Wl,--start-group -lc -lm -Wl,--end-group
Finished building target: GPS_TRAKER.axf
 
arm-none-eabi-objdump -h -S  GPS_TRAKER.axf  > "GPS_TRAKER.list"
arm-none-eabi-objcopy  -O binary  GPS_TRAKER.axf  "GPS_TRAKER.bin"
arm-none-eabi-size   GPS_TRAKER.axf 
   text	   data	    bss	    dec	    hex	filename
   8640	     40	   1768	  10448	   28d0	GPS_TRAKER.axf
Finished building: default.size.stdout
Finished building: GPS_TRAKER.bin
 
 
Finished building: GPS_TRAKER.list
 
15:15:39 **** Incremental Build of configuration Debug for project GPS_TRAKER ****
make -j16 all 
arm-none-eabi-gcc "../Src/main.c" -mcpu=cortex-m3 -std=gnu11 -g3 -DSTM32 -DSTM32F1 -DSTM32F103C8Tx -DDEBUG -c -I../Inc -I"C:/E/embedded/test/final simulation code for my assignments/GPS_TRAKER/GPS_TRAKER/STM32_drivers/inc" -O0 -ffunction-sections -fdata-sections -Wall -fstack-usage -MMD -MP -MF"Src/main.d" -MT"Src/main.o" --specs=nano.specs -mfloat-abi=soft -mthumb -o "Src/main.o"
../Src/main.c: In function 'read_string':
../Src/main.c:54:20: warning: passing argument 2 of 'USART_READ' from incompatible pointer type [-Wincompatible-pointer-types]
  USART_READ(USART1,&ch);
                    ^
In file included from ../Src/main.c:22:0:
C:/E/embedded/test/final simulation code for my assignments/GPS_TRAKER/GPS_TRAKER/STM32_drivers/inc/stm32f103c6_USART_SRIVER.h:115:6: note: expected 'uint16_t * {aka short unsigned int *}' but argument is of type 'unsigned char *'
 void USART_READ(USART_typeDef* USARTx,uint16_t* data);
      ^~~~~~~~~~
arm-none-eabi-gcc -o "GPS_TRAKER.axf" @"objects.list"   -mcpu=cortex-m3 -T"C:\E\embedded\test\final simulation code for my assignments\GPS_TRAKER\GPS_TRAKER\STM32F103C8TX_FLASH.ld" --specs=nosys.specs -Wl,-Map="GPS_TRAKER.map" -Wl,--gc-sections -static --specs=nano.specs -mfloat-abi=soft -mthumb -Wl,--start-group -lc -lm -Wl,--end-group
Finished building target: GPS_TRAKER.axf
 
arm-none-eabi-objdump -h -S  GPS_TRAKER.axf  > "GPS_TRAKER.list"
arm-none-eabi-objcopy  -O binary  GPS_TRAKER.axf  "GPS_TRAKER.bin"
arm-none-eabi-size   GPS_TRAKER.axf 
   text	   data	    bss	    dec	    hex	filename
   8640	     40	   1768	  10448	   28d0	GPS_TRAKER.axf
Finished building: default.size.stdout
Finished building: GPS_TRAKER.bin
 
 
Finished building: GPS_TRAKER.list
 
15:17:03 **** Incremental Build of configuration Debug for project GPS_TRAKER ****
make -j16 all 
arm-none-eabi-gcc "../Src/main.c" -mcpu=cortex-m3 -std=gnu11 -g3 -DSTM32 -DSTM32F1 -DSTM32F103C8Tx -DDEBUG -c -I../Inc -I"C:/E/embedded/test/final simulation code for my assignments/GPS_TRAKER/GPS_TRAKER/STM32_drivers/inc" -O0 -ffunction-sections -fdata-sections -Wall -fstack-usage -MMD -MP -MF"Src/main.d" -MT"Src/main.o" --specs=nano.specs -mfloat-abi=soft -mthumb -o "Src/main.o"
../Src/main.c: In function 'read_string':
../Src/main.c:54:20: warning: passing argument 2 of 'USART_READ' from incompatible pointer type [-Wincompatible-pointer-types]
  USART_READ(USART1,&ch);
                    ^
In file included from ../Src/main.c:22:0:
C:/E/embedded/test/final simulation code for my assignments/GPS_TRAKER/GPS_TRAKER/STM32_drivers/inc/stm32f103c6_USART_SRIVER.h:115:6: note: expected 'uint16_t * {aka short unsigned int *}' but argument is of type 'unsigned char *'
 void USART_READ(USART_typeDef* USARTx,uint16_t* data);
      ^~~~~~~~~~
arm-none-eabi-gcc -o "GPS_TRAKER.axf" @"objects.list"   -mcpu=cortex-m3 -T"C:\E\embedded\test\final simulation code for my assignments\GPS_TRAKER\GPS_TRAKER\STM32F103C8TX_FLASH.ld" --specs=nosys.specs -Wl,-Map="GPS_TRAKER.map" -Wl,--gc-sections -static --specs=nano.specs -mfloat-abi=soft -mthumb -Wl,--start-group -lc -lm -Wl,--end-group
Finished building target: GPS_TRAKER.axf
 
arm-none-eabi-objdump -h -S  GPS_TRAKER.axf  > "GPS_TRAKER.list"
arm-none-eabi-objcopy  -O binary  GPS_TRAKER.axf  "GPS_TRAKER.bin"
arm-none-eabi-size   GPS_TRAKER.axf 
   text	   data	    bss	    dec	    hex	filename
   8600	     40	   1768	  10408	   28a8	GPS_TRAKER.axf
Finished building: default.size.stdout
 
Finished building: GPS_TRAKER.bin
 
Finished building: GPS_TRAKER.list
 
15:17:45 **** Incremental Build of configuration Debug for project GPS_TRAKER ****
make -j16 all 
arm-none-eabi-gcc "../Src/main.c" -mcpu=cortex-m3 -std=gnu11 -g3 -DSTM32 -DSTM32F1 -DSTM32F103C8Tx -DDEBUG -c -I../Inc -I"C:/E/embedded/test/final simulation code for my assignments/GPS_TRAKER/GPS_TRAKER/STM32_drivers/inc" -O0 -ffunction-sections -fdata-sections -Wall -fstack-usage -MMD -MP -MF"Src/main.d" -MT"Src/main.o" --specs=nano.specs -mfloat-abi=soft -mthumb -o "Src/main.o"
../Src/main.c: In function 'read_string':
../Src/main.c:54:20: warning: passing argument 2 of 'USART_READ' from incompatible pointer type [-Wincompatible-pointer-types]
  USART_READ(USART1,&ch);
                    ^
In file included from ../Src/main.c:22:0:
C:/E/embedded/test/final simulation code for my assignments/GPS_TRAKER/GPS_TRAKER/STM32_drivers/inc/stm32f103c6_USART_SRIVER.h:115:6: note: expected 'uint16_t * {aka short unsigned int *}' but argument is of type 'unsigned char *'
 void USART_READ(USART_typeDef* USARTx,uint16_t* data);
      ^~~~~~~~~~
arm-none-eabi-gcc -o "GPS_TRAKER.axf" @"objects.list"   -mcpu=cortex-m3 -T"C:\E\embedded\test\final simulation code for my assignments\GPS_TRAKER\GPS_TRAKER\STM32F103C8TX_FLASH.ld" --specs=nosys.specs -Wl,-Map="GPS_TRAKER.map" -Wl,--gc-sections -static --specs=nano.specs -mfloat-abi=soft -mthumb -Wl,--start-group -lc -lm -Wl,--end-group
Finished building target: GPS_TRAKER.axf
 
arm-none-eabi-objdump -h -S  GPS_TRAKER.axf  > "GPS_TRAKER.list"
arm-none-eabi-objcopy  -O binary  GPS_TRAKER.axf  "GPS_TRAKER.bin"
arm-none-eabi-size   GPS_TRAKER.axf 
   text	   data	    bss	    dec	    hex	filename
   8596	     40	   1768	  10404	   28a4	GPS_TRAKER.axf
Finished building: default.size.stdout
 
Finished building: GPS_TRAKER.bin
 
Finished building: GPS_TRAKER.list
 
15:23:26 **** Incremental Build of configuration Debug for project GPS_TRAKER ****
make -j16 all 
arm-none-eabi-gcc "../Src/main.c" -mcpu=cortex-m3 -std=gnu11 -g3 -DSTM32 -DSTM32F1 -DSTM32F103C8Tx -DDEBUG -c -I../Inc -I"C:/E/embedded/test/final simulation code for my assignments/GPS_TRAKER/GPS_TRAKER/STM32_drivers/inc" -O0 -ffunction-sections -fdata-sections -Wall -fstack-usage -MMD -MP -MF"Src/main.d" -MT"Src/main.o" --specs=nano.specs -mfloat-abi=soft -mthumb -o "Src/main.o"
../Src/main.c: In function 'read_string':
../Src/main.c:54:20: warning: passing argument 2 of 'USART_READ' from incompatible pointer type [-Wincompatible-pointer-types]
  USART_READ(USART1,&ch);
                    ^
In file included from ../Src/main.c:22:0:
C:/E/embedded/test/final simulation code for my assignments/GPS_TRAKER/GPS_TRAKER/STM32_drivers/inc/stm32f103c6_USART_SRIVER.h:115:6: note: expected 'uint16_t * {aka short unsigned int *}' but argument is of type 'unsigned char *'
 void USART_READ(USART_typeDef* USARTx,uint16_t* data);
      ^~~~~~~~~~
arm-none-eabi-gcc -o "GPS_TRAKER.axf" @"objects.list"   -mcpu=cortex-m3 -T"C:\E\embedded\test\final simulation code for my assignments\GPS_TRAKER\GPS_TRAKER\STM32F103C8TX_FLASH.ld" --specs=nosys.specs -Wl,-Map="GPS_TRAKER.map" -Wl,--gc-sections -static --specs=nano.specs -mfloat-abi=soft -mthumb -Wl,--start-group -lc -lm -Wl,--end-group
Finished building target: GPS_TRAKER.axf
 
arm-none-eabi-objdump -h -S  GPS_TRAKER.axf  > "GPS_TRAKER.list"
arm-none-eabi-objcopy  -O binary  GPS_TRAKER.axf  "GPS_TRAKER.bin"
arm-none-eabi-size   GPS_TRAKER.axf 
   text	   data	    bss	    dec	    hex	filename
   8636	     40	   1768	  10444	   28cc	GPS_TRAKER.axf
Finished building: default.size.stdout
 
Finished building: GPS_TRAKER.bin
 
Finished building: GPS_TRAKER.list
 
15:26:45 **** Incremental Build of configuration Debug for project GPS_TRAKER ****
make -j16 all 
arm-none-eabi-gcc "../Src/main.c" -mcpu=cortex-m3 -std=gnu11 -g3 -DSTM32 -DSTM32F1 -DSTM32F103C8Tx -DDEBUG -c -I../Inc -I"C:/E/embedded/test/final simulation code for my assignments/GPS_TRAKER/GPS_TRAKER/STM32_drivers/inc" -O0 -ffunction-sections -fdata-sections -Wall -fstack-usage -MMD -MP -MF"Src/main.d" -MT"Src/main.o" --specs=nano.specs -mfloat-abi=soft -mthumb -o "Src/main.o"
../Src/main.c: In function 'read_string':
../Src/main.c:54:20: warning: passing argument 2 of 'USART_READ' from incompatible pointer type [-Wincompatible-pointer-types]
  USART_READ(USART1,&ch);
                    ^
In file included from ../Src/main.c:22:0:
C:/E/embedded/test/final simulation code for my assignments/GPS_TRAKER/GPS_TRAKER/STM32_drivers/inc/stm32f103c6_USART_SRIVER.h:115:6: note: expected 'uint16_t * {aka short unsigned int *}' but argument is of type 'unsigned char *'
 void USART_READ(USART_typeDef* USARTx,uint16_t* data);
      ^~~~~~~~~~
arm-none-eabi-gcc -o "GPS_TRAKER.axf" @"objects.list"   -mcpu=cortex-m3 -T"C:\E\embedded\test\final simulation code for my assignments\GPS_TRAKER\GPS_TRAKER\STM32F103C8TX_FLASH.ld" --specs=nosys.specs -Wl,-Map="GPS_TRAKER.map" -Wl,--gc-sections -static --specs=nano.specs -mfloat-abi=soft -mthumb -Wl,--start-group -lc -lm -Wl,--end-group
Finished building target: GPS_TRAKER.axf
 
arm-none-eabi-objdump -h -S  GPS_TRAKER.axf  > "GPS_TRAKER.list"
arm-none-eabi-objcopy  -O binary  GPS_TRAKER.axf  "GPS_TRAKER.bin"
arm-none-eabi-size   GPS_TRAKER.axf 
   text	   data	    bss	    dec	    hex	filename
   8640	     40	   1768	  10448	   28d0	GPS_TRAKER.axf
Finished building: default.size.stdout
 
Finished building: GPS_TRAKER.bin
 
Finished building: GPS_TRAKER.list
 
15:29:20 **** Incremental Build of configuration Debug for project GPS_TRAKER ****
make -j16 all 
arm-none-eabi-gcc "../Src/main.c" -mcpu=cortex-m3 -std=gnu11 -g3 -DSTM32 -DSTM32F1 -DSTM32F103C8Tx -DDEBUG -c -I../Inc -I"C:/E/embedded/test/final simulation code for my assignments/GPS_TRAKER/GPS_TRAKER/STM32_drivers/inc" -O0 -ffunction-sections -fdata-sections -Wall -fstack-usage -MMD -MP -MF"Src/main.d" -MT"Src/main.o" --specs=nano.specs -mfloat-abi=soft -mthumb -o "Src/main.o"
../Src/main.c: In function 'read_string':
../Src/main.c:54:20: warning: passing argument 2 of 'USART_READ' from incompatible pointer type [-Wincompatible-pointer-types]
  USART_READ(USART1,&ch);
                    ^
In file included from ../Src/main.c:22:0:
C:/E/embedded/test/final simulation code for my assignments/GPS_TRAKER/GPS_TRAKER/STM32_drivers/inc/stm32f103c6_USART_SRIVER.h:115:6: note: expected 'uint16_t * {aka short unsigned int *}' but argument is of type 'unsigned char *'
 void USART_READ(USART_typeDef* USARTx,uint16_t* data);
      ^~~~~~~~~~
arm-none-eabi-gcc -o "GPS_TRAKER.axf" @"objects.list"   -mcpu=cortex-m3 -T"C:\E\embedded\test\final simulation code for my assignments\GPS_TRAKER\GPS_TRAKER\STM32F103C8TX_FLASH.ld" --specs=nosys.specs -Wl,-Map="GPS_TRAKER.map" -Wl,--gc-sections -static --specs=nano.specs -mfloat-abi=soft -mthumb -Wl,--start-group -lc -lm -Wl,--end-group
Finished building target: GPS_TRAKER.axf
 
arm-none-eabi-objdump -h -S  GPS_TRAKER.axf  > "GPS_TRAKER.list"
arm-none-eabi-objcopy  -O binary  GPS_TRAKER.axf  "GPS_TRAKER.bin"
arm-none-eabi-size   GPS_TRAKER.axf 
   text	   data	    bss	    dec	    hex	filename
   8640	     40	   1768	  10448	   28d0	GPS_TRAKER.axf
Finished building: default.size.stdout
 
Finished building: GPS_TRAKER.bin
 
Finished building: GPS_TRAKER.list
 
15:29:43 **** Incremental Build of configuration Debug for project GPS_TRAKER ****
make -j16 all 
arm-none-eabi-gcc "../Src/main.c" -mcpu=cortex-m3 -std=gnu11 -g3 -DSTM32 -DSTM32F1 -DSTM32F103C8Tx -DDEBUG -c -I../Inc -I"C:/E/embedded/test/final simulation code for my assignments/GPS_TRAKER/GPS_TRAKER/STM32_drivers/inc" -O0 -ffunction-sections -fdata-sections -Wall -fstack-usage -MMD -MP -MF"Src/main.d" -MT"Src/main.o" --specs=nano.specs -mfloat-abi=soft -mthumb -o "Src/main.o"
../Src/main.c: In function 'read_string':
../Src/main.c:54:20: warning: passing argument 2 of 'USART_READ' from incompatible pointer type [-Wincompatible-pointer-types]
  USART_READ(USART1,&ch);
                    ^
In file included from ../Src/main.c:22:0:
C:/E/embedded/test/final simulation code for my assignments/GPS_TRAKER/GPS_TRAKER/STM32_drivers/inc/stm32f103c6_USART_SRIVER.h:115:6: note: expected 'uint16_t * {aka short unsigned int *}' but argument is of type 'unsigned char *'
 void USART_READ(USART_typeDef* USARTx,uint16_t* data);
      ^~~~~~~~~~
arm-none-eabi-gcc -o "GPS_TRAKER.axf" @"objects.list"   -mcpu=cortex-m3 -T"C:\E\embedded\test\final simulation code for my assignments\GPS_TRAKER\GPS_TRAKER\STM32F103C8TX_FLASH.ld" --specs=nosys.specs -Wl,-Map="GPS_TRAKER.map" -Wl,--gc-sections -static --specs=nano.specs -mfloat-abi=soft -mthumb -Wl,--start-group -lc -lm -Wl,--end-group
Finished building target: GPS_TRAKER.axf
 
arm-none-eabi-objdump -h -S  GPS_TRAKER.axf  > "GPS_TRAKER.list"
arm-none-eabi-objcopy  -O binary  GPS_TRAKER.axf  "GPS_TRAKER.bin"
arm-none-eabi-size   GPS_TRAKER.axf 
   text	   data	    bss	    dec	    hex	filename
   8640	     40	   1768	  10448	   28d0	GPS_TRAKER.axf
Finished building: default.size.stdout
 
Finished building: GPS_TRAKER.bin
 
Finished building: GPS_TRAKER.list
 
15:33:15 **** Incremental Build of configuration Debug for project GPS_TRAKER ****
make -j16 all 
arm-none-eabi-gcc "../Src/main.c" -mcpu=cortex-m3 -std=gnu11 -g3 -DSTM32 -DSTM32F1 -DSTM32F103C8Tx -DDEBUG -c -I../Inc -I"C:/E/embedded/test/final simulation code for my assignments/GPS_TRAKER/GPS_TRAKER/STM32_drivers/inc" -O0 -ffunction-sections -fdata-sections -Wall -fstack-usage -MMD -MP -MF"Src/main.d" -MT"Src/main.o" --specs=nano.specs -mfloat-abi=soft -mthumb -o "Src/main.o"
../Src/main.c: In function 'read_string':
../Src/main.c:54:20: warning: passing argument 2 of 'USART_READ' from incompatible pointer type [-Wincompatible-pointer-types]
  USART_READ(USART1,&ch);
                    ^
In file included from ../Src/main.c:22:0:
C:/E/embedded/test/final simulation code for my assignments/GPS_TRAKER/GPS_TRAKER/STM32_drivers/inc/stm32f103c6_USART_SRIVER.h:115:6: note: expected 'uint16_t * {aka short unsigned int *}' but argument is of type 'unsigned char *'
 void USART_READ(USART_typeDef* USARTx,uint16_t* data);
      ^~~~~~~~~~
arm-none-eabi-gcc -o "GPS_TRAKER.axf" @"objects.list"   -mcpu=cortex-m3 -T"C:\E\embedded\test\final simulation code for my assignments\GPS_TRAKER\GPS_TRAKER\STM32F103C8TX_FLASH.ld" --specs=nosys.specs -Wl,-Map="GPS_TRAKER.map" -Wl,--gc-sections -static --specs=nano.specs -mfloat-abi=soft -mthumb -Wl,--start-group -lc -lm -Wl,--end-group
Finished building target: GPS_TRAKER.axf
 
arm-none-eabi-objdump -h -S  GPS_TRAKER.axf  > "GPS_TRAKER.list"
arm-none-eabi-objcopy  -O binary  GPS_TRAKER.axf  "GPS_TRAKER.bin"
arm-none-eabi-size   GPS_TRAKER.axf 
   text	   data	    bss	    dec	    hex	filename
   8640	     40	   1768	  10448	   28d0	GPS_TRAKER.axf
Finished building: default.size.stdout
 
Finished building: GPS_TRAKER.bin
 
Finished building: GPS_TRAKER.list
 
15:33:45 **** Incremental Build of configuration Debug for project GPS_TRAKER ****
make -j16 all 
arm-none-eabi-gcc "../Src/main.c" -mcpu=cortex-m3 -std=gnu11 -g3 -DSTM32 -DSTM32F1 -DSTM32F103C8Tx -DDEBUG -c -I../Inc -I"C:/E/embedded/test/final simulation code for my assignments/GPS_TRAKER/GPS_TRAKER/STM32_drivers/inc" -O0 -ffunction-sections -fdata-sections -Wall -fstack-usage -MMD -MP -MF"Src/main.d" -MT"Src/main.o" --specs=nano.specs -mfloat-abi=soft -mthumb -o "Src/main.o"
../Src/main.c: In function 'read_string':
../Src/main.c:54:20: warning: passing argument 2 of 'USART_READ' from incompatible pointer type [-Wincompatible-pointer-types]
  USART_READ(USART1,&ch);
                    ^
In file included from ../Src/main.c:22:0:
C:/E/embedded/test/final simulation code for my assignments/GPS_TRAKER/GPS_TRAKER/STM32_drivers/inc/stm32f103c6_USART_SRIVER.h:115:6: note: expected 'uint16_t * {aka short unsigned int *}' but argument is of type 'unsigned char *'
 void USART_READ(USART_typeDef* USARTx,uint16_t* data);
      ^~~~~~~~~~
arm-none-eabi-gcc -o "GPS_TRAKER.axf" @"objects.list"   -mcpu=cortex-m3 -T"C:\E\embedded\test\final simulation code for my assignments\GPS_TRAKER\GPS_TRAKER\STM32F103C8TX_FLASH.ld" --specs=nosys.specs -Wl,-Map="GPS_TRAKER.map" -Wl,--gc-sections -static --specs=nano.specs -mfloat-abi=soft -mthumb -Wl,--start-group -lc -lm -Wl,--end-group
Finished building target: GPS_TRAKER.axf
 
arm-none-eabi-objdump -h -S  GPS_TRAKER.axf  > "GPS_TRAKER.list"
arm-none-eabi-objcopy  -O binary  GPS_TRAKER.axf  "GPS_TRAKER.bin"
arm-none-eabi-size   GPS_TRAKER.axf 
   text	   data	    bss	    dec	    hex	filename
   8648	     40	   1768	  10456	   28d8	GPS_TRAKER.axf
Finished building: default.size.stdout
 
Finished building: GPS_TRAKER.bin
 
Finished building: GPS_TRAKER.list
 
15:34:28 **** Incremental Build of configuration Debug for project GPS_TRAKER ****
make -j16 all 
arm-none-eabi-gcc "../Src/main.c" -mcpu=cortex-m3 -std=gnu11 -g3 -DSTM32 -DSTM32F1 -DSTM32F103C8Tx -DDEBUG -c -I../Inc -I"C:/E/embedded/test/final simulation code for my assignments/GPS_TRAKER/GPS_TRAKER/STM32_drivers/inc" -O0 -ffunction-sections -fdata-sections -Wall -fstack-usage -MMD -MP -MF"Src/main.d" -MT"Src/main.o" --specs=nano.specs -mfloat-abi=soft -mthumb -o "Src/main.o"
../Src/main.c: In function 'read_string':
../Src/main.c:54:20: warning: passing argument 2 of 'USART_READ' from incompatible pointer type [-Wincompatible-pointer-types]
  USART_READ(USART1,&ch);
                    ^
In file included from ../Src/main.c:22:0:
C:/E/embedded/test/final simulation code for my assignments/GPS_TRAKER/GPS_TRAKER/STM32_drivers/inc/stm32f103c6_USART_SRIVER.h:115:6: note: expected 'uint16_t * {aka short unsigned int *}' but argument is of type 'unsigned char *'
 void USART_READ(USART_typeDef* USARTx,uint16_t* data);
      ^~~~~~~~~~
arm-none-eabi-gcc -o "GPS_TRAKER.axf" @"objects.list"   -mcpu=cortex-m3 -T"C:\E\embedded\test\final simulation code for my assignments\GPS_TRAKER\GPS_TRAKER\STM32F103C8TX_FLASH.ld" --specs=nosys.specs -Wl,-Map="GPS_TRAKER.map" -Wl,--gc-sections -static --specs=nano.specs -mfloat-abi=soft -mthumb -Wl,--start-group -lc -lm -Wl,--end-group
Finished building target: GPS_TRAKER.axf
 
arm-none-eabi-objdump -h -S  GPS_TRAKER.axf  > "GPS_TRAKER.list"
arm-none-eabi-objcopy  -O binary  GPS_TRAKER.axf  "GPS_TRAKER.bin"
arm-none-eabi-size   GPS_TRAKER.axf 
   text	   data	    bss	    dec	    hex	filename
   8648	     40	   1768	  10456	   28d8	GPS_TRAKER.axf
Finished building: default.size.stdout
 
Finished building: GPS_TRAKER.bin
 
Finished building: GPS_TRAKER.list
 
15:39:29 **** Incremental Build of configuration Debug for project GPS_TRAKER ****
make -j16 all 
arm-none-eabi-gcc "../Src/main.c" -mcpu=cortex-m3 -std=gnu11 -g3 -DSTM32 -DSTM32F1 -DSTM32F103C8Tx -DDEBUG -c -I../Inc -I"C:/E/embedded/test/final simulation code for my assignments/GPS_TRAKER/GPS_TRAKER/STM32_drivers/inc" -O0 -ffunction-sections -fdata-sections -Wall -fstack-usage -MMD -MP -MF"Src/main.d" -MT"Src/main.o" --specs=nano.specs -mfloat-abi=soft -mthumb -o "Src/main.o"
../Src/main.c: In function 'read_string':
../Src/main.c:54:20: warning: passing argument 2 of 'USART_READ' from incompatible pointer type [-Wincompatible-pointer-types]
  USART_READ(USART1,&ch);
                    ^
In file included from ../Src/main.c:22:0:
C:/E/embedded/test/final simulation code for my assignments/GPS_TRAKER/GPS_TRAKER/STM32_drivers/inc/stm32f103c6_USART_SRIVER.h:115:6: note: expected 'uint16_t * {aka short unsigned int *}' but argument is of type 'unsigned char *'
 void USART_READ(USART_typeDef* USARTx,uint16_t* data);
      ^~~~~~~~~~
arm-none-eabi-gcc -o "GPS_TRAKER.axf" @"objects.list"   -mcpu=cortex-m3 -T"C:\E\embedded\test\final simulation code for my assignments\GPS_TRAKER\GPS_TRAKER\STM32F103C8TX_FLASH.ld" --specs=nosys.specs -Wl,-Map="GPS_TRAKER.map" -Wl,--gc-sections -static --specs=nano.specs -mfloat-abi=soft -mthumb -Wl,--start-group -lc -lm -Wl,--end-group
Finished building target: GPS_TRAKER.axf
 
arm-none-eabi-objdump -h -S  GPS_TRAKER.axf  > "GPS_TRAKER.list"
arm-none-eabi-objcopy  -O binary  GPS_TRAKER.axf  "GPS_TRAKER.bin"
arm-none-eabi-size   GPS_TRAKER.axf 
   text	   data	    bss	    dec	    hex	filename
   8648	     40	   1768	  10456	   28d8	GPS_TRAKER.axf
Finished building: default.size.stdout
 
Finished building: GPS_TRAKER.bin
 
Finished building: GPS_TRAKER.list
 
15:40:21 **** Incremental Build of configuration Debug for project GPS_TRAKER ****
make -j16 all 
arm-none-eabi-gcc "../Src/main.c" -mcpu=cortex-m3 -std=gnu11 -g3 -DSTM32 -DSTM32F1 -DSTM32F103C8Tx -DDEBUG -c -I../Inc -I"C:/E/embedded/test/final simulation code for my assignments/GPS_TRAKER/GPS_TRAKER/STM32_drivers/inc" -O0 -ffunction-sections -fdata-sections -Wall -fstack-usage -MMD -MP -MF"Src/main.d" -MT"Src/main.o" --specs=nano.specs -mfloat-abi=soft -mthumb -o "Src/main.o"
../Src/main.c: In function 'read_string':
../Src/main.c:54:20: warning: passing argument 2 of 'USART_READ' from incompatible pointer type [-Wincompatible-pointer-types]
  USART_READ(USART1,&ch);
                    ^
In file included from ../Src/main.c:22:0:
C:/E/embedded/test/final simulation code for my assignments/GPS_TRAKER/GPS_TRAKER/STM32_drivers/inc/stm32f103c6_USART_SRIVER.h:115:6: note: expected 'uint16_t * {aka short unsigned int *}' but argument is of type 'unsigned char *'
 void USART_READ(USART_typeDef* USARTx,uint16_t* data);
      ^~~~~~~~~~
arm-none-eabi-gcc -o "GPS_TRAKER.axf" @"objects.list"   -mcpu=cortex-m3 -T"C:\E\embedded\test\final simulation code for my assignments\GPS_TRAKER\GPS_TRAKER\STM32F103C8TX_FLASH.ld" --specs=nosys.specs -Wl,-Map="GPS_TRAKER.map" -Wl,--gc-sections -static --specs=nano.specs -mfloat-abi=soft -mthumb -Wl,--start-group -lc -lm -Wl,--end-group
Finished building target: GPS_TRAKER.axf
 
arm-none-eabi-objdump -h -S  GPS_TRAKER.axf  > "GPS_TRAKER.list"
arm-none-eabi-objcopy  -O binary  GPS_TRAKER.axf  "GPS_TRAKER.bin"
arm-none-eabi-size   GPS_TRAKER.axf 
   text	   data	    bss	    dec	    hex	filename
   8668	     40	   1768	  10476	   28ec	GPS_TRAKER.axf
Finished building: default.size.stdout
 
Finished building: GPS_TRAKER.bin
 
Finished building: GPS_TRAKER.list
 
15:42:05 **** Incremental Build of configuration Debug for project GPS_TRAKER ****
make -j16 all 
arm-none-eabi-gcc "../Src/main.c" -mcpu=cortex-m3 -std=gnu11 -g3 -DSTM32 -DSTM32F1 -DSTM32F103C8Tx -DDEBUG -c -I../Inc -I"C:/E/embedded/test/final simulation code for my assignments/GPS_TRAKER/GPS_TRAKER/STM32_drivers/inc" -O0 -ffunction-sections -fdata-sections -Wall -fstack-usage -MMD -MP -MF"Src/main.d" -MT"Src/main.o" --specs=nano.specs -mfloat-abi=soft -mthumb -o "Src/main.o"
../Src/main.c: In function 'read_string':
../Src/main.c:54:20: warning: passing argument 2 of 'USART_READ' from incompatible pointer type [-Wincompatible-pointer-types]
  USART_READ(USART1,&ch);
                    ^
In file included from ../Src/main.c:22:0:
C:/E/embedded/test/final simulation code for my assignments/GPS_TRAKER/GPS_TRAKER/STM32_drivers/inc/stm32f103c6_USART_SRIVER.h:115:6: note: expected 'uint16_t * {aka short unsigned int *}' but argument is of type 'unsigned char *'
 void USART_READ(USART_typeDef* USARTx,uint16_t* data);
      ^~~~~~~~~~
arm-none-eabi-gcc -o "GPS_TRAKER.axf" @"objects.list"   -mcpu=cortex-m3 -T"C:\E\embedded\test\final simulation code for my assignments\GPS_TRAKER\GPS_TRAKER\STM32F103C8TX_FLASH.ld" --specs=nosys.specs -Wl,-Map="GPS_TRAKER.map" -Wl,--gc-sections -static --specs=nano.specs -mfloat-abi=soft -mthumb -Wl,--start-group -lc -lm -Wl,--end-group
Finished building target: GPS_TRAKER.axf
 
arm-none-eabi-objdump -h -S  GPS_TRAKER.axf  > "GPS_TRAKER.list"
arm-none-eabi-objcopy  -O binary  GPS_TRAKER.axf  "GPS_TRAKER.bin"
arm-none-eabi-size   GPS_TRAKER.axf 
   text	   data	    bss	    dec	    hex	filename
   8664	     40	   1768	  10472	   28e8	GPS_TRAKER.axf
Finished building: default.size.stdout
 
Finished building: GPS_TRAKER.bin
 
Finished building: GPS_TRAKER.list
 
15:45:47 **** Incremental Build of configuration Debug for project GPS_TRAKER ****
make -j16 all 
arm-none-eabi-gcc "../STM32_drivers/stm32f103c6_USART_SRIVER.c" -mcpu=cortex-m3 -std=gnu11 -g3 -DSTM32 -DSTM32F1 -DSTM32F103C8Tx -DDEBUG -c -I../Inc -I"C:/E/embedded/test/final simulation code for my assignments/GPS_TRAKER/GPS_TRAKER/STM32_drivers/inc" -O0 -ffunction-sections -fdata-sections -Wall -fstack-usage -MMD -MP -MF"STM32_drivers/stm32f103c6_USART_SRIVER.d" -MT"STM32_drivers/stm32f103c6_USART_SRIVER.o" --specs=nano.specs -mfloat-abi=soft -mthumb -o "STM32_drivers/stm32f103c6_USART_SRIVER.o"
../STM32_drivers/stm32f103c6_USART_SRIVER.c: In function 'USART1_IRQHandler':
../STM32_drivers/stm32f103c6_USART_SRIVER.c:271:22: warning: unused variable 'd' [-Wunused-variable]
    volatile uint16_t d=USART1->USART_DR;
                      ^
../STM32_drivers/stm32f103c6_USART_SRIVER.c:276:21: warning: unused variable 'w' [-Wunused-variable]
   volatile uint16_t w =USART1->USART_DR;
                     ^
../STM32_drivers/stm32f103c6_USART_SRIVER.c: In function 'USART2_IRQHandler':
../STM32_drivers/stm32f103c6_USART_SRIVER.c:351:22: warning: unused variable 'd' [-Wunused-variable]
    volatile uint16_t d =USART2->USART_DR;
                      ^
../STM32_drivers/stm32f103c6_USART_SRIVER.c:356:21: warning: unused variable 'w' [-Wunused-variable]
   volatile uint16_t w =USART2->USART_DR;
                     ^
../STM32_drivers/stm32f103c6_USART_SRIVER.c: In function 'USART3_IRQHandler':
../STM32_drivers/stm32f103c6_USART_SRIVER.c:431:22: warning: unused variable 'd' [-Wunused-variable]
    volatile uint16_t d =USART3->USART_DR;
                      ^
../STM32_drivers/stm32f103c6_USART_SRIVER.c:436:21: warning: unused variable 'w' [-Wunused-variable]
   volatile uint16_t w =USART3->USART_DR;
                     ^
arm-none-eabi-gcc -o "GPS_TRAKER.axf" @"objects.list"   -mcpu=cortex-m3 -T"C:\E\embedded\test\final simulation code for my assignments\GPS_TRAKER\GPS_TRAKER\STM32F103C8TX_FLASH.ld" --specs=nosys.specs -Wl,-Map="GPS_TRAKER.map" -Wl,--gc-sections -static --specs=nano.specs -mfloat-abi=soft -mthumb -Wl,--start-group -lc -lm -Wl,--end-group
Finished building target: GPS_TRAKER.axf
 
arm-none-eabi-objdump -h -S  GPS_TRAKER.axf  > "GPS_TRAKER.list"
arm-none-eabi-objcopy  -O binary  GPS_TRAKER.axf  "GPS_TRAKER.bin"
arm-none-eabi-size   GPS_TRAKER.axf 
   text	   data	    bss	    dec	    hex	filename
   8604	     40	   1768	  10412	   28ac	GPS_TRAKER.axf
Finished building: default.size.stdout
 
Finished building: GPS_TRAKER.bin
 
Finished building: GPS_TRAKER.list
 
15:46:15 **** Incremental Build of configuration Debug for project GPS_TRAKER ****
make -j16 all 
[...]
Finished building: default.size.stdout
 
Finished building: GPS_TRAKER.bin
 
Finished building: GPS_TRAKER.list
 
12:19:51 **** Incremental Build of configuration Debug for project GPS_TRAKER ****
make -j16 all 
arm-none-eabi-gcc "../Src/main.c" -mcpu=cortex-m3 -std=gnu11 -g3 -DSTM32 -DSTM32F1 -DSTM32F103C8Tx -DDEBUG -c -I../Inc -I"C:/E/embedded/test/final simulation code for my assignments/GPS_TRAKER/GPS_TRAKER/STM32_drivers/inc" -O0 -ffunction-sections -fdata-sections -Wall -fstack-usage -MMD -MP -MF"Src/main.d" -MT"Src/main.o" --specs=nano.specs -mfloat-abi=soft -mthumb -o "Src/main.o"
../Src/main.c: In function 'main':
../Src/main.c:64:3: warning: implicit declaration of function 'Display' [-Wimplicit-function-declaration]
   Display();
   ^~~~~~~
../Src/main.c: In function 'read_string':
../Src/main.c:72:20: warning: passing argument 2 of 'USART_READ' from incompatible pointer type [-Wincompatible-pointer-types]
  USART_READ(USART1,&ch);
                    ^
In file included from ../Src/main.c:22:0:
C:/E/embedded/test/final simulation code for my assignments/GPS_TRAKER/GPS_TRAKER/STM32_drivers/inc/stm32f103c6_USART_SRIVER.h:115:6: note: expected 'uint16_t * {aka short unsigned int *}' but argument is of type 'unsigned char *'
 void USART_READ(USART_typeDef* USARTx,uint16_t* data);
      ^~~~~~~~~~
../Src/main.c: At top level:
../Src/main.c:152:6: warning: conflicting types for 'Display'
 void Display(){
      ^~~~~~~
../Src/main.c:64:3: note: previous implicit declaration of 'Display' was here
   Display();
   ^~~~~~~
arm-none-eabi-gcc -o "GPS_TRAKER.axf" @"objects.list"   -mcpu=cortex-m3 -T"C:\E\embedded\test\final simulation code for my assignments\GPS_TRAKER\GPS_TRAKER\STM32F103C8TX_FLASH.ld" --specs=nosys.specs -Wl,-Map="GPS_TRAKER.map" -Wl,--gc-sections -static --specs=nano.specs -mfloat-abi=soft -mthumb -Wl,--start-group -lc -lm -Wl,--end-group
Finished building target: GPS_TRAKER.axf
 
arm-none-eabi-objdump -h -S  GPS_TRAKER.axf  > "GPS_TRAKER.list"
arm-none-eabi-objcopy  -O binary  GPS_TRAKER.axf  "GPS_TRAKER.bin"
arm-none-eabi-size   GPS_TRAKER.axf 
   text	   data	    bss	    dec	    hex	filename
  31056	    524	   1960	  33540	   8304	GPS_TRAKER.axf
Finished building: default.size.stdout
 
Finished building: GPS_TRAKER.bin
 
Finished building: GPS_TRAKER.list
 
12:21:23 **** Incremental Build of configuration Debug for project GPS_TRAKER ****
make -j16 all 
arm-none-eabi-gcc "../Src/main.c" -mcpu=cortex-m3 -std=gnu11 -g3 -DSTM32 -DSTM32F1 -DSTM32F103C8Tx -DDEBUG -c -I../Inc -I"C:/E/embedded/test/final simulation code for my assignments/GPS_TRAKER/GPS_TRAKER/STM32_drivers/inc" -O0 -ffunction-sections -fdata-sections -Wall -fstack-usage -MMD -MP -MF"Src/main.d" -MT"Src/main.o" --specs=nano.specs -mfloat-abi=soft -mthumb -o "Src/main.o"
../Src/main.c: In function 'main':
../Src/main.c:64:3: warning: implicit declaration of function 'Display' [-Wimplicit-function-declaration]
   Display();
   ^~~~~~~
../Src/main.c: In function 'read_string':
../Src/main.c:72:20: warning: passing argument 2 of 'USART_READ' from incompatible pointer type [-Wincompatible-pointer-types]
  USART_READ(USART1,&ch);
                    ^
In file included from ../Src/main.c:22:0:
C:/E/embedded/test/final simulation code for my assignments/GPS_TRAKER/GPS_TRAKER/STM32_drivers/inc/stm32f103c6_USART_SRIVER.h:115:6: note: expected 'uint16_t * {aka short unsigned int *}' but argument is of type 'unsigned char *'
 void USART_READ(USART_typeDef* USARTx,uint16_t* data);
      ^~~~~~~~~~
../Src/main.c: At top level:
../Src/main.c:152:6: warning: conflicting types for 'Display'
 void Display(){
      ^~~~~~~
../Src/main.c:64:3: note: previous implicit declaration of 'Display' was here
   Display();
   ^~~~~~~
arm-none-eabi-gcc -o "GPS_TRAKER.axf" @"objects.list"   -mcpu=cortex-m3 -T"C:\E\embedded\test\final simulation code for my assignments\GPS_TRAKER\GPS_TRAKER\STM32F103C8TX_FLASH.ld" --specs=nosys.specs -Wl,-Map="GPS_TRAKER.map" -Wl,--gc-sections -static --specs=nano.specs -mfloat-abi=soft -mthumb -Wl,--start-group -lc -lm -Wl,--end-group
Finished building target: GPS_TRAKER.axf
 
arm-none-eabi-objdump -h -S  GPS_TRAKER.axf  > "GPS_TRAKER.list"
arm-none-eabi-objcopy  -O binary  GPS_TRAKER.axf  "GPS_TRAKER.bin"
arm-none-eabi-size   GPS_TRAKER.axf 
   text	   data	    bss	    dec	    hex	filename
  31096	    524	   1960	  33580	   832c	GPS_TRAKER.axf
Finished building: default.size.stdout
 
Finished building: GPS_TRAKER.bin
 
Finished building: GPS_TRAKER.list
 
12:22:00 **** Incremental Build of configuration Debug for project GPS_TRAKER ****
make -j16 all 
arm-none-eabi-gcc "../Src/main.c" -mcpu=cortex-m3 -std=gnu11 -g3 -DSTM32 -DSTM32F1 -DSTM32F103C8Tx -DDEBUG -c -I../Inc -I"C:/E/embedded/test/final simulation code for my assignments/GPS_TRAKER/GPS_TRAKER/STM32_drivers/inc" -O0 -ffunction-sections -fdata-sections -Wall -fstack-usage -MMD -MP -MF"Src/main.d" -MT"Src/main.o" --specs=nano.specs -mfloat-abi=soft -mthumb -o "Src/main.o"
../Src/main.c: In function 'main':
../Src/main.c:64:3: warning: implicit declaration of function 'Display' [-Wimplicit-function-declaration]
   Display();
   ^~~~~~~
../Src/main.c: In function 'read_string':
../Src/main.c:72:20: warning: passing argument 2 of 'USART_READ' from incompatible pointer type [-Wincompatible-pointer-types]
  USART_READ(USART1,&ch);
                    ^
In file included from ../Src/main.c:22:0:
C:/E/embedded/test/final simulation code for my assignments/GPS_TRAKER/GPS_TRAKER/STM32_drivers/inc/stm32f103c6_USART_SRIVER.h:115:6: note: expected 'uint16_t * {aka short unsigned int *}' but argument is of type 'unsigned char *'
 void USART_READ(USART_typeDef* USARTx,uint16_t* data);
      ^~~~~~~~~~
../Src/main.c: At top level:
../Src/main.c:152:6: warning: conflicting types for 'Display'
 void Display(){
      ^~~~~~~
../Src/main.c:64:3: note: previous implicit declaration of 'Display' was here
   Display();
   ^~~~~~~
arm-none-eabi-gcc -o "GPS_TRAKER.axf" @"objects.list"   -mcpu=cortex-m3 -T"C:\E\embedded\test\final simulation code for my assignments\GPS_TRAKER\GPS_TRAKER\STM32F103C8TX_FLASH.ld" --specs=nosys.specs -Wl,-Map="GPS_TRAKER.map" -Wl,--gc-sections -static --specs=nano.specs -mfloat-abi=soft -mthumb -Wl,--start-group -lc -lm -Wl,--end-group
Finished building target: GPS_TRAKER.axf
 
arm-none-eabi-objdump -h -S  GPS_TRAKER.axf  > "GPS_TRAKER.list"
arm-none-eabi-objcopy  -O binary  GPS_TRAKER.axf  "GPS_TRAKER.bin"
arm-none-eabi-size   GPS_TRAKER.axf 
   text	   data	    bss	    dec	    hex	filename
  31112	    524	   1960	  33596	   833c	GPS_TRAKER.axf
Finished building: default.size.stdout
 
Finished building: GPS_TRAKER.bin
 
Finished building: GPS_TRAKER.list
 
12:22:29 **** Incremental Build of configuration Debug for project GPS_TRAKER ****
make -j16 all 
arm-none-eabi-gcc "../Src/main.c" -mcpu=cortex-m3 -std=gnu11 -g3 -DSTM32 -DSTM32F1 -DSTM32F103C8Tx -DDEBUG -c -I../Inc -I"C:/E/embedded/test/final simulation code for my assignments/GPS_TRAKER/GPS_TRAKER/STM32_drivers/inc" -O0 -ffunction-sections -fdata-sections -Wall -fstack-usage -MMD -MP -MF"Src/main.d" -MT"Src/main.o" --specs=nano.specs -mfloat-abi=soft -mthumb -o "Src/main.o"
../Src/main.c: In function 'main':
../Src/main.c:64:3: warning: implicit declaration of function 'Display' [-Wimplicit-function-declaration]
   Display();
   ^~~~~~~
../Src/main.c: In function 'read_string':
../Src/main.c:72:20: warning: passing argument 2 of 'USART_READ' from incompatible pointer type [-Wincompatible-pointer-types]
  USART_READ(USART1,&ch);
                    ^
In file included from ../Src/main.c:22:0:
C:/E/embedded/test/final simulation code for my assignments/GPS_TRAKER/GPS_TRAKER/STM32_drivers/inc/stm32f103c6_USART_SRIVER.h:115:6: note: expected 'uint16_t * {aka short unsigned int *}' but argument is of type 'unsigned char *'
 void USART_READ(USART_typeDef* USARTx,uint16_t* data);
      ^~~~~~~~~~
../Src/main.c: At top level:
../Src/main.c:152:6: warning: conflicting types for 'Display'
 void Display(){
      ^~~~~~~
../Src/main.c:64:3: note: previous implicit declaration of 'Display' was here
   Display();
   ^~~~~~~
arm-none-eabi-gcc -o "GPS_TRAKER.axf" @"objects.list"   -mcpu=cortex-m3 -T"C:\E\embedded\test\final simulation code for my assignments\GPS_TRAKER\GPS_TRAKER\STM32F103C8TX_FLASH.ld" --specs=nosys.specs -Wl,-Map="GPS_TRAKER.map" -Wl,--gc-sections -static --specs=nano.specs -mfloat-abi=soft -mthumb -Wl,--start-group -lc -lm -Wl,--end-group
Finished building target: GPS_TRAKER.axf
 
arm-none-eabi-objdump -h -S  GPS_TRAKER.axf  > "GPS_TRAKER.list"
arm-none-eabi-objcopy  -O binary  GPS_TRAKER.axf  "GPS_TRAKER.bin"
arm-none-eabi-size   GPS_TRAKER.axf 
   text	   data	    bss	    dec	    hex	filename
  31112	    524	   1960	  33596	   833c	GPS_TRAKER.axf
Finished building: default.size.stdout
 
Finished building: GPS_TRAKER.bin
 
Finished building: GPS_TRAKER.list
 
12:23:35 **** Incremental Build of configuration Debug for project GPS_TRAKER ****
make -j16 all 
arm-none-eabi-gcc "../Src/main.c" -mcpu=cortex-m3 -std=gnu11 -g3 -DSTM32 -DSTM32F1 -DSTM32F103C8Tx -DDEBUG -c -I../Inc -I"C:/E/embedded/test/final simulation code for my assignments/GPS_TRAKER/GPS_TRAKER/STM32_drivers/inc" -O0 -ffunction-sections -fdata-sections -Wall -fstack-usage -MMD -MP -MF"Src/main.d" -MT"Src/main.o" --specs=nano.specs -mfloat-abi=soft -mthumb -o "Src/main.o"
../Src/main.c: In function 'main':
../Src/main.c:64:3: warning: implicit declaration of function 'Display' [-Wimplicit-function-declaration]
   Display();
   ^~~~~~~
../Src/main.c: In function 'read_string':
../Src/main.c:72:20: warning: passing argument 2 of 'USART_READ' from incompatible pointer type [-Wincompatible-pointer-types]
  USART_READ(USART1,&ch);
                    ^
In file included from ../Src/main.c:22:0:
C:/E/embedded/test/final simulation code for my assignments/GPS_TRAKER/GPS_TRAKER/STM32_drivers/inc/stm32f103c6_USART_SRIVER.h:115:6: note: expected 'uint16_t * {aka short unsigned int *}' but argument is of type 'unsigned char *'
 void USART_READ(USART_typeDef* USARTx,uint16_t* data);
      ^~~~~~~~~~
../Src/main.c: At top level:
../Src/main.c:152:6: warning: conflicting types for 'Display'
 void Display(){
      ^~~~~~~
../Src/main.c:64:3: note: previous implicit declaration of 'Display' was here
   Display();
   ^~~~~~~
arm-none-eabi-gcc -o "GPS_TRAKER.axf" @"objects.list"   -mcpu=cortex-m3 -T"C:\E\embedded\test\final simulation code for my assignments\GPS_TRAKER\GPS_TRAKER\STM32F103C8TX_FLASH.ld" --specs=nosys.specs -Wl,-Map="GPS_TRAKER.map" -Wl,--gc-sections -static --specs=nano.specs -mfloat-abi=soft -mthumb -Wl,--start-group -lc -lm -Wl,--end-group
Finished building target: GPS_TRAKER.axf
 
arm-none-eabi-objdump -h -S  GPS_TRAKER.axf  > "GPS_TRAKER.list"
arm-none-eabi-objcopy  -O binary  GPS_TRAKER.axf  "GPS_TRAKER.bin"
arm-none-eabi-size   GPS_TRAKER.axf 
   text	   data	    bss	    dec	    hex	filename
  31056	    524	   1960	  33540	   8304	GPS_TRAKER.axf
Finished building: default.size.stdout
 
Finished building: GPS_TRAKER.bin
 
Finished building: GPS_TRAKER.list
 
12:24:13 **** Incremental Build of configuration Debug for project GPS_TRAKER ****
make -j16 all 
arm-none-eabi-gcc "../Src/main.c" -mcpu=cortex-m3 -std=gnu11 -g3 -DSTM32 -DSTM32F1 -DSTM32F103C8Tx -DDEBUG -c -I../Inc -I"C:/E/embedded/test/final simulation code for my assignments/GPS_TRAKER/GPS_TRAKER/STM32_drivers/inc" -O0 -ffunction-sections -fdata-sections -Wall -fstack-usage -MMD -MP -MF"Src/main.d" -MT"Src/main.o" --specs=nano.specs -mfloat-abi=soft -mthumb -o "Src/main.o"
../Src/main.c: In function 'main':
../Src/main.c:64:3: warning: implicit declaration of function 'Display' [-Wimplicit-function-declaration]
   Display();
   ^~~~~~~
../Src/main.c: In function 'read_string':
../Src/main.c:72:20: warning: passing argument 2 of 'USART_READ' from incompatible pointer type [-Wincompatible-pointer-types]
  USART_READ(USART1,&ch);
                    ^
In file included from ../Src/main.c:22:0:
C:/E/embedded/test/final simulation code for my assignments/GPS_TRAKER/GPS_TRAKER/STM32_drivers/inc/stm32f103c6_USART_SRIVER.h:115:6: note: expected 'uint16_t * {aka short unsigned int *}' but argument is of type 'unsigned char *'
 void USART_READ(USART_typeDef* USARTx,uint16_t* data);
      ^~~~~~~~~~
../Src/main.c: At top level:
../Src/main.c:152:6: warning: conflicting types for 'Display'
 void Display(){
      ^~~~~~~
../Src/main.c:64:3: note: previous implicit declaration of 'Display' was here
   Display();
   ^~~~~~~
arm-none-eabi-gcc -o "GPS_TRAKER.axf" @"objects.list"   -mcpu=cortex-m3 -T"C:\E\embedded\test\final simulation code for my assignments\GPS_TRAKER\GPS_TRAKER\STM32F103C8TX_FLASH.ld" --specs=nosys.specs -Wl,-Map="GPS_TRAKER.map" -Wl,--gc-sections -static --specs=nano.specs -mfloat-abi=soft -mthumb -Wl,--start-group -lc -lm -Wl,--end-group
Finished building target: GPS_TRAKER.axf
 
arm-none-eabi-objdump -h -S  GPS_TRAKER.axf  > "GPS_TRAKER.list"
arm-none-eabi-objcopy  -O binary  GPS_TRAKER.axf  "GPS_TRAKER.bin"
arm-none-eabi-size   GPS_TRAKER.axf 
   text	   data	    bss	    dec	    hex	filename
  31056	    524	   1960	  33540	   8304	GPS_TRAKER.axf
Finished building: default.size.stdout
 
Finished building: GPS_TRAKER.bin
 
Finished building: GPS_TRAKER.list
 
12:30:47 **** Incremental Build of configuration Debug for project GPS_TRAKER ****
make -j16 all 
arm-none-eabi-gcc "../Src/main.c" -mcpu=cortex-m3 -std=gnu11 -g3 -DSTM32 -DSTM32F1 -DSTM32F103C8Tx -DDEBUG -c -I../Inc -I"C:/E/embedded/test/final simulation code for my assignments/GPS_TRAKER/GPS_TRAKER/STM32_drivers/inc" -O0 -ffunction-sections -fdata-sections -Wall -fstack-usage -MMD -MP -MF"Src/main.d" -MT"Src/main.o" --specs=nano.specs -mfloat-abi=soft -mthumb -o "Src/main.o"
../Src/main.c: In function 'main':
../Src/main.c:65:3: warning: implicit declaration of function 'Display' [-Wimplicit-function-declaration]
   Display();
   ^~~~~~~
../Src/main.c: In function 'read_string':
../Src/main.c:77:20: warning: passing argument 2 of 'USART_READ' from incompatible pointer type [-Wincompatible-pointer-types]
  USART_READ(USART1,&ch);
                    ^
In file included from ../Src/main.c:22:0:
C:/E/embedded/test/final simulation code for my assignments/GPS_TRAKER/GPS_TRAKER/STM32_drivers/inc/stm32f103c6_USART_SRIVER.h:115:6: note: expected 'uint16_t * {aka short unsigned int *}' but argument is of type 'unsigned char *'
 void USART_READ(USART_typeDef* USARTx,uint16_t* data);
      ^~~~~~~~~~
../Src/main.c: At top level:
../Src/main.c:157:6: warning: conflicting types for 'Display'
 void Display(){
      ^~~~~~~
../Src/main.c:65:3: note: previous implicit declaration of 'Display' was here
   Display();
   ^~~~~~~
arm-none-eabi-gcc -o "GPS_TRAKER.axf" @"objects.list"   -mcpu=cortex-m3 -T"C:\E\embedded\test\final simulation code for my assignments\GPS_TRAKER\GPS_TRAKER\STM32F103C8TX_FLASH.ld" --specs=nosys.specs -Wl,-Map="GPS_TRAKER.map" -Wl,--gc-sections -static --specs=nano.specs -mfloat-abi=soft -mthumb -Wl,--start-group -lc -lm -Wl,--end-group
Finished building target: GPS_TRAKER.axf
 
arm-none-eabi-objdump -h -S  GPS_TRAKER.axf  > "GPS_TRAKER.list"
arm-none-eabi-objcopy  -O binary  GPS_TRAKER.axf  "GPS_TRAKER.bin"
arm-none-eabi-size   GPS_TRAKER.axf 
   text	   data	    bss	    dec	    hex	filename
  31144	    524	   1960	  33628	   835c	GPS_TRAKER.axf
Finished building: default.size.stdout
 
Finished building: GPS_TRAKER.bin
 
Finished building: GPS_TRAKER.list
 
12:31:28 **** Incremental Build of configuration Debug for project GPS_TRAKER ****
make -j16 all 
arm-none-eabi-gcc "../Src/main.c" -mcpu=cortex-m3 -std=gnu11 -g3 -DSTM32 -DSTM32F1 -DSTM32F103C8Tx -DDEBUG -c -I../Inc -I"C:/E/embedded/test/final simulation code for my assignments/GPS_TRAKER/GPS_TRAKER/STM32_drivers/inc" -O0 -ffunction-sections -fdata-sections -Wall -fstack-usage -MMD -MP -MF"Src/main.d" -MT"Src/main.o" --specs=nano.specs -mfloat-abi=soft -mthumb -o "Src/main.o"
../Src/main.c: In function 'main':
../Src/main.c:65:3: warning: implicit declaration of function 'Display' [-Wimplicit-function-declaration]
   Display();
   ^~~~~~~
../Src/main.c: In function 'read_string':
../Src/main.c:80:20: warning: passing argument 2 of 'USART_READ' from incompatible pointer type [-Wincompatible-pointer-types]
  USART_READ(USART1,&ch);
                    ^
In file included from ../Src/main.c:22:0:
C:/E/embedded/test/final simulation code for my assignments/GPS_TRAKER/GPS_TRAKER/STM32_drivers/inc/stm32f103c6_USART_SRIVER.h:115:6: note: expected 'uint16_t * {aka short unsigned int *}' but argument is of type 'unsigned char *'
 void USART_READ(USART_typeDef* USARTx,uint16_t* data);
      ^~~~~~~~~~
../Src/main.c: At top level:
../Src/main.c:160:6: warning: conflicting types for 'Display'
 void Display(){
      ^~~~~~~
../Src/main.c:65:3: note: previous implicit declaration of 'Display' was here
   Display();
   ^~~~~~~
arm-none-eabi-gcc -o "GPS_TRAKER.axf" @"objects.list"   -mcpu=cortex-m3 -T"C:\E\embedded\test\final simulation code for my assignments\GPS_TRAKER\GPS_TRAKER\STM32F103C8TX_FLASH.ld" --specs=nosys.specs -Wl,-Map="GPS_TRAKER.map" -Wl,--gc-sections -static --specs=nano.specs -mfloat-abi=soft -mthumb -Wl,--start-group -lc -lm -Wl,--end-group
Finished building target: GPS_TRAKER.axf
 
arm-none-eabi-objdump -h -S  GPS_TRAKER.axf  > "GPS_TRAKER.list"
arm-none-eabi-objcopy  -O binary  GPS_TRAKER.axf  "GPS_TRAKER.bin"
arm-none-eabi-size   GPS_TRAKER.axf 
   text	   data	    bss	    dec	    hex	filename
  31152	    524	   1960	  33636	   8364	GPS_TRAKER.axf
Finished building: default.size.stdout
 
Finished building: GPS_TRAKER.bin
 
Finished building: GPS_TRAKER.list
 
17:33:51 **** Incremental Build of configuration Debug for project GPS_TRAKER ****
make -j16 all 
arm-none-eabi-gcc "../Src/main.c" -mcpu=cortex-m3 -std=gnu11 -g3 -DSTM32 -DSTM32F1 -DSTM32F103C8Tx -DDEBUG -c -I../Inc -I"C:/E/embedded/test/final simulation code for my assignments/GPS_TRAKER/GPS_TRAKER/STM32_drivers/inc" -O0 -ffunction-sections -fdata-sections -Wall -fstack-usage -MMD -MP -MF"Src/main.d" -MT"Src/main.o" --specs=nano.specs -mfloat-abi=soft -mthumb -o "Src/main.o"
../Src/main.c: In function 'main':
../Src/main.c:65:3: warning: implicit declaration of function 'Display' [-Wimplicit-function-declaration]
   Display();
   ^~~~~~~
../Src/main.c: In function 'read_string':
../Src/main.c:80:20: warning: passing argument 2 of 'USART_READ' from incompatible pointer type [-Wincompatible-pointer-types]
  USART_READ(USART1,&ch);
                    ^
In file included from ../Src/main.c:22:0:
C:/E/embedded/test/final simulation code for my assignments/GPS_TRAKER/GPS_TRAKER/STM32_drivers/inc/stm32f103c6_USART_SRIVER.h:115:6: note: expected 'uint16_t * {aka short unsigned int *}' but argument is of type 'unsigned char *'
 void USART_READ(USART_typeDef* USARTx,uint16_t* data);
      ^~~~~~~~~~
../Src/main.c: At top level:
../Src/main.c:160:6: warning: conflicting types for 'Display'
 void Display(){
      ^~~~~~~
../Src/main.c:65:3: note: previous implicit declaration of 'Display' was here
   Display();
   ^~~~~~~
arm-none-eabi-gcc -o "GPS_TRAKER.axf" @"objects.list"   -mcpu=cortex-m3 -T"C:\E\embedded\test\final simulation code for my assignments\GPS_TRAKER\GPS_TRAKER\STM32F103C8TX_FLASH.ld" --specs=nosys.specs -Wl,-Map="GPS_TRAKER.map" -Wl,--gc-sections -static --specs=nano.specs -mfloat-abi=soft -mthumb -Wl,--start-group -lc -lm -Wl,--end-group
Finished building target: GPS_TRAKER.axf
 
arm-none-eabi-objdump -h -S  GPS_TRAKER.axf  > "GPS_TRAKER.list"
arm-none-eabi-objcopy  -O binary  GPS_TRAKER.axf  "GPS_TRAKER.bin"
arm-none-eabi-size   GPS_TRAKER.axf 
   text	   data	    bss	    dec	    hex	filename
  31152	    524	   1960	  33636	   8364	GPS_TRAKER.axf
Finished building: default.size.stdout
 
Finished building: GPS_TRAKER.bin
 
Finished building: GPS_TRAKER.list
 
