
Memory Configuration

Name             Origin             Length             Attributes
flash            0x08000000         0x00020000         xr
sram             0x20000000         0x00005000         xrw
*default*        0x00000000         0xffffffff

Linker script and memory map


.text           0x08000000      0x120
 *(.vectors*)
 .vectors       0x08000000       0x1c startup.o
                0x08000000                vectors
 *(.text*)
 .text          0x0800001c       0x7c main.o
                0x0800001c                main
 .text          0x08000098       0x88 startup.o
                0x08000098                Bus_Fault_Handler
                0x08000098                H_Fault_Handler
                0x08000098                MM_Fault_Handler
                0x08000098                Usage_Fault_Handler
                0x08000098                Default_Handler
                0x08000098                NMI_Handler
                0x080000a4                Reset_Handler
 *(.rodata)
                0x08000120                _E_TEXT = .

.glue_7         0x08000120        0x0
 .glue_7        0x08000120        0x0 linker stubs

.glue_7t        0x08000120        0x0
 .glue_7t       0x08000120        0x0 linker stubs

.vfp11_veneer   0x08000120        0x0
 .vfp11_veneer  0x08000120        0x0 linker stubs

.v4_bx          0x08000120        0x0
 .v4_bx         0x08000120        0x0 linker stubs

.iplt           0x08000120        0x0
 .iplt          0x08000120        0x0 main.o

.rel.dyn        0x08000120        0x0
 .rel.iplt      0x08000120        0x0 main.o

.data           0x20000000        0x0 load address 0x08000120
                0x20000000                _S_DATA = .
 *(.data)
 .data          0x20000000        0x0 main.o
 .data          0x20000000        0x0 startup.o
                0x20000000                . = ALIGN (0x4)
                0x20000000                _E_DATA = .

.igot.plt       0x20000000        0x0 load address 0x08000120
 .igot.plt      0x20000000        0x0 main.o

.bss            0x20000000     0x1000 load address 0x08000120
                0x20000000                _S_BSS = .
 *(.bss*)
 .bss           0x20000000        0x0 main.o
 .bss           0x20000000        0x0 startup.o
                0x20000000                . = ALIGN (0x4)
                0x20000000                _E_BSS = .
                0x20001000                . = (. + 0x1000)
 *fill*         0x20000000     0x1000 
                0x20001000                _STACK_TOP = .
LOAD main.o
LOAD startup.o
OUTPUT(led_togle.elf elf32-littlearm)

.debug_info     0x00000000      0x2e8
 .debug_info    0x00000000      0x144 main.o
 .debug_info    0x00000144      0x1a4 startup.o

.debug_abbrev   0x00000000      0x1c7
 .debug_abbrev  0x00000000       0xf3 main.o
 .debug_abbrev  0x000000f3       0xd4 startup.o

.debug_loc      0x00000000       0xb4
 .debug_loc     0x00000000       0x38 main.o
 .debug_loc     0x00000038       0x7c startup.o

.debug_aranges  0x00000000       0x40
 .debug_aranges
                0x00000000       0x20 main.o
 .debug_aranges
                0x00000020       0x20 startup.o

.debug_line     0x00000000      0x1a7
 .debug_line    0x00000000      0x12c main.o
 .debug_line    0x0000012c       0x7b startup.o

.debug_str      0x00000000      0x1e5
 .debug_str     0x00000000      0x13d main.o
                                0x17a (size before relaxing)
 .debug_str     0x0000013d       0xa8 startup.o
                                0x1e5 (size before relaxing)

.comment        0x00000000       0x7e
 .comment       0x00000000       0x7e main.o
                                 0x7f (size before relaxing)
 .comment       0x0000007e       0x7f startup.o

.ARM.attributes
                0x00000000       0x33
 .ARM.attributes
                0x00000000       0x33 main.o
 .ARM.attributes
                0x00000033       0x33 startup.o

.debug_frame    0x00000000       0x7c
 .debug_frame   0x00000000       0x2c main.o
 .debug_frame   0x0000002c       0x50 startup.o
