23:35:15 **** Incremental Build of configuration Debug for project GPIO_2led ****
make -j16 all 
arm-none-eabi-gcc -gdwarf-2 "../Src/main.c" -mcpu=cortex-m3 -std=gnu11 -g3 -DSTM32 -DSTM32F1 -DSTM32F103C6Tx -DDEBUG -c -I../Inc -O0 -ffunction-sections -fdata-sections -Wall -fstack-usage -MMD -MP -MF"Src/main.d" -MT"Src/main.o" --specs=nano.specs -mfloat-abi=soft -mthumb -o "Src/main.o"
arm-none-eabi-gcc -gdwarf-2 -o "GPIO_2led.elf" @"objects.list"   -mcpu=cortex-m3 -T"C:\E\embedded\test\final simulation code for my assignments\Unit7_MCU_Essential_Peripherals_lesson1_GPIO\lesson1lap1\GPIO_2led\STM32F103C6TX_FLASH.ld" --specs=nosys.specs -Wl,-Map="GPIO_2led.map" -Wl,--gc-sections -static --specs=nano.specs -mfloat-abi=soft -mthumb -Wl,--start-group -lc -lm -Wl,--end-group
Finished building target: GPIO_2led.elf
 
arm-none-eabi-objdump -h -S  GPIO_2led.elf  > "GPIO_2led.list"
arm-none-eabi-objcopy  -O binary  GPIO_2led.elf  "GPIO_2led.bin"
arm-none-eabi-size   GPIO_2led.elf 
   text	   data	    bss	    dec	    hex	filename
    772	     16	   1568	   2356	    934	GPIO_2led.elf
Finished building: default.size.stdout
 
Finished building: GPIO_2led.bin
Finished building: GPIO_2led.list
 
 

23:35:16 Build Finished. 0 errors, 0 warnings. (took 565ms)

