SCEDULER.c:43:6:idle_task_fun	4	static,ignoring_inline_asm
SCEDULER.c:51:6:ALSHREIF_RTOS_CREAT_TASK_FRAM	24	static
SCEDULER.c:90:6:ALSHREIF_CREATE_MAIN_STACK	4	static
SCEDULER.c:96:6:ALSHREIF_RTOS_CREAT_TASK	16	static
SCEDULER.c:116:11:ALSHREIF_RTOS_INIT	16	static
SCEDULER.c:138:6:bubble_sort	24	static
SCEDULER.c:153:6:shell_sort	32	static
SCEDULER.c:169:6:free_the_FIFO	16	static
SCEDULER.c:177:6:ALSHREIF_RTOS_UPDATE_SCEDULER_TABLES	24	static
SCEDULER.c:253:6:OS_SVC_SET	16	static,ignoring_inline_asm
SCEDULER.c:268:6:OS_WHATE_NEXT	8	static
SCEDULER.c:292:6:OS_SVC_SERVICES	24	static,ignoring_inline_asm
SCEDULER.c:329:28:PendSV_Handler	0	static,ignoring_inline_asm
SCEDULER.c:440:6:ALSHREIF_RTOS_ACTIVAT_TASK	16	static
SCEDULER.c:448:6:ALSHREIF_RTOS_TERMINAT_TASK	16	static
SCEDULER.c:456:6:ALSHREIF_RTOS_START_OS	8	static,ignoring_inline_asm
SCEDULER.c:470:6:ALSHREIF_RTOS_WAITING_TIMING	16	static
SCEDULER.c:489:6:SysTick_Handler	8	static
SCEDULER.c:500:6:ALSHREIF_RTOS_TASK_WAIT	16	static
SCEDULER.c:511:6:ALSHREIF_RTOS_AcquireMutex	16	static
SCEDULER.c:532:6:ALSHREIF_RTOS_ReleaseMutex	16	static
