SCEDULER.c:43:6:idle_task_fun	4	static,ignoring_inline_asm
SCEDULER.c:51:6:ALSHREIF_RTOS_CREAT_TASK_FRAM	24	static
SCEDULER.c:90:6:ALSHREIF_CREATE_MAIN_STACK	4	static
SCEDULER.c:96:6:ALSHREIF_RTOS_CREAT_TASK	16	static
SCEDULER.c:116:11:ALSHREIF_RTOS_INIT	16	static
SCEDULER.c:137:6:bubble_sort	24	static
SCEDULER.c:152:6:free_the_FIFO	16	static
SCEDULER.c:159:6:ALSHREIF_RTOS_UPDATE_SCEDULER_TABLES	24	static
SCEDULER.c:234:6:OS_SVC_SET	16	static,ignoring_inline_asm
SCEDULER.c:249:6:OS_WHATE_NEXT	8	static
SCEDULER.c:273:6:OS_SVC_SERVICES	24	static,ignoring_inline_asm
SCEDULER.c:309:28:PendSV_Handler	0	static,ignoring_inline_asm
SCEDULER.c:413:6:ALSHREIF_RTOS_ACTIVAT_TASK	16	static
SCEDULER.c:418:6:ALSHREIF_RTOS_TERMININAT_TASK	16	static
SCEDULER.c:426:6:ALSHREIF_RTOS_START_OS	8	static,ignoring_inline_asm
SCEDULER.c:439:6:SysTick_Handler	8	static
