SCEDULER.c:42:6:idle_task_fun	4	static,ignoring_inline_asm
SCEDULER.c:49:6:ALSHREIF_RTOS_CREAT_TASK_FRAM	24	static
SCEDULER.c:88:6:ALSHREIF_CREATE_MAIN_STACK	4	static
SCEDULER.c:94:6:ALSHREIF_RTOS_CREAT_TASK	16	static
SCEDULER.c:109:11:ALSHREIF_RTOS_INIT	16	static
SCEDULER.c:130:6:bubble_sort	24	static
SCEDULER.c:145:6:free_the_FIFO	16	static
SCEDULER.c:150:6:ALSHREIF_RTOS_UPDATE_SCEDULER_TABLES	24	static
SCEDULER.c:225:6:OS_SVC_SET	16	static,ignoring_inline_asm
SCEDULER.c:240:6:OS_WHATE_NEXT	8	static
SCEDULER.c:264:6:OS_SVC_SERVICES	24	static,ignoring_inline_asm
SCEDULER.c:299:28:PendSV_Handler	0	static,ignoring_inline_asm
SCEDULER.c:375:6:ALSHREIF_RTOS_ACTIVAT_TASK	16	static
SCEDULER.c:380:6:ALSHREIF_RTOS_TERMININAT_TASK	16	static
