Archive member included to satisfy reference by file (symbol)

c:/st/stm32cubeide_1.4.0/stm32cubeide/plugins/com.st.stm32cube.ide.mcu.externaltools.gnu-tools-for-stm32.7-2018-q2-update.win32_1.4.0.202007081208/tools/bin/../lib/gcc/arm-none-eabi/7.3.1/../../../../arm-none-eabi/lib/thumb/v7-m\libc_nano.a(lib_a-efgcvt.o)
                              STM32_DRIVERS/STM32f103c6_DRIVERS/LCD.o (gcvt)
c:/st/stm32cubeide_1.4.0/stm32cubeide/plugins/com.st.stm32cube.ide.mcu.externaltools.gnu-tools-for-stm32.7-2018-q2-update.win32_1.4.0.202007081208/tools/bin/../lib/gcc/arm-none-eabi/7.3.1/../../../../arm-none-eabi/lib/thumb/v7-m\libc_nano.a(lib_a-errno.o)
                              Src/syscalls.o (__errno)
c:/st/stm32cubeide_1.4.0/stm32cubeide/plugins/com.st.stm32cube.ide.mcu.externaltools.gnu-tools-for-stm32.7-2018-q2-update.win32_1.4.0.202007081208/tools/bin/../lib/gcc/arm-none-eabi/7.3.1/../../../../arm-none-eabi/lib/thumb/v7-m\libc_nano.a(lib_a-exit.o)
                              c:/st/stm32cubeide_1.4.0/stm32cubeide/plugins/com.st.stm32cube.ide.mcu.externaltools.gnu-tools-for-stm32.7-2018-q2-update.win32_1.4.0.202007081208/tools/bin/../lib/gcc/arm-none-eabi/7.3.1/../../../../arm-none-eabi/lib/thumb/v7-m/crt0.o (exit)
c:/st/stm32cubeide_1.4.0/stm32cubeide/plugins/com.st.stm32cube.ide.mcu.externaltools.gnu-tools-for-stm32.7-2018-q2-update.win32_1.4.0.202007081208/tools/bin/../lib/gcc/arm-none-eabi/7.3.1/../../../../arm-none-eabi/lib/thumb/v7-m\libc_nano.a(lib_a-impure.o)
                              c:/st/stm32cubeide_1.4.0/stm32cubeide/plugins/com.st.stm32cube.ide.mcu.externaltools.gnu-tools-for-stm32.7-2018-q2-update.win32_1.4.0.202007081208/tools/bin/../lib/gcc/arm-none-eabi/7.3.1/../../../../arm-none-eabi/lib/thumb/v7-m\libc_nano.a(lib_a-exit.o) (_global_impure_ptr)
c:/st/stm32cubeide_1.4.0/stm32cubeide/plugins/com.st.stm32cube.ide.mcu.externaltools.gnu-tools-for-stm32.7-2018-q2-update.win32_1.4.0.202007081208/tools/bin/../lib/gcc/arm-none-eabi/7.3.1/../../../../arm-none-eabi/lib/thumb/v7-m\libc_nano.a(lib_a-init.o)
                              c:/st/stm32cubeide_1.4.0/stm32cubeide/plugins/com.st.stm32cube.ide.mcu.externaltools.gnu-tools-for-stm32.7-2018-q2-update.win32_1.4.0.202007081208/tools/bin/../lib/gcc/arm-none-eabi/7.3.1/../../../../arm-none-eabi/lib/thumb/v7-m/crt0.o (__libc_init_array)
c:/st/stm32cubeide_1.4.0/stm32cubeide/plugins/com.st.stm32cube.ide.mcu.externaltools.gnu-tools-for-stm32.7-2018-q2-update.win32_1.4.0.202007081208/tools/bin/../lib/gcc/arm-none-eabi/7.3.1/../../../../arm-none-eabi/lib/thumb/v7-m\libc_nano.a(lib_a-memset.o)
                              c:/st/stm32cubeide_1.4.0/stm32cubeide/plugins/com.st.stm32cube.ide.mcu.externaltools.gnu-tools-for-stm32.7-2018-q2-update.win32_1.4.0.202007081208/tools/bin/../lib/gcc/arm-none-eabi/7.3.1/../../../../arm-none-eabi/lib/thumb/v7-m/crt0.o (memset)
c:/st/stm32cubeide_1.4.0/stm32cubeide/plugins/com.st.stm32cube.ide.mcu.externaltools.gnu-tools-for-stm32.7-2018-q2-update.win32_1.4.0.202007081208/tools/bin/../lib/gcc/arm-none-eabi/7.3.1/../../../../arm-none-eabi/lib/thumb/v7-m\libc_nano.a(lib_a-sprintf.o)
                              STM32_DRIVERS/STM32f103c6_DRIVERS/LCD.o (sprintf)
c:/st/stm32cubeide_1.4.0/stm32cubeide/plugins/com.st.stm32cube.ide.mcu.externaltools.gnu-tools-for-stm32.7-2018-q2-update.win32_1.4.0.202007081208/tools/bin/../lib/gcc/arm-none-eabi/7.3.1/../../../../arm-none-eabi/lib/thumb/v7-m\libc_nano.a(lib_a-ecvtbuf.o)
                              c:/st/stm32cubeide_1.4.0/stm32cubeide/plugins/com.st.stm32cube.ide.mcu.externaltools.gnu-tools-for-stm32.7-2018-q2-update.win32_1.4.0.202007081208/tools/bin/../lib/gcc/arm-none-eabi/7.3.1/../../../../arm-none-eabi/lib/thumb/v7-m\libc_nano.a(lib_a-efgcvt.o) (fcvtbuf)
c:/st/stm32cubeide_1.4.0/stm32cubeide/plugins/com.st.stm32cube.ide.mcu.externaltools.gnu-tools-for-stm32.7-2018-q2-update.win32_1.4.0.202007081208/tools/bin/../lib/gcc/arm-none-eabi/7.3.1/../../../../arm-none-eabi/lib/thumb/v7-m\libc_nano.a(lib_a-mprec.o)
                              c:/st/stm32cubeide_1.4.0/stm32cubeide/plugins/com.st.stm32cube.ide.mcu.externaltools.gnu-tools-for-stm32.7-2018-q2-update.win32_1.4.0.202007081208/tools/bin/../lib/gcc/arm-none-eabi/7.3.1/../../../../arm-none-eabi/lib/thumb/v7-m\libc_nano.a(lib_a-ecvtbuf.o) (_mprec_log10)
c:/st/stm32cubeide_1.4.0/stm32cubeide/plugins/com.st.stm32cube.ide.mcu.externaltools.gnu-tools-for-stm32.7-2018-q2-update.win32_1.4.0.202007081208/tools/bin/../lib/gcc/arm-none-eabi/7.3.1/../../../../arm-none-eabi/lib/thumb/v7-m\libc_nano.a(lib_a-nano-callocr.o)
                              c:/st/stm32cubeide_1.4.0/stm32cubeide/plugins/com.st.stm32cube.ide.mcu.externaltools.gnu-tools-for-stm32.7-2018-q2-update.win32_1.4.0.202007081208/tools/bin/../lib/gcc/arm-none-eabi/7.3.1/../../../../arm-none-eabi/lib/thumb/v7-m\libc_nano.a(lib_a-mprec.o) (_calloc_r)
[...]
Memory Configuration

Name             Origin             Length             Attributes
RAM              0x0000000020000000 0x0000000000002800 xrw
ROM              0x0000000008000000 0x0000000000008000 xr
*default*        0x0000000000000000 0xffffffffffffffff

Linker script and memory map

LOAD c:/st/stm32cubeide_1.4.0/stm32cubeide/plugins/com.st.stm32cube.ide.mcu.externaltools.gnu-tools-for-stm32.7-2018-q2-update.win32_1.4.0.202007081208/tools/bin/../lib/gcc/arm-none-eabi/7.3.1/thumb/v7-m/crti.o
LOAD c:/st/stm32cubeide_1.4.0/stm32cubeide/plugins/com.st.stm32cube.ide.mcu.externaltools.gnu-tools-for-stm32.7-2018-q2-update.win32_1.4.0.202007081208/tools/bin/../lib/gcc/arm-none-eabi/7.3.1/thumb/v7-m/crtbegin.o
LOAD c:/st/stm32cubeide_1.4.0/stm32cubeide/plugins/com.st.stm32cube.ide.mcu.externaltools.gnu-tools-for-stm32.7-2018-q2-update.win32_1.4.0.202007081208/tools/bin/../lib/gcc/arm-none-eabi/7.3.1/../../../../arm-none-eabi/lib/thumb/v7-m/crt0.o
LOAD STM32_DRIVERS/STM32f103c6_DRIVERS/EEPROM.o
LOAD STM32_DRIVERS/STM32f103c6_DRIVERS/GPIO_DRIVER.o
LOAD STM32_DRIVERS/STM32f103c6_DRIVERS/LCD.o
LOAD STM32_DRIVERS/STM32f103c6_DRIVERS/STM32_I2C_DRIVER.o
LOAD STM32_DRIVERS/STM32f103c6_DRIVERS/keypad.o
LOAD STM32_DRIVERS/STM32f103c6_DRIVERS/stm32_TIMER1_DRIVER.o
LOAD STM32_DRIVERS/STM32f103c6_DRIVERS/stm32_speed_DRIVER.o
LOAD STM32_DRIVERS/STM32f103c6_DRIVERS/stm32f103c6_ISR_DRIVER.o
LOAD STM32_DRIVERS/STM32f103c6_DRIVERS/stm32f103c6_USART_SRIVER.o
LOAD Src/main.o
LOAD Src/syscalls.o
LOAD Src/sysmem.o
LOAD Startup/startup_stm32f103c6tx.o
START GROUP
LOAD c:/st/stm32cubeide_1.4.0/stm32cubeide/plugins/com.st.stm32cube.ide.mcu.externaltools.gnu-tools-for-stm32.7-2018-q2-update.win32_1.4.0.202007081208/tools/bin/../lib/gcc/arm-none-eabi/7.3.1/../../../../arm-none-eabi/lib/thumb/v7-m\libc_nano.a
LOAD c:/st/stm32cubeide_1.4.0/stm32cubeide/plugins/com.st.stm32cube.ide.mcu.externaltools.gnu-tools-for-stm32.7-2018-q2-update.win32_1.4.0.202007081208/tools/bin/../lib/gcc/arm-none-eabi/7.3.1/../../../../arm-none-eabi/lib/thumb/v7-m\libm.a
END GROUP
START GROUP
LOAD c:/st/stm32cubeide_1.4.0/stm32cubeide/plugins/com.st.stm32cube.ide.mcu.externaltools.gnu-tools-for-stm32.7-2018-q2-update.win32_1.4.0.202007081208/tools/bin/../lib/gcc/arm-none-eabi/7.3.1/thumb/v7-m\libgcc.a
LOAD c:/st/stm32cubeide_1.4.0/stm32cubeide/plugins/com.st.stm32cube.ide.mcu.externaltools.gnu-tools-for-stm32.7-2018-q2-update.win32_1.4.0.202007081208/tools/bin/../lib/gcc/arm-none-eabi/7.3.1/../../../../arm-none-eabi/lib/thumb/v7-m\libc_nano.a
END GROUP
START GROUP
LOAD c:/st/stm32cubeide_1.4.0/stm32cubeide/plugins/com.st.stm32cube.ide.mcu.externaltools.gnu-tools-for-stm32.7-2018-q2-update.win32_1.4.0.202007081208/tools/bin/../lib/gcc/arm-none-eabi/7.3.1/thumb/v7-m\libgcc.a
LOAD c:/st/stm32cubeide_1.4.0/stm32cubeide/plugins/com.st.stm32cube.ide.mcu.externaltools.gnu-tools-for-stm32.7-2018-q2-update.win32_1.4.0.202007081208/tools/bin/../lib/gcc/arm-none-eabi/7.3.1/../../../../arm-none-eabi/lib/thumb/v7-m\libc_nano.a
LOAD c:/st/stm32cubeide_1.4.0/stm32cubeide/plugins/com.st.stm32cube.ide.mcu.externaltools.gnu-tools-for-stm32.7-2018-q2-update.win32_1.4.0.202007081208/tools/bin/../lib/gcc/arm-none-eabi/7.3.1/../../../../arm-none-eabi/lib/thumb/v7-m\libnosys.a
END GROUP
START GROUP
LOAD c:/st/stm32cubeide_1.4.0/stm32cubeide/plugins/com.st.stm32cube.ide.mcu.externaltools.gnu-tools-for-stm32.7-2018-q2-update.win32_1.4.0.202007081208/tools/bin/../lib/gcc/arm-none-eabi/7.3.1/thumb/v7-m\libgcc.a
LOAD c:/st/stm32cubeide_1.4.0/stm32cubeide/plugins/com.st.stm32cube.ide.mcu.externaltools.gnu-tools-for-stm32.7-2018-q2-update.win32_1.4.0.202007081208/tools/bin/../lib/gcc/arm-none-eabi/7.3.1/../../../../arm-none-eabi/lib/thumb/v7-m\libc_nano.a
LOAD c:/st/stm32cubeide_1.4.0/stm32cubeide/plugins/com.st.stm32cube.ide.mcu.externaltools.gnu-tools-for-stm32.7-2018-q2-update.win32_1.4.0.202007081208/tools/bin/../lib/gcc/arm-none-eabi/7.3.1/../../../../arm-none-eabi/lib/thumb/v7-m\libnosys.a
END GROUP
LOAD c:/st/stm32cubeide_1.4.0/stm32cubeide/plugins/com.st.stm32cube.ide.mcu.externaltools.gnu-tools-for-stm32.7-2018-q2-update.win32_1.4.0.202007081208/tools/bin/../lib/gcc/arm-none-eabi/7.3.1/thumb/v7-m/crtend.o
LOAD c:/st/stm32cubeide_1.4.0/stm32cubeide/plugins/com.st.stm32cube.ide.mcu.externaltools.gnu-tools-for-stm32.7-2018-q2-update.win32_1.4.0.202007081208/tools/bin/../lib/gcc/arm-none-eabi/7.3.1/thumb/v7-m/crtn.o
                0x0000000020002800                _estack = (ORIGIN (RAM) + LENGTH (RAM))
                0x0000000000000200                _Min_Heap_Size = 0x200
                0x0000000000000400                _Min_Stack_Size = 0x400

.isr_vector     0x0000000008000000      0x130
                0x0000000008000000                . = ALIGN (0x4)
 *(.isr_vector)
 .isr_vector    0x0000000008000000      0x130 Startup/startup_stm32f103c6tx.o
                0x0000000008000000                g_pfnVectors
                0x0000000008000130                . = ALIGN (0x4)

.text           0x0000000008000130      0xff0
                0x0000000008000130                . = ALIGN (0x4)
 *(.text)
 .text          0x0000000008000130       0x40 c:/st/stm32cubeide_1.4.0/stm32cubeide/plugins/com.st.stm32cube.ide.mcu.externaltools.gnu-tools-for-stm32.7-2018-q2-update.win32_1.4.0.202007081208/tools/bin/../lib/gcc/arm-none-eabi/7.3.1/thumb/v7-m/crtbegin.o
 *(.text*)
 .text.eeprom_init
                0x0000000008000170       0x18 STM32_DRIVERS/STM32f103c6_DRIVERS/EEPROM.o
                0x0000000008000170                eeprom_init
 .text.EEprom_write
                0x0000000008000188       0x9c STM32_DRIVERS/STM32f103c6_DRIVERS/EEPROM.o
                0x0000000008000188                EEprom_write
 .text.EEprom_read
                0x0000000008000224       0x58 STM32_DRIVERS/STM32f103c6_DRIVERS/EEPROM.o
                0x0000000008000224                EEprom_read
 .text.getposition
                0x000000000800027c       0xb6 STM32_DRIVERS/STM32f103c6_DRIVERS/GPIO_DRIVER.o
                0x000000000800027c                getposition
 .text.pinmode  0x0000000008000332      0x17e STM32_DRIVERS/STM32f103c6_DRIVERS/GPIO_DRIVER.o
                0x0000000008000332                pinmode
 .text.pinwrite
                0x00000000080004b0       0x48 STM32_DRIVERS/STM32f103c6_DRIVERS/GPIO_DRIVER.o
                0x00000000080004b0                pinwrite
 .text.I2C_INIT
                0x00000000080004f8      0x110 STM32_DRIVERS/STM32f103c6_DRIVERS/STM32_I2C_DRIVER.o
                0x00000000080004f8                I2C_INIT
 .text.I2C_Start_PIT
                0x0000000008000608       0x36 STM32_DRIVERS/STM32f103c6_DRIVERS/STM32_I2C_DRIVER.o
                0x0000000008000608                I2C_Start_PIT
 *fill*         0x000000000800063e        0x2 
 .text.I2C_Master_Send
                0x0000000008000640       0xa4 STM32_DRIVERS/STM32f103c6_DRIVERS/STM32_I2C_DRIVER.o
                0x0000000008000640                I2C_Master_Send
 .text.I2C_Master_Recive
                0x00000000080006e4       0xa8 STM32_DRIVERS/STM32f103c6_DRIVERS/STM32_I2C_DRIVER.o
                0x00000000080006e4                I2C_Master_Recive
 .text.I2C_GetFlagStatus
                0x000000000800078c      0x120 STM32_DRIVERS/STM32f103c6_DRIVERS/STM32_I2C_DRIVER.o
                0x000000000800078c                I2C_GetFlagStatus
 .text.I2C_SEND_ADRRESS
                0x00000000080008ac       0x28 STM32_DRIVERS/STM32f103c6_DRIVERS/STM32_I2C_DRIVER.o
                0x00000000080008ac                I2C_SEND_ADRRESS
 .text.I2C_Stop_PIT
                0x00000000080008d4       0x1e STM32_DRIVERS/STM32f103c6_DRIVERS/STM32_I2C_DRIVER.o
                0x00000000080008d4                I2C_Stop_PIT
 .text.I2C_Acknowledge
                0x00000000080008f2       0x36 STM32_DRIVERS/STM32f103c6_DRIVERS/STM32_I2C_DRIVER.o
                0x00000000080008f2                I2C_Acknowledge
 .text.EXTI0_IRQHandler
                0x0000000008000928       0x24 STM32_DRIVERS/STM32f103c6_DRIVERS/stm32f103c6_ISR_DRIVER.o
                0x0000000008000928                EXTI0_IRQHandler
 .text.EXTI1_IRQHandler
                0x000000000800094c       0x24 STM32_DRIVERS/STM32f103c6_DRIVERS/stm32f103c6_ISR_DRIVER.o
                0x000000000800094c                EXTI1_IRQHandler
 .text.EXTI2_IRQHandler
                0x0000000008000970       0x24 STM32_DRIVERS/STM32f103c6_DRIVERS/stm32f103c6_ISR_DRIVER.o
                0x0000000008000970                EXTI2_IRQHandler
 .text.EXTI3_IRQHandler
                0x0000000008000994       0x24 STM32_DRIVERS/STM32f103c6_DRIVERS/stm32f103c6_ISR_DRIVER.o
                0x0000000008000994                EXTI3_IRQHandler
 .text.EXTI4_IRQHandler
                0x00000000080009b8       0x24 STM32_DRIVERS/STM32f103c6_DRIVERS/stm32f103c6_ISR_DRIVER.o
                0x00000000080009b8                EXTI4_IRQHandler
 .text.EXTI9_5_IRQHandler
                0x00000000080009dc       0xa8 STM32_DRIVERS/STM32f103c6_DRIVERS/stm32f103c6_ISR_DRIVER.o
                0x00000000080009dc                EXTI9_5_IRQHandler
 .text.EXTI15_10_IRQHandler
                0x0000000008000a84       0xc4 STM32_DRIVERS/STM32f103c6_DRIVERS/stm32f103c6_ISR_DRIVER.o
                0x0000000008000a84                EXTI15_10_IRQHandler
 .text.USART_SEND
                0x0000000008000b48       0x3a STM32_DRIVERS/STM32f103c6_DRIVERS/stm32f103c6_USART_SRIVER.o
                0x0000000008000b48                USART_SEND
 *fill*         0x0000000008000b82        0x2 
 .text.USART1_IRQHandler
                0x0000000008000b84      0x18c STM32_DRIVERS/STM32f103c6_DRIVERS/stm32f103c6_USART_SRIVER.o
                0x0000000008000b84                USART1_IRQHandler
 .text.USART2_IRQHandler
                0x0000000008000d10      0x174 STM32_DRIVERS/STM32f103c6_DRIVERS/stm32f103c6_USART_SRIVER.o
                0x0000000008000d10                USART2_IRQHandler
 .text.USART3_IRQHandler
                0x0000000008000e84      0x174 STM32_DRIVERS/STM32f103c6_DRIVERS/stm32f103c6_USART_SRIVER.o
                0x0000000008000e84                USART3_IRQHandler
 .text.main     0x0000000008000ff8       0x74 Src/main.o
                0x0000000008000ff8                main
 .text.Reset_Handler
                0x000000000800106c       0x50 Startup/startup_stm32f103c6tx.o
                0x000000000800106c                Reset_Handler
 .text.Default_Handler
                0x00000000080010bc        0x2 Startup/startup_stm32f103c6tx.o
                0x00000000080010bc                TIM8_TRG_COM_IRQHandler
                0x00000000080010bc                TIM8_CC_IRQHandler
                0x00000000080010bc                DebugMon_Handler
                0x00000000080010bc                TIM1_CC_IRQHandler
                0x00000000080010bc                HardFault_Handler
                0x00000000080010bc                TIM6_IRQHandler
                0x00000000080010bc                SysTick_Handler
                0x00000000080010bc                PVD_IRQHandler
                0x00000000080010bc                SDIO_IRQHandler
                0x00000000080010bc                PendSV_Handler
                0x00000000080010bc                NMI_Handler
                0x00000000080010bc                USB_HP_CAN_TX_IRQHandler
                0x00000000080010bc                I2C2_EV_IRQHandler
                0x00000000080010bc                UsageFault_Handler
                0x00000000080010bc                ADC1_2_IRQHandler
                0x00000000080010bc                SPI1_IRQHandler
                0x00000000080010bc                CAN_SCE_IRQHandler
                0x00000000080010bc                TAMPER_IRQHandler
                0x00000000080010bc                TIM8_UP_IRQHandler
                0x00000000080010bc                DMA2_Channel2_IRQHandler
                0x00000000080010bc                DMA1_Channel4_IRQHandler
                0x00000000080010bc                RTC_IRQHandler
                0x00000000080010bc                DMA1_Channel7_IRQHandler
                0x00000000080010bc                UART5_IRQHandler
                0x00000000080010bc                ADC3_IRQHandler
                0x00000000080010bc                TIM4_IRQHandler
                0x00000000080010bc                CAN_RX1_IRQHandler
                0x00000000080010bc                DMA2_Channel1_IRQHandler
                0x00000000080010bc                I2C1_EV_IRQHandler
                0x00000000080010bc                DMA1_Channel6_IRQHandler
                0x00000000080010bc                UART4_IRQHandler
                0x00000000080010bc                TIM3_IRQHandler
                0x00000000080010bc                RCC_IRQHandler
                0x00000000080010bc                TIM1_TRG_COM_IRQHandler
                0x00000000080010bc                DMA1_Channel1_IRQHandler
                0x00000000080010bc                Default_Handler
                0x00000000080010bc                TIM7_IRQHandler
                0x00000000080010bc                TIM5_IRQHandler
                0x00000000080010bc                SPI2_IRQHandler
                0x00000000080010bc                USB_LP_CAN_RX0_IRQHandler
                0x00000000080010bc                MemManage_Handler
                0x00000000080010bc                SVC_Handler
                0x00000000080010bc                DMA1_Channel5_IRQHandler
                0x00000000080010bc                DMA1_Channel3_IRQHandler
                0x00000000080010bc                FSMC_IRQHandler
                0x00000000080010bc                TIM1_UP_IRQHandler
                0x00000000080010bc                WWDG_IRQHandler
                0x00000000080010bc                TIM2_IRQHandler
                0x00000000080010bc                TIM1_BRK_IRQHandler
                0x00000000080010bc                RTCAlarm_IRQHandler
                0x00000000080010bc                DMA2_Channel4_5_IRQHandler
                0x00000000080010bc                I2C2_ER_IRQHandler
                0x00000000080010bc                DMA1_Channel2_IRQHandler
                0x00000000080010bc                TIM8_BRK_IRQHandler
                0x00000000080010bc                FLASH_IRQHandler
                0x00000000080010bc                BusFault_Handler
                0x00000000080010bc                SPI3_IRQHandler
                0x00000000080010bc                I2C1_ER_IRQHandler
                0x00000000080010bc                DMA2_Channel3_IRQHandler
 *fill*         0x00000000080010be        0x2 
 .text.__libc_init_array
                0x00000000080010c0       0x48 c:/st/stm32cubeide_1.4.0/stm32cubeide/plugins/com.st.stm32cube.ide.mcu.externaltools.gnu-tools-for-stm32.7-2018-q2-update.win32_1.4.0.202007081208/tools/bin/../lib/gcc/arm-none-eabi/7.3.1/../../../../arm-none-eabi/lib/thumb/v7-m\libc_nano.a(lib_a-init.o)
                0x00000000080010c0                __libc_init_array
 *(.glue_7)
 .glue_7        0x0000000008001108        0x0 linker stubs
 *(.glue_7t)
 .glue_7t       0x0000000008001108        0x0 linker stubs
 *(.eh_frame)
 .eh_frame      0x0000000008001108        0x0 c:/st/stm32cubeide_1.4.0/stm32cubeide/plugins/com.st.stm32cube.ide.mcu.externaltools.gnu-tools-for-stm32.7-2018-q2-update.win32_1.4.0.202007081208/tools/bin/../lib/gcc/arm-none-eabi/7.3.1/thumb/v7-m/crtbegin.o
 *(.init)
 .init          0x0000000008001108        0x4 c:/st/stm32cubeide_1.4.0/stm32cubeide/plugins/com.st.stm32cube.ide.mcu.externaltools.gnu-tools-for-stm32.7-2018-q2-update.win32_1.4.0.202007081208/tools/bin/../lib/gcc/arm-none-eabi/7.3.1/thumb/v7-m/crti.o
                0x0000000008001108                _init
 .init          0x000000000800110c        0x8 c:/st/stm32cubeide_1.4.0/stm32cubeide/plugins/com.st.stm32cube.ide.mcu.externaltools.gnu-tools-for-stm32.7-2018-q2-update.win32_1.4.0.202007081208/tools/bin/../lib/gcc/arm-none-eabi/7.3.1/thumb/v7-m/crtn.o
 *(.fini)
 .fini          0x0000000008001114        0x4 c:/st/stm32cubeide_1.4.0/stm32cubeide/plugins/com.st.stm32cube.ide.mcu.externaltools.gnu-tools-for-stm32.7-2018-q2-update.win32_1.4.0.202007081208/tools/bin/../lib/gcc/arm-none-eabi/7.3.1/thumb/v7-m/crti.o
                0x0000000008001114                _fini
 .fini          0x0000000008001118        0x8 c:/st/stm32cubeide_1.4.0/stm32cubeide/plugins/com.st.stm32cube.ide.mcu.externaltools.gnu-tools-for-stm32.7-2018-q2-update.win32_1.4.0.202007081208/tools/bin/../lib/gcc/arm-none-eabi/7.3.1/thumb/v7-m/crtn.o
                0x0000000008001120                . = ALIGN (0x4)
                0x0000000008001120                _etext = .

.vfp11_veneer   0x0000000008001120        0x0
 .vfp11_veneer  0x0000000008001120        0x0 linker stubs

.v4_bx          0x0000000008001120        0x0
 .v4_bx         0x0000000008001120        0x0 linker stubs

.iplt           0x0000000008001120        0x0
 .iplt          0x0000000008001120        0x0 c:/st/stm32cubeide_1.4.0/stm32cubeide/plugins/com.st.stm32cube.ide.mcu.externaltools.gnu-tools-for-stm32.7-2018-q2-update.win32_1.4.0.202007081208/tools/bin/../lib/gcc/arm-none-eabi/7.3.1/thumb/v7-m/crtbegin.o

.rodata         0x0000000008001120        0x8
                0x0000000008001120                . = ALIGN (0x4)
 *(.rodata)
 .rodata        0x0000000008001120        0x7 Src/main.o
 *(.rodata*)
                0x0000000008001128                . = ALIGN (0x4)
 *fill*         0x0000000008001127        0x1 

.rel.dyn        0x0000000008001128        0x0
 .rel.iplt      0x0000000008001128        0x0 c:/st/stm32cubeide_1.4.0/stm32cubeide/plugins/com.st.stm32cube.ide.mcu.externaltools.gnu-tools-for-stm32.7-2018-q2-update.win32_1.4.0.202007081208/tools/bin/../lib/gcc/arm-none-eabi/7.3.1/thumb/v7-m/crtbegin.o

.ARM.extab      0x0000000008001128        0x0
                0x0000000008001128                . = ALIGN (0x4)
 *(.ARM.extab* .gnu.linkonce.armextab.*)
                0x0000000008001128                . = ALIGN (0x4)

.ARM            0x0000000008001128        0x0
                0x0000000008001128                . = ALIGN (0x4)
                0x0000000008001128                __exidx_start = .
 *(.ARM.exidx*)
                0x0000000008001128                __exidx_end = .
                0x0000000008001128                . = ALIGN (0x4)

.preinit_array  0x0000000008001128        0x0
                0x0000000008001128                . = ALIGN (0x4)
                0x0000000008001128                PROVIDE (__preinit_array_start = .)
 *(.preinit_array*)
                0x0000000008001128                PROVIDE (__preinit_array_end = .)
                0x0000000008001128                . = ALIGN (0x4)

.init_array     0x0000000008001128        0x4
                0x0000000008001128                . = ALIGN (0x4)
                0x0000000008001128                PROVIDE (__init_array_start = .)
 *(SORT_BY_NAME(.init_array.*))
 *(.init_array*)
 .init_array    0x0000000008001128        0x4 c:/st/stm32cubeide_1.4.0/stm32cubeide/plugins/com.st.stm32cube.ide.mcu.externaltools.gnu-tools-for-stm32.7-2018-q2-update.win32_1.4.0.202007081208/tools/bin/../lib/gcc/arm-none-eabi/7.3.1/thumb/v7-m/crtbegin.o
                0x000000000800112c                PROVIDE (__init_array_end = .)
                0x000000000800112c                . = ALIGN (0x4)

.fini_array     0x000000000800112c        0x4
                0x000000000800112c                . = ALIGN (0x4)
                [!provide]                        PROVIDE (__fini_array_start = .)
 *(SORT_BY_NAME(.fini_array.*))
 *(.fini_array*)
 .fini_array    0x000000000800112c        0x4 c:/st/stm32cubeide_1.4.0/stm32cubeide/plugins/com.st.stm32cube.ide.mcu.externaltools.gnu-tools-for-stm32.7-2018-q2-update.win32_1.4.0.202007081208/tools/bin/../lib/gcc/arm-none-eabi/7.3.1/thumb/v7-m/crtbegin.o
                [!provide]                        PROVIDE (__fini_array_end = .)
                0x0000000008001130                . = ALIGN (0x4)
                0x0000000008001130                _sidata = LOADADDR (.data)

.data           0x0000000020000000        0x0 load address 0x0000000008001130
                0x0000000020000000                . = ALIGN (0x4)
                0x0000000020000000                _sdata = .
 *(.data)
 *(.data*)
                0x0000000020000000                . = ALIGN (0x4)
                0x0000000020000000                _edata = .

.igot.plt       0x0000000020000000        0x0 load address 0x0000000008001130
 .igot.plt      0x0000000020000000        0x0 c:/st/stm32cubeide_1.4.0/stm32cubeide/plugins/com.st.stm32cube.ide.mcu.externaltools.gnu-tools-for-stm32.7-2018-q2-update.win32_1.4.0.202007081208/tools/bin/../lib/gcc/arm-none-eabi/7.3.1/thumb/v7-m/crtbegin.o
                0x0000000020000000                . = ALIGN (0x4)

.bss            0x0000000020000000       0x90 load address 0x0000000008001130
                0x0000000020000000                _sbss = .
                0x0000000020000000                __bss_start__ = _sbss
 *(.bss)
 .bss           0x0000000020000000       0x1c c:/st/stm32cubeide_1.4.0/stm32cubeide/plugins/com.st.stm32cube.ide.mcu.externaltools.gnu-tools-for-stm32.7-2018-q2-update.win32_1.4.0.202007081208/tools/bin/../lib/gcc/arm-none-eabi/7.3.1/thumb/v7-m/crtbegin.o
 *(.bss*)
 *(COMMON)
 COMMON         0x000000002000001c       0x3c STM32_DRIVERS/STM32f103c6_DRIVERS/stm32f103c6_ISR_DRIVER.o
                0x000000002000001c                GP_IRQ_Callback
 COMMON         0x0000000020000058       0x38 STM32_DRIVERS/STM32f103c6_DRIVERS/stm32f103c6_USART_SRIVER.o
                0x0000000020000058                arr
                0x0000000020000064                arr_data_RES
                0x000000002000006c                arr_data
                0x0000000020000078                GP_reseve_Callback
                0x0000000020000084                arr_string_lingh
                0x0000000020000090                . = ALIGN (0x4)
                0x0000000020000090                _ebss = .
                0x0000000020000090                __bss_end__ = _ebss

._user_heap_stack
                0x0000000020000090      0x600 load address 0x0000000008001130
                0x0000000020000090                . = ALIGN (0x8)
                [!provide]                        PROVIDE (end = .)
                0x0000000020000090                PROVIDE (_end = .)
                0x0000000020000290                . = (. + _Min_Heap_Size)
 *fill*         0x0000000020000090      0x200 
                0x0000000020000690                . = (. + _Min_Stack_Size)
 *fill*         0x0000000020000290      0x400 
                0x0000000020000690                . = ALIGN (0x8)

/DISCARD/
 libc.a(*)
 libm.a(*)
 libgcc.a(*)

.ARM.attributes
                0x0000000000000000       0x29
 *(.ARM.attributes)
 .ARM.attributes
                0x0000000000000000       0x1d c:/st/stm32cubeide_1.4.0/stm32cubeide/plugins/com.st.stm32cube.ide.mcu.externaltools.gnu-tools-for-stm32.7-2018-q2-update.win32_1.4.0.202007081208/tools/bin/../lib/gcc/arm-none-eabi/7.3.1/thumb/v7-m/crti.o
 .ARM.attributes
                0x000000000000001d       0x2d c:/st/stm32cubeide_1.4.0/stm32cubeide/plugins/com.st.stm32cube.ide.mcu.externaltools.gnu-tools-for-stm32.7-2018-q2-update.win32_1.4.0.202007081208/tools/bin/../lib/gcc/arm-none-eabi/7.3.1/thumb/v7-m/crtbegin.o
 .ARM.attributes
                0x000000000000004a       0x33 STM32_DRIVERS/STM32f103c6_DRIVERS/EEPROM.o
 .ARM.attributes
                0x000000000000007d       0x33 STM32_DRIVERS/STM32f103c6_DRIVERS/GPIO_DRIVER.o
 .ARM.attributes
                0x00000000000000b0       0x33 STM32_DRIVERS/STM32f103c6_DRIVERS/STM32_I2C_DRIVER.o
 .ARM.attributes
                0x00000000000000e3       0x33 STM32_DRIVERS/STM32f103c6_DRIVERS/stm32f103c6_ISR_DRIVER.o
 .ARM.attributes
                0x0000000000000116       0x33 STM32_DRIVERS/STM32f103c6_DRIVERS/stm32f103c6_USART_SRIVER.o
 .ARM.attributes
                0x0000000000000149       0x33 Src/main.o
 .ARM.attributes
                0x000000000000017c       0x21 Startup/startup_stm32f103c6tx.o
 .ARM.attributes
                0x000000000000019d       0x2d c:/st/stm32cubeide_1.4.0/stm32cubeide/plugins/com.st.stm32cube.ide.mcu.externaltools.gnu-tools-for-stm32.7-2018-q2-update.win32_1.4.0.202007081208/tools/bin/../lib/gcc/arm-none-eabi/7.3.1/../../../../arm-none-eabi/lib/thumb/v7-m\libc_nano.a(lib_a-init.o)
 .ARM.attributes
                0x00000000000001ca       0x1d c:/st/stm32cubeide_1.4.0/stm32cubeide/plugins/com.st.stm32cube.ide.mcu.externaltools.gnu-tools-for-stm32.7-2018-q2-update.win32_1.4.0.202007081208/tools/bin/../lib/gcc/arm-none-eabi/7.3.1/thumb/v7-m/crtn.o
OUTPUT(STM32_I2C_DRIVER.elf elf32-littlearm)

.debug_info     0x0000000000000000     0x4536
 .debug_info    0x0000000000000000      0xa71 STM32_DRIVERS/STM32f103c6_DRIVERS/EEPROM.o
 .debug_info    0x0000000000000a71      0xb3d STM32_DRIVERS/STM32f103c6_DRIVERS/GPIO_DRIVER.o
 .debug_info    0x00000000000015ae      0xda1 STM32_DRIVERS/STM32f103c6_DRIVERS/STM32_I2C_DRIVER.o
 .debug_info    0x000000000000234f      0xb51 STM32_DRIVERS/STM32f103c6_DRIVERS/stm32f103c6_ISR_DRIVER.o
 .debug_info    0x0000000000002ea0      0xd9e STM32_DRIVERS/STM32f103c6_DRIVERS/stm32f103c6_USART_SRIVER.o
 .debug_info    0x0000000000003c3e      0x8d6 Src/main.o
 .debug_info    0x0000000000004514       0x22 Startup/startup_stm32f103c6tx.o

.debug_abbrev   0x0000000000000000      0xc09
 .debug_abbrev  0x0000000000000000      0x1dc STM32_DRIVERS/STM32f103c6_DRIVERS/EEPROM.o
 .debug_abbrev  0x00000000000001dc      0x1fa STM32_DRIVERS/STM32f103c6_DRIVERS/GPIO_DRIVER.o
 .debug_abbrev  0x00000000000003d6      0x233 STM32_DRIVERS/STM32f103c6_DRIVERS/STM32_I2C_DRIVER.o
 .debug_abbrev  0x0000000000000609      0x217 STM32_DRIVERS/STM32f103c6_DRIVERS/stm32f103c6_ISR_DRIVER.o
 .debug_abbrev  0x0000000000000820      0x249 STM32_DRIVERS/STM32f103c6_DRIVERS/stm32f103c6_USART_SRIVER.o
 .debug_abbrev  0x0000000000000a69      0x18e Src/main.o
 .debug_abbrev  0x0000000000000bf7       0x12 Startup/startup_stm32f103c6tx.o

.debug_aranges  0x0000000000000000      0x208
 .debug_aranges
                0x0000000000000000       0x30 STM32_DRIVERS/STM32f103c6_DRIVERS/EEPROM.o
 .debug_aranges
                0x0000000000000030       0x60 STM32_DRIVERS/STM32f103c6_DRIVERS/GPIO_DRIVER.o
 .debug_aranges
                0x0000000000000090       0x58 STM32_DRIVERS/STM32f103c6_DRIVERS/STM32_I2C_DRIVER.o
 .debug_aranges
                0x00000000000000e8       0x70 STM32_DRIVERS/STM32f103c6_DRIVERS/stm32f103c6_ISR_DRIVER.o
 .debug_aranges
                0x0000000000000158       0x68 STM32_DRIVERS/STM32f103c6_DRIVERS/stm32f103c6_USART_SRIVER.o
 .debug_aranges
                0x00000000000001c0       0x20 Src/main.o
 .debug_aranges
                0x00000000000001e0       0x28 Startup/startup_stm32f103c6tx.o

.debug_ranges   0x0000000000000000      0x1a0
 .debug_ranges  0x0000000000000000       0x20 STM32_DRIVERS/STM32f103c6_DRIVERS/EEPROM.o
 .debug_ranges  0x0000000000000020       0x50 STM32_DRIVERS/STM32f103c6_DRIVERS/GPIO_DRIVER.o
 .debug_ranges  0x0000000000000070       0x48 STM32_DRIVERS/STM32f103c6_DRIVERS/STM32_I2C_DRIVER.o
 .debug_ranges  0x00000000000000b8       0x60 STM32_DRIVERS/STM32f103c6_DRIVERS/stm32f103c6_ISR_DRIVER.o
 .debug_ranges  0x0000000000000118       0x58 STM32_DRIVERS/STM32f103c6_DRIVERS/stm32f103c6_USART_SRIVER.o
 .debug_ranges  0x0000000000000170       0x10 Src/main.o
 .debug_ranges  0x0000000000000180       0x20 Startup/startup_stm32f103c6tx.o

.debug_macro    0x0000000000000000     0x2df2
 .debug_macro   0x0000000000000000      0x223 STM32_DRIVERS/STM32f103c6_DRIVERS/EEPROM.o
 .debug_macro   0x0000000000000223      0xa60 STM32_DRIVERS/STM32f103c6_DRIVERS/EEPROM.o
 .debug_macro   0x0000000000000c83       0x22 STM32_DRIVERS/STM32f103c6_DRIVERS/EEPROM.o
 .debug_macro   0x0000000000000ca5       0x40 STM32_DRIVERS/STM32f103c6_DRIVERS/EEPROM.o
 .debug_macro   0x0000000000000ce5       0x18 STM32_DRIVERS/STM32f103c6_DRIVERS/EEPROM.o
 .debug_macro   0x0000000000000cfd       0x94 STM32_DRIVERS/STM32f103c6_DRIVERS/EEPROM.o
 .debug_macro   0x0000000000000d91       0x3c STM32_DRIVERS/STM32f103c6_DRIVERS/EEPROM.o
 .debug_macro   0x0000000000000dcd       0x34 STM32_DRIVERS/STM32f103c6_DRIVERS/EEPROM.o
 .debug_macro   0x0000000000000e01       0x16 STM32_DRIVERS/STM32f103c6_DRIVERS/EEPROM.o
 .debug_macro   0x0000000000000e17       0x57 STM32_DRIVERS/STM32f103c6_DRIVERS/EEPROM.o
 .debug_macro   0x0000000000000e6e       0x97 STM32_DRIVERS/STM32f103c6_DRIVERS/EEPROM.o
 .debug_macro   0x0000000000000f05      0x330 STM32_DRIVERS/STM32f103c6_DRIVERS/EEPROM.o
 .debug_macro   0x0000000000001235       0xfd STM32_DRIVERS/STM32f103c6_DRIVERS/EEPROM.o
 .debug_macro   0x0000000000001332       0x10 STM32_DRIVERS/STM32f103c6_DRIVERS/EEPROM.o
 .debug_macro   0x0000000000001342       0x52 STM32_DRIVERS/STM32f103c6_DRIVERS/EEPROM.o
 .debug_macro   0x0000000000001394       0x1f STM32_DRIVERS/STM32f103c6_DRIVERS/EEPROM.o
 .debug_macro   0x00000000000013b3       0x43 STM32_DRIVERS/STM32f103c6_DRIVERS/EEPROM.o
 .debug_macro   0x00000000000013f6       0x20 STM32_DRIVERS/STM32f103c6_DRIVERS/EEPROM.o
 .debug_macro   0x0000000000001416      0x1a3 STM32_DRIVERS/STM32f103c6_DRIVERS/EEPROM.o
 .debug_macro   0x00000000000015b9       0x10 STM32_DRIVERS/STM32f103c6_DRIVERS/EEPROM.o
 .debug_macro   0x00000000000015c9       0x6a STM32_DRIVERS/STM32f103c6_DRIVERS/EEPROM.o
 .debug_macro   0x0000000000001633       0x1c STM32_DRIVERS/STM32f103c6_DRIVERS/EEPROM.o
 .debug_macro   0x000000000000164f       0x52 STM32_DRIVERS/STM32f103c6_DRIVERS/EEPROM.o
 .debug_macro   0x00000000000016a1       0x40 STM32_DRIVERS/STM32f103c6_DRIVERS/EEPROM.o
 .debug_macro   0x00000000000016e1       0x10 STM32_DRIVERS/STM32f103c6_DRIVERS/EEPROM.o
 .debug_macro   0x00000000000016f1       0x40 STM32_DRIVERS/STM32f103c6_DRIVERS/EEPROM.o
 .debug_macro   0x0000000000001731       0xd7 STM32_DRIVERS/STM32f103c6_DRIVERS/EEPROM.o
 .debug_macro   0x0000000000001808       0x1c STM32_DRIVERS/STM32f103c6_DRIVERS/EEPROM.o
 .debug_macro   0x0000000000001824       0x3d STM32_DRIVERS/STM32f103c6_DRIVERS/EEPROM.o
 .debug_macro   0x0000000000001861       0x16 STM32_DRIVERS/STM32f103c6_DRIVERS/EEPROM.o
 .debug_macro   0x0000000000001877      0x145 STM32_DRIVERS/STM32f103c6_DRIVERS/EEPROM.o
 .debug_macro   0x00000000000019bc       0x16 STM32_DRIVERS/STM32f103c6_DRIVERS/EEPROM.o
 .debug_macro   0x00000000000019d2       0x35 STM32_DRIVERS/STM32f103c6_DRIVERS/EEPROM.o
 .debug_macro   0x0000000000001a07       0x16 STM32_DRIVERS/STM32f103c6_DRIVERS/EEPROM.o
 .debug_macro   0x0000000000001a1d       0x29 STM32_DRIVERS/STM32f103c6_DRIVERS/EEPROM.o
 .debug_macro   0x0000000000001a46       0xef STM32_DRIVERS/STM32f103c6_DRIVERS/EEPROM.o
 .debug_macro   0x0000000000001b35      0x1df STM32_DRIVERS/STM32f103c6_DRIVERS/EEPROM.o
 .debug_macro   0x0000000000001d14      0x27e STM32_DRIVERS/STM32f103c6_DRIVERS/EEPROM.o
 .debug_macro   0x0000000000001f92       0xdc STM32_DRIVERS/STM32f103c6_DRIVERS/EEPROM.o
 .debug_macro   0x000000000000206e       0x10 STM32_DRIVERS/STM32f103c6_DRIVERS/EEPROM.o
 .debug_macro   0x000000000000207e      0x143 STM32_DRIVERS/STM32f103c6_DRIVERS/GPIO_DRIVER.o
 .debug_macro   0x00000000000021c1      0x10e STM32_DRIVERS/STM32f103c6_DRIVERS/GPIO_DRIVER.o
 .debug_macro   0x00000000000022cf       0x8d STM32_DRIVERS/STM32f103c6_DRIVERS/GPIO_DRIVER.o
 .debug_macro   0x000000000000235c       0xd6 STM32_DRIVERS/STM32f103c6_DRIVERS/GPIO_DRIVER.o
 .debug_macro   0x0000000000002432      0x213 STM32_DRIVERS/STM32f103c6_DRIVERS/STM32_I2C_DRIVER.o
 .debug_macro   0x0000000000002645      0x213 STM32_DRIVERS/STM32f103c6_DRIVERS/stm32f103c6_ISR_DRIVER.o
 .debug_macro   0x0000000000002858       0xca STM32_DRIVERS/STM32f103c6_DRIVERS/stm32f103c6_ISR_DRIVER.o
 .debug_macro   0x0000000000002922      0x213 STM32_DRIVERS/STM32f103c6_DRIVERS/stm32f103c6_USART_SRIVER.o
 .debug_macro   0x0000000000002b35       0x9a STM32_DRIVERS/STM32f103c6_DRIVERS/stm32f103c6_USART_SRIVER.o
 .debug_macro   0x0000000000002bcf      0x223 Src/main.o

.debug_line     0x0000000000000000     0x2f4a
 .debug_line    0x0000000000000000      0x6c1 STM32_DRIVERS/STM32f103c6_DRIVERS/EEPROM.o
 .debug_line    0x00000000000006c1      0x698 STM32_DRIVERS/STM32f103c6_DRIVERS/GPIO_DRIVER.o
 .debug_line    0x0000000000000d59      0x7ad STM32_DRIVERS/STM32f103c6_DRIVERS/STM32_I2C_DRIVER.o
 .debug_line    0x0000000000001506      0xb43 STM32_DRIVERS/STM32f103c6_DRIVERS/stm32f103c6_ISR_DRIVER.o
 .debug_line    0x0000000000002049      0x808 STM32_DRIVERS/STM32f103c6_DRIVERS/stm32f103c6_USART_SRIVER.o
 .debug_line    0x0000000000002851      0x675 Src/main.o
 .debug_line    0x0000000000002ec6       0x84 Startup/startup_stm32f103c6tx.o

.debug_str      0x0000000000000000     0xa02e
 .debug_str     0x0000000000000000     0x92c1 STM32_DRIVERS/STM32f103c6_DRIVERS/EEPROM.o
                                       0x9540 (size before relaxing)
 .debug_str     0x00000000000092c1       0xfe STM32_DRIVERS/STM32f103c6_DRIVERS/GPIO_DRIVER.o
                                       0x8337 (size before relaxing)
 .debug_str     0x00000000000093bf      0x1fa STM32_DRIVERS/STM32f103c6_DRIVERS/STM32_I2C_DRIVER.o
                                       0x9702 (size before relaxing)
 .debug_str     0x00000000000095b9      0x561 STM32_DRIVERS/STM32f103c6_DRIVERS/stm32f103c6_ISR_DRIVER.o
                                       0x9991 (size before relaxing)
 .debug_str     0x0000000000009b1a      0x4d0 STM32_DRIVERS/STM32f103c6_DRIVERS/stm32f103c6_USART_SRIVER.o
                                       0x997c (size before relaxing)
 .debug_str     0x0000000000009fea       0x13 Src/main.o
                                       0x945b (size before relaxing)
 .debug_str     0x0000000000009ffd       0x31 Startup/startup_stm32f103c6tx.o
                                         0xb1 (size before relaxing)

.comment        0x0000000000000000       0x7b
 .comment       0x0000000000000000       0x7b STM32_DRIVERS/STM32f103c6_DRIVERS/EEPROM.o
                                         0x7c (size before relaxing)
 .comment       0x000000000000007b       0x7c STM32_DRIVERS/STM32f103c6_DRIVERS/GPIO_DRIVER.o
 .comment       0x000000000000007b       0x7c STM32_DRIVERS/STM32f103c6_DRIVERS/STM32_I2C_DRIVER.o
 .comment       0x000000000000007b       0x7c STM32_DRIVERS/STM32f103c6_DRIVERS/stm32f103c6_ISR_DRIVER.o
 .comment       0x000000000000007b       0x7c STM32_DRIVERS/STM32f103c6_DRIVERS/stm32f103c6_USART_SRIVER.o
 .comment       0x000000000000007b       0x7c Src/main.o

.debug_frame    0x0000000000000000      0x67c
 .debug_frame   0x0000000000000000       0x78 STM32_DRIVERS/STM32f103c6_DRIVERS/EEPROM.o
 .debug_frame   0x0000000000000078      0x174 STM32_DRIVERS/STM32f103c6_DRIVERS/GPIO_DRIVER.o
 .debug_frame   0x00000000000001ec      0x140 STM32_DRIVERS/STM32f103c6_DRIVERS/STM32_I2C_DRIVER.o
 .debug_frame   0x000000000000032c      0x16c STM32_DRIVERS/STM32f103c6_DRIVERS/stm32f103c6_ISR_DRIVER.o
 .debug_frame   0x0000000000000498      0x188 STM32_DRIVERS/STM32f103c6_DRIVERS/stm32f103c6_USART_SRIVER.o
 .debug_frame   0x0000000000000620       0x30 Src/main.o
 .debug_frame   0x0000000000000650       0x2c c:/st/stm32cubeide_1.4.0/stm32cubeide/plugins/com.st.stm32cube.ide.mcu.externaltools.gnu-tools-for-stm32.7-2018-q2-update.win32_1.4.0.202007081208/tools/bin/../lib/gcc/arm-none-eabi/7.3.1/../../../../arm-none-eabi/lib/thumb/v7-m\libc_nano.a(lib_a-init.o)
