C:/Users/20102/Desktop/motor_control_ss_stm/6_step/MCSDK_v5.4.8-Full/MotorControl/MCSDK/MCLib/Any/Src/motor_power_measurement.c:51:13:MPM_Clear	8	static
C:/Users/20102/Desktop/motor_control_ss_stm/6_step/MCSDK_v5.4.8-Full/MotorControl/MCSDK/MCLib/Any/Src/motor_power_measurement.c:71:16:MPM_CalcElMotorPower	8	static
C:/Users/20102/Desktop/motor_control_ss_stm/6_step/MCSDK_v5.4.8-Full/MotorControl/MCSDK/MCLib/Any/Src/motor_power_measurement.c:101:16:MPM_GetElMotorPowerW	0	static
C:/Users/20102/Desktop/motor_control_ss_stm/6_step/MCSDK_v5.4.8-Full/MotorControl/MCSDK/MCLib/Any/Src/motor_power_measurement.c:112:16:MPM_GetAvrgElMotorPowerW	0	static
