C:/Users/20102/Desktop/motor_control_ss_stm/FOC_small_motor_st_sensorless/sensorless_foc/MCSDK_v5.4.8-Full/MotorControl/MCSDK/MCLib/Any/Src/sto_pll_speed_pos_fdbk.c:131:13:STO_PLL_Return	0	static
C:/Users/20102/Desktop/motor_control_ss_stm/FOC_small_motor_st_sensorless/sensorless_foc/MCSDK_v5.4.8-Full/MotorControl/MCSDK/MCLib/Any/Src/sto_pll_speed_pos_fdbk.c:151:16:STO_PLL_CalcElAngle	64	static
C:/Users/20102/Desktop/motor_control_ss_stm/FOC_small_motor_st_sensorless/sensorless_foc/MCSDK_v5.4.8-Full/MotorControl/MCSDK/MCLib/Any/Src/sto_pll_speed_pos_fdbk.c:370:13:STO_PLL_CalcAvrgMecSpeedUnit	16	static
C:/Users/20102/Desktop/motor_control_ss_stm/FOC_small_motor_st_sensorless/sensorless_foc/MCSDK_v5.4.8-Full/MotorControl/MCSDK/MCLib/Any/Src/sto_pll_speed_pos_fdbk.c:504:13:STO_PLL_CalcAvrgElSpeedDpp	4	static
C:/Users/20102/Desktop/motor_control_ss_stm/FOC_small_motor_st_sensorless/sensorless_foc/MCSDK_v5.4.8-Full/MotorControl/MCSDK/MCLib/Any/Src/sto_pll_speed_pos_fdbk.c:555:13:STO_PLL_Clear	8	static
C:/Users/20102/Desktop/motor_control_ss_stm/FOC_small_motor_st_sensorless/sensorless_foc/MCSDK_v5.4.8-Full/MotorControl/MCSDK/MCLib/Any/Src/sto_pll_speed_pos_fdbk.c:89:13:STO_PLL_Init	8	static
C:/Users/20102/Desktop/motor_control_ss_stm/FOC_small_motor_st_sensorless/sensorless_foc/MCSDK_v5.4.8-Full/MotorControl/MCSDK/MCLib/Any/Src/sto_pll_speed_pos_fdbk.c:671:13:STO_PLL_IsObserverConverged	12	static
C:/Users/20102/Desktop/motor_control_ss_stm/FOC_small_motor_st_sensorless/sensorless_foc/MCSDK_v5.4.8-Full/MotorControl/MCSDK/MCLib/Any/Src/sto_pll_speed_pos_fdbk.c:765:20:STO_PLL_GetEstimatedBemf	8	static
C:/Users/20102/Desktop/motor_control_ss_stm/FOC_small_motor_st_sensorless/sensorless_foc/MCSDK_v5.4.8-Full/MotorControl/MCSDK/MCLib/Any/Src/sto_pll_speed_pos_fdbk.c:780:20:STO_PLL_GetEstimatedCurrent	8	static
C:/Users/20102/Desktop/motor_control_ss_stm/FOC_small_motor_st_sensorless/sensorless_foc/MCSDK_v5.4.8-Full/MotorControl/MCSDK/MCLib/Any/Src/sto_pll_speed_pos_fdbk.c:806:13:STO_PLL_GetObserverGains	0	static
C:/Users/20102/Desktop/motor_control_ss_stm/FOC_small_motor_st_sensorless/sensorless_foc/MCSDK_v5.4.8-Full/MotorControl/MCSDK/MCLib/Any/Src/sto_pll_speed_pos_fdbk.c:820:13:STO_PLL_SetObserverGains	0	static
C:/Users/20102/Desktop/motor_control_ss_stm/FOC_small_motor_st_sensorless/sensorless_foc/MCSDK_v5.4.8-Full/MotorControl/MCSDK/MCLib/Any/Src/sto_pll_speed_pos_fdbk.c:834:13:STO_GetPLLGains	16	static
C:/Users/20102/Desktop/motor_control_ss_stm/FOC_small_motor_st_sensorless/sensorless_foc/MCSDK_v5.4.8-Full/MotorControl/MCSDK/MCLib/Any/Src/sto_pll_speed_pos_fdbk.c:849:13:STO_SetPLLGains	16	static
C:/Users/20102/Desktop/motor_control_ss_stm/FOC_small_motor_st_sensorless/sensorless_foc/MCSDK_v5.4.8-Full/MotorControl/MCSDK/MCLib/Any/Src/sto_pll_speed_pos_fdbk.c:865:13:STO_PLL_SetMecAngle	0	static
C:/Users/20102/Desktop/motor_control_ss_stm/FOC_small_motor_st_sensorless/sensorless_foc/MCSDK_v5.4.8-Full/MotorControl/MCSDK/MCLib/Any/Src/sto_pll_speed_pos_fdbk.c:874:13:STO_OTF_ResetPLL	0	static
C:/Users/20102/Desktop/motor_control_ss_stm/FOC_small_motor_st_sensorless/sensorless_foc/MCSDK_v5.4.8-Full/MotorControl/MCSDK/MCLib/Any/Src/sto_pll_speed_pos_fdbk.c:892:13:STO_ResetPLL	0	static
C:/Users/20102/Desktop/motor_control_ss_stm/FOC_small_motor_st_sensorless/sensorless_foc/MCSDK_v5.4.8-Full/MotorControl/MCSDK/MCLib/Any/Src/sto_pll_speed_pos_fdbk.c:904:13:STO_SetPLL	24	static
C:/Users/20102/Desktop/motor_control_ss_stm/FOC_small_motor_st_sensorless/sensorless_foc/MCSDK_v5.4.8-Full/MotorControl/MCSDK/MCLib/Any/Src/sto_pll_speed_pos_fdbk.c:916:16:STO_PLL_GetEstimatedBemfLevel	0	static
C:/Users/20102/Desktop/motor_control_ss_stm/FOC_small_motor_st_sensorless/sensorless_foc/MCSDK_v5.4.8-Full/MotorControl/MCSDK/MCLib/Any/Src/sto_pll_speed_pos_fdbk.c:926:16:STO_PLL_GetObservedBemfLevel	0	static
C:/Users/20102/Desktop/motor_control_ss_stm/FOC_small_motor_st_sensorless/sensorless_foc/MCSDK_v5.4.8-Full/MotorControl/MCSDK/MCLib/Any/Src/sto_pll_speed_pos_fdbk.c:936:13:STO_PLL_BemfConsistencyCheckSwitch	0	static
C:/Users/20102/Desktop/motor_control_ss_stm/FOC_small_motor_st_sensorless/sensorless_foc/MCSDK_v5.4.8-Full/MotorControl/MCSDK/MCLib/Any/Src/sto_pll_speed_pos_fdbk.c:946:13:STO_PLL_IsBemfConsistent	0	static
C:/Users/20102/Desktop/motor_control_ss_stm/FOC_small_motor_st_sensorless/sensorless_foc/MCSDK_v5.4.8-Full/MotorControl/MCSDK/MCLib/Any/Src/sto_pll_speed_pos_fdbk.c:956:13:STO_PLL_IsVarianceTight	0	static
C:/Users/20102/Desktop/motor_control_ss_stm/FOC_small_motor_st_sensorless/sensorless_foc/MCSDK_v5.4.8-Full/MotorControl/MCSDK/MCLib/Any/Src/sto_pll_speed_pos_fdbk.c:966:13:STO_PLL_ForceConvergency1	0	static
C:/Users/20102/Desktop/motor_control_ss_stm/FOC_small_motor_st_sensorless/sensorless_foc/MCSDK_v5.4.8-Full/MotorControl/MCSDK/MCLib/Any/Src/sto_pll_speed_pos_fdbk.c:976:13:STO_PLL_ForceConvergency2	0	static
C:/Users/20102/Desktop/motor_control_ss_stm/FOC_small_motor_st_sensorless/sensorless_foc/MCSDK_v5.4.8-Full/MotorControl/MCSDK/MCLib/Any/Src/sto_pll_speed_pos_fdbk.c:988:13:STO_SetMinStartUpValidSpeedUnit	0	static
C:/Users/20102/Desktop/motor_control_ss_stm/FOC_small_motor_st_sensorless/sensorless_foc/MCSDK_v5.4.8-Full/MotorControl/MCSDK/MCLib/Any/Src/sto_pll_speed_pos_fdbk.c:997:13:STO_SetDirection	0	static
