
Allocating common symbols
Common symbol       size              file

T2                  0x1               main.o
TASK2               0x30              main.o
arr                 0xc               stm32f103c6_USART_SRIVER.o
TASK1               0x30              main.o
ISRcalback          0x8               STM32_TIMERS_DRIVER.o
numper_waves        0x1               STM32_TIMERS_DRIVER.o
ISR_TIMER_COPY      0x4               STM32_TIMERS_DRIVER.o
gpiox               0x4               stm32f103c6_SPI_DRIVER.o
arr_data_RES        0x6               stm32f103c6_USART_SRIVER.o
arr_data            0xc               stm32f103c6_USART_SRIVER.o
text                0x5               main.o
READY_QUEUE_TABLE   0x190             SCEDULER.o
SPI                 0x8               stm32f103c6_SPI_DRIVER.o
gpiox_SS            0x4               stm32f103c6_SPI_DRIVER.o
T1                  0x1               main.o
GP_reseve_Callback  0xc               stm32f103c6_USART_SRIVER.o
arr_string_lingh    0xc               stm32f103c6_USART_SRIVER.o
OS_CONTROL          0x1ac             SCEDULER.o
GP_IRQ_Callback     0x3c              stm32f103c6_ISR_DRIVER.o
IDLE_TASK           0x30              SCEDULER.o
READY_QUEUE         0x10              SCEDULER.o

Memory Configuration

Name             Origin             Length             Attributes
RAM              0x20000000         0x00005000         xrw
ROM              0x08000000         0x00010000         xr
*default*        0x00000000         0xffffffff

Linker script and memory map

                0x20005000                _estack = (ORIGIN (RAM) + LENGTH (RAM))
                0x00000200                _Min_Heap_Size = 0x200
                0x00000400                _Min_Stack_Size = 0x400

.isr_vector     0x08000000      0x130
                0x08000000                . = ALIGN (0x4)
 *(.isr_vector)
 .isr_vector    0x08000000      0x130 startup_stm32f103c8tx.o
                0x08000000                g_pfnVectors
                0x08000130                . = ALIGN (0x4)

.text           0x08000130     0x3c64
                0x08000130                . = ALIGN (0x4)
 *(.text)
 .text          0x08000130      0x3a0 GPIO_DRIVER.o
                0x08000130                getposition
                0x080001e6                pinmode
                0x080003a8                pinwrite
                0x080003f0                WRITE_PORT
                0x0800040c                set_Value_PORT
                0x08000438                res_Value_PORT
                0x08000466                READ_PIN
                0x0800048e                READ_PORT
                0x080004a6                TogglePin
 .text          0x080004d0      0x2e4 main.o
                0x080004d0                reverse
                0x08000530                numToString
                0x080005d0                mstrlen
                0x080005fe                my_strcat
                0x08000658                TASK1_fun
                0x080006c0                TASK2_fun
                0x08000720                main
 .text          0x080007b4      0x16c RTOS_CORTEX_M3_PORTING.o
                0x0800084c                HardFault_Handler
                0x08000852                MemManage_Handler
                0x08000858                BusFault_Handler
                0x0800085e                UsageFault_Handler
                0x08000864                HARD_WARE_INIT
                0x080008e0                SVC_Handler
                0x080008f4                OS_TRIGDER_PENDSV
                0x08000910                TIMER_START
 .text          0x08000920      0x190 RTOS_FIFO.o
                0x08000920                OS_FIFO_INIT
                0x08000966                OS_FIFO_ENQUEUE
                0x080009ec                OS_FIFO_DEQUEUE
                0x08000a70                FIFO_is_full
 .text          0x08000ab0      0x7b4 SCEDULER.o
                0x08000ab0                idle_task_fun
                0x08000acc                ALSHREIF_RTOS_CREAT_TASK_FRAM
                0x08000b48                ALSHREIF_CREATE_MAIN_STACK
                0x08000b84                ALSHREIF_RTOS_CREAT_TASK
                0x08000bfc                ALSHREIF_RTOS_INIT
                0x08000c6c                bubble_sort
                0x08000cfc                shell_sort
                0x08000d94                free_the_FIFO
                0x08000db8                ALSHREIF_RTOS_UPDATE_SCEDULER_TABLES
                0x08000e68                OS_SVC_SET
                0x08000e98                OS_WHATE_NEXT
                0x08000f54                strcmp
                0x08000f96                OS_SVC_SERVICES
                0x08001000                PendSV_Handler
                0x08001080                ALSHREIF_RTOS_ACTIVAT_TASK
                0x080010ae                ALSHREIF_RTOS_TERMINAT_TASK
                0x080010cc                ALSHREIF_RTOS_START_OS
                0x08001128                ALSHREIF_RTOS_WAITING_TIMING
                0x080011ac                SysTick_Handler
                0x080011c0                ALSHREIF_RTOS_TASK_WAIT
                0x080011ee                ALSHREIF_RTOS_AcquireMutex
                0x0800122c                ALSHREIF_RTOS_ReleaseMutex
 .text          0x08001264      0x118 stm32_speed_DRIVER.o
                0x08001264                MCAL_speed_init
 .text          0x0800137c      0xf88 STM32_TIMERS_DRIVER.o
                0x0800137c                PWM
                0x08001a98                delay
                0x08001bfc                TIMER_ISR
                0x08001d14                TIME_CALCULATION
                0x08001dfc                SPWM_SINGLE_PHASE_INIT
                0x08001f08                SPWM_timer_INIT
                0x0800200c                SPWM_WRITE
                0x080020c4                TIM2_IRQHandler
                0x08002100                TIM3_IRQHandler
                0x08002138                TIM4_IRQHandler
                0x08002164                TIM1_UP_IRQHandler
 .text          0x08002304      0x13c stm32f103c6_ADC.o
                0x08002304                ADC_INIT
                0x080023c0                ADC_READ
 .text          0x08002440      0xc58 stm32f103c6_ISR_DRIVER.o
                0x08002440                Enable_NVIC
                0x0800250c                Disable_NVIC
                0x080025d8                EXTI
                0x08002de4                EXTI0_IRQHandler
                0x08002e08                EXTI1_IRQHandler
                0x08002e2c                EXTI2_IRQHandler
                0x08002e50                EXTI3_IRQHandler
                0x08002e74                EXTI4_IRQHandler
                0x08002e98                EXTI9_5_IRQHandler
                0x08002f40                EXTI15_10_IRQHandler
                0x08003004                MCAL_EXTI_GPIO_DEINIT
 .text          0x08003098      0x530 stm32f103c6_SPI_DRIVER.o
                0x08003098                SPI_INIT
                0x08003408                SPI_SEND_ERCEIVE
                0x080034a4                SPI_RECEIVE_ONLY_MODE
                0x0800352c                SPI_SEND
                0x080035b0                SPI1_IRQHandler
                0x080035bc                SPI2_IRQHandler
 .text          0x080035c8      0x768 stm32f103c6_USART_SRIVER.o
                0x080035c8                send_string
                0x080035d4                USART_INIT
                0x08003760                USART_SEND
                0x0800379a                USART_READ
                0x080037f0                USART_SEND_STRING
                0x08003860                USART_READ_INTERRUPT_EN
                0x080038b4                USART_RX_INTERRUPT_DE
                0x080038d2                USART1_IRQHandler
                0x08003a48                USART2_IRQHandler
                0x08003bbc                USART3_IRQHandler
 .text          0x08003d30       0x14 startup_stm32f103c8tx.o
 *(.text*)
 .text.Reset_Handler
                0x08003d44       0x4c startup_stm32f103c8tx.o
                0x08003d44                Reset_Handler
 .text.Default_Handler
                0x08003d90        0x2 startup_stm32f103c8tx.o
                0x08003d90                TIM8_TRG_COM_IRQHandler
                0x08003d90                TIM8_CC_IRQHandler
                0x08003d90                DebugMon_Handler
                0x08003d90                TIM1_CC_IRQHandler
                0x08003d90                TIM6_IRQHandler
                0x08003d90                PVD_IRQHandler
                0x08003d90                SDIO_IRQHandler
                0x08003d90                NMI_Handler
                0x08003d90                USB_HP_CAN_TX_IRQHandler
                0x08003d90                I2C2_EV_IRQHandler
                0x08003d90                ADC1_2_IRQHandler
                0x08003d90                CAN_SCE_IRQHandler
                0x08003d90                TAMPER_IRQHandler
                0x08003d90                TIM8_UP_IRQHandler
                0x08003d90                DMA2_Channel2_IRQHandler
                0x08003d90                DMA1_Channel4_IRQHandler
                0x08003d90                RTC_IRQHandler
                0x08003d90                DMA1_Channel7_IRQHandler
                0x08003d90                UART5_IRQHandler
                0x08003d90                ADC3_IRQHandler
                0x08003d90                CAN_RX1_IRQHandler
                0x08003d90                DMA2_Channel1_IRQHandler
                0x08003d90                I2C1_EV_IRQHandler
                0x08003d90                DMA1_Channel6_IRQHandler
                0x08003d90                UART4_IRQHandler
                0x08003d90                RCC_IRQHandler
                0x08003d90                TIM1_TRG_COM_IRQHandler
                0x08003d90                DMA1_Channel1_IRQHandler
                0x08003d90                Default_Handler
                0x08003d90                TIM7_IRQHandler
                0x08003d90                TIM5_IRQHandler
                0x08003d90                USB_LP_CAN_RX0_IRQHandler
                0x08003d90                DMA1_Channel5_IRQHandler
                0x08003d90                DMA1_Channel3_IRQHandler
                0x08003d90                FSMC_IRQHandler
                0x08003d90                WWDG_IRQHandler
                0x08003d90                TIM1_BRK_IRQHandler
                0x08003d90                RTCAlarm_IRQHandler
                0x08003d90                DMA2_Channel4_5_IRQHandler
                0x08003d90                I2C2_ER_IRQHandler
                0x08003d90                DMA1_Channel2_IRQHandler
                0x08003d90                TIM8_BRK_IRQHandler
                0x08003d90                FLASH_IRQHandler
                0x08003d90                SPI3_IRQHandler
                0x08003d90                I2C1_ER_IRQHandler
                0x08003d90                DMA2_Channel3_IRQHandler
 *(.glue_7)
 .glue_7        0x08003d92        0x0 linker stubs
 *(.glue_7t)
 .glue_7t       0x08003d92        0x0 linker stubs
 *(.eh_frame)
 *(.init)
 *(.fini)
                0x08003d94                . = ALIGN (0x4)
 *fill*         0x08003d92        0x2 
                0x08003d94                _etext = .

.vfp11_veneer   0x08003d94        0x0
 .vfp11_veneer  0x08003d94        0x0 linker stubs

.v4_bx          0x08003d94        0x0
 .v4_bx         0x08003d94        0x0 linker stubs

.iplt           0x08003d94        0x0
 .iplt          0x08003d94        0x0 GPIO_DRIVER.o

.rodata         0x08003d94       0x20
                0x08003d94                . = ALIGN (0x4)
 *(.rodata)
 .rodata        0x08003d94       0x12 main.o
 *fill*         0x08003da6        0x2 
 .rodata        0x08003da8        0xa SCEDULER.o
 *(.rodata*)
                0x08003db4                . = ALIGN (0x4)
 *fill*         0x08003db2        0x2 

.rel.dyn        0x08003db4        0x0
 .rel.iplt      0x08003db4        0x0 GPIO_DRIVER.o

.ARM.extab      0x08003db4        0x0
                0x08003db4                . = ALIGN (0x4)
 *(.ARM.extab* .gnu.linkonce.armextab.*)
                0x08003db4                . = ALIGN (0x4)

.ARM            0x08003db4        0x0
                0x08003db4                . = ALIGN (0x4)
                0x08003db4                __exidx_start = .
 *(.ARM.exidx*)
                0x08003db4                __exidx_end = .
                0x08003db4                . = ALIGN (0x4)

.preinit_array  0x08003db4        0x0
                0x08003db4                . = ALIGN (0x4)
                [!provide]                PROVIDE (__preinit_array_start, .)
 *(.preinit_array*)
                [!provide]                PROVIDE (__preinit_array_end, .)
                0x08003db4                . = ALIGN (0x4)

.init_array     0x08003db4        0x0
                0x08003db4                . = ALIGN (0x4)
                [!provide]                PROVIDE (__init_array_start, .)
 *(SORT_BY_NAME(.init_array.*))
 *(.init_array*)
                [!provide]                PROVIDE (__init_array_end, .)
                0x08003db4                . = ALIGN (0x4)

.fini_array     0x08003db4        0x0
                0x08003db4                . = ALIGN (0x4)
                [!provide]                PROVIDE (__fini_array_start, .)
 *(SORT_BY_NAME(.fini_array.*))
 *(.fini_array*)
                [!provide]                PROVIDE (__fini_array_end, .)
                0x08003db4                . = ALIGN (0x4)
                0x08003db4                _sidata = LOADADDR (.data)

.data           0x20000000       0x28 load address 0x08003db4
                0x20000000                . = ALIGN (0x4)
                0x20000000                _sdata = .
 *(.data)
 .data          0x20000000        0x0 GPIO_DRIVER.o
 .data          0x20000000        0x0 main.o
 .data          0x20000000        0x0 RTOS_CORTEX_M3_PORTING.o
 .data          0x20000000        0x0 RTOS_FIFO.o
 .data          0x20000000        0x0 SCEDULER.o
 .data          0x20000000        0x0 stm32_speed_DRIVER.o
 .data          0x20000000       0x28 STM32_TIMERS_DRIVER.o
                0x20000000                pwm
                0x20000004                flage1
                0x20000005                flage3
                0x20000008                top
                0x2000000c                presc
                0x20000010                top_max
                0x20000014                top_min
                0x20000018                c
                0x2000001c                x
                0x20000020                delay_flag
                0x20000024                delay_TIMER
 .data          0x20000028        0x0 stm32f103c6_ADC.o
 .data          0x20000028        0x0 stm32f103c6_ISR_DRIVER.o
 .data          0x20000028        0x0 stm32f103c6_SPI_DRIVER.o
 .data          0x20000028        0x0 stm32f103c6_USART_SRIVER.o
 .data          0x20000028        0x0 startup_stm32f103c8tx.o
 *(.data*)
                0x20000028                . = ALIGN (0x4)
                0x20000028                _edata = .

.igot.plt       0x20000028        0x0 load address 0x08003ddc
 .igot.plt      0x20000028        0x0 GPIO_DRIVER.o
                0x20000028                . = ALIGN (0x4)

.bss            0x20000028      0x488 load address 0x08003ddc
                0x20000028                _sbss = .
                0x20000028                __bss_start__ = _sbss
 *(.bss)
 .bss           0x20000028        0x0 GPIO_DRIVER.o
 .bss           0x20000028        0x1 main.o
                0x20000028                X
 .bss           0x20000029        0x0 RTOS_CORTEX_M3_PORTING.o
 .bss           0x20000029        0x0 RTOS_FIFO.o
 .bss           0x20000029        0x1 SCEDULER.o
                0x20000029                idle
 .bss           0x2000002a        0x0 stm32_speed_DRIVER.o
 .bss           0x2000002a        0x6 STM32_TIMERS_DRIVER.o
                0x2000002a                flage2
                0x2000002c                overflowtims
                0x2000002e                timer_ticks
 .bss           0x20000030        0x1 stm32f103c6_ADC.o
                0x20000030                flag_ADC_INIT
 .bss           0x20000031        0x0 stm32f103c6_ISR_DRIVER.o
 .bss           0x20000031        0x1 stm32f103c6_SPI_DRIVER.o
                0x20000031                spi_select
 .bss           0x20000032        0x0 stm32f103c6_USART_SRIVER.o
 .bss           0x20000032        0x0 startup_stm32f103c8tx.o
 *(.bss*)
 *(COMMON)
 *fill*         0x20000032        0x2 
 COMMON         0x20000034       0x6a main.o
                0x20000034                T2
                0x20000038                TASK2
                0x20000068                TASK1
                0x20000098                text
                0x2000009d                T1
 *fill*         0x2000009e        0x2 
 COMMON         0x200000a0      0x37c SCEDULER.o
                0x200000a0                READY_QUEUE_TABLE
                0x20000230                OS_CONTROL
                0x200003dc                IDLE_TASK
                0x2000040c                READY_QUEUE
 COMMON         0x2000041c       0x10 STM32_TIMERS_DRIVER.o
                0x2000041c                ISRcalback
                0x20000424                numper_waves
                0x20000428                ISR_TIMER_COPY
 COMMON         0x2000042c       0x3c stm32f103c6_ISR_DRIVER.o
                0x2000042c                GP_IRQ_Callback
 COMMON         0x20000468       0x10 stm32f103c6_SPI_DRIVER.o
                0x20000468                gpiox
                0x2000046c                SPI
                0x20000474                gpiox_SS
 COMMON         0x20000478       0x38 stm32f103c6_USART_SRIVER.o
                0x20000478                arr
                0x20000484                arr_data_RES
                0x2000048c                arr_data
                0x20000498                GP_reseve_Callback
                0x200004a4                arr_string_lingh
                0x200004b0                . = ALIGN (0x4)
                0x200004b0                _ebss = .
                0x200004b0                __bss_end__ = _ebss

._user_heap_stack
                0x200004b0      0x600 load address 0x08003ddc
                0x200004b0                . = ALIGN (0x8)
                [!provide]                PROVIDE (end, .)
                [!provide]                PROVIDE (_end, .)
                0x200006b0                . = (. + _Min_Heap_Size)
 *fill*         0x200004b0      0x200 
                0x20000ab0                . = (. + _Min_Stack_Size)
 *fill*         0x200006b0      0x400 
                0x20000ab0                . = ALIGN (0x8)
                0x20000ab0                _end_heap = .
LOAD GPIO_DRIVER.o
LOAD main.o
LOAD RTOS_CORTEX_M3_PORTING.o
LOAD RTOS_FIFO.o
LOAD SCEDULER.o
LOAD stm32_speed_DRIVER.o
LOAD STM32_TIMERS_DRIVER.o
LOAD stm32f103c6_ADC.o
LOAD stm32f103c6_ISR_DRIVER.o
LOAD stm32f103c6_SPI_DRIVER.o
LOAD stm32f103c6_USART_SRIVER.o
LOAD startup_stm32f103c8tx.o
OUTPUT(PROJECT.elf elf32-littlearm)

.debug_info     0x00000000     0x9c59
 .debug_info    0x00000000      0xd06 GPIO_DRIVER.o
 .debug_info    0x00000d06      0xf37 main.o
 .debug_info    0x00001c3d     0x1114 RTOS_CORTEX_M3_PORTING.o
 .debug_info    0x00002d51      0xcb8 RTOS_FIFO.o
 .debug_info    0x00003a09     0x116a SCEDULER.o
 .debug_info    0x00004b73      0xa86 stm32_speed_DRIVER.o
 .debug_info    0x000055f9     0x10ec STM32_TIMERS_DRIVER.o
 .debug_info    0x000066e5      0xc91 stm32f103c6_ADC.o
 .debug_info    0x00007376      0xc96 stm32f103c6_ISR_DRIVER.o
 .debug_info    0x0000800c      0xd4d stm32f103c6_SPI_DRIVER.o
 .debug_info    0x00008d59      0xf00 stm32f103c6_USART_SRIVER.o

.debug_abbrev   0x00000000     0x18a2
 .debug_abbrev  0x00000000      0x20f GPIO_DRIVER.o
 .debug_abbrev  0x0000020f      0x29f main.o
 .debug_abbrev  0x000004ae      0x243 RTOS_CORTEX_M3_PORTING.o
 .debug_abbrev  0x000006f1      0x1e3 RTOS_FIFO.o
 .debug_abbrev  0x000008d4      0x34b SCEDULER.o
 .debug_abbrev  0x00000c1f      0x19f stm32_speed_DRIVER.o
 .debug_abbrev  0x00000dbe      0x2a0 STM32_TIMERS_DRIVER.o
 .debug_abbrev  0x0000105e      0x1cc stm32f103c6_ADC.o
 .debug_abbrev  0x0000122a      0x223 stm32f103c6_ISR_DRIVER.o
 .debug_abbrev  0x0000144d      0x200 stm32f103c6_SPI_DRIVER.o
 .debug_abbrev  0x0000164d      0x255 stm32f103c6_USART_SRIVER.o

.debug_loc      0x00000000     0x1a9c
 .debug_loc     0x00000000      0x330 GPIO_DRIVER.o
 .debug_loc     0x00000330      0x1dc main.o
 .debug_loc     0x0000050c      0x210 RTOS_CORTEX_M3_PORTING.o
 .debug_loc     0x0000071c      0x170 RTOS_FIFO.o
 .debug_loc     0x0000088c      0x630 SCEDULER.o
 .debug_loc     0x00000ebc       0x5c stm32_speed_DRIVER.o
 .debug_loc     0x00000f18      0x340 STM32_TIMERS_DRIVER.o
 .debug_loc     0x00001258       0xac stm32f103c6_ADC.o
 .debug_loc     0x00001304      0x280 stm32f103c6_ISR_DRIVER.o
 .debug_loc     0x00001584      0x1c8 stm32f103c6_SPI_DRIVER.o
 .debug_loc     0x0000174c      0x350 stm32f103c6_USART_SRIVER.o

.debug_aranges  0x00000000      0x160
 .debug_aranges
                0x00000000       0x20 GPIO_DRIVER.o
 .debug_aranges
                0x00000020       0x20 main.o
 .debug_aranges
                0x00000040       0x20 RTOS_CORTEX_M3_PORTING.o
 .debug_aranges
                0x00000060       0x20 RTOS_FIFO.o
 .debug_aranges
                0x00000080       0x20 SCEDULER.o
 .debug_aranges
                0x000000a0       0x20 stm32_speed_DRIVER.o
 .debug_aranges
                0x000000c0       0x20 STM32_TIMERS_DRIVER.o
 .debug_aranges
                0x000000e0       0x20 stm32f103c6_ADC.o
 .debug_aranges
                0x00000100       0x20 stm32f103c6_ISR_DRIVER.o
 .debug_aranges
                0x00000120       0x20 stm32f103c6_SPI_DRIVER.o
 .debug_aranges
                0x00000140       0x20 stm32f103c6_USART_SRIVER.o

.debug_line     0x00000000     0x2336
 .debug_line    0x00000000      0x290 GPIO_DRIVER.o
 .debug_line    0x00000290      0x2ee main.o
 .debug_line    0x0000057e      0x2a8 RTOS_CORTEX_M3_PORTING.o
 .debug_line    0x00000826      0x2a3 RTOS_FIFO.o
 .debug_line    0x00000ac9      0x3fd SCEDULER.o
 .debug_line    0x00000ec6      0x24d stm32_speed_DRIVER.o
 .debug_line    0x00001113      0x3b5 STM32_TIMERS_DRIVER.o
 .debug_line    0x000014c8      0x247 stm32f103c6_ADC.o
 .debug_line    0x0000170f      0x640 stm32f103c6_ISR_DRIVER.o
 .debug_line    0x00001d4f      0x2da stm32f103c6_SPI_DRIVER.o
 .debug_line    0x00002029      0x30d stm32f103c6_USART_SRIVER.o

.debug_str      0x00000000     0x1670
 .debug_str     0x00000000      0x63b GPIO_DRIVER.o
                                0x6c2 (size before relaxing)
 .debug_str     0x0000063b      0x266 main.o
                                0x82d (size before relaxing)
 .debug_str     0x000008a1      0x2c9 RTOS_CORTEX_M3_PORTING.o
                                0x9d7 (size before relaxing)
 .debug_str     0x00000b6a       0xac RTOS_FIFO.o
                                0x717 (size before relaxing)
 .debug_str     0x00000c16      0x349 SCEDULER.o
                                0xa16 (size before relaxing)
 .debug_str     0x00000f5f       0x33 stm32_speed_DRIVER.o
                                0x5f8 (size before relaxing)
 .debug_str     0x00000f92      0x276 STM32_TIMERS_DRIVER.o
                                0x8b1 (size before relaxing)
 .debug_str     0x00001208       0x41 stm32f103c6_ADC.o
                                0x736 (size before relaxing)
 .debug_str     0x00001249      0x1ab stm32f103c6_ISR_DRIVER.o
                                0x755 (size before relaxing)
 .debug_str     0x000013f4      0x137 stm32f103c6_SPI_DRIVER.o
                                0x76a (size before relaxing)
 .debug_str     0x0000152b      0x145 stm32f103c6_USART_SRIVER.o
                                0x7d8 (size before relaxing)

.comment        0x00000000       0x7e
 .comment       0x00000000       0x7e GPIO_DRIVER.o
                                 0x7f (size before relaxing)
 .comment       0x0000007e       0x7f main.o
 .comment       0x0000007e       0x7f RTOS_CORTEX_M3_PORTING.o
 .comment       0x0000007e       0x7f RTOS_FIFO.o
 .comment       0x0000007e       0x7f SCEDULER.o
 .comment       0x0000007e       0x7f stm32_speed_DRIVER.o
 .comment       0x0000007e       0x7f STM32_TIMERS_DRIVER.o
 .comment       0x0000007e       0x7f stm32f103c6_ADC.o
 .comment       0x0000007e       0x7f stm32f103c6_ISR_DRIVER.o
 .comment       0x0000007e       0x7f stm32f103c6_SPI_DRIVER.o
 .comment       0x0000007e       0x7f stm32f103c6_USART_SRIVER.o

.ARM.attributes
                0x00000000       0x31
 .ARM.attributes
                0x00000000       0x33 GPIO_DRIVER.o
 .ARM.attributes
                0x00000033       0x33 main.o
 .ARM.attributes
                0x00000066       0x33 RTOS_CORTEX_M3_PORTING.o
 .ARM.attributes
                0x00000099       0x33 RTOS_FIFO.o
 .ARM.attributes
                0x000000cc       0x33 SCEDULER.o
 .ARM.attributes
                0x000000ff       0x33 stm32_speed_DRIVER.o
 .ARM.attributes
                0x00000132       0x33 STM32_TIMERS_DRIVER.o
 .ARM.attributes
                0x00000165       0x33 stm32f103c6_ADC.o
 .ARM.attributes
                0x00000198       0x33 stm32f103c6_ISR_DRIVER.o
 .ARM.attributes
                0x000001cb       0x33 stm32f103c6_SPI_DRIVER.o
 .ARM.attributes
                0x000001fe       0x33 stm32f103c6_USART_SRIVER.o
 .ARM.attributes
                0x00000231       0x21 startup_stm32f103c8tx.o

.debug_frame    0x00000000      0xd50
 .debug_frame   0x00000000      0x174 GPIO_DRIVER.o
 .debug_frame   0x00000174       0xfc main.o
 .debug_frame   0x00000270      0x12c RTOS_CORTEX_M3_PORTING.o
 .debug_frame   0x0000039c       0xb0 RTOS_FIFO.o
 .debug_frame   0x0000044c      0x300 SCEDULER.o
 .debug_frame   0x0000074c       0x38 stm32_speed_DRIVER.o
 .debug_frame   0x00000784      0x198 STM32_TIMERS_DRIVER.o
 .debug_frame   0x0000091c       0x5c stm32f103c6_ADC.o
 .debug_frame   0x00000978      0x16c stm32f103c6_ISR_DRIVER.o
 .debug_frame   0x00000ae4       0xe4 stm32f103c6_SPI_DRIVER.o
 .debug_frame   0x00000bc8      0x188 stm32f103c6_USART_SRIVER.o
