16:51:38 **** Incremental Build of configuration Debug for project SVC ****
make -j16 all 
arm-none-eabi-gcc "../Src/main.c" -mcpu=cortex-m3 -std=gnu11 -g3 -DSTM32 -DSTM32F1 -DSTM32F103C8Tx -DDEBUG -c -I../Inc -I"C:/E/embedded/test/final simulation code for my assignments/ARM/SVC_LAST/SVC/STM32/inc" -O0 -ffunction-sections -fdata-sections -Wall -fstack-usage -MMD -MP -MF"Src/main.d" -MT"Src/main.o" --specs=nano.specs -mfloat-abi=soft -mthumb -o "Src/main.o"
arm-none-eabi-gcc -o "SVC.axf" @"objects.list"   -mcpu=cortex-m3 -T"C:\E\embedded\test\final simulation code for my assignments\ARM\SVC_LAST\SVC\STM32F103C8TX_FLASH.ld" --specs=nosys.specs -Wl,-Map="SVC.map" -Wl,--gc-sections -static --specs=nano.specs -mfloat-abi=soft -mthumb -Wl,--start-group -lc -lm -Wl,--end-group
Finished building target: SVC.axf
 
arm-none-eabi-objdump -h -S  SVC.axf  > "SVC.list"
arm-none-eabi-objcopy  -O binary  SVC.axf  "SVC.bin"
arm-none-eabi-size   SVC.axf 
   text	   data	    bss	    dec	    hex	filename
   3360	     44	   1700	   5104	   13f0	SVC.axf
Finished building: default.size.stdout
 
Finished building: SVC.bin
Finished building: SVC.list
 
 

16:51:38 Build Finished. 0 errors, 0 warnings. (took 830ms)

