SCEDULER.c:42:6:idle_task_fun	4	static,ignoring_inline_asm
SCEDULER.c:50:6:ALSHREIF_RTOS_CREAT_TASK_FRAM	24	static
SCEDULER.c:89:6:ALSHREIF_CREATE_MAIN_STACK	4	static
SCEDULER.c:95:6:ALSHREIF_RTOS_CREAT_TASK	16	static
SCEDULER.c:115:11:ALSHREIF_RTOS_INIT	16	static
SCEDULER.c:137:6:bubble_sort	24	static
SCEDULER.c:152:6:shell_sort	32	static
SCEDULER.c:168:6:free_the_FIFO	16	static
SCEDULER.c:176:6:ALSHREIF_RTOS_UPDATE_SCEDULER_TABLES	24	static
SCEDULER.c:252:6:OS_SVC_SET	16	static,ignoring_inline_asm
SCEDULER.c:267:6:OS_WHATE_NEXT	8	static
SCEDULER.c:297:6:OS_SVC_SERVICES	24	static,ignoring_inline_asm
SCEDULER.c:334:28:PendSV_Handler	0	static,ignoring_inline_asm
SCEDULER.c:446:6:ALSHREIF_RTOS_ACTIVAT_TASK	16	static
SCEDULER.c:455:6:ALSHREIF_RTOS_TERMINAT_TASK	16	static
SCEDULER.c:468:6:ALSHREIF_RTOS_START_OS	8	static,ignoring_inline_asm
SCEDULER.c:482:6:ALSHREIF_RTOS_WAITING_TIMING	16	static
SCEDULER.c:501:6:SysTick_Handler	8	static
SCEDULER.c:512:6:ALSHREIF_RTOS_TASK_WAIT	16	static
SCEDULER.c:523:6:ALSHREIF_RTOS_AcquireMutex	16	static
SCEDULER.c:544:6:ALSHREIF_RTOS_ReleaseMutex	16	static
