12:04:31 **** Build of configuration Debug for project BLDC_MOTOR ****
make -j16 all 
arm-none-eabi-gcc "../stm32_drivers/ALSHREIF_RTOS/RTOS_CORTEX_M3_PORTING.c" -mcpu=cortex-m3 -std=gnu11 -g3 -DSTM32 -DSTM32F1 -DSTM32F103C8Tx -DDEBUG -c -I../Inc -O0 -ffunction-sections -fdata-sections -Wall -fstack-usage -MMD -MP -MF"stm32_drivers/ALSHREIF_RTOS/RTOS_CORTEX_M3_PORTING.d" -MT"stm32_drivers/ALSHREIF_RTOS/RTOS_CORTEX_M3_PORTING.o" --specs=nano.specs -mfloat-abi=soft -mthumb -o "stm32_drivers/ALSHREIF_RTOS/RTOS_CORTEX_M3_PORTING.o"
arm-none-eabi-gcc "../stm32_drivers/ALSHREIF_RTOS/RTOS_FIFO.c" -mcpu=cortex-m3 -std=gnu11 -g3 -DSTM32 -DSTM32F1 -DSTM32F103C8Tx -DDEBUG -c -I../Inc -O0 -ffunction-sections -fdata-sections -Wall -fstack-usage -MMD -MP -MF"stm32_drivers/ALSHREIF_RTOS/RTOS_FIFO.d" -MT"stm32_drivers/ALSHREIF_RTOS/RTOS_FIFO.o" --specs=nano.specs -mfloat-abi=soft -mthumb -o "stm32_drivers/ALSHREIF_RTOS/RTOS_FIFO.o"
arm-none-eabi-gcc "../stm32_drivers/ALSHREIF_RTOS/SCEDULER.c" -mcpu=cortex-m3 -std=gnu11 -g3 -DSTM32 -DSTM32F1 -DSTM32F103C8Tx -DDEBUG -c -I../Inc -O0 -ffunction-sections -fdata-sections -Wall -fstack-usage -MMD -MP -MF"stm32_drivers/ALSHREIF_RTOS/SCEDULER.d" -MT"stm32_drivers/ALSHREIF_RTOS/SCEDULER.o" --specs=nano.specs -mfloat-abi=soft -mthumb -o "stm32_drivers/ALSHREIF_RTOS/SCEDULER.o"
arm-none-eabi-gcc "../stm32_drivers/CLICK_MODE.c" -mcpu=cortex-m3 -std=gnu11 -g3 -DSTM32 -DSTM32F1 -DSTM32F103C8Tx -DDEBUG -c -I../Inc -O0 -ffunction-sections -fdata-sections -Wall -fstack-usage -MMD -MP -MF"stm32_drivers/CLICK_MODE.d" -MT"stm32_drivers/CLICK_MODE.o" --specs=nano.specs -mfloat-abi=soft -mthumb -o "stm32_drivers/CLICK_MODE.o"
arm-none-eabi-gcc "../stm32_drivers/EEPROM.c" -mcpu=cortex-m3 -std=gnu11 -g3 -DSTM32 -DSTM32F1 -DSTM32F103C8Tx -DDEBUG -c -I../Inc -O0 -ffunction-sections -fdata-sections -Wall -fstack-usage -MMD -MP -MF"stm32_drivers/EEPROM.d" -MT"stm32_drivers/EEPROM.o" --specs=nano.specs -mfloat-abi=soft -mthumb -o "stm32_drivers/EEPROM.o"
arm-none-eabi-gcc "../stm32_drivers/FIFO.c" -mcpu=cortex-m3 -std=gnu11 -g3 -DSTM32 -DSTM32F1 -DSTM32F103C8Tx -DDEBUG -c -I../Inc -O0 -ffunction-sections -fdata-sections -Wall -fstack-usage -MMD -MP -MF"stm32_drivers/FIFO.d" -MT"stm32_drivers/FIFO.o" --specs=nano.specs -mfloat-abi=soft -mthumb -o "stm32_drivers/FIFO.o"
arm-none-eabi-gcc "../stm32_drivers/GPIO_DRIVER.c" -mcpu=cortex-m3 -std=gnu11 -g3 -DSTM32 -DSTM32F1 -DSTM32F103C8Tx -DDEBUG -c -I../Inc -O0 -ffunction-sections -fdata-sections -Wall -fstack-usage -MMD -MP -MF"stm32_drivers/GPIO_DRIVER.d" -MT"stm32_drivers/GPIO_DRIVER.o" --specs=nano.specs -mfloat-abi=soft -mthumb -o "stm32_drivers/GPIO_DRIVER.o"
arm-none-eabi-gcc "../stm32_drivers/I2C_LCD.c" -mcpu=cortex-m3 -std=gnu11 -g3 -DSTM32 -DSTM32F1 -DSTM32F103C8Tx -DDEBUG -c -I../Inc -O0 -ffunction-sections -fdata-sections -Wall -fstack-usage -MMD -MP -MF"stm32_drivers/I2C_LCD.d" -MT"stm32_drivers/I2C_LCD.o" --specs=nano.specs -mfloat-abi=soft -mthumb -o "stm32_drivers/I2C_LCD.o"
arm-none-eabi-gcc "../stm32_drivers/LCD.c" -mcpu=cortex-m3 -std=gnu11 -g3 -DSTM32 -DSTM32F1 -DSTM32F103C8Tx -DDEBUG -c -I../Inc -O0 -ffunction-sections -fdata-sections -Wall -fstack-usage -MMD -MP -MF"stm32_drivers/LCD.d" -MT"stm32_drivers/LCD.o" --specs=nano.specs -mfloat-abi=soft -mthumb -o "stm32_drivers/LCD.o"
arm-none-eabi-gcc "../stm32_drivers/LIFO.c" -mcpu=cortex-m3 -std=gnu11 -g3 -DSTM32 -DSTM32F1 -DSTM32F103C8Tx -DDEBUG -c -I../Inc -O0 -ffunction-sections -fdata-sections -Wall -fstack-usage -MMD -MP -MF"stm32_drivers/LIFO.d" -MT"stm32_drivers/LIFO.o" --specs=nano.specs -mfloat-abi=soft -mthumb -o "stm32_drivers/LIFO.o"
arm-none-eabi-gcc "../stm32_drivers/MPU6050.c" -mcpu=cortex-m3 -std=gnu11 -g3 -DSTM32 -DSTM32F1 -DSTM32F103C8Tx -DDEBUG -c -I../Inc -O0 -ffunction-sections -fdata-sections -Wall -fstack-usage -MMD -MP -MF"stm32_drivers/MPU6050.d" -MT"stm32_drivers/MPU6050.o" --specs=nano.specs -mfloat-abi=soft -mthumb -o "stm32_drivers/MPU6050.o"
arm-none-eabi-gcc "../stm32_drivers/STM32_I2C_DRIVER.c" -mcpu=cortex-m3 -std=gnu11 -g3 -DSTM32 -DSTM32F1 -DSTM32F103C8Tx -DDEBUG -c -I../Inc -O0 -ffunction-sections -fdata-sections -Wall -fstack-usage -MMD -MP -MF"stm32_drivers/STM32_I2C_DRIVER.d" -MT"stm32_drivers/STM32_I2C_DRIVER.o" --specs=nano.specs -mfloat-abi=soft -mthumb -o "stm32_drivers/STM32_I2C_DRIVER.o"
arm-none-eabi-gcc "../stm32_drivers/STM32_TIMERS_DRIVER.c" -mcpu=cortex-m3 -std=gnu11 -g3 -DSTM32 -DSTM32F1 -DSTM32F103C8Tx -DDEBUG -c -I../Inc -O0 -ffunction-sections -fdata-sections -Wall -fstack-usage -MMD -MP -MF"stm32_drivers/STM32_TIMERS_DRIVER.d" -MT"stm32_drivers/STM32_TIMERS_DRIVER.o" --specs=nano.specs -mfloat-abi=soft -mthumb -o "stm32_drivers/STM32_TIMERS_DRIVER.o"
arm-none-eabi-gcc "../stm32_drivers/Triac_drimmer.c" -mcpu=cortex-m3 -std=gnu11 -g3 -DSTM32 -DSTM32F1 -DSTM32F103C8Tx -DDEBUG -c -I../Inc -O0 -ffunction-sections -fdata-sections -Wall -fstack-usage -MMD -MP -MF"stm32_drivers/Triac_drimmer.d" -MT"stm32_drivers/Triac_drimmer.o" --specs=nano.specs -mfloat-abi=soft -mthumb -o "stm32_drivers/Triac_drimmer.o"
../stm32_drivers/ALSHREIF_RTOS/RTOS_FIFO.c:9:10: fatal error: RTOS_FIFO.h: No such file or directory
arm-none-eabi-gcc "../stm32_drivers/keypad.c" -mcpu=cortex-m3 -std=gnu11 -g3 -DSTM32 -DSTM32F1 -DSTM32F103C8Tx -DDEBUG -c -I../Inc -O0 -ffunction-sections -fdata-sections -Wall -fstack-usage -MMD -MP -MF"stm32_drivers/keypad.d" -MT"stm32_drivers/keypad.o" --specs=nano.specs -mfloat-abi=soft -mthumb -o "stm32_drivers/keypad.o"
 #include "RTOS_FIFO.h"
          ^~~~~~~~~~~~~
compilation terminated.
../stm32_drivers/ALSHREIF_RTOS/RTOS_CORTEX_M3_PORTING.c:7:10: fatal error: RTOS_CORTEX_M3_PORTING.h: No such file or directory
 #include "RTOS_CORTEX_M3_PORTING.h"
          ^~~~~~~~~~~~~~~~~~~~~~~~~~
compilation terminated.
../stm32_drivers/EEPROM.c:8:10: fatal error: EEPROM.h: No such file or directory
 #include "EEPROM.h"
          ^~~~~~~~~~
compilation terminated.
../stm32_drivers/CLICK_MODE.c:8:10: fatal error: CLICK_MODE.h: No such file or directory
 #include "CLICK_MODE.h"
          ^~~~~~~~~~~~~~
compilation terminated.
../stm32_drivers/ALSHREIF_RTOS/SCEDULER.c:8:10: fatal error: SCEDULER.h: No such file or directory
 #include "SCEDULER.h"
          ^~~~~~~~~~~~
compilation terminated.
../stm32_drivers/GPIO_DRIVER.c:1:10: fatal error: STM32f103c6.h: No such file or directory
 #include "STM32f103c6.h"
          ^~~~~~~~~~~~~~~
compilation terminated.
arm-none-eabi-gcc "../stm32_drivers/stm32_speed_DRIVER.c" -mcpu=cortex-m3 -std=gnu11 -g3 -DSTM32 -DSTM32F1 -DSTM32F103C8Tx -DDEBUG -c -I../Inc -O0 -ffunction-sections -fdata-sections -Wall -fstack-usage -MMD -MP -MF"stm32_drivers/stm32_speed_DRIVER.d" -MT"stm32_drivers/stm32_speed_DRIVER.o" --specs=nano.specs -mfloat-abi=soft -mthumb -o "stm32_drivers/stm32_speed_DRIVER.o"
../stm32_drivers/FIFO.c:7:10: fatal error: FIFO.h: No such file or directory
 #include "FIFO.h"
          ^~~~~~~~
compilation terminated.
make: *** [stm32_drivers/ALSHREIF_RTOS/subdir.mk:26: stm32_drivers/ALSHREIF_RTOS/RTOS_FIFO.o] Error 1
make: *** Waiting for unfinished jobs....
make: *** [stm32_drivers/ALSHREIF_RTOS/subdir.mk:24: stm32_drivers/ALSHREIF_RTOS/RTOS_CORTEX_M3_PORTING.o] Error 1
make: *** [stm32_drivers/ALSHREIF_RTOS/subdir.mk:28: stm32_drivers/ALSHREIF_RTOS/SCEDULER.o] Error 1
make: *** [stm32_drivers/subdir.mk:66: stm32_drivers/CLICK_MODE.o] Error 1
../stm32_drivers/I2C_LCD.c:8:10: fatal error: I2C_LCD.h: No such file or directory
 #include "I2C_LCD.h"
          ^~~~~~~~~~~
make: *** [stm32_drivers/subdir.mk:68: stm32_drivers/EEPROM.o] Error 1
make: *** [stm32_drivers/subdir.mk:72: stm32_drivers/GPIO_DRIVER.o] Error 1
compilation terminated.
make: *** [stm32_drivers/subdir.mk:70: stm32_drivers/FIFO.o] Error 1
make: *** [stm32_drivers/subdir.mk:74: stm32_drivers/I2C_LCD.o] Error 1
../stm32_drivers/LCD.c:8:10: fatal error: LCD.h: No such file or directory
 #include "LCD.h"
          ^~~~~~~
compilation terminated.
../stm32_drivers/MPU6050.c:9:10: fatal error: MPU6050.h: No such file or directory
 #include "MPU6050.h"
          ^~~~~~~~~~~
compilation terminated.
../stm32_drivers/LIFO.c:8:10: fatal error: LIFO.h: No such file or directory
 #include "LIFO.h"
          ^~~~~~~~
compilation terminated.
../stm32_drivers/STM32_I2C_DRIVER.c:9:10: fatal error: STM32_I2C_DRIVER.h: No such file or directory
 #include "STM32_I2C_DRIVER.h"
          ^~~~~~~~~~~~~~~~~~~~
compilation terminated.
make: *** [stm32_drivers/subdir.mk:76: stm32_drivers/LCD.o] Error 1
../stm32_drivers/Triac_drimmer.c:9:10: fatal error: Triac_drimmer.h: No such file or directory
 #include "Triac_drimmer.h"
          ^~~~~~~~~~~~~~~~~
make: *** [stm32_drivers/subdir.mk:80: stm32_drivers/MPU6050.o] Error 1
compilation terminated.
../stm32_drivers/STM32_TIMERS_DRIVER.c:8:10: fatal error: STM32_TIMERS_DRIVER.h: No such file or directory
 #include "STM32_TIMERS_DRIVER.h"
          ^~~~~~~~~~~~~~~~~~~~~~~
compilation terminated.
make: *** [stm32_drivers/subdir.mk:78: stm32_drivers/LIFO.o] Error 1
make: *** [stm32_drivers/subdir.mk:82: stm32_drivers/STM32_I2C_DRIVER.o] Error 1
make: *** [stm32_drivers/subdir.mk:86: stm32_drivers/Triac_drimmer.o] Error 1
make: *** [stm32_drivers/subdir.mk:84: stm32_drivers/STM32_TIMERS_DRIVER.o] Error 1
../stm32_drivers/keypad.c:2:10: fatal error: keypad.h: No such file or directory
 #include "keypad.h"
          ^~~~~~~~~~
compilation terminated.
../stm32_drivers/stm32_speed_DRIVER.c:8:10: fatal error: stm32_speed_DRIVER.h: No such file or directory
 #include "stm32_speed_DRIVER.h"
          ^~~~~~~~~~~~~~~~~~~~~~
compilation terminated.
make: *** [stm32_drivers/subdir.mk:88: stm32_drivers/keypad.o] Error 1
make: *** [stm32_drivers/subdir.mk:90: stm32_drivers/stm32_speed_DRIVER.o] Error 1
"make -j16 all" terminated with exit code 2. Build might be incomplete.
12:04:49 **** Incremental Build of configuration Debug for project BLDC_MOTOR ****
make -j16 all 
arm-none-eabi-gcc "../stm32_drivers/ALSHREIF_RTOS/RTOS_CORTEX_M3_PORTING.c" -mcpu=cortex-m3 -std=gnu11 -g3 -DSTM32 -DSTM32F1 -DSTM32F103C8Tx -DDEBUG -c -I../Inc -I"C:/E/embedded/test/final simulation code for my assignments/BLDC_MOTOR/BLDC_MOTOR/stm32_drivers/inc" -O0 -ffunction-sections -fdata-sections -Wall -fstack-usage -MMD -MP -MF"stm32_drivers/ALSHREIF_RTOS/RTOS_CORTEX_M3_PORTING.d" -MT"stm32_drivers/ALSHREIF_RTOS/RTOS_CORTEX_M3_PORTING.o" --specs=nano.specs -mfloat-abi=soft -mthumb -o "stm32_drivers/ALSHREIF_RTOS/RTOS_CORTEX_M3_PORTING.o"
arm-none-eabi-gcc "../stm32_drivers/ALSHREIF_RTOS/RTOS_FIFO.c" -mcpu=cortex-m3 -std=gnu11 -g3 -DSTM32 -DSTM32F1 -DSTM32F103C8Tx -DDEBUG -c -I../Inc -I"C:/E/embedded/test/final simulation code for my assignments/BLDC_MOTOR/BLDC_MOTOR/stm32_drivers/inc" -O0 -ffunction-sections -fdata-sections -Wall -fstack-usage -MMD -MP -MF"stm32_drivers/ALSHREIF_RTOS/RTOS_FIFO.d" -MT"stm32_drivers/ALSHREIF_RTOS/RTOS_FIFO.o" --specs=nano.specs -mfloat-abi=soft -mthumb -o "stm32_drivers/ALSHREIF_RTOS/RTOS_FIFO.o"
arm-none-eabi-gcc "../stm32_drivers/ALSHREIF_RTOS/SCEDULER.c" -mcpu=cortex-m3 -std=gnu11 -g3 -DSTM32 -DSTM32F1 -DSTM32F103C8Tx -DDEBUG -c -I../Inc -I"C:/E/embedded/test/final simulation code for my assignments/BLDC_MOTOR/BLDC_MOTOR/stm32_drivers/inc" -O0 -ffunction-sections -fdata-sections -Wall -fstack-usage -MMD -MP -MF"stm32_drivers/ALSHREIF_RTOS/SCEDULER.d" -MT"stm32_drivers/ALSHREIF_RTOS/SCEDULER.o" --specs=nano.specs -mfloat-abi=soft -mthumb -o "stm32_drivers/ALSHREIF_RTOS/SCEDULER.o"
arm-none-eabi-gcc "../stm32_drivers/CLICK_MODE.c" -mcpu=cortex-m3 -std=gnu11 -g3 -DSTM32 -DSTM32F1 -DSTM32F103C8Tx -DDEBUG -c -I../Inc -I"C:/E/embedded/test/final simulation code for my assignments/BLDC_MOTOR/BLDC_MOTOR/stm32_drivers/inc" -O0 -ffunction-sections -fdata-sections -Wall -fstack-usage -MMD -MP -MF"stm32_drivers/CLICK_MODE.d" -MT"stm32_drivers/CLICK_MODE.o" --specs=nano.specs -mfloat-abi=soft -mthumb -o "stm32_drivers/CLICK_MODE.o"
arm-none-eabi-gcc "../stm32_drivers/EEPROM.c" -mcpu=cortex-m3 -std=gnu11 -g3 -DSTM32 -DSTM32F1 -DSTM32F103C8Tx -DDEBUG -c -I../Inc -I"C:/E/embedded/test/final simulation code for my assignments/BLDC_MOTOR/BLDC_MOTOR/stm32_drivers/inc" -O0 -ffunction-sections -fdata-sections -Wall -fstack-usage -MMD -MP -MF"stm32_drivers/EEPROM.d" -MT"stm32_drivers/EEPROM.o" --specs=nano.specs -mfloat-abi=soft -mthumb -o "stm32_drivers/EEPROM.o"
arm-none-eabi-gcc "../stm32_drivers/FIFO.c" -mcpu=cortex-m3 -std=gnu11 -g3 -DSTM32 -DSTM32F1 -DSTM32F103C8Tx -DDEBUG -c -I../Inc -I"C:/E/embedded/test/final simulation code for my assignments/BLDC_MOTOR/BLDC_MOTOR/stm32_drivers/inc" -O0 -ffunction-sections -fdata-sections -Wall -fstack-usage -MMD -MP -MF"stm32_drivers/FIFO.d" -MT"stm32_drivers/FIFO.o" --specs=nano.specs -mfloat-abi=soft -mthumb -o "stm32_drivers/FIFO.o"
arm-none-eabi-gcc "../stm32_drivers/GPIO_DRIVER.c" -mcpu=cortex-m3 -std=gnu11 -g3 -DSTM32 -DSTM32F1 -DSTM32F103C8Tx -DDEBUG -c -I../Inc -I"C:/E/embedded/test/final simulation code for my assignments/BLDC_MOTOR/BLDC_MOTOR/stm32_drivers/inc" -O0 -ffunction-sections -fdata-sections -Wall -fstack-usage -MMD -MP -MF"stm32_drivers/GPIO_DRIVER.d" -MT"stm32_drivers/GPIO_DRIVER.o" --specs=nano.specs -mfloat-abi=soft -mthumb -o "stm32_drivers/GPIO_DRIVER.o"
arm-none-eabi-gcc "../stm32_drivers/I2C_LCD.c" -mcpu=cortex-m3 -std=gnu11 -g3 -DSTM32 -DSTM32F1 -DSTM32F103C8Tx -DDEBUG -c -I../Inc -I"C:/E/embedded/test/final simulation code for my assignments/BLDC_MOTOR/BLDC_MOTOR/stm32_drivers/inc" -O0 -ffunction-sections -fdata-sections -Wall -fstack-usage -MMD -MP -MF"stm32_drivers/I2C_LCD.d" -MT"stm32_drivers/I2C_LCD.o" --specs=nano.specs -mfloat-abi=soft -mthumb -o "stm32_drivers/I2C_LCD.o"
arm-none-eabi-gcc "../stm32_drivers/LCD.c" -mcpu=cortex-m3 -std=gnu11 -g3 -DSTM32 -DSTM32F1 -DSTM32F103C8Tx -DDEBUG -c -I../Inc -I"C:/E/embedded/test/final simulation code for my assignments/BLDC_MOTOR/BLDC_MOTOR/stm32_drivers/inc" -O0 -ffunction-sections -fdata-sections -Wall -fstack-usage -MMD -MP -MF"stm32_drivers/LCD.d" -MT"stm32_drivers/LCD.o" --specs=nano.specs -mfloat-abi=soft -mthumb -o "stm32_drivers/LCD.o"
arm-none-eabi-gcc "../stm32_drivers/LIFO.c" -mcpu=cortex-m3 -std=gnu11 -g3 -DSTM32 -DSTM32F1 -DSTM32F103C8Tx -DDEBUG -c -I../Inc -I"C:/E/embedded/test/final simulation code for my assignments/BLDC_MOTOR/BLDC_MOTOR/stm32_drivers/inc" -O0 -ffunction-sections -fdata-sections -Wall -fstack-usage -MMD -MP -MF"stm32_drivers/LIFO.d" -MT"stm32_drivers/LIFO.o" --specs=nano.specs -mfloat-abi=soft -mthumb -o "stm32_drivers/LIFO.o"
arm-none-eabi-gcc "../stm32_drivers/MPU6050.c" -mcpu=cortex-m3 -std=gnu11 -g3 -DSTM32 -DSTM32F1 -DSTM32F103C8Tx -DDEBUG -c -I../Inc -I"C:/E/embedded/test/final simulation code for my assignments/BLDC_MOTOR/BLDC_MOTOR/stm32_drivers/inc" -O0 -ffunction-sections -fdata-sections -Wall -fstack-usage -MMD -MP -MF"stm32_drivers/MPU6050.d" -MT"stm32_drivers/MPU6050.o" --specs=nano.specs -mfloat-abi=soft -mthumb -o "stm32_drivers/MPU6050.o"
arm-none-eabi-gcc "../stm32_drivers/STM32_I2C_DRIVER.c" -mcpu=cortex-m3 -std=gnu11 -g3 -DSTM32 -DSTM32F1 -DSTM32F103C8Tx -DDEBUG -c -I../Inc -I"C:/E/embedded/test/final simulation code for my assignments/BLDC_MOTOR/BLDC_MOTOR/stm32_drivers/inc" -O0 -ffunction-sections -fdata-sections -Wall -fstack-usage -MMD -MP -MF"stm32_drivers/STM32_I2C_DRIVER.d" -MT"stm32_drivers/STM32_I2C_DRIVER.o" --specs=nano.specs -mfloat-abi=soft -mthumb -o "stm32_drivers/STM32_I2C_DRIVER.o"
../stm32_drivers/ALSHREIF_RTOS/RTOS_CORTEX_M3_PORTING.c:7:10: fatal error: RTOS_CORTEX_M3_PORTING.h: No such file or directory
 #include "RTOS_CORTEX_M3_PORTING.h"
          ^~~~~~~~~~~~~~~~~~~~~~~~~~
compilation terminated.
arm-none-eabi-gcc "../stm32_drivers/STM32_TIMERS_DRIVER.c" -mcpu=cortex-m3 -std=gnu11 -g3 -DSTM32 -DSTM32F1 -DSTM32F103C8Tx -DDEBUG -c -I../Inc -I"C:/E/embedded/test/final simulation code for my assignments/BLDC_MOTOR/BLDC_MOTOR/stm32_drivers/inc" -O0 -ffunction-sections -fdata-sections -Wall -fstack-usage -MMD -MP -MF"stm32_drivers/STM32_TIMERS_DRIVER.d" -MT"stm32_drivers/STM32_TIMERS_DRIVER.o" --specs=nano.specs -mfloat-abi=soft -mthumb -o "stm32_drivers/STM32_TIMERS_DRIVER.o"
../stm32_drivers/ALSHREIF_RTOS/RTOS_FIFO.c:9:10: fatal error: RTOS_FIFO.h: No such file or directory
 #include "RTOS_FIFO.h"
          ^~~~~~~~~~~~~
compilation terminated.
make: *** [stm32_drivers/ALSHREIF_RTOS/subdir.mk:24: stm32_drivers/ALSHREIF_RTOS/RTOS_CORTEX_M3_PORTING.o] Error 1
make: *** Waiting for unfinished jobs....
../stm32_drivers/ALSHREIF_RTOS/SCEDULER.c:8:10: fatal error: SCEDULER.h: No such file or directory
 #include "SCEDULER.h"
          ^~~~~~~~~~~~
compilation terminated.
make: *** [stm32_drivers/ALSHREIF_RTOS/subdir.mk:26: stm32_drivers/ALSHREIF_RTOS/RTOS_FIFO.o] Error 1
make: *** [stm32_drivers/ALSHREIF_RTOS/subdir.mk:28: stm32_drivers/ALSHREIF_RTOS/SCEDULER.o] Error 1
../stm32_drivers/I2C_LCD.c: In function 'I2C_LCD_write_FLOATnumber':
../stm32_drivers/I2C_LCD.c:114:2: warning: implicit declaration of function 'gcvt' [-Wimplicit-function-declaration]
  gcvt(num,digit,text);
  ^~~~
../stm32_drivers/LCD.c: In function 'LCD_write_FLOATnumber':
../stm32_drivers/LCD.c:118:2: warning: implicit declaration of function 'gcvt' [-Wimplicit-function-declaration]
  gcvt(num,digit,text);
  ^~~~
../stm32_drivers/STM32_I2C_DRIVER.c: In function 'I2C_GetFlagStatus':
../stm32_drivers/STM32_I2C_DRIVER.c:119:20: warning: variable 'dummy_Read' set but not used [-Wunused-but-set-variable]
  volatile uint32_t dummy_Read;
                    ^~~~~~~~~~
"make -j16 all" terminated with exit code 2. Build might be incomplete.
12:05:15 **** Incremental Build of configuration Debug for project BLDC_MOTOR ****
make -j16 all 
arm-none-eabi-gcc "../stm32_drivers/ALSHREIF_RTOS/RTOS_CORTEX_M3_PORTING.c" -mcpu=cortex-m3 -std=gnu11 -g3 -DSTM32 -DSTM32F1 -DSTM32F103C8Tx -DDEBUG -c -I../Inc -I"C:/E/embedded/test/final simulation code for my assignments/BLDC_MOTOR/BLDC_MOTOR/stm32_drivers/ALSHREIF_RTOS/INC" -I"C:/E/embedded/test/final simulation code for my assignments/BLDC_MOTOR/BLDC_MOTOR/stm32_drivers/inc" -O0 -ffunction-sections -fdata-sections -Wall -fstack-usage -MMD -MP -MF"stm32_drivers/ALSHREIF_RTOS/RTOS_CORTEX_M3_PORTING.d" -MT"stm32_drivers/ALSHREIF_RTOS/RTOS_CORTEX_M3_PORTING.o" --specs=nano.specs -mfloat-abi=soft -mthumb -o "stm32_drivers/ALSHREIF_RTOS/RTOS_CORTEX_M3_PORTING.o"
arm-none-eabi-gcc "../stm32_drivers/ALSHREIF_RTOS/RTOS_FIFO.c" -mcpu=cortex-m3 -std=gnu11 -g3 -DSTM32 -DSTM32F1 -DSTM32F103C8Tx -DDEBUG -c -I../Inc -I"C:/E/embedded/test/final simulation code for my assignments/BLDC_MOTOR/BLDC_MOTOR/stm32_drivers/ALSHREIF_RTOS/INC" -I"C:/E/embedded/test/final simulation code for my assignments/BLDC_MOTOR/BLDC_MOTOR/stm32_drivers/inc" -O0 -ffunction-sections -fdata-sections -Wall -fstack-usage -MMD -MP -MF"stm32_drivers/ALSHREIF_RTOS/RTOS_FIFO.d" -MT"stm32_drivers/ALSHREIF_RTOS/RTOS_FIFO.o" --specs=nano.specs -mfloat-abi=soft -mthumb -o "stm32_drivers/ALSHREIF_RTOS/RTOS_FIFO.o"
arm-none-eabi-gcc "../stm32_drivers/ALSHREIF_RTOS/SCEDULER.c" -mcpu=cortex-m3 -std=gnu11 -g3 -DSTM32 -DSTM32F1 -DSTM32F103C8Tx -DDEBUG -c -I../Inc -I"C:/E/embedded/test/final simulation code for my assignments/BLDC_MOTOR/BLDC_MOTOR/stm32_drivers/ALSHREIF_RTOS/INC" -I"C:/E/embedded/test/final simulation code for my assignments/BLDC_MOTOR/BLDC_MOTOR/stm32_drivers/inc" -O0 -ffunction-sections -fdata-sections -Wall -fstack-usage -MMD -MP -MF"stm32_drivers/ALSHREIF_RTOS/SCEDULER.d" -MT"stm32_drivers/ALSHREIF_RTOS/SCEDULER.o" --specs=nano.specs -mfloat-abi=soft -mthumb -o "stm32_drivers/ALSHREIF_RTOS/SCEDULER.o"
arm-none-eabi-gcc "../stm32_drivers/CLICK_MODE.c" -mcpu=cortex-m3 -std=gnu11 -g3 -DSTM32 -DSTM32F1 -DSTM32F103C8Tx -DDEBUG -c -I../Inc -I"C:/E/embedded/test/final simulation code for my assignments/BLDC_MOTOR/BLDC_MOTOR/stm32_drivers/ALSHREIF_RTOS/INC" -I"C:/E/embedded/test/final simulation code for my assignments/BLDC_MOTOR/BLDC_MOTOR/stm32_drivers/inc" -O0 -ffunction-sections -fdata-sections -Wall -fstack-usage -MMD -MP -MF"stm32_drivers/CLICK_MODE.d" -MT"stm32_drivers/CLICK_MODE.o" --specs=nano.specs -mfloat-abi=soft -mthumb -o "stm32_drivers/CLICK_MODE.o"
arm-none-eabi-gcc "../stm32_drivers/EEPROM.c" -mcpu=cortex-m3 -std=gnu11 -g3 -DSTM32 -DSTM32F1 -DSTM32F103C8Tx -DDEBUG -c -I../Inc -I"C:/E/embedded/test/final simulation code for my assignments/BLDC_MOTOR/BLDC_MOTOR/stm32_drivers/ALSHREIF_RTOS/INC" -I"C:/E/embedded/test/final simulation code for my assignments/BLDC_MOTOR/BLDC_MOTOR/stm32_drivers/inc" -O0 -ffunction-sections -fdata-sections -Wall -fstack-usage -MMD -MP -MF"stm32_drivers/EEPROM.d" -MT"stm32_drivers/EEPROM.o" --specs=nano.specs -mfloat-abi=soft -mthumb -o "stm32_drivers/EEPROM.o"
arm-none-eabi-gcc "../stm32_drivers/FIFO.c" -mcpu=cortex-m3 -std=gnu11 -g3 -DSTM32 -DSTM32F1 -DSTM32F103C8Tx -DDEBUG -c -I../Inc -I"C:/E/embedded/test/final simulation code for my assignments/BLDC_MOTOR/BLDC_MOTOR/stm32_drivers/ALSHREIF_RTOS/INC" -I"C:/E/embedded/test/final simulation code for my assignments/BLDC_MOTOR/BLDC_MOTOR/stm32_drivers/inc" -O0 -ffunction-sections -fdata-sections -Wall -fstack-usage -MMD -MP -MF"stm32_drivers/FIFO.d" -MT"stm32_drivers/FIFO.o" --specs=nano.specs -mfloat-abi=soft -mthumb -o "stm32_drivers/FIFO.o"
arm-none-eabi-gcc "../stm32_drivers/GPIO_DRIVER.c" -mcpu=cortex-m3 -std=gnu11 -g3 -DSTM32 -DSTM32F1 -DSTM32F103C8Tx -DDEBUG -c -I../Inc -I"C:/E/embedded/test/final simulation code for my assignments/BLDC_MOTOR/BLDC_MOTOR/stm32_drivers/ALSHREIF_RTOS/INC" -I"C:/E/embedded/test/final simulation code for my assignments/BLDC_MOTOR/BLDC_MOTOR/stm32_drivers/inc" -O0 -ffunction-sections -fdata-sections -Wall -fstack-usage -MMD -MP -MF"stm32_drivers/GPIO_DRIVER.d" -MT"stm32_drivers/GPIO_DRIVER.o" --specs=nano.specs -mfloat-abi=soft -mthumb -o "stm32_drivers/GPIO_DRIVER.o"
arm-none-eabi-gcc "../stm32_drivers/I2C_LCD.c" -mcpu=cortex-m3 -std=gnu11 -g3 -DSTM32 -DSTM32F1 -DSTM32F103C8Tx -DDEBUG -c -I../Inc -I"C:/E/embedded/test/final simulation code for my assignments/BLDC_MOTOR/BLDC_MOTOR/stm32_drivers/ALSHREIF_RTOS/INC" -I"C:/E/embedded/test/final simulation code for my assignments/BLDC_MOTOR/BLDC_MOTOR/stm32_drivers/inc" -O0 -ffunction-sections -fdata-sections -Wall -fstack-usage -MMD -MP -MF"stm32_drivers/I2C_LCD.d" -MT"stm32_drivers/I2C_LCD.o" --specs=nano.specs -mfloat-abi=soft -mthumb -o "stm32_drivers/I2C_LCD.o"
arm-none-eabi-gcc "../stm32_drivers/LCD.c" -mcpu=cortex-m3 -std=gnu11 -g3 -DSTM32 -DSTM32F1 -DSTM32F103C8Tx -DDEBUG -c -I../Inc -I"C:/E/embedded/test/final simulation code for my assignments/BLDC_MOTOR/BLDC_MOTOR/stm32_drivers/ALSHREIF_RTOS/INC" -I"C:/E/embedded/test/final simulation code for my assignments/BLDC_MOTOR/BLDC_MOTOR/stm32_drivers/inc" -O0 -ffunction-sections -fdata-sections -Wall -fstack-usage -MMD -MP -MF"stm32_drivers/LCD.d" -MT"stm32_drivers/LCD.o" --specs=nano.specs -mfloat-abi=soft -mthumb -o "stm32_drivers/LCD.o"
arm-none-eabi-gcc "../stm32_drivers/LIFO.c" -mcpu=cortex-m3 -std=gnu11 -g3 -DSTM32 -DSTM32F1 -DSTM32F103C8Tx -DDEBUG -c -I../Inc -I"C:/E/embedded/test/final simulation code for my assignments/BLDC_MOTOR/BLDC_MOTOR/stm32_drivers/ALSHREIF_RTOS/INC" -I"C:/E/embedded/test/final simulation code for my assignments/BLDC_MOTOR/BLDC_MOTOR/stm32_drivers/inc" -O0 -ffunction-sections -fdata-sections -Wall -fstack-usage -MMD -MP -MF"stm32_drivers/LIFO.d" -MT"stm32_drivers/LIFO.o" --specs=nano.specs -mfloat-abi=soft -mthumb -o "stm32_drivers/LIFO.o"
arm-none-eabi-gcc "../stm32_drivers/MPU6050.c" -mcpu=cortex-m3 -std=gnu11 -g3 -DSTM32 -DSTM32F1 -DSTM32F103C8Tx -DDEBUG -c -I../Inc -I"C:/E/embedded/test/final simulation code for my assignments/BLDC_MOTOR/BLDC_MOTOR/stm32_drivers/ALSHREIF_RTOS/INC" -I"C:/E/embedded/test/final simulation code for my assignments/BLDC_MOTOR/BLDC_MOTOR/stm32_drivers/inc" -O0 -ffunction-sections -fdata-sections -Wall -fstack-usage -MMD -MP -MF"stm32_drivers/MPU6050.d" -MT"stm32_drivers/MPU6050.o" --specs=nano.specs -mfloat-abi=soft -mthumb -o "stm32_drivers/MPU6050.o"
arm-none-eabi-gcc "../stm32_drivers/STM32_I2C_DRIVER.c" -mcpu=cortex-m3 -std=gnu11 -g3 -DSTM32 -DSTM32F1 -DSTM32F103C8Tx -DDEBUG -c -I../Inc -I"C:/E/embedded/test/final simulation code for my assignments/BLDC_MOTOR/BLDC_MOTOR/stm32_drivers/ALSHREIF_RTOS/INC" -I"C:/E/embedded/test/final simulation code for my assignments/BLDC_MOTOR/BLDC_MOTOR/stm32_drivers/inc" -O0 -ffunction-sections -fdata-sections -Wall -fstack-usage -MMD -MP -MF"stm32_drivers/STM32_I2C_DRIVER.d" -MT"stm32_drivers/STM32_I2C_DRIVER.o" --specs=nano.specs -mfloat-abi=soft -mthumb -o "stm32_drivers/STM32_I2C_DRIVER.o"
arm-none-eabi-gcc "../stm32_drivers/STM32_TIMERS_DRIVER.c" -mcpu=cortex-m3 -std=gnu11 -g3 -DSTM32 -DSTM32F1 -DSTM32F103C8Tx -DDEBUG -c -I../Inc -I"C:/E/embedded/test/final simulation code for my assignments/BLDC_MOTOR/BLDC_MOTOR/stm32_drivers/ALSHREIF_RTOS/INC" -I"C:/E/embedded/test/final simulation code for my assignments/BLDC_MOTOR/BLDC_MOTOR/stm32_drivers/inc" -O0 -ffunction-sections -fdata-sections -Wall -fstack-usage -MMD -MP -MF"stm32_drivers/STM32_TIMERS_DRIVER.d" -MT"stm32_drivers/STM32_TIMERS_DRIVER.o" --specs=nano.specs -mfloat-abi=soft -mthumb -o "stm32_drivers/STM32_TIMERS_DRIVER.o"
arm-none-eabi-gcc "../stm32_drivers/Triac_drimmer.c" -mcpu=cortex-m3 -std=gnu11 -g3 -DSTM32 -DSTM32F1 -DSTM32F103C8Tx -DDEBUG -c -I../Inc -I"C:/E/embedded/test/final simulation code for my assignments/BLDC_MOTOR/BLDC_MOTOR/stm32_drivers/ALSHREIF_RTOS/INC" -I"C:/E/embedded/test/final simulation code for my assignments/BLDC_MOTOR/BLDC_MOTOR/stm32_drivers/inc" -O0 -ffunction-sections -fdata-sections -Wall -fstack-usage -MMD -MP -MF"stm32_drivers/Triac_drimmer.d" -MT"stm32_drivers/Triac_drimmer.o" --specs=nano.specs -mfloat-abi=soft -mthumb -o "stm32_drivers/Triac_drimmer.o"
arm-none-eabi-gcc "../stm32_drivers/keypad.c" -mcpu=cortex-m3 -std=gnu11 -g3 -DSTM32 -DSTM32F1 -DSTM32F103C8Tx -DDEBUG -c -I../Inc -I"C:/E/embedded/test/final simulation code for my assignments/BLDC_MOTOR/BLDC_MOTOR/stm32_drivers/ALSHREIF_RTOS/INC" -I"C:/E/embedded/test/final simulation code for my assignments/BLDC_MOTOR/BLDC_MOTOR/stm32_drivers/inc" -O0 -ffunction-sections -fdata-sections -Wall -fstack-usage -MMD -MP -MF"stm32_drivers/keypad.d" -MT"stm32_drivers/keypad.o" --specs=nano.specs -mfloat-abi=soft -mthumb -o "stm32_drivers/keypad.o"
arm-none-eabi-gcc "../stm32_drivers/stm32_speed_DRIVER.c" -mcpu=cortex-m3 -std=gnu11 -g3 -DSTM32 -DSTM32F1 -DSTM32F103C8Tx -DDEBUG -c -I../Inc -I"C:/E/embedded/test/final simulation code for my assignments/BLDC_MOTOR/BLDC_MOTOR/stm32_drivers/ALSHREIF_RTOS/INC" -I"C:/E/embedded/test/final simulation code for my assignments/BLDC_MOTOR/BLDC_MOTOR/stm32_drivers/inc" -O0 -ffunction-sections -fdata-sections -Wall -fstack-usage -MMD -MP -MF"stm32_drivers/stm32_speed_DRIVER.d" -MT"stm32_drivers/stm32_speed_DRIVER.o" --specs=nano.specs -mfloat-abi=soft -mthumb -o "stm32_drivers/stm32_speed_DRIVER.o"
In file included from C:/E/embedded/test/final simulation code for my assignments/BLDC_MOTOR/BLDC_MOTOR/stm32_drivers/ALSHREIF_RTOS/INC/SCEDULER.h:10:0,
                 from C:/E/embedded/test/final simulation code for my assignments/BLDC_MOTOR/BLDC_MOTOR/stm32_drivers/ALSHREIF_RTOS/INC/RTOS_FIFO.h:10,
                 from ../stm32_drivers/ALSHREIF_RTOS/RTOS_FIFO.c:9:
C:/E/embedded/test/final simulation code for my assignments/BLDC_MOTOR/BLDC_MOTOR/stm32_drivers/ALSHREIF_RTOS/INC/RTOS_CORTEX_M3_PORTING.h:10:10: fatal error: ARMCM3.h: No such file or directory
 #include "ARMCM3.h"
          ^~~~~~~~~~
compilation terminated.
In file included from C:/E/embedded/test/final simulation code for my assignments/BLDC_MOTOR/BLDC_MOTOR/stm32_drivers/ALSHREIF_RTOS/INC/SCEDULER.h:10:0,
                 from ../stm32_drivers/ALSHREIF_RTOS/SCEDULER.c:8:
C:/E/embedded/test/final simulation code for my assignments/BLDC_MOTOR/BLDC_MOTOR/stm32_drivers/ALSHREIF_RTOS/INC/RTOS_CORTEX_M3_PORTING.h:10:10: fatal error: ARMCM3.h: No such file or directory
 #include "ARMCM3.h"
          ^~~~~~~~~~
compilation terminated.
make: *** [stm32_drivers/ALSHREIF_RTOS/subdir.mk:26: stm32_drivers/ALSHREIF_RTOS/RTOS_FIFO.o] Error 1
make: *** Waiting for unfinished jobs....
make: *** [stm32_drivers/ALSHREIF_RTOS/subdir.mk:28: stm32_drivers/ALSHREIF_RTOS/SCEDULER.o] Error 1
In file included from ../stm32_drivers/ALSHREIF_RTOS/RTOS_CORTEX_M3_PORTING.c:7:0:
C:/E/embedded/test/final simulation code for my assignments/BLDC_MOTOR/BLDC_MOTOR/stm32_drivers/ALSHREIF_RTOS/INC/RTOS_CORTEX_M3_PORTING.h:10:10: fatal error: ARMCM3.h: No such file or directory
 #include "ARMCM3.h"
          ^~~~~~~~~~
compilation terminated.
make: *** [stm32_drivers/ALSHREIF_RTOS/subdir.mk:24: stm32_drivers/ALSHREIF_RTOS/RTOS_CORTEX_M3_PORTING.o] Error 1
../stm32_drivers/I2C_LCD.c: In function 'I2C_LCD_write_FLOATnumber':
../stm32_drivers/I2C_LCD.c:114:2: warning: implicit declaration of function 'gcvt' [-Wimplicit-function-declaration]
  gcvt(num,digit,text);
  ^~~~
../stm32_drivers/Triac_drimmer.c: In function 'Drimmer_init':
../stm32_drivers/Triac_drimmer.c:22:55: warning: passing argument 4 of 'EXTI' from incompatible pointer type [-Wincompatible-pointer-types]
  EXTI(Drimer_POART,ZERO_CROS_PIN,EXTI_Trigger_Rising, zero_cross_ISR);
                                                       ^~~~~~~~~~~~~~
In file included from C:/E/embedded/test/final simulation code for my assignments/BLDC_MOTOR/BLDC_MOTOR/stm32_drivers/inc/STM32_TIMERS_DRIVER.h:18:0,
                 from C:/E/embedded/test/final simulation code for my assignments/BLDC_MOTOR/BLDC_MOTOR/stm32_drivers/inc/Triac_drimmer.h:11,
                 from ../stm32_drivers/Triac_drimmer.c:9:
C:/E/embedded/test/final simulation code for my assignments/BLDC_MOTOR/BLDC_MOTOR/stm32_drivers/inc/stm32f103c6_ISR_DRIVER.h:71:6: note: expected 'void (*)(interrupt_data *, uint8_t) {aka void (*)(struct <anonymous> *, unsigned char)}' but argument is of type 'void (*)()'
 void EXTI(GPIO_typeDef* PORTx ,uint16_t pin,uint16_t triggercase,void(*function_addres)(interrupt_data* isr_data,uint8_t interupt_num));
      ^~~~
../stm32_drivers/LCD.c: In function 'LCD_write_FLOATnumber':
../stm32_drivers/LCD.c:118:2: warning: implicit declaration of function 'gcvt' [-Wimplicit-function-declaration]
  gcvt(num,digit,text);
  ^~~~
../stm32_drivers/STM32_I2C_DRIVER.c: In function 'I2C_GetFlagStatus':
../stm32_drivers/STM32_I2C_DRIVER.c:119:20: warning: variable 'dummy_Read' set but not used [-Wunused-but-set-variable]
  volatile uint32_t dummy_Read;
                    ^~~~~~~~~~
"make -j16 all" terminated with exit code 2. Build might be incomplete.
12:05:46 **** Incremental Build of configuration Debug for project BLDC_MOTOR ****
make -j16 all 
arm-none-eabi-gcc "../stm32_drivers/ALSHREIF_RTOS/RTOS_CORTEX_M3_PORTING.c" -mcpu=cortex-m3 -std=gnu11 -g3 -DSTM32 -DSTM32F1 -DSTM32F103C8Tx -DDEBUG -c -I../Inc -I"C:/E/embedded/test/final simulation code for my assignments/BLDC_MOTOR/BLDC_MOTOR/stm32_drivers/CMSIS" -I"C:/E/embedded/test/final simulation code for my assignments/BLDC_MOTOR/BLDC_MOTOR/stm32_drivers/ALSHREIF_RTOS/INC" -I"C:/E/embedded/test/final simulation code for my assignments/BLDC_MOTOR/BLDC_MOTOR/stm32_drivers/inc" -O0 -ffunction-sections -fdata-sections -Wall -fstack-usage -MMD -MP -MF"stm32_drivers/ALSHREIF_RTOS/RTOS_CORTEX_M3_PORTING.d" -MT"stm32_drivers/ALSHREIF_RTOS/RTOS_CORTEX_M3_PORTING.o" --specs=nano.specs -mfloat-abi=soft -mthumb -o "stm32_drivers/ALSHREIF_RTOS/RTOS_CORTEX_M3_PORTING.o"
arm-none-eabi-gcc "../stm32_drivers/ALSHREIF_RTOS/RTOS_FIFO.c" -mcpu=cortex-m3 -std=gnu11 -g3 -DSTM32 -DSTM32F1 -DSTM32F103C8Tx -DDEBUG -c -I../Inc -I"C:/E/embedded/test/final simulation code for my assignments/BLDC_MOTOR/BLDC_MOTOR/stm32_drivers/CMSIS" -I"C:/E/embedded/test/final simulation code for my assignments/BLDC_MOTOR/BLDC_MOTOR/stm32_drivers/ALSHREIF_RTOS/INC" -I"C:/E/embedded/test/final simulation code for my assignments/BLDC_MOTOR/BLDC_MOTOR/stm32_drivers/inc" -O0 -ffunction-sections -fdata-sections -Wall -fstack-usage -MMD -MP -MF"stm32_drivers/ALSHREIF_RTOS/RTOS_FIFO.d" -MT"stm32_drivers/ALSHREIF_RTOS/RTOS_FIFO.o" --specs=nano.specs -mfloat-abi=soft -mthumb -o "stm32_drivers/ALSHREIF_RTOS/RTOS_FIFO.o"
arm-none-eabi-gcc "../stm32_drivers/ALSHREIF_RTOS/SCEDULER.c" -mcpu=cortex-m3 -std=gnu11 -g3 -DSTM32 -DSTM32F1 -DSTM32F103C8Tx -DDEBUG -c -I../Inc -I"C:/E/embedded/test/final simulation code for my assignments/BLDC_MOTOR/BLDC_MOTOR/stm32_drivers/CMSIS" -I"C:/E/embedded/test/final simulation code for my assignments/BLDC_MOTOR/BLDC_MOTOR/stm32_drivers/ALSHREIF_RTOS/INC" -I"C:/E/embedded/test/final simulation code for my assignments/BLDC_MOTOR/BLDC_MOTOR/stm32_drivers/inc" -O0 -ffunction-sections -fdata-sections -Wall -fstack-usage -MMD -MP -MF"stm32_drivers/ALSHREIF_RTOS/SCEDULER.d" -MT"stm32_drivers/ALSHREIF_RTOS/SCEDULER.o" --specs=nano.specs -mfloat-abi=soft -mthumb -o "stm32_drivers/ALSHREIF_RTOS/SCEDULER.o"
arm-none-eabi-gcc "../stm32_drivers/CLICK_MODE.c" -mcpu=cortex-m3 -std=gnu11 -g3 -DSTM32 -DSTM32F1 -DSTM32F103C8Tx -DDEBUG -c -I../Inc -I"C:/E/embedded/test/final simulation code for my assignments/BLDC_MOTOR/BLDC_MOTOR/stm32_drivers/CMSIS" -I"C:/E/embedded/test/final simulation code for my assignments/BLDC_MOTOR/BLDC_MOTOR/stm32_drivers/ALSHREIF_RTOS/INC" -I"C:/E/embedded/test/final simulation code for my assignments/BLDC_MOTOR/BLDC_MOTOR/stm32_drivers/inc" -O0 -ffunction-sections -fdata-sections -Wall -fstack-usage -MMD -MP -MF"stm32_drivers/CLICK_MODE.d" -MT"stm32_drivers/CLICK_MODE.o" --specs=nano.specs -mfloat-abi=soft -mthumb -o "stm32_drivers/CLICK_MODE.o"
arm-none-eabi-gcc "../stm32_drivers/EEPROM.c" -mcpu=cortex-m3 -std=gnu11 -g3 -DSTM32 -DSTM32F1 -DSTM32F103C8Tx -DDEBUG -c -I../Inc -I"C:/E/embedded/test/final simulation code for my assignments/BLDC_MOTOR/BLDC_MOTOR/stm32_drivers/CMSIS" -I"C:/E/embedded/test/final simulation code for my assignments/BLDC_MOTOR/BLDC_MOTOR/stm32_drivers/ALSHREIF_RTOS/INC" -I"C:/E/embedded/test/final simulation code for my assignments/BLDC_MOTOR/BLDC_MOTOR/stm32_drivers/inc" -O0 -ffunction-sections -fdata-sections -Wall -fstack-usage -MMD -MP -MF"stm32_drivers/EEPROM.d" -MT"stm32_drivers/EEPROM.o" --specs=nano.specs -mfloat-abi=soft -mthumb -o "stm32_drivers/EEPROM.o"
arm-none-eabi-gcc "../stm32_drivers/FIFO.c" -mcpu=cortex-m3 -std=gnu11 -g3 -DSTM32 -DSTM32F1 -DSTM32F103C8Tx -DDEBUG -c -I../Inc -I"C:/E/embedded/test/final simulation code for my assignments/BLDC_MOTOR/BLDC_MOTOR/stm32_drivers/CMSIS" -I"C:/E/embedded/test/final simulation code for my assignments/BLDC_MOTOR/BLDC_MOTOR/stm32_drivers/ALSHREIF_RTOS/INC" -I"C:/E/embedded/test/final simulation code for my assignments/BLDC_MOTOR/BLDC_MOTOR/stm32_drivers/inc" -O0 -ffunction-sections -fdata-sections -Wall -fstack-usage -MMD -MP -MF"stm32_drivers/FIFO.d" -MT"stm32_drivers/FIFO.o" --specs=nano.specs -mfloat-abi=soft -mthumb -o "stm32_drivers/FIFO.o"
arm-none-eabi-gcc "../stm32_drivers/GPIO_DRIVER.c" -mcpu=cortex-m3 -std=gnu11 -g3 -DSTM32 -DSTM32F1 -DSTM32F103C8Tx -DDEBUG -c -I../Inc -I"C:/E/embedded/test/final simulation code for my assignments/BLDC_MOTOR/BLDC_MOTOR/stm32_drivers/CMSIS" -I"C:/E/embedded/test/final simulation code for my assignments/BLDC_MOTOR/BLDC_MOTOR/stm32_drivers/ALSHREIF_RTOS/INC" -I"C:/E/embedded/test/final simulation code for my assignments/BLDC_MOTOR/BLDC_MOTOR/stm32_drivers/inc" -O0 -ffunction-sections -fdata-sections -Wall -fstack-usage -MMD -MP -MF"stm32_drivers/GPIO_DRIVER.d" -MT"stm32_drivers/GPIO_DRIVER.o" --specs=nano.specs -mfloat-abi=soft -mthumb -o "stm32_drivers/GPIO_DRIVER.o"
arm-none-eabi-gcc "../stm32_drivers/I2C_LCD.c" -mcpu=cortex-m3 -std=gnu11 -g3 -DSTM32 -DSTM32F1 -DSTM32F103C8Tx -DDEBUG -c -I../Inc -I"C:/E/embedded/test/final simulation code for my assignments/BLDC_MOTOR/BLDC_MOTOR/stm32_drivers/CMSIS" -I"C:/E/embedded/test/final simulation code for my assignments/BLDC_MOTOR/BLDC_MOTOR/stm32_drivers/ALSHREIF_RTOS/INC" -I"C:/E/embedded/test/final simulation code for my assignments/BLDC_MOTOR/BLDC_MOTOR/stm32_drivers/inc" -O0 -ffunction-sections -fdata-sections -Wall -fstack-usage -MMD -MP -MF"stm32_drivers/I2C_LCD.d" -MT"stm32_drivers/I2C_LCD.o" --specs=nano.specs -mfloat-abi=soft -mthumb -o "stm32_drivers/I2C_LCD.o"
arm-none-eabi-gcc "../stm32_drivers/LCD.c" -mcpu=cortex-m3 -std=gnu11 -g3 -DSTM32 -DSTM32F1 -DSTM32F103C8Tx -DDEBUG -c -I../Inc -I"C:/E/embedded/test/final simulation code for my assignments/BLDC_MOTOR/BLDC_MOTOR/stm32_drivers/CMSIS" -I"C:/E/embedded/test/final simulation code for my assignments/BLDC_MOTOR/BLDC_MOTOR/stm32_drivers/ALSHREIF_RTOS/INC" -I"C:/E/embedded/test/final simulation code for my assignments/BLDC_MOTOR/BLDC_MOTOR/stm32_drivers/inc" -O0 -ffunction-sections -fdata-sections -Wall -fstack-usage -MMD -MP -MF"stm32_drivers/LCD.d" -MT"stm32_drivers/LCD.o" --specs=nano.specs -mfloat-abi=soft -mthumb -o "stm32_drivers/LCD.o"
arm-none-eabi-gcc "../stm32_drivers/LIFO.c" -mcpu=cortex-m3 -std=gnu11 -g3 -DSTM32 -DSTM32F1 -DSTM32F103C8Tx -DDEBUG -c -I../Inc -I"C:/E/embedded/test/final simulation code for my assignments/BLDC_MOTOR/BLDC_MOTOR/stm32_drivers/CMSIS" -I"C:/E/embedded/test/final simulation code for my assignments/BLDC_MOTOR/BLDC_MOTOR/stm32_drivers/ALSHREIF_RTOS/INC" -I"C:/E/embedded/test/final simulation code for my assignments/BLDC_MOTOR/BLDC_MOTOR/stm32_drivers/inc" -O0 -ffunction-sections -fdata-sections -Wall -fstack-usage -MMD -MP -MF"stm32_drivers/LIFO.d" -MT"stm32_drivers/LIFO.o" --specs=nano.specs -mfloat-abi=soft -mthumb -o "stm32_drivers/LIFO.o"
arm-none-eabi-gcc "../stm32_drivers/MPU6050.c" -mcpu=cortex-m3 -std=gnu11 -g3 -DSTM32 -DSTM32F1 -DSTM32F103C8Tx -DDEBUG -c -I../Inc -I"C:/E/embedded/test/final simulation code for my assignments/BLDC_MOTOR/BLDC_MOTOR/stm32_drivers/CMSIS" -I"C:/E/embedded/test/final simulation code for my assignments/BLDC_MOTOR/BLDC_MOTOR/stm32_drivers/ALSHREIF_RTOS/INC" -I"C:/E/embedded/test/final simulation code for my assignments/BLDC_MOTOR/BLDC_MOTOR/stm32_drivers/inc" -O0 -ffunction-sections -fdata-sections -Wall -fstack-usage -MMD -MP -MF"stm32_drivers/MPU6050.d" -MT"stm32_drivers/MPU6050.o" --specs=nano.specs -mfloat-abi=soft -mthumb -o "stm32_drivers/MPU6050.o"
arm-none-eabi-gcc "../stm32_drivers/STM32_I2C_DRIVER.c" -mcpu=cortex-m3 -std=gnu11 -g3 -DSTM32 -DSTM32F1 -DSTM32F103C8Tx -DDEBUG -c -I../Inc -I"C:/E/embedded/test/final simulation code for my assignments/BLDC_MOTOR/BLDC_MOTOR/stm32_drivers/CMSIS" -I"C:/E/embedded/test/final simulation code for my assignments/BLDC_MOTOR/BLDC_MOTOR/stm32_drivers/ALSHREIF_RTOS/INC" -I"C:/E/embedded/test/final simulation code for my assignments/BLDC_MOTOR/BLDC_MOTOR/stm32_drivers/inc" -O0 -ffunction-sections -fdata-sections -Wall -fstack-usage -MMD -MP -MF"stm32_drivers/STM32_I2C_DRIVER.d" -MT"stm32_drivers/STM32_I2C_DRIVER.o" --specs=nano.specs -mfloat-abi=soft -mthumb -o "stm32_drivers/STM32_I2C_DRIVER.o"
arm-none-eabi-gcc "../stm32_drivers/STM32_TIMERS_DRIVER.c" -mcpu=cortex-m3 -std=gnu11 -g3 -DSTM32 -DSTM32F1 -DSTM32F103C8Tx -DDEBUG -c -I../Inc -I"C:/E/embedded/test/final simulation code for my assignments/BLDC_MOTOR/BLDC_MOTOR/stm32_drivers/CMSIS" -I"C:/E/embedded/test/final simulation code for my assignments/BLDC_MOTOR/BLDC_MOTOR/stm32_drivers/ALSHREIF_RTOS/INC" -I"C:/E/embedded/test/final simulation code for my assignments/BLDC_MOTOR/BLDC_MOTOR/stm32_drivers/inc" -O0 -ffunction-sections -fdata-sections -Wall -fstack-usage -MMD -MP -MF"stm32_drivers/STM32_TIMERS_DRIVER.d" -MT"stm32_drivers/STM32_TIMERS_DRIVER.o" --specs=nano.specs -mfloat-abi=soft -mthumb -o "stm32_drivers/STM32_TIMERS_DRIVER.o"
arm-none-eabi-gcc "../stm32_drivers/Triac_drimmer.c" -mcpu=cortex-m3 -std=gnu11 -g3 -DSTM32 -DSTM32F1 -DSTM32F103C8Tx -DDEBUG -c -I../Inc -I"C:/E/embedded/test/final simulation code for my assignments/BLDC_MOTOR/BLDC_MOTOR/stm32_drivers/CMSIS" -I"C:/E/embedded/test/final simulation code for my assignments/BLDC_MOTOR/BLDC_MOTOR/stm32_drivers/ALSHREIF_RTOS/INC" -I"C:/E/embedded/test/final simulation code for my assignments/BLDC_MOTOR/BLDC_MOTOR/stm32_drivers/inc" -O0 -ffunction-sections -fdata-sections -Wall -fstack-usage -MMD -MP -MF"stm32_drivers/Triac_drimmer.d" -MT"stm32_drivers/Triac_drimmer.o" --specs=nano.specs -mfloat-abi=soft -mthumb -o "stm32_drivers/Triac_drimmer.o"
arm-none-eabi-gcc "../stm32_drivers/keypad.c" -mcpu=cortex-m3 -std=gnu11 -g3 -DSTM32 -DSTM32F1 -DSTM32F103C8Tx -DDEBUG -c -I../Inc -I"C:/E/embedded/test/final simulation code for my assignments/BLDC_MOTOR/BLDC_MOTOR/stm32_drivers/CMSIS" -I"C:/E/embedded/test/final simulation code for my assignments/BLDC_MOTOR/BLDC_MOTOR/stm32_drivers/ALSHREIF_RTOS/INC" -I"C:/E/embedded/test/final simulation code for my assignments/BLDC_MOTOR/BLDC_MOTOR/stm32_drivers/inc" -O0 -ffunction-sections -fdata-sections -Wall -fstack-usage -MMD -MP -MF"stm32_drivers/keypad.d" -MT"stm32_drivers/keypad.o" --specs=nano.specs -mfloat-abi=soft -mthumb -o "stm32_drivers/keypad.o"
arm-none-eabi-gcc "../stm32_drivers/stm32_speed_DRIVER.c" -mcpu=cortex-m3 -std=gnu11 -g3 -DSTM32 -DSTM32F1 -DSTM32F103C8Tx -DDEBUG -c -I../Inc -I"C:/E/embedded/test/final simulation code for my assignments/BLDC_MOTOR/BLDC_MOTOR/stm32_drivers/CMSIS" -I"C:/E/embedded/test/final simulation code for my assignments/BLDC_MOTOR/BLDC_MOTOR/stm32_drivers/ALSHREIF_RTOS/INC" -I"C:/E/embedded/test/final simulation code for my assignments/BLDC_MOTOR/BLDC_MOTOR/stm32_drivers/inc" -O0 -ffunction-sections -fdata-sections -Wall -fstack-usage -MMD -MP -MF"stm32_drivers/stm32_speed_DRIVER.d" -MT"stm32_drivers/stm32_speed_DRIVER.o" --specs=nano.specs -mfloat-abi=soft -mthumb -o "stm32_drivers/stm32_speed_DRIVER.o"
In file included from C:/E/embedded/test/final simulation code for my assignments/BLDC_MOTOR/BLDC_MOTOR/stm32_drivers/inc/GPIO_DRIVER.h:11:0,
                 from C:/E/embedded/test/final simulation code for my assignments/BLDC_MOTOR/BLDC_MOTOR/stm32_drivers/ALSHREIF_RTOS/INC/RTOS_CORTEX_M3_PORTING.h:14,
                 from ../stm32_drivers/ALSHREIF_RTOS/RTOS_CORTEX_M3_PORTING.c:7:
C:/E/embedded/test/final simulation code for my assignments/BLDC_MOTOR/BLDC_MOTOR/stm32_drivers/inc/STM32f103c6.h:31:0: warning: "NVIC_BASE" redefined
 #define NVIC_BASE             0xE000E100UL
 
In file included from C:/E/embedded/test/final simulation code for my assignments/BLDC_MOTOR/BLDC_MOTOR/stm32_drivers/CMSIS/ARMCM3.h:98:0,
                 from C:/E/embedded/test/final simulation code for my assignments/BLDC_MOTOR/BLDC_MOTOR/stm32_drivers/ALSHREIF_RTOS/INC/RTOS_CORTEX_M3_PORTING.h:10,
                 from ../stm32_drivers/ALSHREIF_RTOS/RTOS_CORTEX_M3_PORTING.c:7:
C:/E/embedded/test/final simulation code for my assignments/BLDC_MOTOR/BLDC_MOTOR/stm32_drivers/CMSIS/core_cm3.h:1389:0: note: this is the location of the previous definition
 #define NVIC_BASE           (SCS_BASE +  0x0100UL)                    /*!< NVIC Base Address */
 
In file included from C:/E/embedded/test/final simulation code for my assignments/BLDC_MOTOR/BLDC_MOTOR/stm32_drivers/inc/GPIO_DRIVER.h:11:0,
                 from C:/E/embedded/test/final simulation code for my assignments/BLDC_MOTOR/BLDC_MOTOR/stm32_drivers/ALSHREIF_RTOS/INC/RTOS_CORTEX_M3_PORTING.h:14,
                 from C:/E/embedded/test/final simulation code for my assignments/BLDC_MOTOR/BLDC_MOTOR/stm32_drivers/ALSHREIF_RTOS/INC/SCEDULER.h:10,
                 from ../stm32_drivers/ALSHREIF_RTOS/SCEDULER.c:8:
C:/E/embedded/test/final simulation code for my assignments/BLDC_MOTOR/BLDC_MOTOR/stm32_drivers/inc/STM32f103c6.h:31:0: warning: "NVIC_BASE" redefined
 #define NVIC_BASE             0xE000E100UL
 
In file included from C:/E/embedded/test/final simulation code for my assignments/BLDC_MOTOR/BLDC_MOTOR/stm32_drivers/CMSIS/ARMCM3.h:98:0,
                 from C:/E/embedded/test/final simulation code for my assignments/BLDC_MOTOR/BLDC_MOTOR/stm32_drivers/ALSHREIF_RTOS/INC/RTOS_CORTEX_M3_PORTING.h:10,
                 from C:/E/embedded/test/final simulation code for my assignments/BLDC_MOTOR/BLDC_MOTOR/stm32_drivers/ALSHREIF_RTOS/INC/SCEDULER.h:10,
                 from ../stm32_drivers/ALSHREIF_RTOS/SCEDULER.c:8:
C:/E/embedded/test/final simulation code for my assignments/BLDC_MOTOR/BLDC_MOTOR/stm32_drivers/CMSIS/core_cm3.h:1389:0: note: this is the location of the previous definition
 #define NVIC_BASE           (SCS_BASE +  0x0100UL)                    /*!< NVIC Base Address */
 
../stm32_drivers/ALSHREIF_RTOS/SCEDULER.c: In function 'ALSHREIF_RTOS_CREAT_TASK_FRAM':
../stm32_drivers/ALSHREIF_RTOS/SCEDULER.c:72:25: warning: assignment makes pointer from integer without a cast [-Wint-conversion]
  TASK->_PSP_STACK_CURENT=TASK->_PSP_STACK_TOP;
                         ^
In file included from C:/E/embedded/test/final simulation code for my assignments/BLDC_MOTOR/BLDC_MOTOR/stm32_drivers/inc/GPIO_DRIVER.h:11:0,
                 from C:/E/embedded/test/final simulation code for my assignments/BLDC_MOTOR/BLDC_MOTOR/stm32_drivers/ALSHREIF_RTOS/INC/RTOS_CORTEX_M3_PORTING.h:14,
                 from C:/E/embedded/test/final simulation code for my assignments/BLDC_MOTOR/BLDC_MOTOR/stm32_drivers/ALSHREIF_RTOS/INC/SCEDULER.h:10,
                 from C:/E/embedded/test/final simulation code for my assignments/BLDC_MOTOR/BLDC_MOTOR/stm32_drivers/ALSHREIF_RTOS/INC/RTOS_FIFO.h:10,
                 from ../stm32_drivers/ALSHREIF_RTOS/RTOS_FIFO.c:9:
C:/E/embedded/test/final simulation code for my assignments/BLDC_MOTOR/BLDC_MOTOR/stm32_drivers/inc/STM32f103c6.h:31:0: warning: "NVIC_BASE" redefined
 #define NVIC_BASE             0xE000E100UL
 
In file included from C:/E/embedded/test/final simulation code for my assignments/BLDC_MOTOR/BLDC_MOTOR/stm32_drivers/CMSIS/ARMCM3.h:98:0,
                 from C:/E/embedded/test/final simulation code for my assignments/BLDC_MOTOR/BLDC_MOTOR/stm32_drivers/ALSHREIF_RTOS/INC/RTOS_CORTEX_M3_PORTING.h:10,
                 from C:/E/embedded/test/final simulation code for my assignments/BLDC_MOTOR/BLDC_MOTOR/stm32_drivers/ALSHREIF_RTOS/INC/SCEDULER.h:10,
                 from C:/E/embedded/test/final simulation code for my assignments/BLDC_MOTOR/BLDC_MOTOR/stm32_drivers/ALSHREIF_RTOS/INC/RTOS_FIFO.h:10,
                 from ../stm32_drivers/ALSHREIF_RTOS/RTOS_FIFO.c:9:
C:/E/embedded/test/final simulation code for my assignments/BLDC_MOTOR/BLDC_MOTOR/stm32_drivers/CMSIS/core_cm3.h:1389:0: note: this is the location of the previous definition
 #define NVIC_BASE           (SCS_BASE +  0x0100UL)                    /*!< NVIC Base Address */
 
../stm32_drivers/ALSHREIF_RTOS/RTOS_FIFO.c: In function 'OS_FIFO_ENQUEUE':
../stm32_drivers/ALSHREIF_RTOS/RTOS_FIFO.c:47:17: warning: comparison between pointer and integer
  if (fifo->tail == (((unsigned int)fifo->base + (4*fifo->lenght )) - 4 ))
                 ^~
../stm32_drivers/ALSHREIF_RTOS/RTOS_FIFO.c: In function 'OS_FIFO_DEQUEUE':
../stm32_drivers/ALSHREIF_RTOS/RTOS_FIFO.c:75:17: warning: comparison between pointer and integer
  if (fifo->head == (((unsigned int)fifo->base + (4*fifo->lenght )) - 4 ))
                 ^~
arm-none-eabi-gcc "../stm32_drivers/stm32f103c6_ADC.c" -mcpu=cortex-m3 -std=gnu11 -g3 -DSTM32 -DSTM32F1 -DSTM32F103C8Tx -DDEBUG -c -I../Inc -I"C:/E/embedded/test/final simulation code for my assignments/BLDC_MOTOR/BLDC_MOTOR/stm32_drivers/CMSIS" -I"C:/E/embedded/test/final simulation code for my assignments/BLDC_MOTOR/BLDC_MOTOR/stm32_drivers/ALSHREIF_RTOS/INC" -I"C:/E/embedded/test/final simulation code for my assignments/BLDC_MOTOR/BLDC_MOTOR/stm32_drivers/inc" -O0 -ffunction-sections -fdata-sections -Wall -fstack-usage -MMD -MP -MF"stm32_drivers/stm32f103c6_ADC.d" -MT"stm32_drivers/stm32f103c6_ADC.o" --specs=nano.specs -mfloat-abi=soft -mthumb -o "stm32_drivers/stm32f103c6_ADC.o"
arm-none-eabi-gcc "../stm32_drivers/stm32f103c6_ISR_DRIVER.c" -mcpu=cortex-m3 -std=gnu11 -g3 -DSTM32 -DSTM32F1 -DSTM32F103C8Tx -DDEBUG -c -I../Inc -I"C:/E/embedded/test/final simulation code for my assignments/BLDC_MOTOR/BLDC_MOTOR/stm32_drivers/CMSIS" -I"C:/E/embedded/test/final simulation code for my assignments/BLDC_MOTOR/BLDC_MOTOR/stm32_drivers/ALSHREIF_RTOS/INC" -I"C:/E/embedded/test/final simulation code for my assignments/BLDC_MOTOR/BLDC_MOTOR/stm32_drivers/inc" -O0 -ffunction-sections -fdata-sections -Wall -fstack-usage -MMD -MP -MF"stm32_drivers/stm32f103c6_ISR_DRIVER.d" -MT"stm32_drivers/stm32f103c6_ISR_DRIVER.o" --specs=nano.specs -mfloat-abi=soft -mthumb -o "stm32_drivers/stm32f103c6_ISR_DRIVER.o"
arm-none-eabi-gcc "../stm32_drivers/stm32f103c6_SPI_DRIVER.c" -mcpu=cortex-m3 -std=gnu11 -g3 -DSTM32 -DSTM32F1 -DSTM32F103C8Tx -DDEBUG -c -I../Inc -I"C:/E/embedded/test/final simulation code for my assignments/BLDC_MOTOR/BLDC_MOTOR/stm32_drivers/CMSIS" -I"C:/E/embedded/test/final simulation code for my assignments/BLDC_MOTOR/BLDC_MOTOR/stm32_drivers/ALSHREIF_RTOS/INC" -I"C:/E/embedded/test/final simulation code for my assignments/BLDC_MOTOR/BLDC_MOTOR/stm32_drivers/inc" -O0 -ffunction-sections -fdata-sections -Wall -fstack-usage -MMD -MP -MF"stm32_drivers/stm32f103c6_SPI_DRIVER.d" -MT"stm32_drivers/stm32f103c6_SPI_DRIVER.o" --specs=nano.specs -mfloat-abi=soft -mthumb -o "stm32_drivers/stm32f103c6_SPI_DRIVER.o"
arm-none-eabi-gcc "../stm32_drivers/stm32f103c6_USART_SRIVER.c" -mcpu=cortex-m3 -std=gnu11 -g3 -DSTM32 -DSTM32F1 -DSTM32F103C8Tx -DDEBUG -c -I../Inc -I"C:/E/embedded/test/final simulation code for my assignments/BLDC_MOTOR/BLDC_MOTOR/stm32_drivers/CMSIS" -I"C:/E/embedded/test/final simulation code for my assignments/BLDC_MOTOR/BLDC_MOTOR/stm32_drivers/ALSHREIF_RTOS/INC" -I"C:/E/embedded/test/final simulation code for my assignments/BLDC_MOTOR/BLDC_MOTOR/stm32_drivers/inc" -O0 -ffunction-sections -fdata-sections -Wall -fstack-usage -MMD -MP -MF"stm32_drivers/stm32f103c6_USART_SRIVER.d" -MT"stm32_drivers/stm32f103c6_USART_SRIVER.o" --specs=nano.specs -mfloat-abi=soft -mthumb -o "stm32_drivers/stm32f103c6_USART_SRIVER.o"
../stm32_drivers/LCD.c: In function 'LCD_write_FLOATnumber':
../stm32_drivers/LCD.c:118:2: warning: implicit declaration of function 'gcvt' [-Wimplicit-function-declaration]
  gcvt(num,digit,text);
  ^~~~
../stm32_drivers/STM32_I2C_DRIVER.c: In function 'I2C_GetFlagStatus':
../stm32_drivers/STM32_I2C_DRIVER.c:119:20: warning: variable 'dummy_Read' set but not used [-Wunused-but-set-variable]
  volatile uint32_t dummy_Read;
                    ^~~~~~~~~~
../stm32_drivers/Triac_drimmer.c: In function 'Drimmer_init':
../stm32_drivers/Triac_drimmer.c:22:55: warning: passing argument 4 of 'EXTI' from incompatible pointer type [-Wincompatible-pointer-types]
  EXTI(Drimer_POART,ZERO_CROS_PIN,EXTI_Trigger_Rising, zero_cross_ISR);
                                                       ^~~~~~~~~~~~~~
In file included from C:/E/embedded/test/final simulation code for my assignments/BLDC_MOTOR/BLDC_MOTOR/stm32_drivers/inc/STM32_TIMERS_DRIVER.h:18:0,
                 from C:/E/embedded/test/final simulation code for my assignments/BLDC_MOTOR/BLDC_MOTOR/stm32_drivers/inc/Triac_drimmer.h:11,
                 from ../stm32_drivers/Triac_drimmer.c:9:
C:/E/embedded/test/final simulation code for my assignments/BLDC_MOTOR/BLDC_MOTOR/stm32_drivers/inc/stm32f103c6_ISR_DRIVER.h:71:6: note: expected 'void (*)(interrupt_data *, uint8_t) {aka void (*)(struct <anonymous> *, unsigned char)}' but argument is of type 'void (*)()'
 void EXTI(GPIO_typeDef* PORTx ,uint16_t pin,uint16_t triggercase,void(*function_addres)(interrupt_data* isr_data,uint8_t interupt_num));
      ^~~~
../stm32_drivers/I2C_LCD.c: In function 'I2C_LCD_write_FLOATnumber':
../stm32_drivers/I2C_LCD.c:114:2: warning: implicit declaration of function 'gcvt' [-Wimplicit-function-declaration]
  gcvt(num,digit,text);
  ^~~~
arm-none-eabi-gcc -mcpu=cortex-m3 -g3 -c -x assembler-with-cpp -MMD -MP -MF"Startup/startup_stm32f103c8tx.d" -MT"Startup/startup_stm32f103c8tx.o" --specs=nano.specs -mfloat-abi=soft -mthumb -o "Startup/startup_stm32f103c8tx.o" "../Startup/startup_stm32f103c8tx.s"
arm-none-eabi-gcc "../Src/main.c" -mcpu=cortex-m3 -std=gnu11 -g3 -DSTM32 -DSTM32F1 -DSTM32F103C8Tx -DDEBUG -c -I../Inc -I"C:/E/embedded/test/final simulation code for my assignments/BLDC_MOTOR/BLDC_MOTOR/stm32_drivers/CMSIS" -I"C:/E/embedded/test/final simulation code for my assignments/BLDC_MOTOR/BLDC_MOTOR/stm32_drivers/ALSHREIF_RTOS/INC" -I"C:/E/embedded/test/final simulation code for my assignments/BLDC_MOTOR/BLDC_MOTOR/stm32_drivers/inc" -O0 -ffunction-sections -fdata-sections -Wall -fstack-usage -MMD -MP -MF"Src/main.d" -MT"Src/main.o" --specs=nano.specs -mfloat-abi=soft -mthumb -o "Src/main.o"
arm-none-eabi-gcc "../Src/syscalls.c" -mcpu=cortex-m3 -std=gnu11 -g3 -DSTM32 -DSTM32F1 -DSTM32F103C8Tx -DDEBUG -c -I../Inc -I"C:/E/embedded/test/final simulation code for my assignments/BLDC_MOTOR/BLDC_MOTOR/stm32_drivers/CMSIS" -I"C:/E/embedded/test/final simulation code for my assignments/BLDC_MOTOR/BLDC_MOTOR/stm32_drivers/ALSHREIF_RTOS/INC" -I"C:/E/embedded/test/final simulation code for my assignments/BLDC_MOTOR/BLDC_MOTOR/stm32_drivers/inc" -O0 -ffunction-sections -fdata-sections -Wall -fstack-usage -MMD -MP -MF"Src/syscalls.d" -MT"Src/syscalls.o" --specs=nano.specs -mfloat-abi=soft -mthumb -o "Src/syscalls.o"
arm-none-eabi-gcc "../Src/sysmem.c" -mcpu=cortex-m3 -std=gnu11 -g3 -DSTM32 -DSTM32F1 -DSTM32F103C8Tx -DDEBUG -c -I../Inc -I"C:/E/embedded/test/final simulation code for my assignments/BLDC_MOTOR/BLDC_MOTOR/stm32_drivers/CMSIS" -I"C:/E/embedded/test/final simulation code for my assignments/BLDC_MOTOR/BLDC_MOTOR/stm32_drivers/ALSHREIF_RTOS/INC" -I"C:/E/embedded/test/final simulation code for my assignments/BLDC_MOTOR/BLDC_MOTOR/stm32_drivers/inc" -O0 -ffunction-sections -fdata-sections -Wall -fstack-usage -MMD -MP -MF"Src/sysmem.d" -MT"Src/sysmem.o" --specs=nano.specs -mfloat-abi=soft -mthumb -o "Src/sysmem.o"
../stm32_drivers/stm32f103c6_USART_SRIVER.c: In function 'USART1_IRQHandler':
../stm32_drivers/stm32f103c6_USART_SRIVER.c:272:22: warning: unused variable 'd' [-Wunused-variable]
    volatile uint16_t d=USART1->USART_DR;
                      ^
../stm32_drivers/stm32f103c6_USART_SRIVER.c:277:21: warning: unused variable 'w' [-Wunused-variable]
   volatile uint16_t w =USART1->USART_DR;
                     ^
../stm32_drivers/stm32f103c6_USART_SRIVER.c: In function 'USART2_IRQHandler':
../stm32_drivers/stm32f103c6_USART_SRIVER.c:353:22: warning: unused variable 'd' [-Wunused-variable]
    volatile uint16_t d =USART2->USART_DR;
                      ^
../stm32_drivers/stm32f103c6_USART_SRIVER.c:358:21: warning: unused variable 'w' [-Wunused-variable]
   volatile uint16_t w =USART2->USART_DR;
                     ^
../stm32_drivers/stm32f103c6_USART_SRIVER.c: In function 'USART3_IRQHandler':
../stm32_drivers/stm32f103c6_USART_SRIVER.c:434:22: warning: unused variable 'd' [-Wunused-variable]
    volatile uint16_t d =USART3->USART_DR;
                      ^
../stm32_drivers/stm32f103c6_USART_SRIVER.c:439:21: warning: unused variable 'w' [-Wunused-variable]
   volatile uint16_t w =USART3->USART_DR;
                     ^
arm-none-eabi-gcc -o "BLDC_MOTOR.elf" @"objects.list"   -mcpu=cortex-m3 -T"C:\E\embedded\test\final simulation code for my assignments\BLDC_MOTOR\BLDC_MOTOR\STM32F103C8TX_FLASH.ld" --specs=nosys.specs -Wl,-Map="BLDC_MOTOR.map" -Wl,--gc-sections -static --specs=nano.specs -mfloat-abi=soft -mthumb -Wl,--start-group -lc -lm -Wl,--end-group
Finished building target: BLDC_MOTOR.elf
 
arm-none-eabi-size   BLDC_MOTOR.elf 
arm-none-eabi-objdump -h -S  BLDC_MOTOR.elf  > "BLDC_MOTOR.list"
arm-none-eabi-objcopy  -O binary  BLDC_MOTOR.elf  "BLDC_MOTOR.bin"
   text	   data	    bss	    dec	    hex	filename
   4656	     40	   2632	   7328	   1ca0	BLDC_MOTOR.elf
Finished building: default.size.stdout
 
Finished building: BLDC_MOTOR.bin
 
Finished building: BLDC_MOTOR.list
 
12:22:29 **** Incremental Build of configuration Debug for project BLDC_MOTOR ****
make -j16 all 
arm-none-eabi-gcc "../Src/main.c" -mcpu=cortex-m3 -std=gnu11 -g3 -DSTM32 -DSTM32F1 -DSTM32F103C8Tx -DDEBUG -c -I../Inc -I"C:/E/embedded/test/final simulation code for my assignments/BLDC_MOTOR/BLDC_MOTOR/stm32_drivers/CMSIS" -I"C:/E/embedded/test/final simulation code for my assignments/BLDC_MOTOR/BLDC_MOTOR/stm32_drivers/ALSHREIF_RTOS/INC" -I"C:/E/embedded/test/final simulation code for my assignments/BLDC_MOTOR/BLDC_MOTOR/stm32_drivers/inc" -O0 -ffunction-sections -fdata-sections -Wall -fstack-usage -MMD -MP -MF"Src/main.d" -MT"Src/main.o" --specs=nano.specs -mfloat-abi=soft -mthumb -o "Src/main.o"
../Src/main.c: In function 'pwm_INIT':
../Src/main.c:537:39: error: 'mood_FAST_MOOD_72MHzCORE' undeclared (first use in this function); did you mean 'mood_FAST_MOOD_36MHzCORE'?
  MCAL_speed_init(CLK_SORC_IN_CLK8MHz, mood_FAST_MOOD_72MHzCORE);//speed of all 36MHz
                                       ^~~~~~~~~~~~~~~~~~~~~~~~
                                       mood_FAST_MOOD_36MHzCORE
../Src/main.c:537:39: note: each undeclared identifier is reported only once for each function it appears in
../Src/main.c: In function 'frec_controle':
../Src/main.c:581:2: warning: implicit declaration of function '_delay_mss' [-Wimplicit-function-declaration]
  _delay_mss(1000);
  ^~~~~~~~~~
../Src/main.c: At top level:
../Src/main.c:628:6: warning: conflicting types for '_delay_mss'
 void _delay_mss(long x){
      ^~~~~~~~~~
../Src/main.c:581:2: note: previous implicit declaration of '_delay_mss' was here
  _delay_mss(1000);
  ^~~~~~~~~~
../Src/main.c: In function 'main':
../Src/main.c:641:39: warning: passing argument 4 of 'EXTI' from incompatible pointer type [-Wincompatible-pointer-types]
  EXTI(GPIOA,pin1,EXTI_Trigger_Falling,frec_controle);
                                       ^~~~~~~~~~~~~
In file included from ../Src/main.c:23:0:
C:/E/embedded/test/final simulation code for my assignments/BLDC_MOTOR/BLDC_MOTOR/stm32_drivers/inc/stm32f103c6_ISR_DRIVER.h:71:6: note: expected 'void (*)(interrupt_data *, uint8_t) {aka void (*)(struct <anonymous> *, unsigned char)}' but argument is of type 'void (*)()'
 void EXTI(GPIO_typeDef* PORTx ,uint16_t pin,uint16_t triggercase,void(*function_addres)(interrupt_data* isr_data,uint8_t interupt_num));
      ^~~~
make: *** [Src/subdir.mk:24: Src/main.o] Error 1
"make -j16 all" terminated with exit code 2. Build might be incomplete.
12:23:38 **** Incremental Build of configuration Debug for project BLDC_MOTOR ****
make -j16 all 
arm-none-eabi-gcc "../Src/main.c" -mcpu=cortex-m3 -std=gnu11 -g3 -DSTM32 -DSTM32F1 -DSTM32F103C8Tx -DDEBUG -c -I../Inc -I"C:/E/embedded/test/final simulation code for my assignments/BLDC_MOTOR/BLDC_MOTOR/stm32_drivers/CMSIS" -I"C:/E/embedded/test/final simulation code for my assignments/BLDC_MOTOR/BLDC_MOTOR/stm32_drivers/ALSHREIF_RTOS/INC" -I"C:/E/embedded/test/final simulation code for my assignments/BLDC_MOTOR/BLDC_MOTOR/stm32_drivers/inc" -O0 -ffunction-sections -fdata-sections -Wall -fstack-usage -MMD -MP -MF"Src/main.d" -MT"Src/main.o" --specs=nano.specs -mfloat-abi=soft -mthumb -o "Src/main.o"
../Src/main.c: In function 'frec_controle':
../Src/main.c:581:2: warning: implicit declaration of function '_delay_mss' [-Wimplicit-function-declaration]
  _delay_mss(1000);
  ^~~~~~~~~~
../Src/main.c: At top level:
../Src/main.c:628:6: warning: conflicting types for '_delay_mss'
 void _delay_mss(long x){
      ^~~~~~~~~~
../Src/main.c:581:2: note: previous implicit declaration of '_delay_mss' was here
  _delay_mss(1000);
  ^~~~~~~~~~
../Src/main.c: In function 'main':
../Src/main.c:641:39: warning: passing argument 4 of 'EXTI' from incompatible pointer type [-Wincompatible-pointer-types]
  EXTI(GPIOA,pin1,EXTI_Trigger_Falling,frec_controle);
                                       ^~~~~~~~~~~~~
In file included from ../Src/main.c:23:0:
C:/E/embedded/test/final simulation code for my assignments/BLDC_MOTOR/BLDC_MOTOR/stm32_drivers/inc/stm32f103c6_ISR_DRIVER.h:71:6: note: expected 'void (*)(interrupt_data *, uint8_t) {aka void (*)(struct <anonymous> *, unsigned char)}' but argument is of type 'void (*)()'
 void EXTI(GPIO_typeDef* PORTx ,uint16_t pin,uint16_t triggercase,void(*function_addres)(interrupt_data* isr_data,uint8_t interupt_num));
      ^~~~
arm-none-eabi-gcc -o "BLDC_MOTOR.elf" @"objects.list"   -mcpu=cortex-m3 -T"C:\E\embedded\test\final simulation code for my assignments\BLDC_MOTOR\BLDC_MOTOR\STM32F103C8TX_FLASH.ld" --specs=nosys.specs -Wl,-Map="BLDC_MOTOR.map" -Wl,--gc-sections -static --specs=nano.specs -mfloat-abi=soft -mthumb -Wl,--start-group -lc -lm -Wl,--end-group
stm32_drivers/STM32_TIMERS_DRIVER.o:C:/E/embedded/test/final simulation code for my assignments/BLDC_MOTOR/BLDC_MOTOR/Debug/../stm32_drivers/STM32_TIMERS_DRIVER.c:15: multiple definition of `pwm'
Src/main.o:C:/E/embedded/test/final simulation code for my assignments/BLDC_MOTOR/BLDC_MOTOR/Debug/../Src/main.c:27: first defined here
stm32_drivers/STM32_TIMERS_DRIVER.o:C:/E/embedded/test/final simulation code for my assignments/BLDC_MOTOR/BLDC_MOTOR/Debug/../stm32_drivers/STM32_TIMERS_DRIVER.c:17: multiple definition of `flage2'
Src/main.o:C:/E/embedded/test/final simulation code for my assignments/BLDC_MOTOR/BLDC_MOTOR/Debug/../Src/main.c:32: first defined here
stm32_drivers/STM32_TIMERS_DRIVER.o:C:/E/embedded/test/final simulation code for my assignments/BLDC_MOTOR/BLDC_MOTOR/Debug/../stm32_drivers/STM32_TIMERS_DRIVER.c:17: multiple definition of `flage1'
Src/main.o:C:/E/embedded/test/final simulation code for my assignments/BLDC_MOTOR/BLDC_MOTOR/Debug/../Src/main.c:32: first defined here
stm32_drivers/STM32_TIMERS_DRIVER.o:C:/E/embedded/test/final simulation code for my assignments/BLDC_MOTOR/BLDC_MOTOR/Debug/../stm32_drivers/STM32_TIMERS_DRIVER.c:17: multiple definition of `flage3'
Src/main.o:C:/E/embedded/test/final simulation code for my assignments/BLDC_MOTOR/BLDC_MOTOR/Debug/../Src/main.c:32: first defined here
stm32_drivers/STM32_TIMERS_DRIVER.o:C:/E/embedded/test/final simulation code for my assignments/BLDC_MOTOR/BLDC_MOTOR/Debug/../stm32_drivers/STM32_TIMERS_DRIVER.c:18: multiple definition of `top'
Src/main.o:C:/E/embedded/test/final simulation code for my assignments/BLDC_MOTOR/BLDC_MOTOR/Debug/../Src/main.c:33: first defined here
stm32_drivers/STM32_TIMERS_DRIVER.o:C:/E/embedded/test/final simulation code for my assignments/BLDC_MOTOR/BLDC_MOTOR/Debug/../stm32_drivers/STM32_TIMERS_DRIVER.c:18: multiple definition of `presc'
Src/main.o:C:/E/embedded/test/final simulation code for my assignments/BLDC_MOTOR/BLDC_MOTOR/Debug/../Src/main.c:33: first defined here
stm32_drivers/STM32_TIMERS_DRIVER.o:C:/E/embedded/test/final simulation code for my assignments/BLDC_MOTOR/BLDC_MOTOR/Debug/../stm32_drivers/STM32_TIMERS_DRIVER.c:20: multiple definition of `x'
Src/main.o:C:/E/embedded/test/final simulation code for my assignments/BLDC_MOTOR/BLDC_MOTOR/Debug/../Src/main.c:31: first defined here
stm32_drivers/STM32_TIMERS_DRIVER.o: In function `TIM2_IRQHandler':
C:/E/embedded/test/final simulation code for my assignments/BLDC_MOTOR/BLDC_MOTOR/Debug/../stm32_drivers/STM32_TIMERS_DRIVER.c:671: multiple definition of `TIM2_IRQHandler'
Src/main.o:C:/E/embedded/test/final simulation code for my assignments/BLDC_MOTOR/BLDC_MOTOR/Debug/../Src/main.c:692: first defined here
collect2.exe: error: ld returned 1 exit status
make: *** [makefile:51: BLDC_MOTOR.elf] Error 1
"make -j16 all" terminated with exit code 2. Build might be incomplete.
12:24:13 **** Incremental Build of configuration Debug for project BLDC_MOTOR ****
make -j16 all 
arm-none-eabi-gcc "../Src/main.c" -mcpu=cortex-m3 -std=gnu11 -g3 -DSTM32 -DSTM32F1 -DSTM32F103C8Tx -DDEBUG -c -I../Inc -I"C:/E/embedded/test/final simulation code for my assignments/BLDC_MOTOR/BLDC_MOTOR/stm32_drivers/CMSIS" -I"C:/E/embedded/test/final simulation code for my assignments/BLDC_MOTOR/BLDC_MOTOR/stm32_drivers/ALSHREIF_RTOS/INC" -I"C:/E/embedded/test/final simulation code for my assignments/BLDC_MOTOR/BLDC_MOTOR/stm32_drivers/inc" -O0 -ffunction-sections -fdata-sections -Wall -fstack-usage -MMD -MP -MF"Src/main.d" -MT"Src/main.o" --specs=nano.specs -mfloat-abi=soft -mthumb -o "Src/main.o"
../Src/main.c: In function 'pwm_INIT':
../Src/main.c:519:2: warning: implicit declaration of function 'MCAL_speed_init' [-Wimplicit-function-declaration]
  MCAL_speed_init(CLK_SORC_IN_CLK8MHz, mood_FAST_MOOD_36MHzCORE);//speed of all 36MHz
  ^~~~~~~~~~~~~~~
../Src/main.c:519:18: error: 'CLK_SORC_IN_CLK8MHz' undeclared (first use in this function)
  MCAL_speed_init(CLK_SORC_IN_CLK8MHz, mood_FAST_MOOD_36MHzCORE);//speed of all 36MHz
                  ^~~~~~~~~~~~~~~~~~~
../Src/main.c:519:18: note: each undeclared identifier is reported only once for each function it appears in
../Src/main.c:519:39: error: 'mood_FAST_MOOD_36MHzCORE' undeclared (first use in this function)
  MCAL_speed_init(CLK_SORC_IN_CLK8MHz, mood_FAST_MOOD_36MHzCORE);//speed of all 36MHz
                                       ^~~~~~~~~~~~~~~~~~~~~~~~
../Src/main.c: In function 'frec_controle':
../Src/main.c:563:2: warning: implicit declaration of function '_delay_mss' [-Wimplicit-function-declaration]
  _delay_mss(1000);
  ^~~~~~~~~~
../Src/main.c: At top level:
../Src/main.c:610:6: warning: conflicting types for '_delay_mss'
 void _delay_mss(long x){
      ^~~~~~~~~~
../Src/main.c:563:2: note: previous implicit declaration of '_delay_mss' was here
  _delay_mss(1000);
  ^~~~~~~~~~
../Src/main.c: In function 'main':
../Src/main.c:623:39: warning: passing argument 4 of 'EXTI' from incompatible pointer type [-Wincompatible-pointer-types]
  EXTI(GPIOA,pin1,EXTI_Trigger_Falling,frec_controle);
                                       ^~~~~~~~~~~~~
In file included from ../Src/main.c:5:0:
C:/E/embedded/test/final simulation code for my assignments/BLDC_MOTOR/BLDC_MOTOR/stm32_drivers/inc/stm32f103c6_ISR_DRIVER.h:71:6: note: expected 'void (*)(interrupt_data *, uint8_t) {aka void (*)(struct <anonymous> *, unsigned char)}' but argument is of type 'void (*)()'
 void EXTI(GPIO_typeDef* PORTx ,uint16_t pin,uint16_t triggercase,void(*function_addres)(interrupt_data* isr_data,uint8_t interupt_num));
      ^~~~
make: *** [Src/subdir.mk:24: Src/main.o] Error 1
"make -j16 all" terminated with exit code 2. Build might be incomplete.
12:25:56 **** Incremental Build of configuration Debug for project BLDC_MOTOR ****
make -j16 all 
arm-none-eabi-gcc "../stm32_drivers/STM32f103c6_DRIVERS/GPIO_DRIVER.c" -mcpu=cortex-m3 -std=gnu11 -g3 -DSTM32 -DSTM32F1 -DSTM32F103C8Tx -DDEBUG -c -I"C:/E/embedded/test/final simulation code for my assignments/BLDC_MOTOR/BLDC_MOTOR/stm32_drivers/STM32f103c6_DRIVERS/inc" -I../Inc -O0 -ffunction-sections -fdata-sections -Wall -fstack-usage -MMD -MP -MF"stm32_drivers/STM32f103c6_DRIVERS/GPIO_DRIVER.d" -MT"stm32_drivers/STM32f103c6_DRIVERS/GPIO_DRIVER.o" --specs=nano.specs -mfloat-abi=soft -mthumb -o "stm32_drivers/STM32f103c6_DRIVERS/GPIO_DRIVER.o"
arm-none-eabi-gcc "../stm32_drivers/STM32f103c6_DRIVERS/LCD.c" -mcpu=cortex-m3 -std=gnu11 -g3 -DSTM32 -DSTM32F1 -DSTM32F103C8Tx -DDEBUG -c -I"C:/E/embedded/test/final simulation code for my assignments/BLDC_MOTOR/BLDC_MOTOR/stm32_drivers/STM32f103c6_DRIVERS/inc" -I../Inc -O0 -ffunction-sections -fdata-sections -Wall -fstack-usage -MMD -MP -MF"stm32_drivers/STM32f103c6_DRIVERS/LCD.d" -MT"stm32_drivers/STM32f103c6_DRIVERS/LCD.o" --specs=nano.specs -mfloat-abi=soft -mthumb -o "stm32_drivers/STM32f103c6_DRIVERS/LCD.o"
arm-none-eabi-gcc "../stm32_drivers/STM32f103c6_DRIVERS/keypad.c" -mcpu=cortex-m3 -std=gnu11 -g3 -DSTM32 -DSTM32F1 -DSTM32F103C8Tx -DDEBUG -c -I"C:/E/embedded/test/final simulation code for my assignments/BLDC_MOTOR/BLDC_MOTOR/stm32_drivers/STM32f103c6_DRIVERS/inc" -I../Inc -O0 -ffunction-sections -fdata-sections -Wall -fstack-usage -MMD -MP -MF"stm32_drivers/STM32f103c6_DRIVERS/keypad.d" -MT"stm32_drivers/STM32f103c6_DRIVERS/keypad.o" --specs=nano.specs -mfloat-abi=soft -mthumb -o "stm32_drivers/STM32f103c6_DRIVERS/keypad.o"
arm-none-eabi-gcc "../stm32_drivers/STM32f103c6_DRIVERS/stm32_TIMER1_DRIVER.c" -mcpu=cortex-m3 -std=gnu11 -g3 -DSTM32 -DSTM32F1 -DSTM32F103C8Tx -DDEBUG -c -I"C:/E/embedded/test/final simulation code for my assignments/BLDC_MOTOR/BLDC_MOTOR/stm32_drivers/STM32f103c6_DRIVERS/inc" -I../Inc -O0 -ffunction-sections -fdata-sections -Wall -fstack-usage -MMD -MP -MF"stm32_drivers/STM32f103c6_DRIVERS/stm32_TIMER1_DRIVER.d" -MT"stm32_drivers/STM32f103c6_DRIVERS/stm32_TIMER1_DRIVER.o" --specs=nano.specs -mfloat-abi=soft -mthumb -o "stm32_drivers/STM32f103c6_DRIVERS/stm32_TIMER1_DRIVER.o"
arm-none-eabi-gcc "../stm32_drivers/STM32f103c6_DRIVERS/stm32_speed_DRIVER.c" -mcpu=cortex-m3 -std=gnu11 -g3 -DSTM32 -DSTM32F1 -DSTM32F103C8Tx -DDEBUG -c -I"C:/E/embedded/test/final simulation code for my assignments/BLDC_MOTOR/BLDC_MOTOR/stm32_drivers/STM32f103c6_DRIVERS/inc" -I../Inc -O0 -ffunction-sections -fdata-sections -Wall -fstack-usage -MMD -MP -MF"stm32_drivers/STM32f103c6_DRIVERS/stm32_speed_DRIVER.d" -MT"stm32_drivers/STM32f103c6_DRIVERS/stm32_speed_DRIVER.o" --specs=nano.specs -mfloat-abi=soft -mthumb -o "stm32_drivers/STM32f103c6_DRIVERS/stm32_speed_DRIVER.o"
arm-none-eabi-gcc "../stm32_drivers/STM32f103c6_DRIVERS/stm32f103c6_ISR_DRIVER.c" -mcpu=cortex-m3 -std=gnu11 -g3 -DSTM32 -DSTM32F1 -DSTM32F103C8Tx -DDEBUG -c -I"C:/E/embedded/test/final simulation code for my assignments/BLDC_MOTOR/BLDC_MOTOR/stm32_drivers/STM32f103c6_DRIVERS/inc" -I../Inc -O0 -ffunction-sections -fdata-sections -Wall -fstack-usage -MMD -MP -MF"stm32_drivers/STM32f103c6_DRIVERS/stm32f103c6_ISR_DRIVER.d" -MT"stm32_drivers/STM32f103c6_DRIVERS/stm32f103c6_ISR_DRIVER.o" --specs=nano.specs -mfloat-abi=soft -mthumb -o "stm32_drivers/STM32f103c6_DRIVERS/stm32f103c6_ISR_DRIVER.o"
arm-none-eabi-gcc "../Src/main.c" -mcpu=cortex-m3 -std=gnu11 -g3 -DSTM32 -DSTM32F1 -DSTM32F103C8Tx -DDEBUG -c -I"C:/E/embedded/test/final simulation code for my assignments/BLDC_MOTOR/BLDC_MOTOR/stm32_drivers/STM32f103c6_DRIVERS/inc" -I../Inc -O0 -ffunction-sections -fdata-sections -Wall -fstack-usage -MMD -MP -MF"Src/main.d" -MT"Src/main.o" --specs=nano.specs -mfloat-abi=soft -mthumb -o "Src/main.o"
arm-none-eabi-gcc "../Src/syscalls.c" -mcpu=cortex-m3 -std=gnu11 -g3 -DSTM32 -DSTM32F1 -DSTM32F103C8Tx -DDEBUG -c -I"C:/E/embedded/test/final simulation code for my assignments/BLDC_MOTOR/BLDC_MOTOR/stm32_drivers/STM32f103c6_DRIVERS/inc" -I../Inc -O0 -ffunction-sections -fdata-sections -Wall -fstack-usage -MMD -MP -MF"Src/syscalls.d" -MT"Src/syscalls.o" --specs=nano.specs -mfloat-abi=soft -mthumb -o "Src/syscalls.o"
arm-none-eabi-gcc "../Src/sysmem.c" -mcpu=cortex-m3 -std=gnu11 -g3 -DSTM32 -DSTM32F1 -DSTM32F103C8Tx -DDEBUG -c -I"C:/E/embedded/test/final simulation code for my assignments/BLDC_MOTOR/BLDC_MOTOR/stm32_drivers/STM32f103c6_DRIVERS/inc" -I../Inc -O0 -ffunction-sections -fdata-sections -Wall -fstack-usage -MMD -MP -MF"Src/sysmem.d" -MT"Src/sysmem.o" --specs=nano.specs -mfloat-abi=soft -mthumb -o "Src/sysmem.o"
../stm32_drivers/STM32f103c6_DRIVERS/LCD.c: In function 'LCD_write_FLOATnumber':
../stm32_drivers/STM32f103c6_DRIVERS/LCD.c:118:2: warning: implicit declaration of function 'gcvt' [-Wimplicit-function-declaration]
  gcvt(num,digit,text);
  ^~~~
../stm32_drivers/STM32f103c6_DRIVERS/stm32f103c6_ISR_DRIVER.c: In function 'EXTI':
../stm32_drivers/STM32f103c6_DRIVERS/stm32f103c6_ISR_DRIVER.c:281:23: warning: assignment from incompatible pointer type [-Wincompatible-pointer-types]
  GP_IRQ_Callback[pin] =function_addres;
                       ^
../Src/main.c: In function 'pwm_INIT':
../Src/main.c:519:39: error: 'mood_FAST_MOOD_36MHzCORE' undeclared (first use in this function); did you mean 'mood_FAST_MOOD_72MHzCORE'?
  MCAL_speed_init(CLK_SORC_IN_CLK8MHz, mood_FAST_MOOD_36MHzCORE);//speed of all 36MHz
                                       ^~~~~~~~~~~~~~~~~~~~~~~~
                                       mood_FAST_MOOD_72MHzCORE
../Src/main.c:519:39: note: each undeclared identifier is reported only once for each function it appears in
../Src/main.c: In function 'frec_controle':
../Src/main.c:563:2: warning: implicit declaration of function '_delay_mss' [-Wimplicit-function-declaration]
  _delay_mss(1000);
  ^~~~~~~~~~
../Src/main.c: At top level:
../Src/main.c:610:6: warning: conflicting types for '_delay_mss'
 void _delay_mss(long x){
      ^~~~~~~~~~
../Src/main.c:563:2: note: previous implicit declaration of '_delay_mss' was here
  _delay_mss(1000);
  ^~~~~~~~~~
../Src/main.c: In function 'main':
../Src/main.c:623:39: warning: passing argument 4 of 'EXTI' from incompatible pointer type [-Wincompatible-pointer-types]
  EXTI(GPIOA,pin1,EXTI_Trigger_Falling,frec_controle);
                                       ^~~~~~~~~~~~~
In file included from ../Src/main.c:5:0:
C:/E/embedded/test/final simulation code for my assignments/BLDC_MOTOR/BLDC_MOTOR/stm32_drivers/STM32f103c6_DRIVERS/inc/stm32f103c6_ISR_DRIVER.h:66:6: note: expected 'void * (*)(void)' but argument is of type 'void (*)()'
 void EXTI(GPIO_typeDef* PORTx ,uint16_t pin,uint16_t triggercase,void *function_addres(void));
      ^~~~
make: *** [Src/subdir.mk:24: Src/main.o] Error 1
make: *** Waiting for unfinished jobs....
"make -j16 all" terminated with exit code 2. Build might be incomplete.
12:26:12 **** Incremental Build of configuration Debug for project BLDC_MOTOR ****
make -j16 all 
arm-none-eabi-gcc "../Src/main.c" -mcpu=cortex-m3 -std=gnu11 -g3 -DSTM32 -DSTM32F1 -DSTM32F103C8Tx -DDEBUG -c -I"C:/E/embedded/test/final simulation code for my assignments/BLDC_MOTOR/BLDC_MOTOR/stm32_drivers/STM32f103c6_DRIVERS/inc" -I../Inc -O0 -ffunction-sections -fdata-sections -Wall -fstack-usage -MMD -MP -MF"Src/main.d" -MT"Src/main.o" --specs=nano.specs -mfloat-abi=soft -mthumb -o "Src/main.o"
../Src/main.c: In function 'frec_controle':
../Src/main.c:563:2: warning: implicit declaration of function '_delay_mss' [-Wimplicit-function-declaration]
  _delay_mss(1000);
  ^~~~~~~~~~
../Src/main.c: At top level:
../Src/main.c:610:6: warning: conflicting types for '_delay_mss'
 void _delay_mss(long x){
      ^~~~~~~~~~
../Src/main.c:563:2: note: previous implicit declaration of '_delay_mss' was here
  _delay_mss(1000);
  ^~~~~~~~~~
../Src/main.c: In function 'main':
../Src/main.c:623:39: warning: passing argument 4 of 'EXTI' from incompatible pointer type [-Wincompatible-pointer-types]
  EXTI(GPIOA,pin1,EXTI_Trigger_Falling,frec_controle);
                                       ^~~~~~~~~~~~~
In file included from ../Src/main.c:5:0:
C:/E/embedded/test/final simulation code for my assignments/BLDC_MOTOR/BLDC_MOTOR/stm32_drivers/STM32f103c6_DRIVERS/inc/stm32f103c6_ISR_DRIVER.h:66:6: note: expected 'void * (*)(void)' but argument is of type 'void (*)()'
 void EXTI(GPIO_typeDef* PORTx ,uint16_t pin,uint16_t triggercase,void *function_addres(void));
      ^~~~
arm-none-eabi-gcc -o "BLDC_MOTOR.elf" @"objects.list"   -mcpu=cortex-m3 -T"C:\E\embedded\test\final simulation code for my assignments\BLDC_MOTOR\BLDC_MOTOR\STM32F103C8TX_FLASH.ld" --specs=nosys.specs -Wl,-Map="BLDC_MOTOR.map" -Wl,--gc-sections -static --specs=nano.specs -mfloat-abi=soft -mthumb -Wl,--start-group -lc -lm -Wl,--end-group
Finished building target: BLDC_MOTOR.elf
 
arm-none-eabi-objdump -h -S  BLDC_MOTOR.elf  > "BLDC_MOTOR.list"
arm-none-eabi-objcopy  -O binary  BLDC_MOTOR.elf  "BLDC_MOTOR.bin"
arm-none-eabi-size   BLDC_MOTOR.elf 
   text	   data	    bss	    dec	    hex	filename
  22580	    156	   1676	  24412	   5f5c	BLDC_MOTOR.elf
Finished building: default.size.stdout
 
Finished building: BLDC_MOTOR.bin
 
Finished building: BLDC_MOTOR.list
 
12:29:50 **** Incremental Build of configuration Debug for project BLDC_MOTOR ****
make -j16 all 
arm-none-eabi-gcc "../Src/main.c" -mcpu=cortex-m3 -std=gnu11 -g3 -DSTM32 -DSTM32F1 -DSTM32F103C8Tx -DDEBUG -c -I"C:/E/embedded/test/final simulation code for my assignments/BLDC_MOTOR/BLDC_MOTOR/stm32_drivers/STM32f103c6_DRIVERS/inc" -I../Inc -O0 -ffunction-sections -fdata-sections -Wall -fstack-usage -MMD -MP -MF"Src/main.d" -MT"Src/main.o" --specs=nano.specs -mfloat-abi=soft -mthumb -o "Src/main.o"
../Src/main.c: In function 'frec_controle':
../Src/main.c:563:2: warning: implicit declaration of function '_delay_mss' [-Wimplicit-function-declaration]
  _delay_mss(1000);
  ^~~~~~~~~~
../Src/main.c: At top level:
../Src/main.c:610:6: warning: conflicting types for '_delay_mss'
 void _delay_mss(long x){
      ^~~~~~~~~~
../Src/main.c:563:2: note: previous implicit declaration of '_delay_mss' was here
  _delay_mss(1000);
  ^~~~~~~~~~
../Src/main.c: In function 'main':
../Src/main.c:623:39: warning: passing argument 4 of 'EXTI' from incompatible pointer type [-Wincompatible-pointer-types]
  EXTI(GPIOA,pin1,EXTI_Trigger_Falling,frec_controle);
                                       ^~~~~~~~~~~~~
In file included from ../Src/main.c:5:0:
C:/E/embedded/test/final simulation code for my assignments/BLDC_MOTOR/BLDC_MOTOR/stm32_drivers/STM32f103c6_DRIVERS/inc/stm32f103c6_ISR_DRIVER.h:66:6: note: expected 'void * (*)(void)' but argument is of type 'void (*)()'
 void EXTI(GPIO_typeDef* PORTx ,uint16_t pin,uint16_t triggercase,void *function_addres(void));
      ^~~~
arm-none-eabi-gcc -o "BLDC_MOTOR.elf" @"objects.list"   -mcpu=cortex-m3 -T"C:\E\embedded\test\final simulation code for my assignments\BLDC_MOTOR\BLDC_MOTOR\STM32F103C8TX_FLASH.ld" --specs=nosys.specs -Wl,-Map="BLDC_MOTOR.map" -Wl,--gc-sections -static --specs=nano.specs -mfloat-abi=soft -mthumb -Wl,--start-group -lc -lm -Wl,--end-group
Finished building target: BLDC_MOTOR.elf
 
arm-none-eabi-objdump -h -S  BLDC_MOTOR.elf  > "BLDC_MOTOR.list"
arm-none-eabi-objcopy  -O binary  BLDC_MOTOR.elf  "BLDC_MOTOR.bin"
arm-none-eabi-size   BLDC_MOTOR.elf 
   text	   data	    bss	    dec	    hex	filename
  19412	     56	   1656	  21124	   5284	BLDC_MOTOR.elf
Finished building: default.size.stdout
 
Finished building: BLDC_MOTOR.bin
 
Finished building: BLDC_MOTOR.list
 
12:31:16 **** Incremental Build of configuration Debug for project BLDC_MOTOR ****
make -j16 all 
arm-none-eabi-gcc -o "BLDC_MOTOR.axf" @"objects.list"   -mcpu=cortex-m3 -T"C:\E\embedded\test\final simulation code for my assignments\BLDC_MOTOR\BLDC_MOTOR\STM32F103C8TX_FLASH.ld" --specs=nosys.specs -Wl,-Map="BLDC_MOTOR.map" -Wl,--gc-sections -static --specs=nano.specs -mfloat-abi=soft -mthumb -Wl,--start-group -lc -lm -Wl,--end-group
Finished building target: BLDC_MOTOR.axf
 
arm-none-eabi-objdump -h -S  BLDC_MOTOR.axf  > "BLDC_MOTOR.list"
arm-none-eabi-objcopy  -O binary  BLDC_MOTOR.axf  "BLDC_MOTOR.bin"
arm-none-eabi-size   BLDC_MOTOR.axf 
   text	   data	    bss	    dec	    hex	filename
  19412	     56	   1656	  21124	   5284	BLDC_MOTOR.axf
Finished building: default.size.stdout
 
Finished building: BLDC_MOTOR.bin
 
Finished building: BLDC_MOTOR.list
 
12:34:36 **** Incremental Build of configuration Debug for project BLDC_MOTOR ****
make -j16 all 
arm-none-eabi-gcc "../Src/main.c" -mcpu=cortex-m3 -std=gnu11 -g3 -DSTM32 -DSTM32F1 -DSTM32F103C8Tx -DDEBUG -c -I"C:/E/embedded/test/final simulation code for my assignments/BLDC_MOTOR/BLDC_MOTOR/stm32_drivers/STM32f103c6_DRIVERS/inc" -I../Inc -O0 -ffunction-sections -fdata-sections -Wall -fstack-usage -MMD -MP -MF"Src/main.d" -MT"Src/main.o" --specs=nano.specs -mfloat-abi=soft -mthumb -o "Src/main.o"
../Src/main.c: In function 'main':
../Src/main.c:641:39: error: 'frec_controle' undeclared (first use in this function); did you mean 'user_freq_control'?
  EXTI(GPIOA,pin1,EXTI_Trigger_Falling,frec_controle);
                                       ^~~~~~~~~~~~~
                                       user_freq_control
../Src/main.c:641:39: note: each undeclared identifier is reported only once for each function it appears in
make: *** [Src/subdir.mk:24: Src/main.o] Error 1
"make -j16 all" terminated with exit code 2. Build might be incomplete.
12:34:55 **** Incremental Build of configuration Debug for project BLDC_MOTOR ****
make -j16 all 
[...]
 void EXTI(GPIO_typeDef* PORTx ,uint16_t pin,uint16_t triggercase,void(*function_addres)(interrupt_data* isr_data,uint8_t interupt_num));
      ^~~~
arm-none-eabi-gcc -o "BLDC_MOTOR.axf" @"objects.list"   -mcpu=cortex-m3 -T"C:\E\embedded\test\final simulation code for my assignments\BLDC_MOTOR\BLDC_MOTOR\STM32F103C8TX_FLASH.ld" --specs=nosys.specs -Wl,-Map="BLDC_MOTOR.map" -Wl,--gc-sections -static --specs=nano.specs -mfloat-abi=soft -mthumb -Wl,--start-group -lc -lm -Wl,--end-group
Finished building target: BLDC_MOTOR.axf
 
arm-none-eabi-objdump -h -S  BLDC_MOTOR.axf  > "BLDC_MOTOR.list"
arm-none-eabi-objcopy  -O binary  BLDC_MOTOR.axf  "BLDC_MOTOR.bin"
arm-none-eabi-size   BLDC_MOTOR.axf 
   text	   data	    bss	    dec	    hex	filename
  10616	     40	   1752	  12408	   3078	BLDC_MOTOR.axf
Finished building: default.size.stdout
Finished building: BLDC_MOTOR.bin
 
 
Finished building: BLDC_MOTOR.list
 
10:36:44 **** Incremental Build of configuration Debug for project BLDC_MOTOR ****
make -j16 all 
arm-none-eabi-gcc "../Src/main.c" -mcpu=cortex-m3 -std=gnu11 -g3 -DSTM32 -DSTM32F1 -DSTM32F103C8Tx -DDEBUG -c -I"C:/E/embedded/test/final simulation code for my assignments/BLDC_MOTOR/BLDC_MOTOR/stm32_drivers/inc" -I../Inc -O0 -ffunction-sections -fdata-sections -Wall -fstack-usage -MMD -MP -MF"Src/main.d" -MT"Src/main.o" --specs=nano.specs -mfloat-abi=soft -mthumb -o "Src/main.o"
../Src/main.c: In function 'main':
../Src/main.c:156:50: warning: passing argument 4 of 'EXTI' from incompatible pointer type [-Wincompatible-pointer-types]
  EXTI(GPIOA, pin0,EXTI_Trigger_RisingAndFalling, s1);
                                                  ^~
In file included from C:/E/embedded/test/final simulation code for my assignments/BLDC_MOTOR/BLDC_MOTOR/stm32_drivers/inc/STM32_TIMERS_DRIVER.h:18:0,
                 from ../Src/main.c:1:
C:/E/embedded/test/final simulation code for my assignments/BLDC_MOTOR/BLDC_MOTOR/stm32_drivers/inc/stm32f103c6_ISR_DRIVER.h:71:6: note: expected 'void (*)(interrupt_data *, uint8_t) {aka void (*)(struct <anonymous> *, unsigned char)}' but argument is of type 'void (*)()'
 void EXTI(GPIO_typeDef* PORTx ,uint16_t pin,uint16_t triggercase,void(*function_addres)(interrupt_data* isr_data,uint8_t interupt_num));
      ^~~~
../Src/main.c:157:50: warning: passing argument 4 of 'EXTI' from incompatible pointer type [-Wincompatible-pointer-types]
  EXTI(GPIOA, pin1,EXTI_Trigger_RisingAndFalling, s2);
                                                  ^~
In file included from C:/E/embedded/test/final simulation code for my assignments/BLDC_MOTOR/BLDC_MOTOR/stm32_drivers/inc/STM32_TIMERS_DRIVER.h:18:0,
                 from ../Src/main.c:1:
C:/E/embedded/test/final simulation code for my assignments/BLDC_MOTOR/BLDC_MOTOR/stm32_drivers/inc/stm32f103c6_ISR_DRIVER.h:71:6: note: expected 'void (*)(interrupt_data *, uint8_t) {aka void (*)(struct <anonymous> *, unsigned char)}' but argument is of type 'void (*)()'
 void EXTI(GPIO_typeDef* PORTx ,uint16_t pin,uint16_t triggercase,void(*function_addres)(interrupt_data* isr_data,uint8_t interupt_num));
      ^~~~
../Src/main.c:158:50: warning: passing argument 4 of 'EXTI' from incompatible pointer type [-Wincompatible-pointer-types]
  EXTI(GPIOA, pin2,EXTI_Trigger_RisingAndFalling, s3);
                                                  ^~
In file included from C:/E/embedded/test/final simulation code for my assignments/BLDC_MOTOR/BLDC_MOTOR/stm32_drivers/inc/STM32_TIMERS_DRIVER.h:18:0,
                 from ../Src/main.c:1:
C:/E/embedded/test/final simulation code for my assignments/BLDC_MOTOR/BLDC_MOTOR/stm32_drivers/inc/stm32f103c6_ISR_DRIVER.h:71:6: note: expected 'void (*)(interrupt_data *, uint8_t) {aka void (*)(struct <anonymous> *, unsigned char)}' but argument is of type 'void (*)()'
 void EXTI(GPIO_typeDef* PORTx ,uint16_t pin,uint16_t triggercase,void(*function_addres)(interrupt_data* isr_data,uint8_t interupt_num));
      ^~~~
arm-none-eabi-gcc -o "BLDC_MOTOR.axf" @"objects.list"   -mcpu=cortex-m3 -T"C:\E\embedded\test\final simulation code for my assignments\BLDC_MOTOR\BLDC_MOTOR\STM32F103C8TX_FLASH.ld" --specs=nosys.specs -Wl,-Map="BLDC_MOTOR.map" -Wl,--gc-sections -static --specs=nano.specs -mfloat-abi=soft -mthumb -Wl,--start-group -lc -lm -Wl,--end-group
Finished building target: BLDC_MOTOR.axf
 
arm-none-eabi-objdump -h -S  BLDC_MOTOR.axf  > "BLDC_MOTOR.list"
arm-none-eabi-objcopy  -O binary  BLDC_MOTOR.axf  "BLDC_MOTOR.bin"
arm-none-eabi-size   BLDC_MOTOR.axf 
   text	   data	    bss	    dec	    hex	filename
  10616	     40	   1752	  12408	   3078	BLDC_MOTOR.axf
Finished building: default.size.stdout
 
Finished building: BLDC_MOTOR.bin
 
Finished building: BLDC_MOTOR.list
 
10:44:12 **** Incremental Build of configuration Debug for project BLDC_MOTOR ****
make -j16 all 
arm-none-eabi-gcc "../Src/main.c" -mcpu=cortex-m3 -std=gnu11 -g3 -DSTM32 -DSTM32F1 -DSTM32F103C8Tx -DDEBUG -c -I"C:/E/embedded/test/final simulation code for my assignments/BLDC_MOTOR/BLDC_MOTOR/stm32_drivers/inc" -I../Inc -O0 -ffunction-sections -fdata-sections -Wall -fstack-usage -MMD -MP -MF"Src/main.d" -MT"Src/main.o" --specs=nano.specs -mfloat-abi=soft -mthumb -o "Src/main.o"
../Src/main.c: In function 'main':
../Src/main.c:156:40: warning: passing argument 4 of 'EXTI' from incompatible pointer type [-Wincompatible-pointer-types]
  EXTI(GPIOA, pin0,EXTI_Trigger_Rising, s1);
                                        ^~
In file included from C:/E/embedded/test/final simulation code for my assignments/BLDC_MOTOR/BLDC_MOTOR/stm32_drivers/inc/STM32_TIMERS_DRIVER.h:18:0,
                 from ../Src/main.c:1:
C:/E/embedded/test/final simulation code for my assignments/BLDC_MOTOR/BLDC_MOTOR/stm32_drivers/inc/stm32f103c6_ISR_DRIVER.h:71:6: note: expected 'void (*)(interrupt_data *, uint8_t) {aka void (*)(struct <anonymous> *, unsigned char)}' but argument is of type 'void (*)()'
 void EXTI(GPIO_typeDef* PORTx ,uint16_t pin,uint16_t triggercase,void(*function_addres)(interrupt_data* isr_data,uint8_t interupt_num));
      ^~~~
../Src/main.c:157:40: warning: passing argument 4 of 'EXTI' from incompatible pointer type [-Wincompatible-pointer-types]
  EXTI(GPIOA, pin1,EXTI_Trigger_Rising, s2);
                                        ^~
In file included from C:/E/embedded/test/final simulation code for my assignments/BLDC_MOTOR/BLDC_MOTOR/stm32_drivers/inc/STM32_TIMERS_DRIVER.h:18:0,
                 from ../Src/main.c:1:
C:/E/embedded/test/final simulation code for my assignments/BLDC_MOTOR/BLDC_MOTOR/stm32_drivers/inc/stm32f103c6_ISR_DRIVER.h:71:6: note: expected 'void (*)(interrupt_data *, uint8_t) {aka void (*)(struct <anonymous> *, unsigned char)}' but argument is of type 'void (*)()'
 void EXTI(GPIO_typeDef* PORTx ,uint16_t pin,uint16_t triggercase,void(*function_addres)(interrupt_data* isr_data,uint8_t interupt_num));
      ^~~~
../Src/main.c:158:40: warning: passing argument 4 of 'EXTI' from incompatible pointer type [-Wincompatible-pointer-types]
  EXTI(GPIOA, pin2,EXTI_Trigger_Rising, s3);
                                        ^~
In file included from C:/E/embedded/test/final simulation code for my assignments/BLDC_MOTOR/BLDC_MOTOR/stm32_drivers/inc/STM32_TIMERS_DRIVER.h:18:0,
                 from ../Src/main.c:1:
C:/E/embedded/test/final simulation code for my assignments/BLDC_MOTOR/BLDC_MOTOR/stm32_drivers/inc/stm32f103c6_ISR_DRIVER.h:71:6: note: expected 'void (*)(interrupt_data *, uint8_t) {aka void (*)(struct <anonymous> *, unsigned char)}' but argument is of type 'void (*)()'
 void EXTI(GPIO_typeDef* PORTx ,uint16_t pin,uint16_t triggercase,void(*function_addres)(interrupt_data* isr_data,uint8_t interupt_num));
      ^~~~
arm-none-eabi-gcc -o "BLDC_MOTOR.axf" @"objects.list"   -mcpu=cortex-m3 -T"C:\E\embedded\test\final simulation code for my assignments\BLDC_MOTOR\BLDC_MOTOR\STM32F103C8TX_FLASH.ld" --specs=nosys.specs -Wl,-Map="BLDC_MOTOR.map" -Wl,--gc-sections -static --specs=nano.specs -mfloat-abi=soft -mthumb -Wl,--start-group -lc -lm -Wl,--end-group
Finished building target: BLDC_MOTOR.axf
 
arm-none-eabi-objdump -h -S  BLDC_MOTOR.axf  > "BLDC_MOTOR.list"
arm-none-eabi-objcopy  -O binary  BLDC_MOTOR.axf  "BLDC_MOTOR.bin"
arm-none-eabi-size   BLDC_MOTOR.axf 
   text	   data	    bss	    dec	    hex	filename
  10616	     40	   1752	  12408	   3078	BLDC_MOTOR.axf
Finished building: default.size.stdout
 
Finished building: BLDC_MOTOR.bin
 
Finished building: BLDC_MOTOR.list
 
10:46:59 **** Incremental Build of configuration Debug for project BLDC_MOTOR ****
make -j16 all 
arm-none-eabi-gcc "../Src/main.c" -mcpu=cortex-m3 -std=gnu11 -g3 -DSTM32 -DSTM32F1 -DSTM32F103C8Tx -DDEBUG -c -I"C:/E/embedded/test/final simulation code for my assignments/BLDC_MOTOR/BLDC_MOTOR/stm32_drivers/inc" -I../Inc -O0 -ffunction-sections -fdata-sections -Wall -fstack-usage -MMD -MP -MF"Src/main.d" -MT"Src/main.o" --specs=nano.specs -mfloat-abi=soft -mthumb -o "Src/main.o"
../Src/main.c: In function 'main':
../Src/main.c:156:50: warning: passing argument 4 of 'EXTI' from incompatible pointer type [-Wincompatible-pointer-types]
  EXTI(GPIOA, pin0,EXTI_Trigger_RisingAndFalling, s1);
                                                  ^~
In file included from C:/E/embedded/test/final simulation code for my assignments/BLDC_MOTOR/BLDC_MOTOR/stm32_drivers/inc/STM32_TIMERS_DRIVER.h:18:0,
                 from ../Src/main.c:1:
C:/E/embedded/test/final simulation code for my assignments/BLDC_MOTOR/BLDC_MOTOR/stm32_drivers/inc/stm32f103c6_ISR_DRIVER.h:71:6: note: expected 'void (*)(interrupt_data *, uint8_t) {aka void (*)(struct <anonymous> *, unsigned char)}' but argument is of type 'void (*)()'
 void EXTI(GPIO_typeDef* PORTx ,uint16_t pin,uint16_t triggercase,void(*function_addres)(interrupt_data* isr_data,uint8_t interupt_num));
      ^~~~
../Src/main.c:157:50: warning: passing argument 4 of 'EXTI' from incompatible pointer type [-Wincompatible-pointer-types]
  EXTI(GPIOA, pin1,EXTI_Trigger_RisingAndFalling, s2);
                                                  ^~
In file included from C:/E/embedded/test/final simulation code for my assignments/BLDC_MOTOR/BLDC_MOTOR/stm32_drivers/inc/STM32_TIMERS_DRIVER.h:18:0,
                 from ../Src/main.c:1:
C:/E/embedded/test/final simulation code for my assignments/BLDC_MOTOR/BLDC_MOTOR/stm32_drivers/inc/stm32f103c6_ISR_DRIVER.h:71:6: note: expected 'void (*)(interrupt_data *, uint8_t) {aka void (*)(struct <anonymous> *, unsigned char)}' but argument is of type 'void (*)()'
 void EXTI(GPIO_typeDef* PORTx ,uint16_t pin,uint16_t triggercase,void(*function_addres)(interrupt_data* isr_data,uint8_t interupt_num));
      ^~~~
../Src/main.c:158:50: warning: passing argument 4 of 'EXTI' from incompatible pointer type [-Wincompatible-pointer-types]
  EXTI(GPIOA, pin2,EXTI_Trigger_RisingAndFalling, s3);
                                                  ^~
In file included from C:/E/embedded/test/final simulation code for my assignments/BLDC_MOTOR/BLDC_MOTOR/stm32_drivers/inc/STM32_TIMERS_DRIVER.h:18:0,
                 from ../Src/main.c:1:
C:/E/embedded/test/final simulation code for my assignments/BLDC_MOTOR/BLDC_MOTOR/stm32_drivers/inc/stm32f103c6_ISR_DRIVER.h:71:6: note: expected 'void (*)(interrupt_data *, uint8_t) {aka void (*)(struct <anonymous> *, unsigned char)}' but argument is of type 'void (*)()'
 void EXTI(GPIO_typeDef* PORTx ,uint16_t pin,uint16_t triggercase,void(*function_addres)(interrupt_data* isr_data,uint8_t interupt_num));
      ^~~~
arm-none-eabi-gcc -o "BLDC_MOTOR.axf" @"objects.list"   -mcpu=cortex-m3 -T"C:\E\embedded\test\final simulation code for my assignments\BLDC_MOTOR\BLDC_MOTOR\STM32F103C8TX_FLASH.ld" --specs=nosys.specs -Wl,-Map="BLDC_MOTOR.map" -Wl,--gc-sections -static --specs=nano.specs -mfloat-abi=soft -mthumb -Wl,--start-group -lc -lm -Wl,--end-group
Finished building target: BLDC_MOTOR.axf
 
arm-none-eabi-objdump -h -S  BLDC_MOTOR.axf  > "BLDC_MOTOR.list"
arm-none-eabi-objcopy  -O binary  BLDC_MOTOR.axf  "BLDC_MOTOR.bin"
arm-none-eabi-size   BLDC_MOTOR.axf 
   text	   data	    bss	    dec	    hex	filename
  10616	     40	   1752	  12408	   3078	BLDC_MOTOR.axf
Finished building: default.size.stdout
 
Finished building: BLDC_MOTOR.bin
 
Finished building: BLDC_MOTOR.list
 
10:50:40 **** Incremental Build of configuration Debug for project BLDC_MOTOR ****
make -j16 all 
arm-none-eabi-gcc "../Src/main.c" -mcpu=cortex-m3 -std=gnu11 -g3 -DSTM32 -DSTM32F1 -DSTM32F103C8Tx -DDEBUG -c -I"C:/E/embedded/test/final simulation code for my assignments/BLDC_MOTOR/BLDC_MOTOR/stm32_drivers/inc" -I../Inc -O0 -ffunction-sections -fdata-sections -Wall -fstack-usage -MMD -MP -MF"Src/main.d" -MT"Src/main.o" --specs=nano.specs -mfloat-abi=soft -mthumb -o "Src/main.o"
../Src/main.c: In function 'main':
../Src/main.c:156:50: warning: passing argument 4 of 'EXTI' from incompatible pointer type [-Wincompatible-pointer-types]
  EXTI(GPIOA, pin0,EXTI_Trigger_RisingAndFalling, s1);
                                                  ^~
In file included from C:/E/embedded/test/final simulation code for my assignments/BLDC_MOTOR/BLDC_MOTOR/stm32_drivers/inc/STM32_TIMERS_DRIVER.h:18:0,
                 from ../Src/main.c:1:
C:/E/embedded/test/final simulation code for my assignments/BLDC_MOTOR/BLDC_MOTOR/stm32_drivers/inc/stm32f103c6_ISR_DRIVER.h:71:6: note: expected 'void (*)(interrupt_data *, uint8_t) {aka void (*)(struct <anonymous> *, unsigned char)}' but argument is of type 'void (*)()'
 void EXTI(GPIO_typeDef* PORTx ,uint16_t pin,uint16_t triggercase,void(*function_addres)(interrupt_data* isr_data,uint8_t interupt_num));
      ^~~~
../Src/main.c:157:50: warning: passing argument 4 of 'EXTI' from incompatible pointer type [-Wincompatible-pointer-types]
  EXTI(GPIOA, pin1,EXTI_Trigger_RisingAndFalling, s2);
                                                  ^~
In file included from C:/E/embedded/test/final simulation code for my assignments/BLDC_MOTOR/BLDC_MOTOR/stm32_drivers/inc/STM32_TIMERS_DRIVER.h:18:0,
                 from ../Src/main.c:1:
C:/E/embedded/test/final simulation code for my assignments/BLDC_MOTOR/BLDC_MOTOR/stm32_drivers/inc/stm32f103c6_ISR_DRIVER.h:71:6: note: expected 'void (*)(interrupt_data *, uint8_t) {aka void (*)(struct <anonymous> *, unsigned char)}' but argument is of type 'void (*)()'
 void EXTI(GPIO_typeDef* PORTx ,uint16_t pin,uint16_t triggercase,void(*function_addres)(interrupt_data* isr_data,uint8_t interupt_num));
      ^~~~
../Src/main.c:158:50: warning: passing argument 4 of 'EXTI' from incompatible pointer type [-Wincompatible-pointer-types]
  EXTI(GPIOA, pin2,EXTI_Trigger_RisingAndFalling, s3);
                                                  ^~
In file included from C:/E/embedded/test/final simulation code for my assignments/BLDC_MOTOR/BLDC_MOTOR/stm32_drivers/inc/STM32_TIMERS_DRIVER.h:18:0,
                 from ../Src/main.c:1:
C:/E/embedded/test/final simulation code for my assignments/BLDC_MOTOR/BLDC_MOTOR/stm32_drivers/inc/stm32f103c6_ISR_DRIVER.h:71:6: note: expected 'void (*)(interrupt_data *, uint8_t) {aka void (*)(struct <anonymous> *, unsigned char)}' but argument is of type 'void (*)()'
 void EXTI(GPIO_typeDef* PORTx ,uint16_t pin,uint16_t triggercase,void(*function_addres)(interrupt_data* isr_data,uint8_t interupt_num));
      ^~~~
arm-none-eabi-gcc -o "BLDC_MOTOR.axf" @"objects.list"   -mcpu=cortex-m3 -T"C:\E\embedded\test\final simulation code for my assignments\BLDC_MOTOR\BLDC_MOTOR\STM32F103C8TX_FLASH.ld" --specs=nosys.specs -Wl,-Map="BLDC_MOTOR.map" -Wl,--gc-sections -static --specs=nano.specs -mfloat-abi=soft -mthumb -Wl,--start-group -lc -lm -Wl,--end-group
Finished building target: BLDC_MOTOR.axf
 
arm-none-eabi-objdump -h -S  BLDC_MOTOR.axf  > "BLDC_MOTOR.list"
arm-none-eabi-objcopy  -O binary  BLDC_MOTOR.axf  "BLDC_MOTOR.bin"
arm-none-eabi-size   BLDC_MOTOR.axf 
   text	   data	    bss	    dec	    hex	filename
  10616	     40	   1752	  12408	   3078	BLDC_MOTOR.axf
Finished building: default.size.stdout
 
Finished building: BLDC_MOTOR.bin
 
Finished building: BLDC_MOTOR.list
 
10:53:23 **** Incremental Build of configuration Debug for project BLDC_MOTOR ****
make -j16 all 
arm-none-eabi-gcc "../Src/main.c" -mcpu=cortex-m3 -std=gnu11 -g3 -DSTM32 -DSTM32F1 -DSTM32F103C8Tx -DDEBUG -c -I"C:/E/embedded/test/final simulation code for my assignments/BLDC_MOTOR/BLDC_MOTOR/stm32_drivers/inc" -I../Inc -O0 -ffunction-sections -fdata-sections -Wall -fstack-usage -MMD -MP -MF"Src/main.d" -MT"Src/main.o" --specs=nano.specs -mfloat-abi=soft -mthumb -o "Src/main.o"
../Src/main.c: In function 'main':
../Src/main.c:156:50: warning: passing argument 4 of 'EXTI' from incompatible pointer type [-Wincompatible-pointer-types]
  EXTI(GPIOA, pin0,EXTI_Trigger_RisingAndFalling, s1);
                                                  ^~
In file included from C:/E/embedded/test/final simulation code for my assignments/BLDC_MOTOR/BLDC_MOTOR/stm32_drivers/inc/STM32_TIMERS_DRIVER.h:18:0,
                 from ../Src/main.c:1:
C:/E/embedded/test/final simulation code for my assignments/BLDC_MOTOR/BLDC_MOTOR/stm32_drivers/inc/stm32f103c6_ISR_DRIVER.h:71:6: note: expected 'void (*)(interrupt_data *, uint8_t) {aka void (*)(struct <anonymous> *, unsigned char)}' but argument is of type 'void (*)()'
 void EXTI(GPIO_typeDef* PORTx ,uint16_t pin,uint16_t triggercase,void(*function_addres)(interrupt_data* isr_data,uint8_t interupt_num));
      ^~~~
../Src/main.c:157:50: warning: passing argument 4 of 'EXTI' from incompatible pointer type [-Wincompatible-pointer-types]
  EXTI(GPIOA, pin1,EXTI_Trigger_RisingAndFalling, s2);
                                                  ^~
In file included from C:/E/embedded/test/final simulation code for my assignments/BLDC_MOTOR/BLDC_MOTOR/stm32_drivers/inc/STM32_TIMERS_DRIVER.h:18:0,
                 from ../Src/main.c:1:
C:/E/embedded/test/final simulation code for my assignments/BLDC_MOTOR/BLDC_MOTOR/stm32_drivers/inc/stm32f103c6_ISR_DRIVER.h:71:6: note: expected 'void (*)(interrupt_data *, uint8_t) {aka void (*)(struct <anonymous> *, unsigned char)}' but argument is of type 'void (*)()'
 void EXTI(GPIO_typeDef* PORTx ,uint16_t pin,uint16_t triggercase,void(*function_addres)(interrupt_data* isr_data,uint8_t interupt_num));
      ^~~~
../Src/main.c:158:50: warning: passing argument 4 of 'EXTI' from incompatible pointer type [-Wincompatible-pointer-types]
  EXTI(GPIOA, pin2,EXTI_Trigger_RisingAndFalling, s3);
                                                  ^~
In file included from C:/E/embedded/test/final simulation code for my assignments/BLDC_MOTOR/BLDC_MOTOR/stm32_drivers/inc/STM32_TIMERS_DRIVER.h:18:0,
                 from ../Src/main.c:1:
C:/E/embedded/test/final simulation code for my assignments/BLDC_MOTOR/BLDC_MOTOR/stm32_drivers/inc/stm32f103c6_ISR_DRIVER.h:71:6: note: expected 'void (*)(interrupt_data *, uint8_t) {aka void (*)(struct <anonymous> *, unsigned char)}' but argument is of type 'void (*)()'
 void EXTI(GPIO_typeDef* PORTx ,uint16_t pin,uint16_t triggercase,void(*function_addres)(interrupt_data* isr_data,uint8_t interupt_num));
      ^~~~
arm-none-eabi-gcc -o "BLDC_MOTOR.axf" @"objects.list"   -mcpu=cortex-m3 -T"C:\E\embedded\test\final simulation code for my assignments\BLDC_MOTOR\BLDC_MOTOR\STM32F103C8TX_FLASH.ld" --specs=nosys.specs -Wl,-Map="BLDC_MOTOR.map" -Wl,--gc-sections -static --specs=nano.specs -mfloat-abi=soft -mthumb -Wl,--start-group -lc -lm -Wl,--end-group
Finished building target: BLDC_MOTOR.axf
 
arm-none-eabi-objdump -h -S  BLDC_MOTOR.axf  > "BLDC_MOTOR.list"
arm-none-eabi-objcopy  -O binary  BLDC_MOTOR.axf  "BLDC_MOTOR.bin"
arm-none-eabi-size   BLDC_MOTOR.axf 
   text	   data	    bss	    dec	    hex	filename
  10608	     40	   1752	  12400	   3070	BLDC_MOTOR.axf
Finished building: default.size.stdout
 
Finished building: BLDC_MOTOR.bin
 
Finished building: BLDC_MOTOR.list
 
