STM32_TIMERS_DRIVER.c:37:6:PWM	40	static
STM32_TIMERS_DRIVER.c:276:6:delay	40	static
STM32_TIMERS_DRIVER.c:343:6:TIMER_ISR	40	static
STM32_TIMERS_DRIVER.c:394:10:TIME_CALCULATION	24	static
STM32_TIMERS_DRIVER.c:426:6:SPWM_SINGLE_PHASE_INIT	32	static
STM32_TIMERS_DRIVER.c:459:6:SPWM_timer_INIT	24	static
STM32_TIMERS_DRIVER.c:521:6:SPWM_WRITE	32	static
STM32_TIMERS_DRIVER.c:544:6:TIM2_IRQHandler	4	static
STM32_TIMERS_DRIVER.c:551:6:TIM3_IRQHandler	8	static
STM32_TIMERS_DRIVER.c:560:6:TIM4_IRQHandler	4	static
STM32_TIMERS_DRIVER.c:567:6:TIM1_UP_IRQHandler	8	static
