C:/Users/20102/Desktop/motor_control_ss_stm/6_step/Src/stm32f1xx_hal_msp.c:68:6:HAL_MspInit	16	static
C:/Users/20102/Desktop/motor_control_ss_stm/6_step/Src/stm32f1xx_hal_msp.c:96:6:HAL_ADC_MspInit	48	static
C:/Users/20102/Desktop/motor_control_ss_stm/6_step/Src/stm32f1xx_hal_msp.c:169:6:HAL_ADC_MspDeInit	8	static
C:/Users/20102/Desktop/motor_control_ss_stm/6_step/Src/stm32f1xx_hal_msp.c:239:6:HAL_TIM_Base_MspInit	48	static
C:/Users/20102/Desktop/motor_control_ss_stm/6_step/Src/stm32f1xx_hal_msp.c:303:6:HAL_TIM_PWM_MspInit	8	static
C:/Users/20102/Desktop/motor_control_ss_stm/6_step/Src/stm32f1xx_hal_msp.c:319:6:HAL_TIM_MspPostInit	48	static
C:/Users/20102/Desktop/motor_control_ss_stm/6_step/Src/stm32f1xx_hal_msp.c:381:6:HAL_TIM_Base_MspDeInit	8	static
C:/Users/20102/Desktop/motor_control_ss_stm/6_step/Src/stm32f1xx_hal_msp.c:431:6:HAL_TIM_PWM_MspDeInit	0	static
C:/Users/20102/Desktop/motor_control_ss_stm/6_step/Src/stm32f1xx_hal_msp.c:453:6:HAL_UART_MspInit	40	static
C:/Users/20102/Desktop/motor_control_ss_stm/6_step/Src/stm32f1xx_hal_msp.c:492:6:HAL_UART_MspDeInit	8	static
