Archive member included to satisfy reference by file (symbol)

C:/ST/STM32CubeIDE_1.19.0/STM32CubeIDE/plugins/com.st.stm32cube.ide.mcu.externaltools.gnu-tools-for-stm32.13.3.rel1.win32_1.0.0.202411081344/tools/bin/../lib/gcc/arm-none-eabi/13.3.1/../../../../arm-none-eabi/lib/thumb/v7-m/nofp\libc_nano.a(libc_a-exit.o)
                              C:/ST/STM32CubeIDE_1.19.0/STM32CubeIDE/plugins/com.st.stm32cube.ide.mcu.externaltools.gnu-tools-for-stm32.13.3.rel1.win32_1.0.0.202411081344/tools/bin/../lib/gcc/arm-none-eabi/13.3.1/../../../../arm-none-eabi/lib/thumb/v7-m/nofp/crt0.o (exit)
C:/ST/STM32CubeIDE_1.19.0/STM32CubeIDE/plugins/com.st.stm32cube.ide.mcu.externaltools.gnu-tools-for-stm32.13.3.rel1.win32_1.0.0.202411081344/tools/bin/../lib/gcc/arm-none-eabi/13.3.1/../../../../arm-none-eabi/lib/thumb/v7-m/nofp\libc_nano.a(libc_a-findfp.o)
                              C:/ST/STM32CubeIDE_1.19.0/STM32CubeIDE/plugins/com.st.stm32cube.ide.mcu.externaltools.gnu-tools-for-stm32.13.3.rel1.win32_1.0.0.202411081344/tools/bin/../lib/gcc/arm-none-eabi/13.3.1/../../../../arm-none-eabi/lib/thumb/v7-m/nofp\libc_nano.a(libc_a-exit.o) (__stdio_exit_handler)
C:/ST/STM32CubeIDE_1.19.0/STM32CubeIDE/plugins/com.st.stm32cube.ide.mcu.externaltools.gnu-tools-for-stm32.13.3.rel1.win32_1.0.0.202411081344/tools/bin/../lib/gcc/arm-none-eabi/13.3.1/../../../../arm-none-eabi/lib/thumb/v7-m/nofp\libc_nano.a(libc_a-fwalk.o)
                              C:/ST/STM32CubeIDE_1.19.0/STM32CubeIDE/plugins/com.st.stm32cube.ide.mcu.externaltools.gnu-tools-for-stm32.13.3.rel1.win32_1.0.0.202411081344/tools/bin/../lib/gcc/arm-none-eabi/13.3.1/../../../../arm-none-eabi/lib/thumb/v7-m/nofp\libc_nano.a(libc_a-findfp.o) (_fwalk_sglue)
C:/ST/STM32CubeIDE_1.19.0/STM32CubeIDE/plugins/com.st.stm32cube.ide.mcu.externaltools.gnu-tools-for-stm32.13.3.rel1.win32_1.0.0.202411081344/tools/bin/../lib/gcc/arm-none-eabi/13.3.1/../../../../arm-none-eabi/lib/thumb/v7-m/nofp\libc_nano.a(libc_a-stdio.o)
                              C:/ST/STM32CubeIDE_1.19.0/STM32CubeIDE/plugins/com.st.stm32cube.ide.mcu.externaltools.gnu-tools-for-stm32.13.3.rel1.win32_1.0.0.202411081344/tools/bin/../lib/gcc/arm-none-eabi/13.3.1/../../../../arm-none-eabi/lib/thumb/v7-m/nofp\libc_nano.a(libc_a-findfp.o) (__sread)
C:/ST/STM32CubeIDE_1.19.0/STM32CubeIDE/plugins/com.st.stm32cube.ide.mcu.externaltools.gnu-tools-for-stm32.13.3.rel1.win32_1.0.0.202411081344/tools/bin/../lib/gcc/arm-none-eabi/13.3.1/../../../../arm-none-eabi/lib/thumb/v7-m/nofp\libc_nano.a(libc_a-memset.o)
                              C:/ST/STM32CubeIDE_1.19.0/STM32CubeIDE/plugins/com.st.stm32cube.ide.mcu.externaltools.gnu-tools-for-stm32.13.3.rel1.win32_1.0.0.202411081344/tools/bin/../lib/gcc/arm-none-eabi/13.3.1/../../../../arm-none-eabi/lib/thumb/v7-m/nofp/crt0.o (memset)
C:/ST/STM32CubeIDE_1.19.0/STM32CubeIDE/plugins/com.st.stm32cube.ide.mcu.externaltools.gnu-tools-for-stm32.13.3.rel1.win32_1.0.0.202411081344/tools/bin/../lib/gcc/arm-none-eabi/13.3.1/../../../../arm-none-eabi/lib/thumb/v7-m/nofp\libc_nano.a(libc_a-closer.o)
                              C:/ST/STM32CubeIDE_1.19.0/STM32CubeIDE/plugins/com.st.stm32cube.ide.mcu.externaltools.gnu-tools-for-stm32.13.3.rel1.win32_1.0.0.202411081344/tools/bin/../lib/gcc/arm-none-eabi/13.3.1/../../../../arm-none-eabi/lib/thumb/v7-m/nofp\libc_nano.a(libc_a-stdio.o) (_close_r)
C:/ST/STM32CubeIDE_1.19.0/STM32CubeIDE/plugins/com.st.stm32cube.ide.mcu.externaltools.gnu-tools-for-stm32.13.3.rel1.win32_1.0.0.202411081344/tools/bin/../lib/gcc/arm-none-eabi/13.3.1/../../../../arm-none-eabi/lib/thumb/v7-m/nofp\libc_nano.a(libc_a-reent.o)
                              C:/ST/STM32CubeIDE_1.19.0/STM32CubeIDE/plugins/com.st.stm32cube.ide.mcu.externaltools.gnu-tools-for-stm32.13.3.rel1.win32_1.0.0.202411081344/tools/bin/../lib/gcc/arm-none-eabi/13.3.1/../../../../arm-none-eabi/lib/thumb/v7-m/nofp\libc_nano.a(libc_a-closer.o) (errno)
C:/ST/STM32CubeIDE_1.19.0/STM32CubeIDE/plugins/com.st.stm32cube.ide.mcu.externaltools.gnu-tools-for-stm32.13.3.rel1.win32_1.0.0.202411081344/tools/bin/../lib/gcc/arm-none-eabi/13.3.1/../../../../arm-none-eabi/lib/thumb/v7-m/nofp\libc_nano.a(libc_a-impure.o)
                              C:/ST/STM32CubeIDE_1.19.0/STM32CubeIDE/plugins/com.st.stm32cube.ide.mcu.externaltools.gnu-tools-for-stm32.13.3.rel1.win32_1.0.0.202411081344/tools/bin/../lib/gcc/arm-none-eabi/13.3.1/../../../../arm-none-eabi/lib/thumb/v7-m/nofp\libc_nano.a(libc_a-reent.o) (_impure_ptr)
C:/ST/STM32CubeIDE_1.19.0/STM32CubeIDE/plugins/com.st.stm32cube.ide.mcu.externaltools.gnu-tools-for-stm32.13.3.rel1.win32_1.0.0.202411081344/tools/bin/../lib/gcc/arm-none-eabi/13.3.1/../../../../arm-none-eabi/lib/thumb/v7-m/nofp\libc_nano.a(libc_a-lseekr.o)
[...]
Memory Configuration

Name             Origin             Length             Attributes
RAM              0x20000000         0x00005000         xrw
FLASH            0x08000000         0x00020000         xr
*default*        0x00000000         0xffffffff

Linker script and memory map

LOAD C:/ST/STM32CubeIDE_1.19.0/STM32CubeIDE/plugins/com.st.stm32cube.ide.mcu.externaltools.gnu-tools-for-stm32.13.3.rel1.win32_1.0.0.202411081344/tools/bin/../lib/gcc/arm-none-eabi/13.3.1/thumb/v7-m/nofp/crti.o
LOAD C:/ST/STM32CubeIDE_1.19.0/STM32CubeIDE/plugins/com.st.stm32cube.ide.mcu.externaltools.gnu-tools-for-stm32.13.3.rel1.win32_1.0.0.202411081344/tools/bin/../lib/gcc/arm-none-eabi/13.3.1/thumb/v7-m/nofp/crtbegin.o
LOAD C:/ST/STM32CubeIDE_1.19.0/STM32CubeIDE/plugins/com.st.stm32cube.ide.mcu.externaltools.gnu-tools-for-stm32.13.3.rel1.win32_1.0.0.202411081344/tools/bin/../lib/gcc/arm-none-eabi/13.3.1/../../../../arm-none-eabi/lib/thumb/v7-m/nofp/crt0.o
LOAD ./Application/Startup/startup_stm32f103rbtx.o
LOAD ./Application/User/dac_rctimer_ui.o
LOAD ./Application/User/main.o
LOAD ./Application/User/mc_api.o
LOAD ./Application/User/mc_config.o
LOAD ./Application/User/mc_interface.o
LOAD ./Application/User/mc_math.o
LOAD ./Application/User/mc_parameters.o
LOAD ./Application/User/mc_tasks.o
LOAD ./Application/User/motor_control_protocol.o
LOAD ./Application/User/motorcontrol.o
LOAD ./Application/User/regular_conversion_manager.o
LOAD ./Application/User/stm32f10x_mc_it.o
LOAD ./Application/User/stm32f1xx_hal_msp.o
LOAD ./Application/User/stm32f1xx_it.o
LOAD ./Application/User/syscalls.o
LOAD ./Application/User/sysmem.o
LOAD ./Application/User/ui_task.o
LOAD ./Application/User/user_interface.o
LOAD ./Drivers/CMSIS/system_stm32f1xx.o
LOAD ./Drivers/STM32F1xx_HAL_Driver/stm32f1xx_hal.o
LOAD ./Drivers/STM32F1xx_HAL_Driver/stm32f1xx_hal_adc.o
LOAD ./Drivers/STM32F1xx_HAL_Driver/stm32f1xx_hal_adc_ex.o
LOAD ./Drivers/STM32F1xx_HAL_Driver/stm32f1xx_hal_cortex.o
LOAD ./Drivers/STM32F1xx_HAL_Driver/stm32f1xx_hal_dma.o
LOAD ./Drivers/STM32F1xx_HAL_Driver/stm32f1xx_hal_exti.o
LOAD ./Drivers/STM32F1xx_HAL_Driver/stm32f1xx_hal_flash.o
LOAD ./Drivers/STM32F1xx_HAL_Driver/stm32f1xx_hal_flash_ex.o
LOAD ./Drivers/STM32F1xx_HAL_Driver/stm32f1xx_hal_gpio.o
LOAD ./Drivers/STM32F1xx_HAL_Driver/stm32f1xx_hal_gpio_ex.o
LOAD ./Drivers/STM32F1xx_HAL_Driver/stm32f1xx_hal_pwr.o
LOAD ./Drivers/STM32F1xx_HAL_Driver/stm32f1xx_hal_rcc.o
LOAD ./Drivers/STM32F1xx_HAL_Driver/stm32f1xx_hal_rcc_ex.o
LOAD ./Drivers/STM32F1xx_HAL_Driver/stm32f1xx_hal_tim.o
LOAD ./Drivers/STM32F1xx_HAL_Driver/stm32f1xx_hal_tim_ex.o
LOAD ./Drivers/STM32F1xx_HAL_Driver/stm32f1xx_hal_uart.o
LOAD ./Middlewares/MotorControl/bus_voltage_sensor.o
LOAD ./Middlewares/MotorControl/circle_limitation.o
LOAD ./Middlewares/MotorControl/dac_common_ui.o
LOAD ./Middlewares/MotorControl/digital_output.o
LOAD ./Middlewares/MotorControl/frame_communication_protocol.o
LOAD ./Middlewares/MotorControl/hall_speed_pos_fdbk.o
LOAD ./Middlewares/MotorControl/motor_power_measurement.o
LOAD ./Middlewares/MotorControl/ntc_temperature_sensor.o
LOAD ./Middlewares/MotorControl/open_loop.o
LOAD ./Middlewares/MotorControl/pid_regulator.o
LOAD ./Middlewares/MotorControl/pqd_motor_power_measurement.o
LOAD ./Middlewares/MotorControl/pwm_common.o
LOAD ./Middlewares/MotorControl/pwm_curr_fdbk.o
LOAD ./Middlewares/MotorControl/r3_2_f1xx_pwm_curr_fdbk.o
LOAD ./Middlewares/MotorControl/ramp_ext_mngr.o
LOAD ./Middlewares/MotorControl/revup_ctrl.o
LOAD ./Middlewares/MotorControl/speed_pos_fdbk.o
LOAD ./Middlewares/MotorControl/speed_torq_ctrl.o
LOAD ./Middlewares/MotorControl/state_machine.o
LOAD ./Middlewares/MotorControl/ui_irq_handler.o
LOAD ./Middlewares/MotorControl/usart_frame_communication_protocol.o
LOAD ./Middlewares/MotorControl/virtual_bus_voltage_sensor.o
LOAD ./Middlewares/MotorControl/virtual_speed_sensor.o
START GROUP
LOAD C:/ST/STM32CubeIDE_1.19.0/STM32CubeIDE/plugins/com.st.stm32cube.ide.mcu.externaltools.gnu-tools-for-stm32.13.3.rel1.win32_1.0.0.202411081344/tools/bin/../lib/gcc/arm-none-eabi/13.3.1/../../../../arm-none-eabi/lib/thumb/v7-m/nofp\libc_nano.a
LOAD C:/ST/STM32CubeIDE_1.19.0/STM32CubeIDE/plugins/com.st.stm32cube.ide.mcu.externaltools.gnu-tools-for-stm32.13.3.rel1.win32_1.0.0.202411081344/tools/bin/../lib/gcc/arm-none-eabi/13.3.1/../../../../arm-none-eabi/lib/thumb/v7-m/nofp\libm.a
END GROUP
START GROUP
LOAD C:/ST/STM32CubeIDE_1.19.0/STM32CubeIDE/plugins/com.st.stm32cube.ide.mcu.externaltools.gnu-tools-for-stm32.13.3.rel1.win32_1.0.0.202411081344/tools/bin/../lib/gcc/arm-none-eabi/13.3.1/thumb/v7-m/nofp\libgcc.a
LOAD C:/ST/STM32CubeIDE_1.19.0/STM32CubeIDE/plugins/com.st.stm32cube.ide.mcu.externaltools.gnu-tools-for-stm32.13.3.rel1.win32_1.0.0.202411081344/tools/bin/../lib/gcc/arm-none-eabi/13.3.1/../../../../arm-none-eabi/lib/thumb/v7-m/nofp\libc_nano.a
END GROUP
START GROUP
LOAD C:/ST/STM32CubeIDE_1.19.0/STM32CubeIDE/plugins/com.st.stm32cube.ide.mcu.externaltools.gnu-tools-for-stm32.13.3.rel1.win32_1.0.0.202411081344/tools/bin/../lib/gcc/arm-none-eabi/13.3.1/thumb/v7-m/nofp\libgcc.a
LOAD C:/ST/STM32CubeIDE_1.19.0/STM32CubeIDE/plugins/com.st.stm32cube.ide.mcu.externaltools.gnu-tools-for-stm32.13.3.rel1.win32_1.0.0.202411081344/tools/bin/../lib/gcc/arm-none-eabi/13.3.1/../../../../arm-none-eabi/lib/thumb/v7-m/nofp\libc_nano.a
LOAD C:/ST/STM32CubeIDE_1.19.0/STM32CubeIDE/plugins/com.st.stm32cube.ide.mcu.externaltools.gnu-tools-for-stm32.13.3.rel1.win32_1.0.0.202411081344/tools/bin/../lib/gcc/arm-none-eabi/13.3.1/../../../../arm-none-eabi/lib/thumb/v7-m/nofp\libnosys.a
END GROUP
START GROUP
LOAD C:/ST/STM32CubeIDE_1.19.0/STM32CubeIDE/plugins/com.st.stm32cube.ide.mcu.externaltools.gnu-tools-for-stm32.13.3.rel1.win32_1.0.0.202411081344/tools/bin/../lib/gcc/arm-none-eabi/13.3.1/thumb/v7-m/nofp\libgcc.a
LOAD C:/ST/STM32CubeIDE_1.19.0/STM32CubeIDE/plugins/com.st.stm32cube.ide.mcu.externaltools.gnu-tools-for-stm32.13.3.rel1.win32_1.0.0.202411081344/tools/bin/../lib/gcc/arm-none-eabi/13.3.1/../../../../arm-none-eabi/lib/thumb/v7-m/nofp\libc_nano.a
LOAD C:/ST/STM32CubeIDE_1.19.0/STM32CubeIDE/plugins/com.st.stm32cube.ide.mcu.externaltools.gnu-tools-for-stm32.13.3.rel1.win32_1.0.0.202411081344/tools/bin/../lib/gcc/arm-none-eabi/13.3.1/../../../../arm-none-eabi/lib/thumb/v7-m/nofp\libnosys.a
END GROUP
LOAD C:/ST/STM32CubeIDE_1.19.0/STM32CubeIDE/plugins/com.st.stm32cube.ide.mcu.externaltools.gnu-tools-for-stm32.13.3.rel1.win32_1.0.0.202411081344/tools/bin/../lib/gcc/arm-none-eabi/13.3.1/thumb/v7-m/nofp/crtend.o
LOAD C:/ST/STM32CubeIDE_1.19.0/STM32CubeIDE/plugins/com.st.stm32cube.ide.mcu.externaltools.gnu-tools-for-stm32.13.3.rel1.win32_1.0.0.202411081344/tools/bin/../lib/gcc/arm-none-eabi/13.3.1/thumb/v7-m/nofp/crtn.o
                0x20005000                        _estack = (ORIGIN (RAM) + LENGTH (RAM))
                0x00000200                        _Min_Heap_Size = 0x200
                0x00000400                        _Min_Stack_Size = 0x400

.isr_vector     0x08000000      0x10c
                0x08000000                        . = ALIGN (0x4)
 *(.isr_vector)
 .isr_vector    0x08000000      0x10c ./Application/Startup/startup_stm32f103rbtx.o
                0x08000000                g_pfnVectors
                0x0800010c                        . = ALIGN (0x4)

.text           0x0800010c     0x5e98
                0x0800010c                        . = ALIGN (0x4)
 *(.text)
 .text          0x0800010c       0x40 C:/ST/STM32CubeIDE_1.19.0/STM32CubeIDE/plugins/com.st.stm32cube.ide.mcu.externaltools.gnu-tools-for-stm32.13.3.rel1.win32_1.0.0.202411081344/tools/bin/../lib/gcc/arm-none-eabi/13.3.1/thumb/v7-m/nofp/crtbegin.o
 *(.text*)
 .text.Reset_Handler
                0x0800014c       0x48 ./Application/Startup/startup_stm32f103rbtx.o
                0x0800014c                Reset_Handler
 .text.Default_Handler
                0x08000194        0x2 ./Application/Startup/startup_stm32f103rbtx.o
                0x08000194                RTC_Alarm_IRQHandler
                0x08000194                EXTI2_IRQHandler
                0x08000194                DebugMon_Handler
                0x08000194                TIM1_CC_IRQHandler
                0x08000194                PVD_IRQHandler
                0x08000194                PendSV_Handler
                0x08000194                NMI_Handler
                0x08000194                EXTI3_IRQHandler
                0x08000194                EXTI0_IRQHandler
                0x08000194                I2C2_EV_IRQHandler
                0x08000194                UsageFault_Handler
                0x08000194                SPI1_IRQHandler
                0x08000194                TAMPER_IRQHandler
                0x08000194                DMA1_Channel4_IRQHandler
                0x08000194                RTC_IRQHandler
                0x08000194                DMA1_Channel7_IRQHandler
                0x08000194                CAN1_RX1_IRQHandler
                0x08000194                TIM4_IRQHandler
                0x08000194                I2C1_EV_IRQHandler
                0x08000194                DMA1_Channel6_IRQHandler
                0x08000194                TIM3_IRQHandler
                0x08000194                RCC_IRQHandler
                0x08000194                TIM1_TRG_COM_IRQHandler
                0x08000194                DMA1_Channel1_IRQHandler
                0x08000194                Default_Handler
                0x08000194                EXTI9_5_IRQHandler
                0x08000194                SPI2_IRQHandler
                0x08000194                MemManage_Handler
                0x08000194                SVC_Handler
                0x08000194                DMA1_Channel5_IRQHandler
                0x08000194                EXTI4_IRQHandler
                0x08000194                USB_LP_CAN1_RX0_IRQHandler
                0x08000194                USB_HP_CAN1_TX_IRQHandler
                0x08000194                DMA1_Channel3_IRQHandler
                0x08000194                WWDG_IRQHandler
                0x08000194                EXTI1_IRQHandler
                0x08000194                USART2_IRQHandler
                0x08000194                I2C2_ER_IRQHandler
                0x08000194                DMA1_Channel2_IRQHandler
                0x08000194                CAN1_SCE_IRQHandler
                0x08000194                FLASH_IRQHandler
                0x08000194                BusFault_Handler
                0x08000194                USART1_IRQHandler
                0x08000194                I2C1_ER_IRQHandler
                0x08000194                USBWakeUp_IRQHandler
 *fill*         0x08000196        0x2 
 .text.DACT_Init
                0x08000198       0x3c ./Application/User/dac_rctimer_ui.o
                0x08000198                DACT_Init
 .text.DACT_Exec
                0x080001d4       0x38 ./Application/User/dac_rctimer_ui.o
                0x080001d4                DACT_Exec
 .text.SystemClock_Config
                0x0800020c       0x88 ./Application/User/main.o
                0x0800020c                SystemClock_Config
 .text.startup.main
                0x08000294      0x478 ./Application/User/main.o
                0x08000294                main
 .text.Error_Handler
                0x0800070c        0x4 ./Application/User/main.o
                0x0800070c                Error_Handler
 .text.MC_StartMotor1
                0x08000710        0xc ./Application/User/mc_api.o
                0x08000710                MC_StartMotor1
 .text.MC_StopMotor1
                0x0800071c        0xc ./Application/User/mc_api.o
                0x0800071c                MC_StopMotor1
 .text.MC_GetSTMStateMotor1
                0x08000728        0xc ./Application/User/mc_api.o
                0x08000728                MC_GetSTMStateMotor1
 .text.MCI_Init
                0x08000734       0x1c ./Application/User/mc_interface.o
                0x08000734                MCI_Init
 .text.MCI_ExecSpeedRamp
                0x08000750       0x14 ./Application/User/mc_interface.o
                0x08000750                MCI_ExecSpeedRamp
 .text.MCI_ExecTorqueRamp
                0x08000764       0x14 ./Application/User/mc_interface.o
                0x08000764                MCI_ExecTorqueRamp
 .text.MCI_SetCurrentReferences
                0x08000778       0x14 ./Application/User/mc_interface.o
                0x08000778                MCI_SetCurrentReferences
 .text.MCI_StartMotor
                0x0800078c       0x14 ./Application/User/mc_interface.o
                0x0800078c                MCI_StartMotor
 .text.MCI_StopMotor
                0x080007a0        0x8 ./Application/User/mc_interface.o
                0x080007a0                MCI_StopMotor
 .text.MCI_FaultAcknowledged
                0x080007a8        0x8 ./Application/User/mc_interface.o
                0x080007a8                MCI_FaultAcknowledged
 .text.MCI_EncoderAlign
                0x080007b0        0x8 ./Application/User/mc_interface.o
                0x080007b0                MCI_EncoderAlign
 .text.MCI_ExecBufferedCommands
                0x080007b8       0x70 ./Application/User/mc_interface.o
                0x080007b8                MCI_ExecBufferedCommands
 .text.MCI_GetSTMState
                0x08000828        0x8 ./Application/User/mc_interface.o
                0x08000828                MCI_GetSTMState
 .text.MCI_GetControlMode
                0x08000830        0x4 ./Application/User/mc_interface.o
                0x08000830                MCI_GetControlMode
 .text.MCI_GetLastRampFinalSpeed
                0x08000834       0x10 ./Application/User/mc_interface.o
                0x08000834                MCI_GetLastRampFinalSpeed
 .text.MCI_StopRamp
                0x08000844        0x8 ./Application/User/mc_interface.o
                0x08000844                MCI_StopRamp
 .text.MCI_GetAvrgMecSpeedUnit
                0x0800084c       0x10 ./Application/User/mc_interface.o
                0x0800084c                MCI_GetAvrgMecSpeedUnit
 .text.MCI_GetMecSpeedRefUnit
                0x0800085c        0x8 ./Application/User/mc_interface.o
                0x0800085c                MCI_GetMecSpeedRefUnit
 .text.MCI_GetIab
                0x08000864       0x14 ./Application/User/mc_interface.o
                0x08000864                MCI_GetIab
 .text.MCI_GetIalphabeta
                0x08000878       0x14 ./Application/User/mc_interface.o
                0x08000878                MCI_GetIalphabeta
 .text.MCI_GetIqd
                0x0800088c       0x14 ./Application/User/mc_interface.o
                0x0800088c                MCI_GetIqd
 .text.MCI_GetIqdref
                0x080008a0       0x14 ./Application/User/mc_interface.o
                0x080008a0                MCI_GetIqdref
 .text.MCI_GetVqd
                0x080008b4       0x14 ./Application/User/mc_interface.o
                0x080008b4                MCI_GetVqd
 .text.MCI_GetValphabeta
                0x080008c8       0x14 ./Application/User/mc_interface.o
                0x080008c8                MCI_GetValphabeta
 .text.MCI_GetTeref
                0x080008dc        0x8 ./Application/User/mc_interface.o
                0x080008dc                MCI_GetTeref
 .text.MCI_SetIdref
                0x080008e4       0x14 ./Application/User/mc_interface.o
                0x080008e4                MCI_SetIdref
 .text.MCI_Clear_Iqdref
                0x080008f8       0x18 ./Application/User/mc_interface.o
                0x080008f8                MCI_Clear_Iqdref
 .text.MCM_Clarke
                0x08000910       0x54 ./Application/User/mc_math.o
                0x08000910                MCM_Clarke
 .text.MCM_Trig_Functions
                0x08000964       0x90 ./Application/User/mc_math.o
                0x08000964                MCM_Trig_Functions
 .text.MCM_Park
                0x080009f4       0x84 ./Application/User/mc_math.o
                0x080009f4                MCM_Park
 .text.MCM_Rev_Park
                0x08000a78       0x40 ./Application/User/mc_math.o
                0x08000a78                MCM_Rev_Park
 .text.FOC_Clear
                0x08000ab8       0x74 ./Application/User/mc_tasks.o
                0x08000ab8                FOC_Clear
 .text.MCboot   0x08000b2c      0x1e4 ./Application/User/mc_tasks.o
                0x08000b2c                MCboot
 .text.FOC_InitAdditionalMethods
                0x08000d10        0x4 ./Application/User/mc_tasks.o
                0x08000d10                FOC_InitAdditionalMethods
 .text.FOC_CalcCurrRef
                0x08000d14       0x2c ./Application/User/mc_tasks.o
                0x08000d14                FOC_CalcCurrRef
 .text.TSK_SetChargeBootCapDelayM1
                0x08000d40        0xc ./Application/User/mc_tasks.o
                0x08000d40                TSK_SetChargeBootCapDelayM1
 .text.TSK_ChargeBootCapDelayHasElapsedM1
                0x08000d4c       0x14 ./Application/User/mc_tasks.o
                0x08000d4c                TSK_ChargeBootCapDelayHasElapsedM1
 .text.TSK_SetStopPermanencyTimeM1
                0x08000d60        0xc ./Application/User/mc_tasks.o
                0x08000d60                TSK_SetStopPermanencyTimeM1
 .text.TSK_StopPermanencyTimeHasElapsedM1
                0x08000d6c       0x14 ./Application/User/mc_tasks.o
                0x08000d6c                TSK_StopPermanencyTimeHasElapsedM1
 .text.TSK_MediumFrequencyTaskM1
                0x08000d80      0x158 ./Application/User/mc_tasks.o
                0x08000d80                TSK_MediumFrequencyTaskM1
 .text.MC_Scheduler
                0x08000ed8       0x58 ./Application/User/mc_tasks.o
                0x08000ed8                MC_Scheduler
 .text.TSK_HighFrequencyTask
                0x08000f30       0xe8 ./Application/User/mc_tasks.o
                0x08000f30                TSK_HighFrequencyTask
 .text.TSK_SafetyTask_PWMOFF
                0x08001018       0x80 ./Application/User/mc_tasks.o
                0x08001018                TSK_SafetyTask_PWMOFF
 .text.TSK_SafetyTask
                0x08001098       0x20 ./Application/User/mc_tasks.o
                0x08001098                TSK_SafetyTask
 .text.MC_RunMotorControlTasks
                0x080010b8       0x20 ./Application/User/mc_tasks.o
                0x080010b8                MC_RunMotorControlTasks
 .text.TSK_HardwareFaultTask
                0x080010d8       0x20 ./Application/User/mc_tasks.o
                0x080010d8                TSK_HardwareFaultTask
 .text.mc_lock_pins
                0x080010f8      0x104 ./Application/User/mc_tasks.o
                0x080010f8                mc_lock_pins
 .text.MCP_ReceivedFrame
                0x080011fc      0x65c ./Application/User/motor_control_protocol.o
                0x080011fc                MCP_ReceivedFrame
 .text.MCP_WaitNextFrame
                0x08001858       0x1c ./Application/User/motor_control_protocol.o
                0x08001858                MCP_WaitNextFrame
 .text.MCP_Init
                0x08001874       0x48 ./Application/User/motor_control_protocol.o
                0x08001874                MCP_Init
 .text.MCP_OnTimeOut
                0x080018bc        0x8 ./Application/User/motor_control_protocol.o
                0x080018bc                MCP_OnTimeOut
 .text.MCP_SentFrame
                0x080018c4        0x8 ./Application/User/motor_control_protocol.o
                0x080018c4                MCP_SentFrame
 .text.MX_MotorControl_Init
                0x080018cc       0x4c ./Application/User/motorcontrol.o
                0x080018cc                MX_MotorControl_Init
 .text.RCM_RegisterRegConv
                0x08001918      0x218 ./Application/User/regular_conversion_manager.o
                0x08001918                RCM_RegisterRegConv
 .text.RCM_ExecRegularConv
                0x08001b30       0x60 ./Application/User/regular_conversion_manager.o
                0x08001b30                RCM_ExecRegularConv
 .text.RCM_ExecUserConv
                0x08001b90       0x4c ./Application/User/regular_conversion_manager.o
                0x08001b90                RCM_ExecUserConv
 .text.ADC1_2_IRQHandler
                0x08001bdc       0x1c ./Application/User/stm32f10x_mc_it.o
                0x08001bdc                ADC1_2_IRQHandler
 .text.TIM1_UP_IRQHandler
                0x08001bf8       0x18 ./Application/User/stm32f10x_mc_it.o
                0x08001bf8                TIM1_UP_IRQHandler
 .text.TIM1_BRK_IRQHandler
                0x08001c10       0x24 ./Application/User/stm32f10x_mc_it.o
                0x08001c10                TIM1_BRK_IRQHandler
 .text.TIM2_IRQHandler
                0x08001c34       0x38 ./Application/User/stm32f10x_mc_it.o
                0x08001c34                TIM2_IRQHandler
 .text.USART3_IRQHandler
                0x08001c6c       0x80 ./Application/User/stm32f10x_mc_it.o
                0x08001c6c                USART3_IRQHandler
 .text.HardFault_Handler
                0x08001cec       0x7c ./Application/User/stm32f10x_mc_it.o
                0x08001cec                HardFault_Handler
 .text.SysTick_Handler
                0x08001d68       0x30 ./Application/User/stm32f10x_mc_it.o
                0x08001d68                SysTick_Handler
 .text.EXTI15_10_IRQHandler
                0x08001d98       0x18 ./Application/User/stm32f10x_mc_it.o
                0x08001d98                EXTI15_10_IRQHandler
 .text.HAL_MspInit
                0x08001db0       0x4c ./Application/User/stm32f1xx_hal_msp.o
                0x08001db0                HAL_MspInit
 .text.HAL_ADC_MspInit
                0x08001dfc       0xe0 ./Application/User/stm32f1xx_hal_msp.o
                0x08001dfc                HAL_ADC_MspInit
 .text.HAL_TIM_Base_MspInit
                0x08001edc       0xb8 ./Application/User/stm32f1xx_hal_msp.o
                0x08001edc                HAL_TIM_Base_MspInit
 .text.HAL_TIM_PWM_MspInit
                0x08001f94       0x2c ./Application/User/stm32f1xx_hal_msp.o
                0x08001f94                HAL_TIM_PWM_MspInit
 .text.HAL_TIM_MspPostInit
                0x08001fc0       0xd0 ./Application/User/stm32f1xx_hal_msp.o
                0x08001fc0                HAL_TIM_MspPostInit
 .text.HAL_UART_MspInit
                0x08002090       0x78 ./Application/User/stm32f1xx_hal_msp.o
                0x08002090                HAL_UART_MspInit
 .text.UI_TaskInit
                0x08002108       0xd8 ./Application/User/ui_task.o
                0x08002108                UI_TaskInit
 .text.UI_Scheduler
                0x080021e0       0x44 ./Application/User/ui_task.o
                0x080021e0                UI_Scheduler
 .text.UI_DACUpdate
                0x08002224       0x20 ./Application/User/ui_task.o
                0x08002224                UI_DACUpdate
 .text.UI_SerialCommunicationTimeOutStop
                0x08002244        0xc ./Application/User/ui_task.o
                0x08002244                UI_SerialCommunicationTimeOutStop
 .text.UI_SerialCommunicationTimeOutStart
                0x08002250        0xc ./Application/User/ui_task.o
                0x08002250                UI_SerialCommunicationTimeOutStart
 .text.UI_HandleStartStopButton_cb
                0x0800225c       0x18 ./Application/User/ui_task.o
                0x0800225c                UI_HandleStartStopButton_cb
 .text.UI_Init  0x08002274       0x14 ./Application/User/user_interface.o
                0x08002274                UI_Init
 .text.UI_SelectMC
                0x08002288       0x14 ./Application/User/user_interface.o
                0x08002288                UI_SelectMC
 .text.UI_GetSelectedMC
                0x0800229c        0x8 ./Application/User/user_interface.o
                0x0800229c                UI_GetSelectedMC
 .text.UI_SetReg
                0x080022a4      0x168 ./Application/User/user_interface.o
                0x080022a4                UI_SetReg
 .text.UI_ExecCmd
                0x0800240c       0x6c ./Application/User/user_interface.o
                0x0800240c                UI_ExecCmd
 .text.UI_ExecSpeedRamp
                0x08002478       0x24 ./Application/User/user_interface.o
                0x08002478                UI_ExecSpeedRamp
 .text.UI_ExecTorqueRamp
                0x0800249c       0x14 ./Application/User/user_interface.o
                0x0800249c                UI_ExecTorqueRamp
 .text.UI_GetRevupData
                0x080024b0       0x40 ./Application/User/user_interface.o
                0x080024b0                UI_GetRevupData
 .text.UI_SetRevupData
                0x080024f0       0x34 ./Application/User/user_interface.o
                0x080024f0                UI_SetRevupData
 .text.UI_SetCurrentReferences
                0x08002524       0x1c ./Application/User/user_interface.o
                0x08002524                UI_SetCurrentReferences
 .text.UI_GetMPInfo
                0x08002540        0x4 ./Application/User/user_interface.o
                0x08002540                UI_GetMPInfo
 .text.UI_DACInit
                0x08002544        0x8 ./Application/User/user_interface.o
                0x08002544                UI_DACInit
 .text.UI_DACExec
                0x0800254c        0x8 ./Application/User/user_interface.o
                0x0800254c                UI_DACExec
 .text.UI_SetDAC
                0x08002554        0x8 ./Application/User/user_interface.o
                0x08002554                UI_SetDAC
 .text.UI_GetDAC
                0x0800255c        0xc ./Application/User/user_interface.o
                0x0800255c                UI_GetDAC
 .text.UI_GetReg
                0x08002568      0x458 ./Application/User/user_interface.o
                0x08002568                UI_GetReg
 .text.SystemInit
                0x080029c0        0x4 ./Drivers/CMSIS/system_stm32f1xx.o
                0x080029c0                SystemInit
 .text.HAL_InitTick
                0x080029c4       0x48 ./Drivers/STM32F1xx_HAL_Driver/stm32f1xx_hal.o
                0x080029c4                HAL_InitTick
 .text.HAL_Init
                0x08002a0c       0x24 ./Drivers/STM32F1xx_HAL_Driver/stm32f1xx_hal.o
                0x08002a0c                HAL_Init
 .text.HAL_IncTick
                0x08002a30       0x18 ./Drivers/STM32F1xx_HAL_Driver/stm32f1xx_hal.o
                0x08002a30                HAL_IncTick
 .text.HAL_GetTick
                0x08002a48        0xc ./Drivers/STM32F1xx_HAL_Driver/stm32f1xx_hal.o
                0x08002a48                HAL_GetTick
 .text.HAL_ADC_Init
                0x08002a54      0x17c ./Drivers/STM32F1xx_HAL_Driver/stm32f1xx_hal_adc.o
                0x08002a54                HAL_ADC_Init
 .text.HAL_ADCEx_InjectedConfigChannel
                0x08002bd0      0x1f4 ./Drivers/STM32F1xx_HAL_Driver/stm32f1xx_hal_adc_ex.o
                0x08002bd0                HAL_ADCEx_InjectedConfigChannel
 .text.HAL_ADCEx_MultiModeConfigChannel
                0x08002dc4       0x6c ./Drivers/STM32F1xx_HAL_Driver/stm32f1xx_hal_adc_ex.o
                0x08002dc4                HAL_ADCEx_MultiModeConfigChannel
 .text.HAL_NVIC_SetPriorityGrouping
                0x08002e30       0x24 ./Drivers/STM32F1xx_HAL_Driver/stm32f1xx_hal_cortex.o
                0x08002e30                HAL_NVIC_SetPriorityGrouping
 .text.HAL_NVIC_SetPriority
                0x08002e54       0x78 ./Drivers/STM32F1xx_HAL_Driver/stm32f1xx_hal_cortex.o
                0x08002e54                HAL_NVIC_SetPriority
 .text.HAL_NVIC_EnableIRQ
                0x08002ecc       0x1c ./Drivers/STM32F1xx_HAL_Driver/stm32f1xx_hal_cortex.o
                0x08002ecc                HAL_NVIC_EnableIRQ
 .text.HAL_SYSTICK_Config
                0x08002ee8       0x30 ./Drivers/STM32F1xx_HAL_Driver/stm32f1xx_hal_cortex.o
                0x08002ee8                HAL_SYSTICK_Config
 .text.HAL_SYSTICK_Callback
                0x08002f18        0x4 ./Drivers/STM32F1xx_HAL_Driver/stm32f1xx_hal_cortex.o
                0x08002f18                HAL_SYSTICK_Callback
 .text.HAL_SYSTICK_IRQHandler
                0x08002f1c        0x8 ./Drivers/STM32F1xx_HAL_Driver/stm32f1xx_hal_cortex.o
                0x08002f1c                HAL_SYSTICK_IRQHandler
 .text.HAL_DMA_Init
                0x08002f24       0x70 ./Drivers/STM32F1xx_HAL_Driver/stm32f1xx_hal_dma.o
                0x08002f24                HAL_DMA_Init
 .text.HAL_GPIO_Init
                0x08002f94      0x40c ./Drivers/STM32F1xx_HAL_Driver/stm32f1xx_hal_gpio.o
                0x08002f94                HAL_GPIO_Init
 .text.HAL_RCC_OscConfig
                0x080033a0      0x3dc ./Drivers/STM32F1xx_HAL_Driver/stm32f1xx_hal_rcc.o
                0x080033a0                HAL_RCC_OscConfig
 .text.HAL_RCC_ClockConfig
                0x0800377c      0x184 ./Drivers/STM32F1xx_HAL_Driver/stm32f1xx_hal_rcc.o
                0x0800377c                HAL_RCC_ClockConfig
 .text.HAL_RCC_EnableCSS
                0x08003900        0xc ./Drivers/STM32F1xx_HAL_Driver/stm32f1xx_hal_rcc.o
                0x08003900                HAL_RCC_EnableCSS
 .text.HAL_RCC_GetHCLKFreq
                0x0800390c        0xc ./Drivers/STM32F1xx_HAL_Driver/stm32f1xx_hal_rcc.o
                0x0800390c                HAL_RCC_GetHCLKFreq
 .text.HAL_RCC_GetPCLK1Freq
                0x08003918       0x20 ./Drivers/STM32F1xx_HAL_Driver/stm32f1xx_hal_rcc.o
                0x08003918                HAL_RCC_GetPCLK1Freq
 .text.HAL_RCC_GetPCLK2Freq
                0x08003938       0x20 ./Drivers/STM32F1xx_HAL_Driver/stm32f1xx_hal_rcc.o
                0x08003938                HAL_RCC_GetPCLK2Freq
 .text.HAL_RCCEx_PeriphCLKConfig
                0x08003958      0x100 ./Drivers/STM32F1xx_HAL_Driver/stm32f1xx_hal_rcc_ex.o
                0x08003958                HAL_RCCEx_PeriphCLKConfig
 .text.HAL_TIM_Base_Init
                0x08003a58       0xdc ./Drivers/STM32F1xx_HAL_Driver/stm32f1xx_hal_tim.o
                0x08003a58                HAL_TIM_Base_Init
 .text.HAL_TIM_PWM_Init
                0x08003b34       0xdc ./Drivers/STM32F1xx_HAL_Driver/stm32f1xx_hal_tim.o
                0x08003b34                HAL_TIM_PWM_Init
 .text.HAL_TIM_PWM_ConfigChannel
                0x08003c10      0x1e4 ./Drivers/STM32F1xx_HAL_Driver/stm32f1xx_hal_tim.o
                0x08003c10                HAL_TIM_PWM_ConfigChannel
 .text.HAL_TIM_ConfigClockSource
                0x08003df4      0x154 ./Drivers/STM32F1xx_HAL_Driver/stm32f1xx_hal_tim.o
                0x08003df4                HAL_TIM_ConfigClockSource
 .text.HAL_TIM_SlaveConfigSynchro
                0x08003f48      0x10c ./Drivers/STM32F1xx_HAL_Driver/stm32f1xx_hal_tim.o
                0x08003f48                HAL_TIM_SlaveConfigSynchro
 .text.TIM_Base_SetConfig
                0x08004054       0x88 ./Drivers/STM32F1xx_HAL_Driver/stm32f1xx_hal_tim.o
                0x08004054                TIM_Base_SetConfig
 .text.TIM_OC2_SetConfig
                0x080040dc       0x5c ./Drivers/STM32F1xx_HAL_Driver/stm32f1xx_hal_tim.o
                0x080040dc                TIM_OC2_SetConfig
 .text.TIM_TI1_SetConfig
                0x08004138       0x50 ./Drivers/STM32F1xx_HAL_Driver/stm32f1xx_hal_tim.o
                0x08004138                TIM_TI1_SetConfig
 .text.HAL_TIMEx_HallSensor_MspInit
                0x08004188        0x4 ./Drivers/STM32F1xx_HAL_Driver/stm32f1xx_hal_tim_ex.o
                0x08004188                HAL_TIMEx_HallSensor_MspInit
 .text.HAL_TIMEx_HallSensor_Init
                0x0800418c       0xc8 ./Drivers/STM32F1xx_HAL_Driver/stm32f1xx_hal_tim_ex.o
                0x0800418c                HAL_TIMEx_HallSensor_Init
 .text.HAL_TIMEx_MasterConfigSynchronization
                0x08004254       0x64 ./Drivers/STM32F1xx_HAL_Driver/stm32f1xx_hal_tim_ex.o
                0x08004254                HAL_TIMEx_MasterConfigSynchronization
 .text.HAL_TIMEx_ConfigBreakDeadTime
                0x080042b8       0x54 ./Drivers/STM32F1xx_HAL_Driver/stm32f1xx_hal_tim_ex.o
                0x080042b8                HAL_TIMEx_ConfigBreakDeadTime
 .text.HAL_UART_Init
                0x0800430c       0xdc ./Drivers/STM32F1xx_HAL_Driver/stm32f1xx_hal_uart.o
                0x0800430c                HAL_UART_Init
 .text.VBS_GetAvBusVoltage_V
                0x080043e8        0xc ./Middlewares/MotorControl/bus_voltage_sensor.o
                0x080043e8                VBS_GetAvBusVoltage_V
 .text.Circle_Limitation
                0x080043f4       0x60 ./Middlewares/MotorControl/circle_limitation.o
                0x080043f4                Circle_Limitation
 .text.DAC_SetChannelConfig
                0x08004454        0x8 ./Middlewares/MotorControl/dac_common_ui.o
                0x08004454                DAC_SetChannelConfig
 .text.DAC_GetChannelConfig
                0x0800445c        0x8 ./Middlewares/MotorControl/dac_common_ui.o
                0x0800445c                DAC_GetChannelConfig
 .text.DAC_SetUserChannelValue
                0x08004464        0x8 ./Middlewares/MotorControl/dac_common_ui.o
                0x08004464                DAC_SetUserChannelValue
 .text.DAC_GetUserChannelValue
                0x0800446c        0xc ./Middlewares/MotorControl/dac_common_ui.o
                0x0800446c                DAC_GetUserChannelValue
 .text.FCP_Init
                0x08004478       0x18 ./Middlewares/MotorControl/frame_communication_protocol.o
                0x08004478                FCP_Init
 .text.FCP_SetClient
                0x08004490       0x10 ./Middlewares/MotorControl/frame_communication_protocol.o
                0x08004490                FCP_SetClient
 .text.FCP_CalcCRC
                0x080044a0       0x24 ./Middlewares/MotorControl/frame_communication_protocol.o
                0x080044a0                FCP_CalcCRC
 .text.HALL_Init
                0x080044c4      0x11c ./Middlewares/MotorControl/hall_speed_pos_fdbk.o
                0x080044c4                HALL_Init
 .text.HALL_Clear
                0x080045e0      0x168 ./Middlewares/MotorControl/hall_speed_pos_fdbk.o
                0x080045e0                HALL_Clear
 .text.HALL_CalcElAngle
                0x08004748       0x3c ./Middlewares/MotorControl/hall_speed_pos_fdbk.o
                0x08004748                HALL_CalcElAngle
 .text.HALL_CalcAvrgMecSpeedUnit
                0x08004784       0x98 ./Middlewares/MotorControl/hall_speed_pos_fdbk.o
                0x08004784                HALL_CalcAvrgMecSpeedUnit
 .text.HALL_TIMx_CC_IRQHandler
                0x0800481c      0x338 ./Middlewares/MotorControl/hall_speed_pos_fdbk.o
                0x0800481c                HALL_TIMx_CC_IRQHandler
 .text.HALL_TIMx_UP_IRQHandler
                0x08004b54      0x184 ./Middlewares/MotorControl/hall_speed_pos_fdbk.o
                0x08004b54                HALL_TIMx_UP_IRQHandler
 .text.MPM_Clear
                0x08004cd8       0x18 ./Middlewares/MotorControl/motor_power_measurement.o
                0x08004cd8                MPM_Clear
 .text.MPM_CalcElMotorPower
                0x08004cf0       0x48 ./Middlewares/MotorControl/motor_power_measurement.o
                0x08004cf0                MPM_CalcElMotorPower
 .text.MPM_GetAvrgElMotorPowerW
                0x08004d38        0x8 ./Middlewares/MotorControl/motor_power_measurement.o
                0x08004d38                MPM_GetAvrgElMotorPowerW
 .text.NTC_SetFaultState
                0x08004d40       0x1c ./Middlewares/MotorControl/ntc_temperature_sensor.o
                0x08004d40                NTC_SetFaultState
 .text.NTC_Clear
                0x08004d5c        0x8 ./Middlewares/MotorControl/ntc_temperature_sensor.o
                0x08004d5c                NTC_Clear
 .text.NTC_Init
                0x08004d64       0x28 ./Middlewares/MotorControl/ntc_temperature_sensor.o
                0x08004d64                NTC_Init
 .text.NTC_CalcAvTemp
                0x08004d8c       0x38 ./Middlewares/MotorControl/ntc_temperature_sensor.o
                0x08004d8c                NTC_CalcAvTemp
 .text.NTC_GetAvTemp_C
                0x08004dc4       0x30 ./Middlewares/MotorControl/ntc_temperature_sensor.o
                0x08004dc4                NTC_GetAvTemp_C
 .text.PID_HandleInit
                0x08004df4       0x10 ./Middlewares/MotorControl/pid_regulator.o
                0x08004df4                PID_HandleInit
 .text.PID_SetKP
                0x08004e04        0x4 ./Middlewares/MotorControl/pid_regulator.o
                0x08004e04                PID_SetKP
 .text.PID_SetKI
                0x08004e08        0x4 ./Middlewares/MotorControl/pid_regulator.o
                0x08004e08                PID_SetKI
 .text.PID_GetKP
                0x08004e0c        0x8 ./Middlewares/MotorControl/pid_regulator.o
                0x08004e0c                PID_GetKP
 .text.PID_GetKI
                0x08004e14        0x8 ./Middlewares/MotorControl/pid_regulator.o
                0x08004e14                PID_GetKI
 .text.PID_SetIntegralTerm
                0x08004e1c        0x4 ./Middlewares/MotorControl/pid_regulator.o
                0x08004e1c                PID_SetIntegralTerm
 .text.PID_GetKPDivisor
                0x08004e20        0x4 ./Middlewares/MotorControl/pid_regulator.o
                0x08004e20                PID_GetKPDivisor
 .text.PID_GetKIDivisor
                0x08004e24        0x4 ./Middlewares/MotorControl/pid_regulator.o
                0x08004e24                PID_GetKIDivisor
 .text.PID_SetKD
                0x08004e28        0x4 ./Middlewares/MotorControl/pid_regulator.o
                0x08004e28                PID_SetKD
 .text.PID_GetKD
                0x08004e2c        0x8 ./Middlewares/MotorControl/pid_regulator.o
                0x08004e2c                PID_GetKD
 .text.PI_Controller
                0x08004e34       0x80 ./Middlewares/MotorControl/pid_regulator.o
                0x08004e34                PI_Controller
 .text.PQD_CalcElMotorPower
                0x08004eb4       0x70 ./Middlewares/MotorControl/pqd_motor_power_measurement.o
                0x08004eb4                PQD_CalcElMotorPower
 .text.startTimers
                0x08004f24       0x64 ./Middlewares/MotorControl/pwm_common.o
                0x08004f24                startTimers
 .text.waitForPolarizationEnd
                0x08004f88       0x4c ./Middlewares/MotorControl/pwm_common.o
                0x08004f88                waitForPolarizationEnd
 .text.PWMC_GetPhaseCurrents
                0x08004fd4        0x4 ./Middlewares/MotorControl/pwm_curr_fdbk.o
                0x08004fd4                PWMC_GetPhaseCurrents
 .text.PWMC_SetPhaseVoltage
                0x08004fd8      0x234 ./Middlewares/MotorControl/pwm_curr_fdbk.o
                0x08004fd8                PWMC_SetPhaseVoltage
 .text.PWMC_SwitchOffPWM
                0x0800520c        0x4 ./Middlewares/MotorControl/pwm_curr_fdbk.o
                0x0800520c                PWMC_SwitchOffPWM
 .text.PWMC_CurrentReadingCalibr
                0x08005210       0x40 ./Middlewares/MotorControl/pwm_curr_fdbk.o
                0x08005210                PWMC_CurrentReadingCalibr
 .text.PWMC_CheckOverCurrent
                0x08005250        0x4 ./Middlewares/MotorControl/pwm_curr_fdbk.o
                0x08005250                PWMC_CheckOverCurrent
 .text.R3_2_GetPhaseCurrents
                0x08005254      0x160 ./Middlewares/MotorControl/r3_2_f1xx_pwm_curr_fdbk.o
                0x08005254                R3_2_GetPhaseCurrents
 .text.R3_2_HFCurrentsPolarizationAB
                0x080053b4       0x48 ./Middlewares/MotorControl/r3_2_f1xx_pwm_curr_fdbk.o
                0x080053b4                R3_2_HFCurrentsPolarizationAB
 .text.R3_2_HFCurrentsPolarizationC
                0x080053fc       0x3c ./Middlewares/MotorControl/r3_2_f1xx_pwm_curr_fdbk.o
                0x080053fc                R3_2_HFCurrentsPolarizationC
 .text.R3_2_SetADCSampPointPolarization
                0x08005438       0x3c ./Middlewares/MotorControl/r3_2_f1xx_pwm_curr_fdbk.o
                0x08005438                R3_2_SetADCSampPointPolarization
 .text.R3_2_SetADCSampPointSectX
                0x08005474       0x80 ./Middlewares/MotorControl/r3_2_f1xx_pwm_curr_fdbk.o
                0x08005474                R3_2_SetADCSampPointSectX
 .text.R3_2_Init
                0x080054f4       0x8c ./Middlewares/MotorControl/r3_2_f1xx_pwm_curr_fdbk.o
                0x080054f4                R3_2_Init
 .text.R3_2_TurnOnLowSides
                0x08005580       0x60 ./Middlewares/MotorControl/r3_2_f1xx_pwm_curr_fdbk.o
                0x08005580                R3_2_TurnOnLowSides
 .text.R3_2_SwitchOnPWM
                0x080055e0       0x90 ./Middlewares/MotorControl/r3_2_f1xx_pwm_curr_fdbk.o
                0x080055e0                R3_2_SwitchOnPWM
 .text.R3_2_SwitchOffPWM
                0x08005670       0x70 ./Middlewares/MotorControl/r3_2_f1xx_pwm_curr_fdbk.o
                0x08005670                R3_2_SwitchOffPWM
 .text.R3_2_CurrentReadingPolarization
                0x080056e0      0x100 ./Middlewares/MotorControl/r3_2_f1xx_pwm_curr_fdbk.o
                0x080056e0                R3_2_CurrentReadingPolarization
 .text.R3_2_TIMx_UP_IRQHandler
                0x080057e0       0x78 ./Middlewares/MotorControl/r3_2_f1xx_pwm_curr_fdbk.o
                0x080057e0                R3_2_TIMx_UP_IRQHandler
 .text.R3_2_BRK_IRQHandler
                0x08005858       0x48 ./Middlewares/MotorControl/r3_2_f1xx_pwm_curr_fdbk.o
                0x08005858                R3_2_BRK_IRQHandler
 .text.R3_2_IsOverCurrentOccurred
                0x080058a0       0x14 ./Middlewares/MotorControl/r3_2_f1xx_pwm_curr_fdbk.o
                0x080058a0                R3_2_IsOverCurrentOccurred
 .text.REMNG_Init
                0x080058b4       0x10 ./Middlewares/MotorControl/ramp_ext_mngr.o
                0x080058b4                REMNG_Init
 .text.RUC_SetPhaseDurationms
                0x080058c4        0xc ./Middlewares/MotorControl/revup_ctrl.o
                0x080058c4                RUC_SetPhaseDurationms
 .text.RUC_SetPhaseFinalMecSpeedUnit
                0x080058d0        0xc ./Middlewares/MotorControl/revup_ctrl.o
                0x080058d0                RUC_SetPhaseFinalMecSpeedUnit
 .text.RUC_SetPhaseFinalTorque
                0x080058dc        0xc ./Middlewares/MotorControl/revup_ctrl.o
                0x080058dc                RUC_SetPhaseFinalTorque
 .text.RUC_GetPhaseDurationms
                0x080058e8        0xc ./Middlewares/MotorControl/revup_ctrl.o
                0x080058e8                RUC_GetPhaseDurationms
 .text.RUC_GetPhaseFinalMecSpeedUnit
                0x080058f4       0x10 ./Middlewares/MotorControl/revup_ctrl.o
                0x080058f4                RUC_GetPhaseFinalMecSpeedUnit
 .text.RUC_GetPhaseFinalTorque
                0x08005904       0x10 ./Middlewares/MotorControl/revup_ctrl.o
                0x08005904                RUC_GetPhaseFinalTorque
 .text.RUC_GetNumberOfPhases
                0x08005914        0x8 ./Middlewares/MotorControl/revup_ctrl.o
                0x08005914                RUC_GetNumberOfPhases
 .text.SPD_GetElAngle
                0x0800591c        0x8 ./Middlewares/MotorControl/speed_pos_fdbk.o
                0x0800591c                SPD_GetElAngle
 .text.SPD_GetAvrgMecSpeedUnit
                0x08005924        0x8 ./Middlewares/MotorControl/speed_pos_fdbk.o
                0x08005924                SPD_GetAvrgMecSpeedUnit
 .text.SPD_GetInstElSpeedDpp
                0x0800592c        0x8 ./Middlewares/MotorControl/speed_pos_fdbk.o
                0x0800592c                SPD_GetInstElSpeedDpp
 .text.SPD_IsMecSpeedReliable
                0x08005934       0x6c ./Middlewares/MotorControl/speed_pos_fdbk.o
                0x08005934                SPD_IsMecSpeedReliable
 .text.SPD_GetS16Speed
                0x080059a0       0x14 ./Middlewares/MotorControl/speed_pos_fdbk.o
                0x080059a0                SPD_GetS16Speed
 .text.STC_Init
                0x080059b4       0x2c ./Middlewares/MotorControl/speed_torq_ctrl.o
                0x080059b4                STC_Init
 .text.STC_GetSpeedSensor
                0x080059e0        0x4 ./Middlewares/MotorControl/speed_torq_ctrl.o
                0x080059e0                STC_GetSpeedSensor
 .text.STC_Clear
                0x080059e4       0x10 ./Middlewares/MotorControl/speed_torq_ctrl.o
                0x080059e4                STC_Clear
 .text.STC_GetMecSpeedRefUnit
                0x080059f4       0x10 ./Middlewares/MotorControl/speed_torq_ctrl.o
                0x080059f4                STC_GetMecSpeedRefUnit
 .text.STC_GetTorqueRef
                0x08005a04       0x10 ./Middlewares/MotorControl/speed_torq_ctrl.o
                0x08005a04                STC_GetTorqueRef
 .text.STC_SetControlMode
                0x08005a14        0x8 ./Middlewares/MotorControl/speed_torq_ctrl.o
                0x08005a14                STC_SetControlMode
 .text.STC_ExecRamp
                0x08005a1c       0x90 ./Middlewares/MotorControl/speed_torq_ctrl.o
                0x08005a1c                STC_ExecRamp
 .text.STC_StopRamp
                0x08005aac        0x8 ./Middlewares/MotorControl/speed_torq_ctrl.o
                0x08005aac                STC_StopRamp
 .text.STC_CalcTorqueReference
                0x08005ab4       0x90 ./Middlewares/MotorControl/speed_torq_ctrl.o
                0x08005ab4                STC_CalcTorqueReference
 .text.STC_GetMecSpeedRefUnitDefault
                0x08005b44        0x8 ./Middlewares/MotorControl/speed_torq_ctrl.o
                0x08005b44                STC_GetMecSpeedRefUnitDefault
 .text.STC_GetMaxAppPositiveMecSpeedUnit
                0x08005b4c        0x4 ./Middlewares/MotorControl/speed_torq_ctrl.o
                0x08005b4c                STC_GetMaxAppPositiveMecSpeedUnit
 .text.STC_GetMinAppNegativeMecSpeedUnit
                0x08005b50        0x8 ./Middlewares/MotorControl/speed_torq_ctrl.o
                0x08005b50                STC_GetMinAppNegativeMecSpeedUnit
 .text.STC_GetDefaultIqdref
                0x08005b58        0xc ./Middlewares/MotorControl/speed_torq_ctrl.o
                0x08005b58                STC_GetDefaultIqdref
 .text.STC_ForceSpeedReferenceToCurrentSpeed
                0x08005b64       0x10 ./Middlewares/MotorControl/speed_torq_ctrl.o
                0x08005b64                STC_ForceSpeedReferenceToCurrentSpeed
 .text.STM_Init
                0x08005b74        0xc ./Middlewares/MotorControl/state_machine.o
                0x08005b74                STM_Init
 .text.STM_FaultProcessing
                0x08005b80       0x48 ./Middlewares/MotorControl/state_machine.o
                0x08005b80                STM_FaultProcessing
 .text.STM_NextState
                0x08005bc8       0xf0 ./Middlewares/MotorControl/state_machine.o
                0x08005bc8                STM_NextState
 .text.STM_GetState
                0x08005cb8        0x4 ./Middlewares/MotorControl/state_machine.o
                0x08005cb8                STM_GetState
 .text.STM_FaultAcknowledged
                0x08005cbc       0x18 ./Middlewares/MotorControl/state_machine.o
                0x08005cbc                STM_FaultAcknowledged
 .text.STM_GetFaultState
                0x08005cd4        0xc ./Middlewares/MotorControl/state_machine.o
                0x08005cd4                STM_GetFaultState
 .text.UFCP_Init
                0x08005ce0        0x4 ./Middlewares/MotorControl/usart_frame_communication_protocol.o
                0x08005ce0                UFCP_Init
 .text.UFCP_TX_IRQ_Handler
                0x08005ce4       0x64 ./Middlewares/MotorControl/usart_frame_communication_protocol.o
                0x08005ce4                UFCP_TX_IRQ_Handler
 .text.UFCP_Receive
                0x08005d48       0x2c ./Middlewares/MotorControl/usart_frame_communication_protocol.o
                0x08005d48                UFCP_Receive
 .text.UFCP_Send
                0x08005d74       0xb8 ./Middlewares/MotorControl/usart_frame_communication_protocol.o
                0x08005d74                UFCP_Send
 .text.UFCP_RX_IRQ_Handler
                0x08005e2c       0xcc ./Middlewares/MotorControl/usart_frame_communication_protocol.o
                0x08005e2c                UFCP_RX_IRQ_Handler
 .text.UFCP_OVR_IRQ_Handler
                0x08005ef8       0x20 ./Middlewares/MotorControl/usart_frame_communication_protocol.o
                0x08005ef8                UFCP_OVR_IRQ_Handler
 .text.UFCP_AbortReceive
                0x08005f18        0x8 ./Middlewares/MotorControl/usart_frame_communication_protocol.o
                0x08005f18                UFCP_AbortReceive
 .text.VVBS_Init
                0x08005f20       0x14 ./Middlewares/MotorControl/virtual_bus_voltage_sensor.o
                0x08005f20                VVBS_Init
 .text.memset   0x08005f34       0x10 C:/ST/STM32CubeIDE_1.19.0/STM32CubeIDE/plugins/com.st.stm32cube.ide.mcu.externaltools.gnu-tools-for-stm32.13.3.rel1.win32_1.0.0.202411081344/tools/bin/../lib/gcc/arm-none-eabi/13.3.1/../../../../arm-none-eabi/lib/thumb/v7-m/nofp\libc_nano.a(libc_a-memset.o)
                0x08005f34                memset
 .text.__libc_init_array
                0x08005f44       0x48 C:/ST/STM32CubeIDE_1.19.0/STM32CubeIDE/plugins/com.st.stm32cube.ide.mcu.externaltools.gnu-tools-for-stm32.13.3.rel1.win32_1.0.0.202411081344/tools/bin/../lib/gcc/arm-none-eabi/13.3.1/../../../../arm-none-eabi/lib/thumb/v7-m/nofp\libc_nano.a(libc_a-init.o)
                0x08005f44                __libc_init_array
 *(.glue_7)
 .glue_7        0x08005f8c        0x0 linker stubs
 *(.glue_7t)
 .glue_7t       0x08005f8c        0x0 linker stubs
 *(.eh_frame)
 .eh_frame      0x08005f8c        0x0 C:/ST/STM32CubeIDE_1.19.0/STM32CubeIDE/plugins/com.st.stm32cube.ide.mcu.externaltools.gnu-tools-for-stm32.13.3.rel1.win32_1.0.0.202411081344/tools/bin/../lib/gcc/arm-none-eabi/13.3.1/thumb/v7-m/nofp/crtbegin.o
 *(.init)
 .init          0x08005f8c        0x4 C:/ST/STM32CubeIDE_1.19.0/STM32CubeIDE/plugins/com.st.stm32cube.ide.mcu.externaltools.gnu-tools-for-stm32.13.3.rel1.win32_1.0.0.202411081344/tools/bin/../lib/gcc/arm-none-eabi/13.3.1/thumb/v7-m/nofp/crti.o
                0x08005f8c                _init
 .init          0x08005f90        0x8 C:/ST/STM32CubeIDE_1.19.0/STM32CubeIDE/plugins/com.st.stm32cube.ide.mcu.externaltools.gnu-tools-for-stm32.13.3.rel1.win32_1.0.0.202411081344/tools/bin/../lib/gcc/arm-none-eabi/13.3.1/thumb/v7-m/nofp/crtn.o
 *(.fini)
 .fini          0x08005f98        0x4 C:/ST/STM32CubeIDE_1.19.0/STM32CubeIDE/plugins/com.st.stm32cube.ide.mcu.externaltools.gnu-tools-for-stm32.13.3.rel1.win32_1.0.0.202411081344/tools/bin/../lib/gcc/arm-none-eabi/13.3.1/thumb/v7-m/nofp/crti.o
                0x08005f98                _fini
 .fini          0x08005f9c        0x8 C:/ST/STM32CubeIDE_1.19.0/STM32CubeIDE/plugins/com.st.stm32cube.ide.mcu.externaltools.gnu-tools-for-stm32.13.3.rel1.win32_1.0.0.202411081344/tools/bin/../lib/gcc/arm-none-eabi/13.3.1/thumb/v7-m/nofp/crtn.o
                0x08005fa4                        . = ALIGN (0x4)
                0x08005fa4                        _etext = .

.vfp11_veneer   0x08005fa4        0x0
 .vfp11_veneer  0x08005fa4        0x0 linker stubs

.v4_bx          0x08005fa4        0x0
 .v4_bx         0x08005fa4        0x0 linker stubs

.iplt           0x08005fa4        0x0
 .iplt          0x08005fa4        0x0 C:/ST/STM32CubeIDE_1.19.0/STM32CubeIDE/plugins/com.st.stm32cube.ide.mcu.externaltools.gnu-tools-for-stm32.13.3.rel1.win32_1.0.0.202411081344/tools/bin/../lib/gcc/arm-none-eabi/13.3.1/thumb/v7-m/nofp/crtbegin.o

.rodata         0x08005fa4      0x2e4
                0x08005fa4                        . = ALIGN (0x4)
 *(.rodata)
 *(.rodata*)
 .rodata.hSin_Cos_Table
                0x08005fa4      0x200 ./Application/User/mc_math.o
                0x08005fa4                hSin_Cos_Table
 .rodata.R3_2_ParamsM1
                0x080061a4       0x90 ./Application/User/mc_parameters.o
                0x080061a4                R3_2_ParamsM1
 .rodata.s_fwVer
                0x08006234       0x20 ./Application/User/motorcontrol.o
                0x08006234                s_fwVer
 .rodata.APBPrescTable
                0x08006254        0x8 ./Drivers/CMSIS/system_stm32f1xx.o
                0x08006254                APBPrescTable
 .rodata.AHBPrescTable
                0x0800625c       0x10 ./Drivers/CMSIS/system_stm32f1xx.o
                0x0800625c                AHBPrescTable
 .rodata.aPredivFactorTable.0
                0x0800626c        0x2 ./Drivers/STM32F1xx_HAL_Driver/stm32f1xx_hal_rcc.o
 *fill*         0x0800626e        0x2 
 .rodata.aPLLMULFactorTable.1
                0x08006270       0x10 ./Drivers/STM32F1xx_HAL_Driver/stm32f1xx_hal_rcc.o
 .rodata.UFCP_Usart_Timeout_stop
                0x08006280        0x2 ./Middlewares/MotorControl/usart_frame_communication_protocol.o
 .rodata.UFCP_Usart_Timeout_start
                0x08006282        0x2 ./Middlewares/MotorControl/usart_frame_communication_protocol.o
 .rodata.UFCP_Usart_Timeout_none
                0x08006284        0x2 ./Middlewares/MotorControl/usart_frame_communication_protocol.o
                0x08006288                        . = ALIGN (0x4)
 *fill*         0x08006286        0x2 

.rel.dyn        0x08006288        0x0
 .rel.iplt      0x08006288        0x0 C:/ST/STM32CubeIDE_1.19.0/STM32CubeIDE/plugins/com.st.stm32cube.ide.mcu.externaltools.gnu-tools-for-stm32.13.3.rel1.win32_1.0.0.202411081344/tools/bin/../lib/gcc/arm-none-eabi/13.3.1/thumb/v7-m/nofp/crtbegin.o

.ARM.extab      0x08006288        0x0
                0x08006288                        . = ALIGN (0x4)
 *(.ARM.extab* .gnu.linkonce.armextab.*)
                0x08006288                        . = ALIGN (0x4)

.ARM            0x08006288        0x0
                0x08006288                        . = ALIGN (0x4)
                0x08006288                        __exidx_start = .
 *(.ARM.exidx*)
                0x08006288                        __exidx_end = .
                0x08006288                        . = ALIGN (0x4)

.preinit_array  0x08006288        0x0
                0x08006288                        . = ALIGN (0x4)
                0x08006288                        PROVIDE (__preinit_array_start = .)
 *(.preinit_array*)
                0x08006288                        PROVIDE (__preinit_array_end = .)
                0x08006288                        . = ALIGN (0x4)

.init_array     0x08006288        0x4
                0x08006288                        . = ALIGN (0x4)
                0x08006288                        PROVIDE (__init_array_start = .)
 *(SORT_BY_NAME(.init_array.*))
 *(.init_array*)
 .init_array    0x08006288        0x4 C:/ST/STM32CubeIDE_1.19.0/STM32CubeIDE/plugins/com.st.stm32cube.ide.mcu.externaltools.gnu-tools-for-stm32.13.3.rel1.win32_1.0.0.202411081344/tools/bin/../lib/gcc/arm-none-eabi/13.3.1/thumb/v7-m/nofp/crtbegin.o
                0x0800628c                        PROVIDE (__init_array_end = .)
                0x0800628c                        . = ALIGN (0x4)

.fini_array     0x0800628c        0x4
                0x0800628c                        . = ALIGN (0x4)
                [!provide]                        PROVIDE (__fini_array_start = .)
 *(SORT_BY_NAME(.fini_array.*))
 *(.fini_array*)
 .fini_array    0x0800628c        0x4 C:/ST/STM32CubeIDE_1.19.0/STM32CubeIDE/plugins/com.st.stm32cube.ide.mcu.externaltools.gnu-tools-for-stm32.13.3.rel1.win32_1.0.0.202411081344/tools/bin/../lib/gcc/arm-none-eabi/13.3.1/thumb/v7-m/nofp/crtbegin.o
                [!provide]                        PROVIDE (__fini_array_end = .)
                0x08006290                        . = ALIGN (0x4)
                0x08006290                        _sidata = LOADADDR (.data)

.data           0x20000000      0x5c8 load address 0x08006290
                0x20000000                        . = ALIGN (0x4)
                0x20000000                        _sdata = .
 *(.data)
 *(.data*)
 .data.pUSART   0x20000000      0x13c ./Application/User/mc_config.o
                0x20000000                pUSART
 .data.CircleLimitationM1
                0x2000013c       0xb4 ./Application/User/mc_config.o
                0x2000013c                CircleLimitationM1
 .data.RampExtMngrHFParamsM1
                0x200001f0       0x18 ./Application/User/mc_config.o
                0x200001f0                RampExtMngrHFParamsM1
 .data.DAC_UI_Params
                0x20000208       0x3c ./Application/User/mc_config.o
                0x20000208                DAC_UI_Params
 .data.UI_Params
                0x20000244       0x30 ./Application/User/mc_config.o
                0x20000244                UI_Params
 .data.VirtualBusVoltageSensorParamsM1
                0x20000274        0xc ./Application/User/mc_config.o
                0x20000274                VirtualBusVoltageSensorParamsM1
 .data.TempSensorParamsM1
                0x20000280       0x28 ./Application/User/mc_config.o
                0x20000280                TempSensorParamsM1
 .data.HALL_M1  0x200002a8       0xc8 ./Application/User/mc_config.o
                0x200002a8                HALL_M1
 .data.PWM_Handle_M1
                0x20000370       0x78 ./Application/User/mc_config.o
                0x20000370                PWM_Handle_M1
 .data.SpeednTorqCtrlM1
                0x200003e8       0x34 ./Application/User/mc_config.o
                0x200003e8                SpeednTorqCtrlM1
 .data.PIDIdHandle_M1
                0x2000041c       0x2c ./Application/User/mc_config.o
                0x2000041c                PIDIdHandle_M1
 .data.PIDIqHandle_M1
                0x20000448       0x2c ./Application/User/mc_config.o
                0x20000448                PIDIqHandle_M1
 .data.PIDSpeedHandle_M1
                0x20000474       0x2c ./Application/User/mc_config.o
                0x20000474                PIDSpeedHandle_M1
 .data.PQD_MotorPowMeasM1
                0x200004a0      0x114 ./Application/User/mc_config.o
                0x200004a0                PQD_MotorPowMeasM1
 .data.wConfig  0x200005b4        0x4 ./Application/User/motorcontrol.o
                0x200005b4                wConfig
 .data.SystickDividerCounter.0
                0x200005b8        0x1 ./Application/User/stm32f10x_mc_it.o
 *fill*         0x200005b9        0x1 
 .data.bCOMATRTimeCounter
                0x200005ba        0x2 ./Application/User/ui_task.o
 .data.SystemCoreClock
                0x200005bc        0x4 ./Drivers/CMSIS/system_stm32f1xx.o
                0x200005bc                SystemCoreClock
 .data.uwTickFreq
                0x200005c0        0x1 ./Drivers/STM32F1xx_HAL_Driver/stm32f1xx_hal.o
                0x200005c0                uwTickFreq
 *fill*         0x200005c1        0x3 
 .data.uwTickPrio
                0x200005c4        0x4 ./Drivers/STM32F1xx_HAL_Driver/stm32f1xx_hal.o
                0x200005c4                uwTickPrio
 *(.RamFunc)
 *(.RamFunc*)
                0x200005c8                        . = ALIGN (0x4)
                0x200005c8                        _edata = .

.igot.plt       0x200005c8        0x0 load address 0x08006858
 .igot.plt      0x200005c8        0x0 C:/ST/STM32CubeIDE_1.19.0/STM32CubeIDE/plugins/com.st.stm32cube.ide.mcu.externaltools.gnu-tools-for-stm32.13.3.rel1.win32_1.0.0.202411081344/tools/bin/../lib/gcc/arm-none-eabi/13.3.1/thumb/v7-m/nofp/crtbegin.o
                0x200005c8                        . = ALIGN (0x4)

.bss            0x200005c8      0x41c load address 0x08006858
                0x200005c8                        _sbss = .
                0x200005c8                        __bss_start__ = _sbss
 *(.bss)
 .bss           0x200005c8       0x1c C:/ST/STM32CubeIDE_1.19.0/STM32CubeIDE/plugins/com.st.stm32cube.ide.mcu.externaltools.gnu-tools-for-stm32.13.3.rel1.win32_1.0.0.202411081344/tools/bin/../lib/gcc/arm-none-eabi/13.3.1/thumb/v7-m/nofp/crtbegin.o
 *(.bss*)
 .bss.huart3    0x200005e4       0x48 ./Application/User/main.o
                0x200005e4                huart3
 .bss.hdma_tim1_up
                0x2000062c       0x44 ./Application/User/main.o
                0x2000062c                hdma_tim1_up
 .bss.htim3     0x20000670       0x48 ./Application/User/main.o
                0x20000670                htim3
 .bss.htim2     0x200006b8       0x48 ./Application/User/main.o
                0x200006b8                htim2
 .bss.htim1     0x20000700       0x48 ./Application/User/main.o
                0x20000700                htim1
 .bss.hdma_adc1
                0x20000748       0x44 ./Application/User/main.o
                0x20000748                hdma_adc1
 .bss.hadc2     0x2000078c       0x30 ./Application/User/main.o
                0x2000078c                hadc2
 .bss.hadc1     0x200007bc       0x30 ./Application/User/main.o
                0x200007bc                hadc1
 .bss.bMCBootCompleted
                0x200007ec        0x1 ./Application/User/mc_tasks.o
                0x200007ec                bMCBootCompleted
 *fill*         0x200007ed        0x1 
 .bss.hStopPermanencyCounterM1
                0x200007ee        0x2 ./Application/User/mc_tasks.o
 .bss.hBootCapDelayCounterM1
                0x200007f0        0x2 ./Application/User/mc_tasks.o
 .bss.hMFTaskCounterM1
                0x200007f2        0x2 ./Application/User/mc_tasks.o
 .bss.pREMNG    0x200007f4        0x4 ./Application/User/mc_tasks.o
                0x200007f4                pREMNG
 .bss.pCLM      0x200007f8        0x4 ./Application/User/mc_tasks.o
                0x200007f8                pCLM
 .bss.pMPM      0x200007fc        0x4 ./Application/User/mc_tasks.o
                0x200007fc                pMPM
 .bss.pwmcHandle
                0x20000800        0x4 ./Application/User/mc_tasks.o
                0x20000800                pwmcHandle
 .bss.pTemperatureSensor
                0x20000804        0x4 ./Application/User/mc_tasks.o
                0x20000804                pTemperatureSensor
 .bss.pBusSensorM1
                0x20000808        0x4 ./Application/User/mc_tasks.o
                0x20000808                pBusSensorM1
 .bss.pPIDId    0x2000080c        0x4 ./Application/User/mc_tasks.o
                0x2000080c                pPIDId
 .bss.pPIDIq    0x20000810        0x4 ./Application/User/mc_tasks.o
                0x20000810                pPIDIq
 .bss.pPIDSpeed
                0x20000814        0x4 ./Application/User/mc_tasks.o
                0x20000814                pPIDSpeed
 .bss.pSTC      0x20000818        0x4 ./Application/User/mc_tasks.o
                0x20000818                pSTC
 .bss.STM       0x2000081c        0x6 ./Application/User/mc_tasks.o
                0x2000081c                STM
 *fill*         0x20000822        0x2 
 .bss.MCT       0x20000824       0x54 ./Application/User/mc_tasks.o
                0x20000824                MCT
 .bss.oMCInterface
                0x20000878        0x4 ./Application/User/mc_tasks.o
                0x20000878                oMCInterface
 .bss.Mci       0x2000087c       0x1c ./Application/User/mc_tasks.o
                0x2000087c                Mci
 .bss.FOCVars   0x20000898       0x26 ./Application/User/mc_tasks.o
                0x20000898                FOCVars
 *fill*         0x200008be        0x2 
 .bss.MPInfo    0x200008c0        0x8 ./Application/User/motor_control_protocol.o
                0x200008c0                MPInfo
 .bss.pMCT      0x200008c8        0x4 ./Application/User/motorcontrol.o
                0x200008c8                pMCT
 .bss.pMCI      0x200008cc        0x4 ./Application/User/motorcontrol.o
                0x200008cc                pMCI
 .bss.RCM_UserConvState
                0x200008d0        0x1 ./Application/User/regular_conversion_manager.o
                0x200008d0                RCM_UserConvState
 *fill*         0x200008d1        0x1 
 .bss.RCM_UserConvValue
                0x200008d2        0x2 ./Application/User/regular_conversion_manager.o
                0x200008d2                RCM_UserConvValue
 .bss.RCM_UserConvHandle
                0x200008d4        0x1 ./Application/User/regular_conversion_manager.o
                0x200008d4                RCM_UserConvHandle
 *fill*         0x200008d5        0x3 
 .bss.RCM_CB_array
                0x200008d8       0x20 ./Application/User/regular_conversion_manager.o
                0x200008d8                RCM_CB_array
 .bss.RCM_handle_array
                0x200008f8       0x10 ./Application/User/regular_conversion_manager.o
                0x200008f8                RCM_handle_array
 .bss.bCOMTimeoutCounter
                0x20000908        0x2 ./Application/User/ui_task.o
 .bss.bUITaskCounter
                0x2000090a        0x2 ./Application/User/ui_task.o
 .bss.MCP_UI_Params
                0x2000090c       0xcc ./Application/User/ui_task.o
                0x2000090c                MCP_UI_Params
 .bss.pMCP      0x200009d8        0x4 ./Application/User/ui_task.o
                0x200009d8                pMCP
 .bss.pDAC      0x200009dc        0x4 ./Application/User/ui_task.o
                0x200009dc                pDAC
 .bss.uwTick    0x200009e0        0x4 ./Drivers/STM32F1xx_HAL_Driver/stm32f1xx_hal.o
                0x200009e0                uwTick
 *(COMMON)
                0x200009e4                        . = ALIGN (0x4)
                0x200009e4                        _ebss = .
                0x200009e4                        __bss_end__ = _ebss

._user_heap_stack
                0x200009e4      0x604 load address 0x08006858
                0x200009e8                        . = ALIGN (0x8)
 *fill*         0x200009e4        0x4 
                [!provide]                        PROVIDE (end = .)
                0x200009e8                        PROVIDE (_end = .)
                0x20000be8                        . = (. + _Min_Heap_Size)
 *fill*         0x200009e8      0x200 
                0x20000fe8                        . = (. + _Min_Stack_Size)
 *fill*         0x20000be8      0x400 
                0x20000fe8                        . = ALIGN (0x8)

/DISCARD/
 libc.a(*)
 libm.a(*)
 libgcc.a(*)

.ARM.attributes
                0x00000000       0x29
 *(.ARM.attributes)
 .ARM.attributes
                0x00000000       0x1d C:/ST/STM32CubeIDE_1.19.0/STM32CubeIDE/plugins/com.st.stm32cube.ide.mcu.externaltools.gnu-tools-for-stm32.13.3.rel1.win32_1.0.0.202411081344/tools/bin/../lib/gcc/arm-none-eabi/13.3.1/thumb/v7-m/nofp/crti.o
 .ARM.attributes
                0x0000001d       0x2d C:/ST/STM32CubeIDE_1.19.0/STM32CubeIDE/plugins/com.st.stm32cube.ide.mcu.externaltools.gnu-tools-for-stm32.13.3.rel1.win32_1.0.0.202411081344/tools/bin/../lib/gcc/arm-none-eabi/13.3.1/thumb/v7-m/nofp/crtbegin.o
 .ARM.attributes
                0x0000004a       0x21 ./Application/Startup/startup_stm32f103rbtx.o
 .ARM.attributes
                0x0000006b       0x29 ./Application/User/dac_rctimer_ui.o
 .ARM.attributes
                0x00000094       0x29 ./Application/User/main.o
 .ARM.attributes
                0x000000bd       0x29 ./Application/User/mc_api.o
 .ARM.attributes
                0x000000e6       0x29 ./Application/User/mc_config.o
 .ARM.attributes
                0x0000010f       0x29 ./Application/User/mc_interface.o
 .ARM.attributes
                0x00000138       0x29 ./Application/User/mc_math.o
 .ARM.attributes
                0x00000161       0x29 ./Application/User/mc_parameters.o
 .ARM.attributes
                0x0000018a       0x29 ./Application/User/mc_tasks.o
 .ARM.attributes
                0x000001b3       0x29 ./Application/User/motor_control_protocol.o
 .ARM.attributes
                0x000001dc       0x29 ./Application/User/motorcontrol.o
 .ARM.attributes
                0x00000205       0x29 ./Application/User/regular_conversion_manager.o
 .ARM.attributes
                0x0000022e       0x29 ./Application/User/stm32f10x_mc_it.o
 .ARM.attributes
                0x00000257       0x29 ./Application/User/stm32f1xx_hal_msp.o
 .ARM.attributes
                0x00000280       0x29 ./Application/User/ui_task.o
 .ARM.attributes
                0x000002a9       0x29 ./Application/User/user_interface.o
 .ARM.attributes
                0x000002d2       0x29 ./Drivers/CMSIS/system_stm32f1xx.o
 .ARM.attributes
                0x000002fb       0x29 ./Drivers/STM32F1xx_HAL_Driver/stm32f1xx_hal.o
 .ARM.attributes
                0x00000324       0x29 ./Drivers/STM32F1xx_HAL_Driver/stm32f1xx_hal_adc.o
 .ARM.attributes
                0x0000034d       0x29 ./Drivers/STM32F1xx_HAL_Driver/stm32f1xx_hal_adc_ex.o
 .ARM.attributes
                0x00000376       0x29 ./Drivers/STM32F1xx_HAL_Driver/stm32f1xx_hal_cortex.o
 .ARM.attributes
                0x0000039f       0x29 ./Drivers/STM32F1xx_HAL_Driver/stm32f1xx_hal_dma.o
 .ARM.attributes
                0x000003c8       0x29 ./Drivers/STM32F1xx_HAL_Driver/stm32f1xx_hal_gpio.o
 .ARM.attributes
                0x000003f1       0x29 ./Drivers/STM32F1xx_HAL_Driver/stm32f1xx_hal_rcc.o
 .ARM.attributes
                0x0000041a       0x29 ./Drivers/STM32F1xx_HAL_Driver/stm32f1xx_hal_rcc_ex.o
 .ARM.attributes
                0x00000443       0x29 ./Drivers/STM32F1xx_HAL_Driver/stm32f1xx_hal_tim.o
 .ARM.attributes
                0x0000046c       0x29 ./Drivers/STM32F1xx_HAL_Driver/stm32f1xx_hal_tim_ex.o
 .ARM.attributes
                0x00000495       0x29 ./Drivers/STM32F1xx_HAL_Driver/stm32f1xx_hal_uart.o
 .ARM.attributes
                0x000004be       0x29 ./Middlewares/MotorControl/bus_voltage_sensor.o
 .ARM.attributes
                0x000004e7       0x29 ./Middlewares/MotorControl/circle_limitation.o
 .ARM.attributes
                0x00000510       0x29 ./Middlewares/MotorControl/dac_common_ui.o
 .ARM.attributes
                0x00000539       0x29 ./Middlewares/MotorControl/frame_communication_protocol.o
 .ARM.attributes
                0x00000562       0x29 ./Middlewares/MotorControl/hall_speed_pos_fdbk.o
 .ARM.attributes
                0x0000058b       0x29 ./Middlewares/MotorControl/motor_power_measurement.o
 .ARM.attributes
                0x000005b4       0x29 ./Middlewares/MotorControl/ntc_temperature_sensor.o
 .ARM.attributes
                0x000005dd       0x29 ./Middlewares/MotorControl/pid_regulator.o
 .ARM.attributes
                0x00000606       0x29 ./Middlewares/MotorControl/pqd_motor_power_measurement.o
 .ARM.attributes
                0x0000062f       0x29 ./Middlewares/MotorControl/pwm_common.o
 .ARM.attributes
                0x00000658       0x29 ./Middlewares/MotorControl/pwm_curr_fdbk.o
 .ARM.attributes
                0x00000681       0x29 ./Middlewares/MotorControl/r3_2_f1xx_pwm_curr_fdbk.o
 .ARM.attributes
                0x000006aa       0x29 ./Middlewares/MotorControl/ramp_ext_mngr.o
 .ARM.attributes
                0x000006d3       0x29 ./Middlewares/MotorControl/revup_ctrl.o
 .ARM.attributes
                0x000006fc       0x29 ./Middlewares/MotorControl/speed_pos_fdbk.o
 .ARM.attributes
                0x00000725       0x29 ./Middlewares/MotorControl/speed_torq_ctrl.o
 .ARM.attributes
                0x0000074e       0x29 ./Middlewares/MotorControl/state_machine.o
 .ARM.attributes
                0x00000777       0x29 ./Middlewares/MotorControl/usart_frame_communication_protocol.o
 .ARM.attributes
                0x000007a0       0x29 ./Middlewares/MotorControl/virtual_bus_voltage_sensor.o
 .ARM.attributes
                0x000007c9       0x2d C:/ST/STM32CubeIDE_1.19.0/STM32CubeIDE/plugins/com.st.stm32cube.ide.mcu.externaltools.gnu-tools-for-stm32.13.3.rel1.win32_1.0.0.202411081344/tools/bin/../lib/gcc/arm-none-eabi/13.3.1/../../../../arm-none-eabi/lib/thumb/v7-m/nofp\libc_nano.a(libc_a-memset.o)
 .ARM.attributes
                0x000007f6       0x2d C:/ST/STM32CubeIDE_1.19.0/STM32CubeIDE/plugins/com.st.stm32cube.ide.mcu.externaltools.gnu-tools-for-stm32.13.3.rel1.win32_1.0.0.202411081344/tools/bin/../lib/gcc/arm-none-eabi/13.3.1/../../../../arm-none-eabi/lib/thumb/v7-m/nofp\libc_nano.a(libc_a-init.o)
 .ARM.attributes
                0x00000823       0x1d C:/ST/STM32CubeIDE_1.19.0/STM32CubeIDE/plugins/com.st.stm32cube.ide.mcu.externaltools.gnu-tools-for-stm32.13.3.rel1.win32_1.0.0.202411081344/tools/bin/../lib/gcc/arm-none-eabi/13.3.1/thumb/v7-m/nofp/crtn.o
OUTPUT(6_step.elf elf32-littlearm)
LOAD linker stubs
LOAD C:/ST/STM32CubeIDE_1.19.0/STM32CubeIDE/plugins/com.st.stm32cube.ide.mcu.externaltools.gnu-tools-for-stm32.13.3.rel1.win32_1.0.0.202411081344/tools/bin/../lib/gcc/arm-none-eabi/13.3.1/../../../../arm-none-eabi/lib/thumb/v7-m/nofp\libc.a
LOAD C:/ST/STM32CubeIDE_1.19.0/STM32CubeIDE/plugins/com.st.stm32cube.ide.mcu.externaltools.gnu-tools-for-stm32.13.3.rel1.win32_1.0.0.202411081344/tools/bin/../lib/gcc/arm-none-eabi/13.3.1/../../../../arm-none-eabi/lib/thumb/v7-m/nofp\libm.a
LOAD C:/ST/STM32CubeIDE_1.19.0/STM32CubeIDE/plugins/com.st.stm32cube.ide.mcu.externaltools.gnu-tools-for-stm32.13.3.rel1.win32_1.0.0.202411081344/tools/bin/../lib/gcc/arm-none-eabi/13.3.1/thumb/v7-m/nofp\libgcc.a

.debug_line     0x00000000    0x34ee3
 .debug_line    0x00000000       0x78 ./Application/Startup/startup_stm32f103rbtx.o
 .debug_line    0x00000078      0xccd ./Application/User/dac_rctimer_ui.o
 .debug_line    0x00000d45     0x1961 ./Application/User/main.o
 .debug_line    0x000026a6     0x1013 ./Application/User/mc_api.o
 .debug_line    0x000036b9      0xd79 ./Application/User/mc_config.o
 .debug_line    0x00004432      0xf2a ./Application/User/mc_interface.o
 .debug_line    0x0000535c      0xe90 ./Application/User/mc_math.o
 .debug_line    0x000061ec      0xd6a ./Application/User/mc_parameters.o
 .debug_line    0x00006f56     0x1666 ./Application/User/mc_tasks.o
 .debug_line    0x000085bc     0x1352 ./Application/User/motor_control_protocol.o
 .debug_line    0x0000990e      0xdd1 ./Application/User/motorcontrol.o
 .debug_line    0x0000a6df     0x1379 ./Application/User/regular_conversion_manager.o
 .debug_line    0x0000ba58     0x1253 ./Application/User/stm32f10x_mc_it.o
 .debug_line    0x0000ccab     0x1289 ./Application/User/stm32f1xx_hal_msp.o
 .debug_line    0x0000df34      0xfe2 ./Application/User/ui_task.o
 .debug_line    0x0000ef16     0x1591 ./Application/User/user_interface.o
 .debug_line    0x000104a7      0x7e6 ./Drivers/CMSIS/system_stm32f1xx.o
 .debug_line    0x00010c8d      0xacb ./Drivers/STM32F1xx_HAL_Driver/stm32f1xx_hal.o
 .debug_line    0x00011758     0x18b8 ./Drivers/STM32F1xx_HAL_Driver/stm32f1xx_hal_adc.o
 .debug_line    0x00013010     0x12b6 ./Drivers/STM32F1xx_HAL_Driver/stm32f1xx_hal_adc_ex.o
 .debug_line    0x000142c6      0xcb1 ./Drivers/STM32F1xx_HAL_Driver/stm32f1xx_hal_cortex.o
 .debug_line    0x00014f77     0x1288 ./Drivers/STM32F1xx_HAL_Driver/stm32f1xx_hal_dma.o
 .debug_line    0x000161ff      0xde8 ./Drivers/STM32F1xx_HAL_Driver/stm32f1xx_hal_gpio.o
 .debug_line    0x00016fe7     0x13a2 ./Drivers/STM32F1xx_HAL_Driver/stm32f1xx_hal_rcc.o
 .debug_line    0x00018389      0xa68 ./Drivers/STM32F1xx_HAL_Driver/stm32f1xx_hal_rcc_ex.o
 .debug_line    0x00018df1     0x6393 ./Drivers/STM32F1xx_HAL_Driver/stm32f1xx_hal_tim.o
 .debug_line    0x0001f184     0x1d98 ./Drivers/STM32F1xx_HAL_Driver/stm32f1xx_hal_tim_ex.o
 .debug_line    0x00020f1c     0x4531 ./Drivers/STM32F1xx_HAL_Driver/stm32f1xx_hal_uart.o
 .debug_line    0x0002544d      0x95e ./Middlewares/MotorControl/bus_voltage_sensor.o
 .debug_line    0x00025dab      0x954 ./Middlewares/MotorControl/circle_limitation.o
 .debug_line    0x000266ff      0xc2c ./Middlewares/MotorControl/dac_common_ui.o
 .debug_line    0x0002732b      0xd56 ./Middlewares/MotorControl/frame_communication_protocol.o
 .debug_line    0x00028081     0x17a0 ./Middlewares/MotorControl/hall_speed_pos_fdbk.o
 .debug_line    0x00029821      0x9c9 ./Middlewares/MotorControl/motor_power_measurement.o
 .debug_line    0x0002a1ea      0xabc ./Middlewares/MotorControl/ntc_temperature_sensor.o
 .debug_line    0x0002aca6      0xd03 ./Middlewares/MotorControl/pid_regulator.o
 .debug_line    0x0002b9a9      0x9a5 ./Middlewares/MotorControl/pqd_motor_power_measurement.o
 .debug_line    0x0002c34e      0xaee ./Middlewares/MotorControl/pwm_common.o
 .debug_line    0x0002ce3c      0xe82 ./Middlewares/MotorControl/pwm_curr_fdbk.o
 .debug_line    0x0002dcbe     0x19f0 ./Middlewares/MotorControl/r3_2_f1xx_pwm_curr_fdbk.o
 .debug_line    0x0002f6ae      0xb80 ./Middlewares/MotorControl/ramp_ext_mngr.o
 .debug_line    0x0003022e     0x104d ./Middlewares/MotorControl/revup_ctrl.o
 .debug_line    0x0003127b      0xab2 ./Middlewares/MotorControl/speed_pos_fdbk.o
 .debug_line    0x00031d2d      0xdc1 ./Middlewares/MotorControl/speed_torq_ctrl.o
 .debug_line    0x00032aee      0xb12 ./Middlewares/MotorControl/state_machine.o
 .debug_line    0x00033600      0xf7c ./Middlewares/MotorControl/usart_frame_communication_protocol.o
 .debug_line    0x0003457c      0x967 ./Middlewares/MotorControl/virtual_bus_voltage_sensor.o

.debug_line_str
                0x00000000       0x75
 .debug_line_str
                0x00000000       0x75 ./Application/Startup/startup_stm32f103rbtx.o

.debug_info     0x00000000    0x42577
 .debug_info    0x00000000       0x30 ./Application/Startup/startup_stm32f103rbtx.o
 .debug_info    0x00000030     0x2f7e ./Application/User/dac_rctimer_ui.o
 .debug_info    0x00002fae     0x22f1 ./Application/User/main.o
 .debug_info    0x0000529f      0xf76 ./Application/User/mc_api.o
 .debug_info    0x00006215     0x3780 ./Application/User/mc_config.o
 .debug_info    0x00009995     0x11c4 ./Application/User/mc_interface.o
 .debug_info    0x0000ab59      0x62c ./Application/User/mc_math.o
 .debug_info    0x0000b185      0x593 ./Application/User/mc_parameters.o
 .debug_info    0x0000b718     0x3ed5 ./Application/User/mc_tasks.o
 .debug_info    0x0000f5ed     0x3c5f ./Application/User/motor_control_protocol.o
 .debug_info    0x0001324c     0x2821 ./Application/User/motorcontrol.o
 .debug_info    0x00015a6d      0xab5 ./Application/User/regular_conversion_manager.o
 .debug_info    0x00016522     0x3bea ./Application/User/stm32f10x_mc_it.o
 .debug_info    0x0001a10c     0x1453 ./Application/User/stm32f1xx_hal_msp.o
 .debug_info    0x0001b55f     0x3570 ./Application/User/ui_task.o
 .debug_info    0x0001eacf     0x3eb3 ./Application/User/user_interface.o
 .debug_info    0x00022982      0x231 ./Drivers/CMSIS/system_stm32f1xx.o
 .debug_info    0x00022bb3      0x7dc ./Drivers/STM32F1xx_HAL_Driver/stm32f1xx_hal.o
 .debug_info    0x0002338f     0x1115 ./Drivers/STM32F1xx_HAL_Driver/stm32f1xx_hal_adc.o
 .debug_info    0x000244a4      0xc3d ./Drivers/STM32F1xx_HAL_Driver/stm32f1xx_hal_adc_ex.o
 .debug_info    0x000250e1      0xd02 ./Drivers/STM32F1xx_HAL_Driver/stm32f1xx_hal_cortex.o
 .debug_info    0x00025de3      0x7fb ./Drivers/STM32F1xx_HAL_Driver/stm32f1xx_hal_dma.o
 .debug_info    0x000265de      0x60c ./Drivers/STM32F1xx_HAL_Driver/stm32f1xx_hal_gpio.o
 .debug_info    0x00026bea      0xa69 ./Drivers/STM32F1xx_HAL_Driver/stm32f1xx_hal_rcc.o
 .debug_info    0x00027653      0x420 ./Drivers/STM32F1xx_HAL_Driver/stm32f1xx_hal_rcc_ex.o
 .debug_info    0x00027a73     0x4e69 ./Drivers/STM32F1xx_HAL_Driver/stm32f1xx_hal_tim.o
 .debug_info    0x0002c8dc     0x1baf ./Drivers/STM32F1xx_HAL_Driver/stm32f1xx_hal_tim_ex.o
 .debug_info    0x0002e48b     0x4708 ./Drivers/STM32F1xx_HAL_Driver/stm32f1xx_hal_uart.o
 .debug_info    0x00032b93      0x29b ./Middlewares/MotorControl/bus_voltage_sensor.o
 .debug_info    0x00032e2e      0x290 ./Middlewares/MotorControl/circle_limitation.o
 .debug_info    0x000330be     0x2dac ./Middlewares/MotorControl/dac_common_ui.o
 .debug_info    0x00035e6a     0x3075 ./Middlewares/MotorControl/frame_communication_protocol.o
 .debug_info    0x00038edf     0x13a9 ./Middlewares/MotorControl/hall_speed_pos_fdbk.o
 .debug_info    0x0003a288      0x2e3 ./Middlewares/MotorControl/motor_power_measurement.o
 .debug_info    0x0003a56b      0x5ab ./Middlewares/MotorControl/ntc_temperature_sensor.o
 .debug_info    0x0003ab16      0x7ea ./Middlewares/MotorControl/pid_regulator.o
 .debug_info    0x0003b300      0x4d1 ./Middlewares/MotorControl/pqd_motor_power_measurement.o
 .debug_info    0x0003b7d1      0x679 ./Middlewares/MotorControl/pwm_common.o
 .debug_info    0x0003be4a      0xb21 ./Middlewares/MotorControl/pwm_curr_fdbk.o
 .debug_info    0x0003c96b     0x2376 ./Middlewares/MotorControl/r3_2_f1xx_pwm_curr_fdbk.o
 .debug_info    0x0003ece1      0x478 ./Middlewares/MotorControl/ramp_ext_mngr.o
 .debug_info    0x0003f159     0x11fa ./Middlewares/MotorControl/revup_ctrl.o
 .debug_info    0x00040353      0x4f6 ./Middlewares/MotorControl/speed_pos_fdbk.o
 .debug_info    0x00040849      0x9cc ./Middlewares/MotorControl/speed_torq_ctrl.o
 .debug_info    0x00041215      0x40d ./Middlewares/MotorControl/state_machine.o
 .debug_info    0x00041622      0xcee ./Middlewares/MotorControl/usart_frame_communication_protocol.o
 .debug_info    0x00042310      0x267 ./Middlewares/MotorControl/virtual_bus_voltage_sensor.o

.debug_abbrev   0x00000000     0x722d
 .debug_abbrev  0x00000000       0x24 ./Application/Startup/startup_stm32f103rbtx.o
 .debug_abbrev  0x00000024      0x2cb ./Application/User/dac_rctimer_ui.o
 .debug_abbrev  0x000002ef      0x3a3 ./Application/User/main.o
 .debug_abbrev  0x00000692      0x210 ./Application/User/mc_api.o
 .debug_abbrev  0x000008a2      0x20c ./Application/User/mc_config.o
 .debug_abbrev  0x00000aae      0x26d ./Application/User/mc_interface.o
 .debug_abbrev  0x00000d1b      0x1d5 ./Application/User/mc_math.o
 .debug_abbrev  0x00000ef0      0x120 ./Application/User/mc_parameters.o
 .debug_abbrev  0x00001010      0x469 ./Application/User/mc_tasks.o
 .debug_abbrev  0x00001479      0x359 ./Application/User/motor_control_protocol.o
 .debug_abbrev  0x000017d2      0x223 ./Application/User/motorcontrol.o
 .debug_abbrev  0x000019f5      0x2f0 ./Application/User/regular_conversion_manager.o
 .debug_abbrev  0x00001ce5      0x382 ./Application/User/stm32f10x_mc_it.o
 .debug_abbrev  0x00002067      0x304 ./Application/User/stm32f1xx_hal_msp.o
 .debug_abbrev  0x0000236b      0x349 ./Application/User/ui_task.o
 .debug_abbrev  0x000026b4      0x374 ./Application/User/user_interface.o
 .debug_abbrev  0x00002a28      0x145 ./Drivers/CMSIS/system_stm32f1xx.o
 .debug_abbrev  0x00002b6d      0x272 ./Drivers/STM32F1xx_HAL_Driver/stm32f1xx_hal.o
 .debug_abbrev  0x00002ddf      0x33a ./Drivers/STM32F1xx_HAL_Driver/stm32f1xx_hal_adc.o
 .debug_abbrev  0x00003119      0x298 ./Drivers/STM32F1xx_HAL_Driver/stm32f1xx_hal_adc_ex.o
 .debug_abbrev  0x000033b1      0x363 ./Drivers/STM32F1xx_HAL_Driver/stm32f1xx_hal_cortex.o
 .debug_abbrev  0x00003714      0x26a ./Drivers/STM32F1xx_HAL_Driver/stm32f1xx_hal_dma.o
 .debug_abbrev  0x0000397e      0x20a ./Drivers/STM32F1xx_HAL_Driver/stm32f1xx_hal_gpio.o
 .debug_abbrev  0x00003b88      0x344 ./Drivers/STM32F1xx_HAL_Driver/stm32f1xx_hal_rcc.o
 .debug_abbrev  0x00003ecc      0x1d8 ./Drivers/STM32F1xx_HAL_Driver/stm32f1xx_hal_rcc_ex.o
 .debug_abbrev  0x000040a4      0x37f ./Drivers/STM32F1xx_HAL_Driver/stm32f1xx_hal_tim.o
 .debug_abbrev  0x00004423      0x37c ./Drivers/STM32F1xx_HAL_Driver/stm32f1xx_hal_tim_ex.o
 .debug_abbrev  0x0000479f      0x424 ./Drivers/STM32F1xx_HAL_Driver/stm32f1xx_hal_uart.o
 .debug_abbrev  0x00004bc3      0x10f ./Middlewares/MotorControl/bus_voltage_sensor.o
 .debug_abbrev  0x00004cd2       0xff ./Middlewares/MotorControl/circle_limitation.o
 .debug_abbrev  0x00004dd1      0x218 ./Middlewares/MotorControl/dac_common_ui.o
 .debug_abbrev  0x00004fe9      0x255 ./Middlewares/MotorControl/frame_communication_protocol.o
 .debug_abbrev  0x0000523e      0x347 ./Middlewares/MotorControl/hall_speed_pos_fdbk.o
 .debug_abbrev  0x00005585      0x14e ./Middlewares/MotorControl/motor_power_measurement.o
 .debug_abbrev  0x000056d3      0x19b ./Middlewares/MotorControl/ntc_temperature_sensor.o
 .debug_abbrev  0x0000586e      0x1bf ./Middlewares/MotorControl/pid_regulator.o
 .debug_abbrev  0x00005a2d      0x17b ./Middlewares/MotorControl/pqd_motor_power_measurement.o
 .debug_abbrev  0x00005ba8      0x211 ./Middlewares/MotorControl/pwm_common.o
 .debug_abbrev  0x00005db9      0x261 ./Middlewares/MotorControl/pwm_curr_fdbk.o
 .debug_abbrev  0x0000601a      0x3ca ./Middlewares/MotorControl/r3_2_f1xx_pwm_curr_fdbk.o
 .debug_abbrev  0x000063e4      0x1a6 ./Middlewares/MotorControl/ramp_ext_mngr.o
 .debug_abbrev  0x0000658a      0x266 ./Middlewares/MotorControl/revup_ctrl.o
 .debug_abbrev  0x000067f0      0x176 ./Middlewares/MotorControl/speed_pos_fdbk.o
 .debug_abbrev  0x00006966      0x24c ./Middlewares/MotorControl/speed_torq_ctrl.o
 .debug_abbrev  0x00006bb2      0x181 ./Middlewares/MotorControl/state_machine.o
 .debug_abbrev  0x00006d33      0x3d7 ./Middlewares/MotorControl/usart_frame_communication_protocol.o
 .debug_abbrev  0x0000710a      0x123 ./Middlewares/MotorControl/virtual_bus_voltage_sensor.o

.debug_aranges  0x00000000     0x18d8
 .debug_aranges
                0x00000000       0x28 ./Application/Startup/startup_stm32f103rbtx.o
 .debug_aranges
                0x00000028       0x28 ./Application/User/dac_rctimer_ui.o
 .debug_aranges
                0x00000050       0x30 ./Application/User/main.o
 .debug_aranges
                0x00000080      0x110 ./Application/User/mc_api.o
 .debug_aranges
                0x00000190       0x18 ./Application/User/mc_config.o
 .debug_aranges
                0x000001a8      0x130 ./Application/User/mc_interface.o
 .debug_aranges
                0x000002d8       0x50 ./Application/User/mc_math.o
 .debug_aranges
                0x00000328       0x18 ./Application/User/mc_parameters.o
 .debug_aranges
                0x00000340       0xa8 ./Application/User/mc_tasks.o
 .debug_aranges
                0x000003e8       0x60 ./Application/User/motor_control_protocol.o
 .debug_aranges
                0x00000448       0x20 ./Application/User/motorcontrol.o
 .debug_aranges
                0x00000468       0x50 ./Application/User/regular_conversion_manager.o
 .debug_aranges
                0x000004b8       0x58 ./Application/User/stm32f10x_mc_it.o
 .debug_aranges
                0x00000510       0x68 ./Application/User/stm32f1xx_hal_msp.o
 .debug_aranges
                0x00000578       0x88 ./Application/User/ui_task.o
 .debug_aranges
                0x00000600       0xa8 ./Application/User/user_interface.o
 .debug_aranges
                0x000006a8       0x28 ./Drivers/CMSIS/system_stm32f1xx.o
 .debug_aranges
                0x000006d0       0xe0 ./Drivers/STM32F1xx_HAL_Driver/stm32f1xx_hal.o
 .debug_aranges
                0x000007b0       0xf0 ./Drivers/STM32F1xx_HAL_Driver/stm32f1xx_hal_adc.o
 .debug_aranges
                0x000008a0       0x80 ./Drivers/STM32F1xx_HAL_Driver/stm32f1xx_hal_adc_ex.o
 .debug_aranges
                0x00000920       0x90 ./Drivers/STM32F1xx_HAL_Driver/stm32f1xx_hal_cortex.o
 .debug_aranges
                0x000009b0       0x78 ./Drivers/STM32F1xx_HAL_Driver/stm32f1xx_hal_dma.o
 .debug_aranges
                0x00000a28       0x58 ./Drivers/STM32F1xx_HAL_Driver/stm32f1xx_hal_gpio.o
 .debug_aranges
                0x00000a80       0x88 ./Drivers/STM32F1xx_HAL_Driver/stm32f1xx_hal_rcc.o
 .debug_aranges
                0x00000b08       0x30 ./Drivers/STM32F1xx_HAL_Driver/stm32f1xx_hal_rcc_ex.o
 .debug_aranges
                0x00000b38      0x380 ./Drivers/STM32F1xx_HAL_Driver/stm32f1xx_hal_tim.o
 .debug_aranges
                0x00000eb8      0x160 ./Drivers/STM32F1xx_HAL_Driver/stm32f1xx_hal_tim_ex.o
 .debug_aranges
                0x00001018      0x1d8 ./Drivers/STM32F1xx_HAL_Driver/stm32f1xx_hal_uart.o
 .debug_aranges
                0x000011f0       0x38 ./Middlewares/MotorControl/bus_voltage_sensor.o
 .debug_aranges
                0x00001228       0x20 ./Middlewares/MotorControl/circle_limitation.o
 .debug_aranges
                0x00001248       0x38 ./Middlewares/MotorControl/dac_common_ui.o
 .debug_aranges
                0x00001280       0x40 ./Middlewares/MotorControl/frame_communication_protocol.o
 .debug_aranges
                0x000012c0       0x50 ./Middlewares/MotorControl/hall_speed_pos_fdbk.o
 .debug_aranges
                0x00001310       0x38 ./Middlewares/MotorControl/motor_power_measurement.o
 .debug_aranges
                0x00001348       0x50 ./Middlewares/MotorControl/ntc_temperature_sensor.o
 .debug_aranges
                0x00001398       0xd0 ./Middlewares/MotorControl/pid_regulator.o
 .debug_aranges
                0x00001468       0x20 ./Middlewares/MotorControl/pqd_motor_power_measurement.o
 .debug_aranges
                0x00001488       0x28 ./Middlewares/MotorControl/pwm_common.o
 .debug_aranges
                0x000014b0       0xd8 ./Middlewares/MotorControl/pwm_curr_fdbk.o
 .debug_aranges
                0x00001588       0x88 ./Middlewares/MotorControl/r3_2_f1xx_pwm_curr_fdbk.o
 .debug_aranges
                0x00001610       0x50 ./Middlewares/MotorControl/ramp_ext_mngr.o
 .debug_aranges
                0x00001660       0x90 ./Middlewares/MotorControl/revup_ctrl.o
 .debug_aranges
                0x000016f0       0x68 ./Middlewares/MotorControl/speed_pos_fdbk.o
 .debug_aranges
                0x00001758       0xb0 ./Middlewares/MotorControl/speed_torq_ctrl.o
 .debug_aranges
                0x00001808       0x48 ./Middlewares/MotorControl/state_machine.o
 .debug_aranges
                0x00001850       0x58 ./Middlewares/MotorControl/usart_frame_communication_protocol.o
 .debug_aranges
                0x000018a8       0x30 ./Middlewares/MotorControl/virtual_bus_voltage_sensor.o

.debug_str      0x00000000    0xa4727
 .debug_str     0x00000000    0xa4727 ./Application/Startup/startup_stm32f103rbtx.o
                                 0x91 (size before relaxing)
 .debug_str     0x000a4727    0x99ed3 ./Application/User/dac_rctimer_ui.o
 .debug_str     0x000a4727    0x9a2bb ./Application/User/main.o
 .debug_str     0x000a4727    0x97b9d ./Application/User/mc_api.o
 .debug_str     0x000a4727    0x9c9e6 ./Application/User/mc_config.o
 .debug_str     0x000a4727    0x9702e ./Application/User/mc_interface.o
 .debug_str     0x000a4727    0x96f92 ./Application/User/mc_math.o
 .debug_str     0x000a4727    0x991c3 ./Application/User/mc_parameters.o
 .debug_str     0x000a4727    0x9bd52 ./Application/User/mc_tasks.o
 .debug_str     0x000a4727    0x9a5e6 ./Application/User/motor_control_protocol.o
 .debug_str     0x000a4727    0x9b1ab ./Application/User/motorcontrol.o
 .debug_str     0x000a4727    0x9731c ./Application/User/regular_conversion_manager.o
 .debug_str     0x000a4727    0x9cc55 ./Application/User/stm32f10x_mc_it.o
 .debug_str     0x000a4727    0x99ca7 ./Application/User/stm32f1xx_hal_msp.o
 .debug_str     0x000a4727    0x9c398 ./Application/User/ui_task.o
 .debug_str     0x000a4727    0x9a809 ./Application/User/user_interface.o
 .debug_str     0x000a4727    0x88261 ./Drivers/CMSIS/system_stm32f1xx.o
 .debug_str     0x000a4727    0x88999 ./Drivers/STM32F1xx_HAL_Driver/stm32f1xx_hal.o
 .debug_str     0x000a4727    0x8894a ./Drivers/STM32F1xx_HAL_Driver/stm32f1xx_hal_adc.o
 .debug_str     0x000a4727    0x88932 ./Drivers/STM32F1xx_HAL_Driver/stm32f1xx_hal_adc_ex.o
 .debug_str     0x000a4727    0x888e5 ./Drivers/STM32F1xx_HAL_Driver/stm32f1xx_hal_cortex.o
 .debug_str     0x000a4727    0x8860f ./Drivers/STM32F1xx_HAL_Driver/stm32f1xx_hal_dma.o
 .debug_str     0x000a4727    0x885ec ./Drivers/STM32F1xx_HAL_Driver/stm32f1xx_hal_gpio.o
 .debug_str     0x000a4727    0x88695 ./Drivers/STM32F1xx_HAL_Driver/stm32f1xx_hal_rcc.o
 .debug_str     0x000a4727    0x883e5 ./Drivers/STM32F1xx_HAL_Driver/stm32f1xx_hal_rcc_ex.o
 .debug_str     0x000a4727    0x89697 ./Drivers/STM32F1xx_HAL_Driver/stm32f1xx_hal_tim.o
 .debug_str     0x000a4727    0x88ea3 ./Drivers/STM32F1xx_HAL_Driver/stm32f1xx_hal_tim_ex.o
 .debug_str     0x000a4727    0x88d06 ./Drivers/STM32F1xx_HAL_Driver/stm32f1xx_hal_uart.o
 .debug_str     0x000a4727    0x96423 ./Middlewares/MotorControl/bus_voltage_sensor.o
 .debug_str     0x000a4727    0x965ab ./Middlewares/MotorControl/circle_limitation.o
 .debug_str     0x000a4727    0x99e9f ./Middlewares/MotorControl/dac_common_ui.o
 .debug_str     0x000a4727    0x9a2d2 ./Middlewares/MotorControl/frame_communication_protocol.o
 .debug_str     0x000a4727    0x96b66 ./Middlewares/MotorControl/hall_speed_pos_fdbk.o
 .debug_str     0x000a4727    0x963dd ./Middlewares/MotorControl/motor_power_measurement.o
 .debug_str     0x000a4727    0x96511 ./Middlewares/MotorControl/ntc_temperature_sensor.o
 .debug_str     0x000a4727    0x96645 ./Middlewares/MotorControl/pid_regulator.o
 .debug_str     0x000a4727    0x965c5 ./Middlewares/MotorControl/pqd_motor_power_measurement.o
 .debug_str     0x000a4727    0x964c2 ./Middlewares/MotorControl/pwm_common.o
 .debug_str     0x000a4727    0x96957 ./Middlewares/MotorControl/pwm_curr_fdbk.o
 .debug_str     0x000a4727    0x96ebd ./Middlewares/MotorControl/r3_2_f1xx_pwm_curr_fdbk.o
 .debug_str     0x000a4727    0x96410 ./Middlewares/MotorControl/ramp_ext_mngr.o
 .debug_str     0x000a4727    0x9707e ./Middlewares/MotorControl/revup_ctrl.o
 .debug_str     0x000a4727    0x96535 ./Middlewares/MotorControl/speed_pos_fdbk.o
 .debug_str     0x000a4727    0x96970 ./Middlewares/MotorControl/speed_torq_ctrl.o
 .debug_str     0x000a4727    0x964ab ./Middlewares/MotorControl/state_machine.o
 .debug_str     0x000a4727    0x96a15 ./Middlewares/MotorControl/usart_frame_communication_protocol.o
 .debug_str     0x000a4727    0x9643c ./Middlewares/MotorControl/virtual_bus_voltage_sensor.o

.debug_rnglists
                0x00000000     0x232b
 .debug_rnglists
                0x00000000       0x19 ./Application/Startup/startup_stm32f103rbtx.o
 .debug_rnglists
                0x00000019       0x40 ./Application/User/dac_rctimer_ui.o
 .debug_rnglists
                0x00000059       0xb4 ./Application/User/main.o
 .debug_rnglists
                0x0000010d       0xc7 ./Application/User/mc_api.o
 .debug_rnglists
                0x000001d4       0xee ./Application/User/mc_interface.o
 .debug_rnglists
                0x000002c2       0x3a ./Application/User/mc_math.o
 .debug_rnglists
                0x000002fc      0x11a ./Application/User/mc_tasks.o
 .debug_rnglists
                0x00000416       0xad ./Application/User/motor_control_protocol.o
 .debug_rnglists
                0x000004c3       0x13 ./Application/User/motorcontrol.o
 .debug_rnglists
                0x000004d6       0x75 ./Application/User/regular_conversion_manager.o
 .debug_rnglists
                0x0000054b       0xb6 ./Application/User/stm32f10x_mc_it.o
 .debug_rnglists
                0x00000601      0x12a ./Application/User/stm32f1xx_hal_msp.o
 .debug_rnglists
                0x0000072b       0x62 ./Application/User/ui_task.o
 .debug_rnglists
                0x0000078d       0x97 ./Application/User/user_interface.o
 .debug_rnglists