13:13:59 **** Build of configuration Debug for project IR_NEC ****
make -j16 all 
arm-none-eabi-gcc -mcpu=cortex-m3 -g3 -c -x assembler-with-cpp -MMD -MP -MF"Startup/startup_stm32f103c8tx.d" -MT"Startup/startup_stm32f103c8tx.o" --specs=nano.specs -mfloat-abi=soft -mthumb -o "Startup/startup_stm32f103c8tx.o" "../Startup/startup_stm32f103c8tx.s"
arm-none-eabi-gcc "../Src/main.c" -mcpu=cortex-m3 -std=gnu11 -g3 -DSTM32 -DSTM32F1 -DSTM32F103C8Tx -DDEBUG -c -I../Inc -O0 -ffunction-sections -fdata-sections -Wall -fstack-usage -MMD -MP -MF"Src/main.d" -MT"Src/main.o" --specs=nano.specs -mfloat-abi=soft -mthumb -o "Src/main.o"
arm-none-eabi-gcc "../Src/syscalls.c" -mcpu=cortex-m3 -std=gnu11 -g3 -DSTM32 -DSTM32F1 -DSTM32F103C8Tx -DDEBUG -c -I../Inc -O0 -ffunction-sections -fdata-sections -Wall -fstack-usage -MMD -MP -MF"Src/syscalls.d" -MT"Src/syscalls.o" --specs=nano.specs -mfloat-abi=soft -mthumb -o "Src/syscalls.o"
arm-none-eabi-gcc "../Src/sysmem.c" -mcpu=cortex-m3 -std=gnu11 -g3 -DSTM32 -DSTM32F1 -DSTM32F103C8Tx -DDEBUG -c -I../Inc -O0 -ffunction-sections -fdata-sections -Wall -fstack-usage -MMD -MP -MF"Src/sysmem.d" -MT"Src/sysmem.o" --specs=nano.specs -mfloat-abi=soft -mthumb -o "Src/sysmem.o"
arm-none-eabi-gcc "../STM32_DRIVERS/CLICK_MODE.c" -mcpu=cortex-m3 -std=gnu11 -g3 -DSTM32 -DSTM32F1 -DSTM32F103C8Tx -DDEBUG -c -I../Inc -O0 -ffunction-sections -fdata-sections -Wall -fstack-usage -MMD -MP -MF"STM32_DRIVERS/CLICK_MODE.d" -MT"STM32_DRIVERS/CLICK_MODE.o" --specs=nano.specs -mfloat-abi=soft -mthumb -o "STM32_DRIVERS/CLICK_MODE.o"
arm-none-eabi-gcc "../STM32_DRIVERS/EEPROM.c" -mcpu=cortex-m3 -std=gnu11 -g3 -DSTM32 -DSTM32F1 -DSTM32F103C8Tx -DDEBUG -c -I../Inc -O0 -ffunction-sections -fdata-sections -Wall -fstack-usage -MMD -MP -MF"STM32_DRIVERS/EEPROM.d" -MT"STM32_DRIVERS/EEPROM.o" --specs=nano.specs -mfloat-abi=soft -mthumb -o "STM32_DRIVERS/EEPROM.o"
arm-none-eabi-gcc "../STM32_DRIVERS/FIFO.c" -mcpu=cortex-m3 -std=gnu11 -g3 -DSTM32 -DSTM32F1 -DSTM32F103C8Tx -DDEBUG -c -I../Inc -O0 -ffunction-sections -fdata-sections -Wall -fstack-usage -MMD -MP -MF"STM32_DRIVERS/FIFO.d" -MT"STM32_DRIVERS/FIFO.o" --specs=nano.specs -mfloat-abi=soft -mthumb -o "STM32_DRIVERS/FIFO.o"
arm-none-eabi-gcc "../STM32_DRIVERS/GPIO_DRIVER.c" -mcpu=cortex-m3 -std=gnu11 -g3 -DSTM32 -DSTM32F1 -DSTM32F103C8Tx -DDEBUG -c -I../Inc -O0 -ffunction-sections -fdata-sections -Wall -fstack-usage -MMD -MP -MF"STM32_DRIVERS/GPIO_DRIVER.d" -MT"STM32_DRIVERS/GPIO_DRIVER.o" --specs=nano.specs -mfloat-abi=soft -mthumb -o "STM32_DRIVERS/GPIO_DRIVER.o"
arm-none-eabi-gcc "../STM32_DRIVERS/I2C_LCD.c" -mcpu=cortex-m3 -std=gnu11 -g3 -DSTM32 -DSTM32F1 -DSTM32F103C8Tx -DDEBUG -c -I../Inc -O0 -ffunction-sections -fdata-sections -Wall -fstack-usage -MMD -MP -MF"STM32_DRIVERS/I2C_LCD.d" -MT"STM32_DRIVERS/I2C_LCD.o" --specs=nano.specs -mfloat-abi=soft -mthumb -o "STM32_DRIVERS/I2C_LCD.o"
arm-none-eabi-gcc "../STM32_DRIVERS/IR_NEC.c" -mcpu=cortex-m3 -std=gnu11 -g3 -DSTM32 -DSTM32F1 -DSTM32F103C8Tx -DDEBUG -c -I../Inc -O0 -ffunction-sections -fdata-sections -Wall -fstack-usage -MMD -MP -MF"STM32_DRIVERS/IR_NEC.d" -MT"STM32_DRIVERS/IR_NEC.o" --specs=nano.specs -mfloat-abi=soft -mthumb -o "STM32_DRIVERS/IR_NEC.o"
arm-none-eabi-gcc "../STM32_DRIVERS/LCD.c" -mcpu=cortex-m3 -std=gnu11 -g3 -DSTM32 -DSTM32F1 -DSTM32F103C8Tx -DDEBUG -c -I../Inc -O0 -ffunction-sections -fdata-sections -Wall -fstack-usage -MMD -MP -MF"STM32_DRIVERS/LCD.d" -MT"STM32_DRIVERS/LCD.o" --specs=nano.specs -mfloat-abi=soft -mthumb -o "STM32_DRIVERS/LCD.o"
arm-none-eabi-gcc "../STM32_DRIVERS/LIFO.c" -mcpu=cortex-m3 -std=gnu11 -g3 -DSTM32 -DSTM32F1 -DSTM32F103C8Tx -DDEBUG -c -I../Inc -O0 -ffunction-sections -fdata-sections -Wall -fstack-usage -MMD -MP -MF"STM32_DRIVERS/LIFO.d" -MT"STM32_DRIVERS/LIFO.o" --specs=nano.specs -mfloat-abi=soft -mthumb -o "STM32_DRIVERS/LIFO.o"
arm-none-eabi-gcc "../STM32_DRIVERS/MPU6050.c" -mcpu=cortex-m3 -std=gnu11 -g3 -DSTM32 -DSTM32F1 -DSTM32F103C8Tx -DDEBUG -c -I../Inc -O0 -ffunction-sections -fdata-sections -Wall -fstack-usage -MMD -MP -MF"STM32_DRIVERS/MPU6050.d" -MT"STM32_DRIVERS/MPU6050.o" --specs=nano.specs -mfloat-abi=soft -mthumb -o "STM32_DRIVERS/MPU6050.o"
arm-none-eabi-gcc "../STM32_DRIVERS/STM32_I2C_DRIVER.c" -mcpu=cortex-m3 -std=gnu11 -g3 -DSTM32 -DSTM32F1 -DSTM32F103C8Tx -DDEBUG -c -I../Inc -O0 -ffunction-sections -fdata-sections -Wall -fstack-usage -MMD -MP -MF"STM32_DRIVERS/STM32_I2C_DRIVER.d" -MT"STM32_DRIVERS/STM32_I2C_DRIVER.o" --specs=nano.specs -mfloat-abi=soft -mthumb -o "STM32_DRIVERS/STM32_I2C_DRIVER.o"
arm-none-eabi-gcc "../STM32_DRIVERS/STM32_TIMERS_DRIVER.c" -mcpu=cortex-m3 -std=gnu11 -g3 -DSTM32 -DSTM32F1 -DSTM32F103C8Tx -DDEBUG -c -I../Inc -O0 -ffunction-sections -fdata-sections -Wall -fstack-usage -MMD -MP -MF"STM32_DRIVERS/STM32_TIMERS_DRIVER.d" -MT"STM32_DRIVERS/STM32_TIMERS_DRIVER.o" --specs=nano.specs -mfloat-abi=soft -mthumb -o "STM32_DRIVERS/STM32_TIMERS_DRIVER.o"
arm-none-eabi-gcc "../STM32_DRIVERS/Triac_drimmer.c" -mcpu=cortex-m3 -std=gnu11 -g3 -DSTM32 -DSTM32F1 -DSTM32F103C8Tx -DDEBUG -c -I../Inc -O0 -ffunction-sections -fdata-sections -Wall -fstack-usage -MMD -MP -MF"STM32_DRIVERS/Triac_drimmer.d" -MT"STM32_DRIVERS/Triac_drimmer.o" --specs=nano.specs -mfloat-abi=soft -mthumb -o "STM32_DRIVERS/Triac_drimmer.o"
../STM32_DRIVERS/CLICK_MODE.c:8:10: fatal error: CLICK_MODE.h: No such file or directory
 #include "CLICK_MODE.h"
          ^~~~~~~~~~~~~~
compilation terminated.
../STM32_DRIVERS/FIFO.c:7:10: fatal error: FIFO.h: No such file or directory
 #include "FIFO.h"
          ^~~~~~~~
compilation terminated.
../STM32_DRIVERS/GPIO_DRIVER.c:1:10: fatal error: STM32f103c6.h: No such file or directory
 #include "STM32f103c6.h"
          ^~~~~~~~~~~~~~~
compilation terminated.
make: *** [STM32_DRIVERS/subdir.mk:69: STM32_DRIVERS/CLICK_MODE.o] Error 1
make: *** Waiting for unfinished jobs....
../STM32_DRIVERS/LCD.c:8:10: fatal error: LCD.h: No such file or directory
 #include "LCD.h"
          ^~~~~~~
compilation terminated.
make: *** [STM32_DRIVERS/subdir.mk:73: STM32_DRIVERS/FIFO.o] Error 1
make: *** [STM32_DRIVERS/subdir.mk:75: STM32_DRIVERS/GPIO_DRIVER.o] Error 1
make: *** [STM32_DRIVERS/subdir.mk:81: STM32_DRIVERS/LCD.o] Error 1
../STM32_DRIVERS/EEPROM.c:8:10: fatal error: EEPROM.h: No such file or directory
 #include "EEPROM.h"
          ^~~~~~~~~~
compilation terminated.
../STM32_DRIVERS/I2C_LCD.c:8:10: fatal error: I2C_LCD.h: No such file or directory
 #include "I2C_LCD.h"
          ^~~~~~~~~~~
compilation terminated.
make: *** [STM32_DRIVERS/subdir.mk:71: STM32_DRIVERS/EEPROM.o] Error 1
../STM32_DRIVERS/MPU6050.c:9:10: fatal error: MPU6050.h: No such file or directory
 #include "MPU6050.h"
          ^~~~~~~~~~~
compilation terminated.
make: *** [STM32_DRIVERS/subdir.mk:77: STM32_DRIVERS/I2C_LCD.o] Error 1
../STM32_DRIVERS/LIFO.c:8:10: fatal error: LIFO.h: No such file or directory
 #include "LIFO.h"
          ^~~~~~~~
make: *** [STM32_DRIVERS/subdir.mk:85: STM32_DRIVERS/MPU6050.o] Error 1
compilation terminated.
../STM32_DRIVERS/STM32_I2C_DRIVER.c:9:10: fatal error: STM32_I2C_DRIVER.h: No such file or directory
 #include "STM32_I2C_DRIVER.h"
          ^~~~~~~~~~~~~~~~~~~~
compilation terminated.
make: *** [STM32_DRIVERS/subdir.mk:83: STM32_DRIVERS/LIFO.o] Error 1
../STM32_DRIVERS/STM32_TIMERS_DRIVER.c:8:10: fatal error: STM32_TIMERS_DRIVER.h: No such file or directory
 #include "STM32_TIMERS_DRIVER.h"
          ^~~~~~~~~~~~~~~~~~~~~~~
compilation terminated.
make: *** [STM32_DRIVERS/subdir.mk:87: STM32_DRIVERS/STM32_I2C_DRIVER.o] Error 1
make: *** [STM32_DRIVERS/subdir.mk:89: STM32_DRIVERS/STM32_TIMERS_DRIVER.o] Error 1
../STM32_DRIVERS/Triac_drimmer.c:9:10: fatal error: Triac_drimmer.h: No such file or directory
 #include "Triac_drimmer.h"
          ^~~~~~~~~~~~~~~~~
compilation terminated.
make: *** [STM32_DRIVERS/subdir.mk:91: STM32_DRIVERS/Triac_drimmer.o] Error 1
"make -j16 all" terminated with exit code 2. Build might be incomplete.
13:14:49 **** Incremental Build of configuration Debug for project IR_NEC ****
make -j16 all 
arm-none-eabi-gcc "../Src/main.c" -mcpu=cortex-m3 -std=gnu11 -g3 -DSTM32 -DSTM32F1 -DSTM32F103C8Tx -DDEBUG -c -I../Inc -I"C:/E/embedded/test/final simulation code for my assignments/IR_PROJECT/IR_NEC/STM32_DRIVERS/inc" -O0 -ffunction-sections -fdata-sections -Wall -fstack-usage -MMD -MP -MF"Src/main.d" -MT"Src/main.o" --specs=nano.specs -mfloat-abi=soft -mthumb -o "Src/main.o"
arm-none-eabi-gcc "../Src/syscalls.c" -mcpu=cortex-m3 -std=gnu11 -g3 -DSTM32 -DSTM32F1 -DSTM32F103C8Tx -DDEBUG -c -I../Inc -I"C:/E/embedded/test/final simulation code for my assignments/IR_PROJECT/IR_NEC/STM32_DRIVERS/inc" -O0 -ffunction-sections -fdata-sections -Wall -fstack-usage -MMD -MP -MF"Src/syscalls.d" -MT"Src/syscalls.o" --specs=nano.specs -mfloat-abi=soft -mthumb -o "Src/syscalls.o"
arm-none-eabi-gcc "../Src/sysmem.c" -mcpu=cortex-m3 -std=gnu11 -g3 -DSTM32 -DSTM32F1 -DSTM32F103C8Tx -DDEBUG -c -I../Inc -I"C:/E/embedded/test/final simulation code for my assignments/IR_PROJECT/IR_NEC/STM32_DRIVERS/inc" -O0 -ffunction-sections -fdata-sections -Wall -fstack-usage -MMD -MP -MF"Src/sysmem.d" -MT"Src/sysmem.o" --specs=nano.specs -mfloat-abi=soft -mthumb -o "Src/sysmem.o"
arm-none-eabi-gcc "../STM32_DRIVERS/CLICK_MODE.c" -mcpu=cortex-m3 -std=gnu11 -g3 -DSTM32 -DSTM32F1 -DSTM32F103C8Tx -DDEBUG -c -I../Inc -I"C:/E/embedded/test/final simulation code for my assignments/IR_PROJECT/IR_NEC/STM32_DRIVERS/inc" -O0 -ffunction-sections -fdata-sections -Wall -fstack-usage -MMD -MP -MF"STM32_DRIVERS/CLICK_MODE.d" -MT"STM32_DRIVERS/CLICK_MODE.o" --specs=nano.specs -mfloat-abi=soft -mthumb -o "STM32_DRIVERS/CLICK_MODE.o"
arm-none-eabi-gcc "../STM32_DRIVERS/EEPROM.c" -mcpu=cortex-m3 -std=gnu11 -g3 -DSTM32 -DSTM32F1 -DSTM32F103C8Tx -DDEBUG -c -I../Inc -I"C:/E/embedded/test/final simulation code for my assignments/IR_PROJECT/IR_NEC/STM32_DRIVERS/inc" -O0 -ffunction-sections -fdata-sections -Wall -fstack-usage -MMD -MP -MF"STM32_DRIVERS/EEPROM.d" -MT"STM32_DRIVERS/EEPROM.o" --specs=nano.specs -mfloat-abi=soft -mthumb -o "STM32_DRIVERS/EEPROM.o"
arm-none-eabi-gcc "../STM32_DRIVERS/FIFO.c" -mcpu=cortex-m3 -std=gnu11 -g3 -DSTM32 -DSTM32F1 -DSTM32F103C8Tx -DDEBUG -c -I../Inc -I"C:/E/embedded/test/final simulation code for my assignments/IR_PROJECT/IR_NEC/STM32_DRIVERS/inc" -O0 -ffunction-sections -fdata-sections -Wall -fstack-usage -MMD -MP -MF"STM32_DRIVERS/FIFO.d" -MT"STM32_DRIVERS/FIFO.o" --specs=nano.specs -mfloat-abi=soft -mthumb -o "STM32_DRIVERS/FIFO.o"
arm-none-eabi-gcc "../STM32_DRIVERS/GPIO_DRIVER.c" -mcpu=cortex-m3 -std=gnu11 -g3 -DSTM32 -DSTM32F1 -DSTM32F103C8Tx -DDEBUG -c -I../Inc -I"C:/E/embedded/test/final simulation code for my assignments/IR_PROJECT/IR_NEC/STM32_DRIVERS/inc" -O0 -ffunction-sections -fdata-sections -Wall -fstack-usage -MMD -MP -MF"STM32_DRIVERS/GPIO_DRIVER.d" -MT"STM32_DRIVERS/GPIO_DRIVER.o" --specs=nano.specs -mfloat-abi=soft -mthumb -o "STM32_DRIVERS/GPIO_DRIVER.o"
arm-none-eabi-gcc "../STM32_DRIVERS/I2C_LCD.c" -mcpu=cortex-m3 -std=gnu11 -g3 -DSTM32 -DSTM32F1 -DSTM32F103C8Tx -DDEBUG -c -I../Inc -I"C:/E/embedded/test/final simulation code for my assignments/IR_PROJECT/IR_NEC/STM32_DRIVERS/inc" -O0 -ffunction-sections -fdata-sections -Wall -fstack-usage -MMD -MP -MF"STM32_DRIVERS/I2C_LCD.d" -MT"STM32_DRIVERS/I2C_LCD.o" --specs=nano.specs -mfloat-abi=soft -mthumb -o "STM32_DRIVERS/I2C_LCD.o"
arm-none-eabi-gcc "../STM32_DRIVERS/IR_NEC.c" -mcpu=cortex-m3 -std=gnu11 -g3 -DSTM32 -DSTM32F1 -DSTM32F103C8Tx -DDEBUG -c -I../Inc -I"C:/E/embedded/test/final simulation code for my assignments/IR_PROJECT/IR_NEC/STM32_DRIVERS/inc" -O0 -ffunction-sections -fdata-sections -Wall -fstack-usage -MMD -MP -MF"STM32_DRIVERS/IR_NEC.d" -MT"STM32_DRIVERS/IR_NEC.o" --specs=nano.specs -mfloat-abi=soft -mthumb -o "STM32_DRIVERS/IR_NEC.o"
arm-none-eabi-gcc "../STM32_DRIVERS/LCD.c" -mcpu=cortex-m3 -std=gnu11 -g3 -DSTM32 -DSTM32F1 -DSTM32F103C8Tx -DDEBUG -c -I../Inc -I"C:/E/embedded/test/final simulation code for my assignments/IR_PROJECT/IR_NEC/STM32_DRIVERS/inc" -O0 -ffunction-sections -fdata-sections -Wall -fstack-usage -MMD -MP -MF"STM32_DRIVERS/LCD.d" -MT"STM32_DRIVERS/LCD.o" --specs=nano.specs -mfloat-abi=soft -mthumb -o "STM32_DRIVERS/LCD.o"
arm-none-eabi-gcc "../STM32_DRIVERS/LIFO.c" -mcpu=cortex-m3 -std=gnu11 -g3 -DSTM32 -DSTM32F1 -DSTM32F103C8Tx -DDEBUG -c -I../Inc -I"C:/E/embedded/test/final simulation code for my assignments/IR_PROJECT/IR_NEC/STM32_DRIVERS/inc" -O0 -ffunction-sections -fdata-sections -Wall -fstack-usage -MMD -MP -MF"STM32_DRIVERS/LIFO.d" -MT"STM32_DRIVERS/LIFO.o" --specs=nano.specs -mfloat-abi=soft -mthumb -o "STM32_DRIVERS/LIFO.o"
arm-none-eabi-gcc "../STM32_DRIVERS/MPU6050.c" -mcpu=cortex-m3 -std=gnu11 -g3 -DSTM32 -DSTM32F1 -DSTM32F103C8Tx -DDEBUG -c -I../Inc -I"C:/E/embedded/test/final simulation code for my assignments/IR_PROJECT/IR_NEC/STM32_DRIVERS/inc" -O0 -ffunction-sections -fdata-sections -Wall -fstack-usage -MMD -MP -MF"STM32_DRIVERS/MPU6050.d" -MT"STM32_DRIVERS/MPU6050.o" --specs=nano.specs -mfloat-abi=soft -mthumb -o "STM32_DRIVERS/MPU6050.o"
arm-none-eabi-gcc "../STM32_DRIVERS/STM32_I2C_DRIVER.c" -mcpu=cortex-m3 -std=gnu11 -g3 -DSTM32 -DSTM32F1 -DSTM32F103C8Tx -DDEBUG -c -I../Inc -I"C:/E/embedded/test/final simulation code for my assignments/IR_PROJECT/IR_NEC/STM32_DRIVERS/inc" -O0 -ffunction-sections -fdata-sections -Wall -fstack-usage -MMD -MP -MF"STM32_DRIVERS/STM32_I2C_DRIVER.d" -MT"STM32_DRIVERS/STM32_I2C_DRIVER.o" --specs=nano.specs -mfloat-abi=soft -mthumb -o "STM32_DRIVERS/STM32_I2C_DRIVER.o"
arm-none-eabi-gcc "../STM32_DRIVERS/STM32_TIMERS_DRIVER.c" -mcpu=cortex-m3 -std=gnu11 -g3 -DSTM32 -DSTM32F1 -DSTM32F103C8Tx -DDEBUG -c -I../Inc -I"C:/E/embedded/test/final simulation code for my assignments/IR_PROJECT/IR_NEC/STM32_DRIVERS/inc" -O0 -ffunction-sections -fdata-sections -Wall -fstack-usage -MMD -MP -MF"STM32_DRIVERS/STM32_TIMERS_DRIVER.d" -MT"STM32_DRIVERS/STM32_TIMERS_DRIVER.o" --specs=nano.specs -mfloat-abi=soft -mthumb -o "STM32_DRIVERS/STM32_TIMERS_DRIVER.o"
arm-none-eabi-gcc "../STM32_DRIVERS/Triac_drimmer.c" -mcpu=cortex-m3 -std=gnu11 -g3 -DSTM32 -DSTM32F1 -DSTM32F103C8Tx -DDEBUG -c -I../Inc -I"C:/E/embedded/test/final simulation code for my assignments/IR_PROJECT/IR_NEC/STM32_DRIVERS/inc" -O0 -ffunction-sections -fdata-sections -Wall -fstack-usage -MMD -MP -MF"STM32_DRIVERS/Triac_drimmer.d" -MT"STM32_DRIVERS/Triac_drimmer.o" --specs=nano.specs -mfloat-abi=soft -mthumb -o "STM32_DRIVERS/Triac_drimmer.o"
arm-none-eabi-gcc "../STM32_DRIVERS/keypad.c" -mcpu=cortex-m3 -std=gnu11 -g3 -DSTM32 -DSTM32F1 -DSTM32F103C8Tx -DDEBUG -c -I../Inc -I"C:/E/embedded/test/final simulation code for my assignments/IR_PROJECT/IR_NEC/STM32_DRIVERS/inc" -O0 -ffunction-sections -fdata-sections -Wall -fstack-usage -MMD -MP -MF"STM32_DRIVERS/keypad.d" -MT"STM32_DRIVERS/keypad.o" --specs=nano.specs -mfloat-abi=soft -mthumb -o "STM32_DRIVERS/keypad.o"
arm-none-eabi-gcc "../STM32_DRIVERS/stm32_speed_DRIVER.c" -mcpu=cortex-m3 -std=gnu11 -g3 -DSTM32 -DSTM32F1 -DSTM32F103C8Tx -DDEBUG -c -I../Inc -I"C:/E/embedded/test/final simulation code for my assignments/IR_PROJECT/IR_NEC/STM32_DRIVERS/inc" -O0 -ffunction-sections -fdata-sections -Wall -fstack-usage -MMD -MP -MF"STM32_DRIVERS/stm32_speed_DRIVER.d" -MT"STM32_DRIVERS/stm32_speed_DRIVER.o" --specs=nano.specs -mfloat-abi=soft -mthumb -o "STM32_DRIVERS/stm32_speed_DRIVER.o"
arm-none-eabi-gcc "../STM32_DRIVERS/stm32f103c6_ADC.c" -mcpu=cortex-m3 -std=gnu11 -g3 -DSTM32 -DSTM32F1 -DSTM32F103C8Tx -DDEBUG -c -I../Inc -I"C:/E/embedded/test/final simulation code for my assignments/IR_PROJECT/IR_NEC/STM32_DRIVERS/inc" -O0 -ffunction-sections -fdata-sections -Wall -fstack-usage -MMD -MP -MF"STM32_DRIVERS/stm32f103c6_ADC.d" -MT"STM32_DRIVERS/stm32f103c6_ADC.o" --specs=nano.specs -mfloat-abi=soft -mthumb -o "STM32_DRIVERS/stm32f103c6_ADC.o"
arm-none-eabi-gcc "../STM32_DRIVERS/stm32f103c6_ISR_DRIVER.c" -mcpu=cortex-m3 -std=gnu11 -g3 -DSTM32 -DSTM32F1 -DSTM32F103C8Tx -DDEBUG -c -I../Inc -I"C:/E/embedded/test/final simulation code for my assignments/IR_PROJECT/IR_NEC/STM32_DRIVERS/inc" -O0 -ffunction-sections -fdata-sections -Wall -fstack-usage -MMD -MP -MF"STM32_DRIVERS/stm32f103c6_ISR_DRIVER.d" -MT"STM32_DRIVERS/stm32f103c6_ISR_DRIVER.o" --specs=nano.specs -mfloat-abi=soft -mthumb -o "STM32_DRIVERS/stm32f103c6_ISR_DRIVER.o"
../STM32_DRIVERS/LCD.c: In function 'LCD_write_FLOATnumber':
../STM32_DRIVERS/LCD.c:118:2: warning: implicit declaration of function 'gcvt' [-Wimplicit-function-declaration]
  gcvt(num,digit,text);
  ^~~~
../STM32_DRIVERS/I2C_LCD.c: In function 'I2C_LCD_write_FLOATnumber':
../STM32_DRIVERS/I2C_LCD.c:114:2: warning: implicit declaration of function 'gcvt' [-Wimplicit-function-declaration]
  gcvt(num,digit,text);
  ^~~~
../STM32_DRIVERS/STM32_I2C_DRIVER.c: In function 'I2C_GetFlagStatus':
../STM32_DRIVERS/STM32_I2C_DRIVER.c:119:20: warning: variable 'dummy_Read' set but not used [-Wunused-but-set-variable]
  volatile uint32_t dummy_Read;
                    ^~~~~~~~~~
../STM32_DRIVERS/Triac_drimmer.c: In function 'Drimmer_init':
../STM32_DRIVERS/Triac_drimmer.c:22:55: warning: passing argument 4 of 'EXTI' from incompatible pointer type [-Wincompatible-pointer-types]
  EXTI(Drimer_POART,ZERO_CROS_PIN,EXTI_Trigger_Rising, zero_cross_ISR);
                                                       ^~~~~~~~~~~~~~
In file included from C:/E/embedded/test/final simulation code for my assignments/IR_PROJECT/IR_NEC/STM32_DRIVERS/inc/STM32_TIMERS_DRIVER.h:18:0,
                 from C:/E/embedded/test/final simulation code for my assignments/IR_PROJECT/IR_NEC/STM32_DRIVERS/inc/Triac_drimmer.h:11,
                 from ../STM32_DRIVERS/Triac_drimmer.c:9:
C:/E/embedded/test/final simulation code for my assignments/IR_PROJECT/IR_NEC/STM32_DRIVERS/inc/stm32f103c6_ISR_DRIVER.h:71:6: note: expected 'void (*)(interrupt_data *, uint8_t) {aka void (*)(struct <anonymous> *, unsigned char)}' but argument is of type 'void (*)()'
 void EXTI(GPIO_typeDef* PORTx ,uint16_t pin,uint16_t triggercase,void(*function_addres)(interrupt_data* isr_data,uint8_t interupt_num));
      ^~~~
arm-none-eabi-gcc "../STM32_DRIVERS/stm32f103c6_SPI_DRIVER.c" -mcpu=cortex-m3 -std=gnu11 -g3 -DSTM32 -DSTM32F1 -DSTM32F103C8Tx -DDEBUG -c -I../Inc -I"C:/E/embedded/test/final simulation code for my assignments/IR_PROJECT/IR_NEC/STM32_DRIVERS/inc" -O0 -ffunction-sections -fdata-sections -Wall -fstack-usage -MMD -MP -MF"STM32_DRIVERS/stm32f103c6_SPI_DRIVER.d" -MT"STM32_DRIVERS/stm32f103c6_SPI_DRIVER.o" --specs=nano.specs -mfloat-abi=soft -mthumb -o "STM32_DRIVERS/stm32f103c6_SPI_DRIVER.o"
arm-none-eabi-gcc "../STM32_DRIVERS/stm32f103c6_USART_SRIVER.c" -mcpu=cortex-m3 -std=gnu11 -g3 -DSTM32 -DSTM32F1 -DSTM32F103C8Tx -DDEBUG -c -I../Inc -I"C:/E/embedded/test/final simulation code for my assignments/IR_PROJECT/IR_NEC/STM32_DRIVERS/inc" -O0 -ffunction-sections -fdata-sections -Wall -fstack-usage -MMD -MP -MF"STM32_DRIVERS/stm32f103c6_USART_SRIVER.d" -MT"STM32_DRIVERS/stm32f103c6_USART_SRIVER.o" --specs=nano.specs -mfloat-abi=soft -mthumb -o "STM32_DRIVERS/stm32f103c6_USART_SRIVER.o"
../STM32_DRIVERS/stm32f103c6_USART_SRIVER.c: In function 'USART1_IRQHandler':
../STM32_DRIVERS/stm32f103c6_USART_SRIVER.c:272:22: warning: unused variable 'd' [-Wunused-variable]
    volatile uint16_t d=USART1->USART_DR;
                      ^
../STM32_DRIVERS/stm32f103c6_USART_SRIVER.c:277:21: warning: unused variable 'w' [-Wunused-variable]
   volatile uint16_t w =USART1->USART_DR;
                     ^
../STM32_DRIVERS/stm32f103c6_USART_SRIVER.c: In function 'USART2_IRQHandler':
../STM32_DRIVERS/stm32f103c6_USART_SRIVER.c:353:22: warning: unused variable 'd' [-Wunused-variable]
    volatile uint16_t d =USART2->USART_DR;
                      ^
../STM32_DRIVERS/stm32f103c6_USART_SRIVER.c:358:21: warning: unused variable 'w' [-Wunused-variable]
   volatile uint16_t w =USART2->USART_DR;
                     ^
../STM32_DRIVERS/stm32f103c6_USART_SRIVER.c: In function 'USART3_IRQHandler':
../STM32_DRIVERS/stm32f103c6_USART_SRIVER.c:434:22: warning: unused variable 'd' [-Wunused-variable]
    volatile uint16_t d =USART3->USART_DR;
                      ^
../STM32_DRIVERS/stm32f103c6_USART_SRIVER.c:439:21: warning: unused variable 'w' [-Wunused-variable]
   volatile uint16_t w =USART3->USART_DR;
                     ^
arm-none-eabi-gcc -o "IR_NEC.elf" @"objects.list"   -mcpu=cortex-m3 -T"C:\E\embedded\test\final simulation code for my assignments\IR_PROJECT\IR_NEC\STM32F103C8TX_FLASH.ld" --specs=nosys.specs -Wl,-Map="IR_NEC.map" -Wl,--gc-sections -static --specs=nano.specs -mfloat-abi=soft -mthumb -Wl,--start-group -lc -lm -Wl,--end-group
Finished building target: IR_NEC.elf
 
arm-none-eabi-size   IR_NEC.elf 
arm-none-eabi-objdump -h -S  IR_NEC.elf  > "IR_NEC.list"
arm-none-eabi-objcopy  -O binary  IR_NEC.elf  "IR_NEC.bin"
   text	   data	    bss	    dec	    hex	filename
   3300	     40	   1744	   5084	   13dc	IR_NEC.elf
Finished building: default.size.stdout
 
Finished building: IR_NEC.bin
 
Finished building: IR_NEC.list
 
13:30:33 **** Incremental Build of configuration Debug for project IR_NEC ****
make -j16 all 
arm-none-eabi-gcc "../Src/main.c" -mcpu=cortex-m3 -std=gnu11 -g3 -DSTM32 -DSTM32F1 -DSTM32F103C8Tx -DDEBUG -c -I../Inc -I"C:/E/embedded/test/final simulation code for my assignments/IR_PROJECT/IR_NEC/STM32_DRIVERS/inc" -O0 -ffunction-sections -fdata-sections -Wall -fstack-usage -MMD -MP -MF"Src/main.d" -MT"Src/main.o" --specs=nano.specs -mfloat-abi=soft -mthumb -o "Src/main.o"
arm-none-eabi-gcc "../STM32_DRIVERS/I2C_LCD.c" -mcpu=cortex-m3 -std=gnu11 -g3 -DSTM32 -DSTM32F1 -DSTM32F103C8Tx -DDEBUG -c -I../Inc -I"C:/E/embedded/test/final simulation code for my assignments/IR_PROJECT/IR_NEC/STM32_DRIVERS/inc" -O0 -ffunction-sections -fdata-sections -Wall -fstack-usage -MMD -MP -MF"STM32_DRIVERS/I2C_LCD.d" -MT"STM32_DRIVERS/I2C_LCD.o" --specs=nano.specs -mfloat-abi=soft -mthumb -o "STM32_DRIVERS/I2C_LCD.o"
arm-none-eabi-gcc "../STM32_DRIVERS/IR_NEC.c" -mcpu=cortex-m3 -std=gnu11 -g3 -DSTM32 -DSTM32F1 -DSTM32F103C8Tx -DDEBUG -c -I../Inc -I"C:/E/embedded/test/final simulation code for my assignments/IR_PROJECT/IR_NEC/STM32_DRIVERS/inc" -O0 -ffunction-sections -fdata-sections -Wall -fstack-usage -MMD -MP -MF"STM32_DRIVERS/IR_NEC.d" -MT"STM32_DRIVERS/IR_NEC.o" --specs=nano.specs -mfloat-abi=soft -mthumb -o "STM32_DRIVERS/IR_NEC.o"
../STM32_DRIVERS/I2C_LCD.c: In function 'I2C_LCD_write_FLOATnumber':
../STM32_DRIVERS/I2C_LCD.c:114:2: warning: implicit declaration of function 'gcvt' [-Wimplicit-function-declaration]
  gcvt(num,digit,text);
  ^~~~
arm-none-eabi-gcc -o "IR_NEC.elf" @"objects.list"   -mcpu=cortex-m3 -T"C:\E\embedded\test\final simulation code for my assignments\IR_PROJECT\IR_NEC\STM32F103C8TX_FLASH.ld" --specs=nosys.specs -Wl,-Map="IR_NEC.map" -Wl,--gc-sections -static --specs=nano.specs -mfloat-abi=soft -mthumb -Wl,--start-group -lc -lm -Wl,--end-group
Finished building target: IR_NEC.elf
 
arm-none-eabi-objdump -h -S  IR_NEC.elf  > "IR_NEC.list"
arm-none-eabi-objcopy  -O binary  IR_NEC.elf  "IR_NEC.bin"
arm-none-eabi-size   IR_NEC.elf 
   text	   data	    bss	    dec	    hex	filename
   3764	     40	   1744	   5548	   15ac	IR_NEC.elf
Finished building: default.size.stdout
 
Finished building: IR_NEC.bin
 
Finished building: IR_NEC.list
 
13:32:14 **** Incremental Build of configuration Debug for project IR_NEC ****
make -j16 all 
arm-none-eabi-gcc "../Src/main.c" -mcpu=cortex-m3 -std=gnu11 -g3 -DSTM32 -DSTM32F1 -DSTM32F103C8Tx -DDEBUG -c -I../Inc -I"C:/E/embedded/test/final simulation code for my assignments/IR_PROJECT/IR_NEC/STM32_DRIVERS/inc" -O0 -ffunction-sections -fdata-sections -Wall -fstack-usage -MMD -MP -MF"Src/main.d" -MT"Src/main.o" --specs=nano.specs -mfloat-abi=soft -mthumb -o "Src/main.o"
../Src/main.c: In function 'main':
../Src/main.c:17:2: warning: implicit declaration of function 'delay' [-Wimplicit-function-declaration]
  delay(200, U_ms,clk);
  ^~~~~
../Src/main.c:17:13: error: 'U_ms' undeclared (first use in this function)
  delay(200, U_ms,clk);
             ^~~~
../Src/main.c:17:13: note: each undeclared identifier is reported only once for each function it appears in
../Src/main.c:18:2: error: too few arguments to function 'I2C_LCD_Init'
  I2C_LCD_Init(I2C1,address);
  ^~~~~~~~~~~~
In file included from ../Src/main.c:11:0:
C:/E/embedded/test/final simulation code for my assignments/IR_PROJECT/IR_NEC/STM32_DRIVERS/inc/I2C_LCD.h:32:6: note: declared here
 void I2C_LCD_Init(I2C_TypeDef* I2Cx,uint16_t address,uint32_t clk);
      ^~~~~~~~~~~~
make: *** [Src/subdir.mk:24: Src/main.o] Error 1
"make -j16 all" terminated with exit code 2. Build might be incomplete.
13:32:35 **** Incremental Build of configuration Debug for project IR_NEC ****
make -j16 all 
arm-none-eabi-gcc "../Src/main.c" -mcpu=cortex-m3 -std=gnu11 -g3 -DSTM32 -DSTM32F1 -DSTM32F103C8Tx -DDEBUG -c -I../Inc -I"C:/E/embedded/test/final simulation code for my assignments/IR_PROJECT/IR_NEC/STM32_DRIVERS/inc" -O0 -ffunction-sections -fdata-sections -Wall -fstack-usage -MMD -MP -MF"Src/main.d" -MT"Src/main.o" --specs=nano.specs -mfloat-abi=soft -mthumb -o "Src/main.o"
../Src/main.c: In function 'main':
../Src/main.c:19:2: error: too few arguments to function 'I2C_LCD_Init'
  I2C_LCD_Init(I2C1,address);
  ^~~~~~~~~~~~
In file included from ../Src/main.c:11:0:
C:/E/embedded/test/final simulation code for my assignments/IR_PROJECT/IR_NEC/STM32_DRIVERS/inc/I2C_LCD.h:32:6: note: declared here
 void I2C_LCD_Init(I2C_TypeDef* I2Cx,uint16_t address,uint32_t clk);
      ^~~~~~~~~~~~
make: *** [Src/subdir.mk:24: Src/main.o] Error 1
"make -j16 all" terminated with exit code 2. Build might be incomplete.
13:32:48 **** Incremental Build of configuration Debug for project IR_NEC ****
make -j16 all 
arm-none-eabi-gcc "../Src/main.c" -mcpu=cortex-m3 -std=gnu11 -g3 -DSTM32 -DSTM32F1 -DSTM32F103C8Tx -DDEBUG -c -I../Inc -I"C:/E/embedded/test/final simulation code for my assignments/IR_PROJECT/IR_NEC/STM32_DRIVERS/inc" -O0 -ffunction-sections -fdata-sections -Wall -fstack-usage -MMD -MP -MF"Src/main.d" -MT"Src/main.o" --specs=nano.specs -mfloat-abi=soft -mthumb -o "Src/main.o"
arm-none-eabi-gcc -o "IR_NEC.elf" @"objects.list"   -mcpu=cortex-m3 -T"C:\E\embedded\test\final simulation code for my assignments\IR_PROJECT\IR_NEC\STM32F103C8TX_FLASH.ld" --specs=nosys.specs -Wl,-Map="IR_NEC.map" -Wl,--gc-sections -static --specs=nano.specs -mfloat-abi=soft -mthumb -Wl,--start-group -lc -lm -Wl,--end-group
Finished building target: IR_NEC.elf
 
arm-none-eabi-objdump -h -S  IR_NEC.elf  > "IR_NEC.list"
arm-none-eabi-objcopy  -O binary  IR_NEC.elf  "IR_NEC.bin"
arm-none-eabi-size   IR_NEC.elf 
   text	   data	    bss	    dec	    hex	filename
   8136	     40	   1744	   9920	   26c0	IR_NEC.elf
Finished building: default.size.stdout
 
Finished building: IR_NEC.bin
 
Finished building: IR_NEC.list
 
13:37:50 **** Incremental Build of configuration Debug for project IR_NEC ****
make -j16 all 
arm-none-eabi-gcc -o "IR_NEC.axf" @"objects.list"   -mcpu=cortex-m3 -T"C:\E\embedded\test\final simulation code for my assignments\IR_PROJECT\IR_NEC\STM32F103C8TX_FLASH.ld" --specs=nosys.specs -Wl,-Map="IR_NEC.map" -Wl,--gc-sections -static --specs=nano.specs -mfloat-abi=soft -mthumb -Wl,--start-group -lc -lm -Wl,--end-group
Finished building target: IR_NEC.axf
 
arm-none-eabi-objdump -h -S  IR_NEC.axf  > "IR_NEC.list"
arm-none-eabi-objcopy  -O binary  IR_NEC.axf  "IR_NEC.bin"
arm-none-eabi-size   IR_NEC.axf 
   text	   data	    bss	    dec	    hex	filename
   8136	     40	   1744	   9920	   26c0	IR_NEC.axf
Finished building: default.size.stdout
 
Finished building: IR_NEC.bin
 
Finished building: IR_NEC.list
 
13:38:42 **** Incremental Build of configuration Debug for project IR_NEC ****
make -j16 all 
arm-none-eabi-gcc "../Src/main.c" -mcpu=cortex-m3 -std=gnu11 -g3 -DSTM32 -DSTM32F1 -DSTM32F103C8Tx -DDEBUG -c -I../Inc -I"C:/E/embedded/test/final simulation code for my assignments/IR_PROJECT/IR_NEC/STM32_DRIVERS/inc" -O0 -ffunction-sections -fdata-sections -Wall -fstack-usage -MMD -MP -MF"Src/main.d" -MT"Src/main.o" --specs=nano.specs -mfloat-abi=soft -mthumb -o "Src/main.o"
arm-none-eabi-gcc -o "IR_NEC.axf" @"objects.list"   -mcpu=cortex-m3 -T"C:\E\embedded\test\final simulation code for my assignments\IR_PROJECT\IR_NEC\STM32F103C8TX_FLASH.ld" --specs=nosys.specs -Wl,-Map="IR_NEC.map" -Wl,--gc-sections -static --specs=nano.specs -mfloat-abi=soft -mthumb -Wl,--start-group -lc -lm -Wl,--end-group
Finished building target: IR_NEC.axf
 
arm-none-eabi-objdump -h -S  IR_NEC.axf  > "IR_NEC.list"
arm-none-eabi-objcopy  -O binary  IR_NEC.axf  "IR_NEC.bin"
arm-none-eabi-size   IR_NEC.axf 
   text	   data	    bss	    dec	    hex	filename
   8136	     40	   1744	   9920	   26c0	IR_NEC.axf
Finished building: default.size.stdout
 
Finished building: IR_NEC.bin
 
Finished building: IR_NEC.list
 
13:40:29 **** Incremental Build of configuration Debug for project IR_NEC ****
make -j16 all 
arm-none-eabi-gcc "../Src/main.c" -mcpu=cortex-m3 -std=gnu11 -g3 -DSTM32 -DSTM32F1 -DSTM32F103C8Tx -DDEBUG -c -I../Inc -I"C:/E/embedded/test/final simulation code for my assignments/IR_PROJECT/IR_NEC/STM32_DRIVERS/inc" -O0 -ffunction-sections -fdata-sections -Wall -fstack-usage -MMD -MP -MF"Src/main.d" -MT"Src/main.o" --specs=nano.specs -mfloat-abi=soft -mthumb -o "Src/main.o"
arm-none-eabi-gcc -o "IR_NEC.axf" @"objects.list"   -mcpu=cortex-m3 -T"C:\E\embedded\test\final simulation code for my assignments\IR_PROJECT\IR_NEC\STM32F103C8TX_FLASH.ld" --specs=nosys.specs -Wl,-Map="IR_NEC.map" -Wl,--gc-sections -static --specs=nano.specs -mfloat-abi=soft -mthumb -Wl,--start-group -lc -lm -Wl,--end-group
Finished building target: IR_NEC.axf
 
arm-none-eabi-objdump -h -S  IR_NEC.axf  > "IR_NEC.list"
arm-none-eabi-objcopy  -O binary  IR_NEC.axf  "IR_NEC.bin"
arm-none-eabi-size   IR_NEC.axf 
   text	   data	    bss	    dec	    hex	filename
   7672	     40	   1744	   9456	   24f0	IR_NEC.axf
Finished building: default.size.stdout
 
Finished building: IR_NEC.bin
 
Finished building: IR_NEC.list
 
13:40:57 **** Incremental Build of configuration Debug for project IR_NEC ****
make -j16 all 
arm-none-eabi-gcc "../Src/main.c" -mcpu=cortex-m3 -std=gnu11 -g3 -DSTM32 -DSTM32F1 -DSTM32F103C8Tx -DDEBUG -c -I../Inc -I"C:/E/embedded/test/final simulation code for my assignments/IR_PROJECT/IR_NEC/STM32_DRIVERS/inc" -O0 -ffunction-sections -fdata-sections -Wall -fstack-usage -MMD -MP -MF"Src/main.d" -MT"Src/main.o" --specs=nano.specs -mfloat-abi=soft -mthumb -o "Src/main.o"
arm-none-eabi-gcc -o "IR_NEC.axf" @"objects.list"   -mcpu=cortex-m3 -T"C:\E\embedded\test\final simulation code for my assignments\IR_PROJECT\IR_NEC\STM32F103C8TX_FLASH.ld" --specs=nosys.specs -Wl,-Map="IR_NEC.map" -Wl,--gc-sections -static --specs=nano.specs -mfloat-abi=soft -mthumb -Wl,--start-group -lc -lm -Wl,--end-group
Finished building target: IR_NEC.axf
 
arm-none-eabi-objdump -h -S  IR_NEC.axf  > "IR_NEC.list"
arm-none-eabi-objcopy  -O binary  IR_NEC.axf  "IR_NEC.bin"
arm-none-eabi-size   IR_NEC.axf 
   text	   data	    bss	    dec	    hex	filename
   7672	     40	   1744	   9456	   24f0	IR_NEC.axf
Finished building: default.size.stdout
 
Finished building: IR_NEC.bin
 
Finished building: IR_NEC.list
 
13:42:54 **** Incremental Build of configuration Debug for project IR_NEC ****
make -j16 all 
arm-none-eabi-gcc "../Src/main.c" -mcpu=cortex-m3 -std=gnu11 -g3 -DSTM32 -DSTM32F1 -DSTM32F103C8Tx -DDEBUG -c -I../Inc -I"C:/E/embedded/test/final simulation code for my assignments/IR_PROJECT/IR_NEC/STM32_DRIVERS/inc" -O0 -ffunction-sections -fdata-sections -Wall -fstack-usage -MMD -MP -MF"Src/main.d" -MT"Src/main.o" --specs=nano.specs -mfloat-abi=soft -mthumb -o "Src/main.o"
arm-none-eabi-gcc -o "IR_NEC.axf" @"objects.list"   -mcpu=cortex-m3 -T"C:\E\embedded\test\final simulation code for my assignments\IR_PROJECT\IR_NEC\STM32F103C8TX_FLASH.ld" --specs=nosys.specs -Wl,-Map="IR_NEC.map" -Wl,--gc-sections -static --specs=nano.specs -mfloat-abi=soft -mthumb -Wl,--start-group -lc -lm -Wl,--end-group
Finished building target: IR_NEC.axf
 
arm-none-eabi-objdump -h -S  IR_NEC.axf  > "IR_NEC.list"
arm-none-eabi-objcopy  -O binary  IR_NEC.axf  "IR_NEC.bin"
arm-none-eabi-size   IR_NEC.axf 
   text	   data	    bss	    dec	    hex	filename
   8136	     40	   1744	   9920	   26c0	IR_NEC.axf
Finished building: default.size.stdout
 
Finished building: IR_NEC.bin
 
Finished building: IR_NEC.list
 
13:43:22 **** Incremental Build of configuration Debug for project IR_NEC ****
make -j16 all 
arm-none-eabi-size   IR_NEC.axf 
   text	   data	    bss	    dec	    hex	filename
   8136	     40	   1744	   9920	   26c0	IR_NEC.axf
Finished building: default.size.stdout
 
13:44:10 **** Incremental Build of configuration Debug for project IR_NEC ****
make -j16 all 
arm-none-eabi-gcc "../Src/main.c" -mcpu=cortex-m3 -std=gnu11 -g3 -DSTM32 -DSTM32F1 -DSTM32F103C8Tx -DDEBUG -c -I../Inc -I"C:/E/embedded/test/final simulation code for my assignments/IR_PROJECT/IR_NEC/STM32_DRIVERS/inc" -O0 -ffunction-sections -fdata-sections -Wall -fstack-usage -MMD -MP -MF"Src/main.d" -MT"Src/main.o" --specs=nano.specs -mfloat-abi=soft -mthumb -o "Src/main.o"
arm-none-eabi-gcc -o "IR_NEC.axf" @"objects.list"   -mcpu=cortex-m3 -T"C:\E\embedded\test\final simulation code for my assignments\IR_PROJECT\IR_NEC\STM32F103C8TX_FLASH.ld" --specs=nosys.specs -Wl,-Map="IR_NEC.map" -Wl,--gc-sections -static --specs=nano.specs -mfloat-abi=soft -mthumb -Wl,--start-group -lc -lm -Wl,--end-group
Finished building target: IR_NEC.axf
 
arm-none-eabi-objdump -h -S  IR_NEC.axf  > "IR_NEC.list"
arm-none-eabi-objcopy  -O binary  IR_NEC.axf  "IR_NEC.bin"
arm-none-eabi-size   IR_NEC.axf 
   text	   data	    bss	    dec	    hex	filename
   8172	     40	   1744	   9956	   26e4	IR_NEC.axf
Finished building: default.size.stdout
 
Finished building: IR_NEC.bin
 
Finished building: IR_NEC.list
 
13:45:15 **** Incremental Build of configuration Debug for project IR_NEC ****
make -j16 all 
arm-none-eabi-gcc "../Src/main.c" -mcpu=cortex-m3 -std=gnu11 -g3 -DSTM32 -DSTM32F1 -DSTM32F103C8Tx -DDEBUG -c -I../Inc -I"C:/E/embedded/test/final simulation code for my assignments/IR_PROJECT/IR_NEC/STM32_DRIVERS/inc" -O0 -ffunction-sections -fdata-sections -Wall -fstack-usage -MMD -MP -MF"Src/main.d" -MT"Src/main.o" --specs=nano.specs -mfloat-abi=soft -mthumb -o "Src/main.o"
arm-none-eabi-gcc -o "IR_NEC.axf" @"objects.list"   -mcpu=cortex-m3 -T"C:\E\embedded\test\final simulation code for my assignments\IR_PROJECT\IR_NEC\STM32F103C8TX_FLASH.ld" --specs=nosys.specs -Wl,-Map="IR_NEC.map" -Wl,--gc-sections -static --specs=nano.specs -mfloat-abi=soft -mthumb -Wl,--start-group -lc -lm -Wl,--end-group
Finished building target: IR_NEC.axf
 
arm-none-eabi-objdump -h -S  IR_NEC.axf  > "IR_NEC.list"
arm-none-eabi-objcopy  -O binary  IR_NEC.axf  "IR_NEC.bin"
arm-none-eabi-size   IR_NEC.axf 
   text	   data	    bss	    dec	    hex	filename
   8172	     40	   1744	   9956	   26e4	IR_NEC.axf
Finished building: default.size.stdout
 
Finished building: IR_NEC.bin
Finished building: IR_NEC.list
 
 
13:45:50 **** Incremental Build of configuration Debug for project IR_NEC ****
make -j16 all 
arm-none-eabi-gcc "../Src/main.c" -mcpu=cortex-m3 -std=gnu11 -g3 -DSTM32 -DSTM32F1 -DSTM32F103C8Tx -DDEBUG -c -I../Inc -I"C:/E/embedded/test/final simulation code for my assignments/IR_PROJECT/IR_NEC/STM32_DRIVERS/inc" -O0 -ffunction-sections -fdata-sections -Wall -fstack-usage -MMD -MP -MF"Src/main.d" -MT"Src/main.o" --specs=nano.specs -mfloat-abi=soft -mthumb -o "Src/main.o"
arm-none-eabi-gcc -o "IR_NEC.axf" @"objects.list"   -mcpu=cortex-m3 -T"C:\E\embedded\test\final simulation code for my assignments\IR_PROJECT\IR_NEC\STM32F103C8TX_FLASH.ld" --specs=nosys.specs -Wl,-Map="IR_NEC.map" -Wl,--gc-sections -static --specs=nano.specs -mfloat-abi=soft -mthumb -Wl,--start-group -lc -lm -Wl,--end-group
Finished building target: IR_NEC.axf
 
arm-none-eabi-objdump -h -S  IR_NEC.axf  > "IR_NEC.list"
arm-none-eabi-objcopy  -O binary  IR_NEC.axf  "IR_NEC.bin"
arm-none-eabi-size   IR_NEC.axf 
   text	   data	    bss	    dec	    hex	filename
   8172	     40	   1744	   9956	   26e4	IR_NEC.axf
Finished building: default.size.stdout
 
Finished building: IR_NEC.bin
 
Finished building: IR_NEC.list
 
14:16:17 **** Incremental Build of configuration Debug for project IR_NEC ****
make -j16 all 
arm-none-eabi-gcc "../Src/main.c" -mcpu=cortex-m3 -std=gnu11 -g3 -DSTM32 -DSTM32F1 -DSTM32F103C8Tx -DDEBUG -c -I../Inc -I"C:/E/embedded/test/final simulation code for my assignments/IR_PROJECT/IR_NEC/STM32_DRIVERS/inc" -O0 -ffunction-sections -fdata-sections -Wall -fstack-usage -MMD -MP -MF"Src/main.d" -MT"Src/main.o" --specs=nano.specs -mfloat-abi=soft -mthumb -o "Src/main.o"
../Src/main.c: In function 'main':
../Src/main.c:41:7: error: 'PORTA' undeclared (first use in this function)
  EXTI(PORTA, pin1,EXTI_Trigger_RisingAndFalling, IR_TIME_READ);
       ^~~~~
../Src/main.c:41:7: note: each undeclared identifier is reported only once for each function it appears in
../Src/main.c:41:50: warning: passing argument 4 of 'EXTI' from incompatible pointer type [-Wincompatible-pointer-types]
  EXTI(PORTA, pin1,EXTI_Trigger_RisingAndFalling, IR_TIME_READ);
                                                  ^~~~~~~~~~~~
In file included from C:/E/embedded/test/final simulation code for my assignments/IR_PROJECT/IR_NEC/STM32_DRIVERS/inc/STM32_TIMERS_DRIVER.h:18:0,
                 from ../Src/main.c:12:
C:/E/embedded/test/final simulation code for my assignments/IR_PROJECT/IR_NEC/STM32_DRIVERS/inc/stm32f103c6_ISR_DRIVER.h:71:6: note: expected 'void (*)(interrupt_data *, uint8_t) {aka void (*)(struct <anonymous> *, unsigned char)}' but argument is of type 'void (*)()'
 void EXTI(GPIO_typeDef* PORTx ,uint16_t pin,uint16_t triggercase,void(*function_addres)(interrupt_data* isr_data,uint8_t interupt_num));
      ^~~~
make: *** [Src/subdir.mk:24: Src/main.o] Error 1
"make -j16 all" terminated with exit code 2. Build might be incomplete.
14:16:34 **** Incremental Build of configuration Debug for project IR_NEC ****
make -j16 all 
arm-none-eabi-gcc "../Src/main.c" -mcpu=cortex-m3 -std=gnu11 -g3 -DSTM32 -DSTM32F1 -DSTM32F103C8Tx -DDEBUG -c -I../Inc -I"C:/E/embedded/test/final simulation code for my assignments/IR_PROJECT/IR_NEC/STM32_DRIVERS/inc" -O0 -ffunction-sections -fdata-sections -Wall -fstack-usage -MMD -MP -MF"Src/main.d" -MT"Src/main.o" --specs=nano.specs -mfloat-abi=soft -mthumb -o "Src/main.o"
../Src/main.c: In function 'main':
../Src/main.c:41:50: warning: passing argument 4 of 'EXTI' from incompatible pointer type [-Wincompatible-pointer-types]
  EXTI(GPIOA, pin1,EXTI_Trigger_RisingAndFalling, IR_TIME_READ);
                                                  ^~~~~~~~~~~~
In file included from C:/E/embedded/test/final simulation code for my assignments/IR_PROJECT/IR_NEC/STM32_DRIVERS/inc/STM32_TIMERS_DRIVER.h:18:0,
                 from ../Src/main.c:12:
C:/E/embedded/test/final simulation code for my assignments/IR_PROJECT/IR_NEC/STM32_DRIVERS/inc/stm32f103c6_ISR_DRIVER.h:71:6: note: expected 'void (*)(interrupt_data *, uint8_t) {aka void (*)(struct <anonymous> *, unsigned char)}' but argument is of type 'void (*)()'
 void EXTI(GPIO_typeDef* PORTx ,uint16_t pin,uint16_t triggercase,void(*function_addres)(interrupt_data* isr_data,uint8_t interupt_num));
      ^~~~
arm-none-eabi-gcc -o "IR_NEC.axf" @"objects.list"   -mcpu=cortex-m3 -T"C:\E\embedded\test\final simulation code for my assignments\IR_PROJECT\IR_NEC\STM32F103C8TX_FLASH.ld" --specs=nosys.specs -Wl,-Map="IR_NEC.map" -Wl,--gc-sections -static --specs=nano.specs -mfloat-abi=soft -mthumb -Wl,--start-group -lc -lm -Wl,--end-group
Finished building target: IR_NEC.axf
 
arm-none-eabi-objdump -h -S  IR_NEC.axf  > "IR_NEC.list"
arm-none-eabi-objcopy  -O binary  IR_NEC.axf  "IR_NEC.bin"
arm-none-eabi-size   IR_NEC.axf 
   text	   data	    bss	    dec	    hex	filename
  13336	    144	   1776	  15256	   3b98	IR_NEC.axf
Finished building: default.size.stdout
 
Finished building: IR_NEC.bin
 
Finished building: IR_NEC.list
 
14:17:03 **** Incremental Build of configuration Debug for project IR_NEC ****
make -j16 all 
arm-none-eabi-size   IR_NEC.axf 
   text	   data	    bss	    dec	    hex	filename
  13336	    144	   1776	  15256	   3b98	IR_NEC.axf
Finished building: default.size.stdout
 
14:19:57 **** Incremental Build of configuration Debug for project IR_NEC ****
make -j16 all 
arm-none-eabi-gcc "../Src/main.c" -mcpu=cortex-m3 -std=gnu11 -g3 -DSTM32 -DSTM32F1 -DSTM32F103C8Tx -DDEBUG -c -I../Inc -I"C:/E/embedded/test/final simulation code for my assignments/IR_PROJECT/IR_NEC/STM32_DRIVERS/inc" -O0 -ffunction-sections -fdata-sections -Wall -fstack-usage -MMD -MP -MF"Src/main.d" -MT"Src/main.o" --specs=nano.specs -mfloat-abi=soft -mthumb -o "Src/main.o"
../Src/main.c: In function 'main':
../Src/main.c:41:50: warning: passing argument 4 of 'EXTI' from incompatible pointer type [-Wincompatible-pointer-types]
  EXTI(GPIOA, pin1,EXTI_Trigger_RisingAndFalling, IR_TIME_READ);
                                                  ^~~~~~~~~~~~
In file included from C:/E/embedded/test/final simulation code for my assignments/IR_PROJECT/IR_NEC/STM32_DRIVERS/inc/STM32_TIMERS_DRIVER.h:18:0,
                 from ../Src/main.c:12:
C:/E/embedded/test/final simulation code for my assignments/IR_PROJECT/IR_NEC/STM32_DRIVERS/inc/stm32f103c6_ISR_DRIVER.h:71:6: note: expected 'void (*)(interrupt_data *, uint8_t) {aka void (*)(struct <anonymous> *, unsigned char)}' but argument is of type 'void (*)()'
 void EXTI(GPIO_typeDef* PORTx ,uint16_t pin,uint16_t triggercase,void(*function_addres)(interrupt_data* isr_data,uint8_t interupt_num));
      ^~~~
arm-none-eabi-gcc -o "IR_NEC.axf" @"objects.list"   -mcpu=cortex-m3 -T"C:\E\embedded\test\final simulation code for my assignments\IR_PROJECT\IR_NEC\STM32F103C8TX_FLASH.ld" --specs=nosys.specs -Wl,-Map="IR_NEC.map" -Wl,--gc-sections -static --specs=nano.specs -mfloat-abi=soft -mthumb -Wl,--start-group -lc -lm -Wl,--end-group
Finished building target: IR_NEC.axf
 
arm-none-eabi-objdump -h -S  IR_NEC.axf  > "IR_NEC.list"
arm-none-eabi-objcopy  -O binary  IR_NEC.axf  "IR_NEC.bin"
arm-none-eabi-size   IR_NEC.axf 
   text	   data	    bss	    dec	    hex	filename
  13336	    156	   1764	  15256	   3b98	IR_NEC.axf
Finished building: default.size.stdout
 
Finished building: IR_NEC.bin
 
Finished building: IR_NEC.list
 
14:25:12 **** Incremental Build of configuration Debug for project IR_NEC ****
make -j16 all 
arm-none-eabi-gcc "../Src/main.c" -mcpu=cortex-m3 -std=gnu11 -g3 -DSTM32 -DSTM32F1 -DSTM32F103C8Tx -DDEBUG -c -I../Inc -I"C:/E/embedded/test/final simulation code for my assignments/IR_PROJECT/IR_NEC/STM32_DRIVERS/inc" -O0 -ffunction-sections -fdata-sections -Wall -fstack-usage -MMD -MP -MF"Src/main.d" -MT"Src/main.o" --specs=nano.specs -mfloat-abi=soft -mthumb -o "Src/main.o"
../Src/main.c: In function 'main':
../Src/main.c:41:50: warning: passing argument 4 of 'EXTI' from incompatible pointer type [-Wincompatible-pointer-types]
  EXTI(GPIOB, pin1,EXTI_Trigger_RisingAndFalling, IR_TIME_READ);
                                                  ^~~~~~~~~~~~
In file included from C:/E/embedded/test/final simulation code for my assignments/IR_PROJECT/IR_NEC/STM32_DRIVERS/inc/STM32_TIMERS_DRIVER.h:18:0,
                 from ../Src/main.c:12:
C:/E/embedded/test/final simulation code for my assignments/IR_PROJECT/IR_NEC/STM32_DRIVERS/inc/stm32f103c6_ISR_DRIVER.h:71:6: note: expected 'void (*)(interrupt_data *, uint8_t) {aka void (*)(struct <anonymous> *, unsigned char)}' but argument is of type 'void (*)()'
 void EXTI(GPIO_typeDef* PORTx ,uint16_t pin,uint16_t triggercase,void(*function_addres)(interrupt_data* isr_data,uint8_t interupt_num));
      ^~~~
arm-none-eabi-gcc -o "IR_NEC.axf" @"objects.list"   -mcpu=cortex-m3 -T"C:\E\embedded\test\final simulation code for my assignments\IR_PROJECT\IR_NEC\STM32F103C8TX_FLASH.ld" --specs=nosys.specs -Wl,-Map="IR_NEC.map" -Wl,--gc-sections -static --specs=nano.specs -mfloat-abi=soft -mthumb -Wl,--start-group -lc -lm -Wl,--end-group
Finished building target: IR_NEC.axf
 
arm-none-eabi-objdump -h -S  IR_NEC.axf  > "IR_NEC.list"
arm-none-eabi-objcopy  -O binary  IR_NEC.axf  "IR_NEC.bin"
arm-none-eabi-size   IR_NEC.axf 
   text	   data	    bss	    dec	    hex	filename
  13336	    156	   1764	  15256	   3b98	IR_NEC.axf
Finished building: default.size.stdout
 
Finished building: IR_NEC.bin
 
Finished building: IR_NEC.list
 
14:27:40 **** Incremental Build of configuration Debug for project IR_NEC ****
make -j16 all 
arm-none-eabi-gcc "../Src/main.c" -mcpu=cortex-m3 -std=gnu11 -g3 -DSTM32 -DSTM32F1 -DSTM32F103C8Tx -DDEBUG -c -I../Inc -I"C:/E/embedded/test/final simulation code for my assignments/IR_PROJECT/IR_NEC/STM32_DRIVERS/inc" -O0 -ffunction-sections -fdata-sections -Wall -fstack-usage -MMD -MP -MF"Src/main.d" -MT"Src/main.o" --specs=nano.specs -mfloat-abi=soft -mthumb -o "Src/main.o"
arm-none-eabi-gcc "../STM32_DRIVERS/CLICK_MODE.c" -mcpu=cortex-m3 -std=gnu11 -g3 -DSTM32 -DSTM32F1 -DSTM32F103C8Tx -DDEBUG -c -I../Inc -I"C:/E/embedded/test/final simulation code for my assignments/IR_PROJECT/IR_NEC/STM32_DRIVERS/inc" -O0 -ffunction-sections -fdata-sections -Wall -fstack-usage -MMD -MP -MF"STM32_DRIVERS/CLICK_MODE.d" -MT"STM32_DRIVERS/CLICK_MODE.o" --specs=nano.specs -mfloat-abi=soft -mthumb -o "STM32_DRIVERS/CLICK_MODE.o"
arm-none-eabi-gcc "../STM32_DRIVERS/STM32_TIMERS_DRIVER.c" -mcpu=cortex-m3 -std=gnu11 -g3 -DSTM32 -DSTM32F1 -DSTM32F103C8Tx -DDEBUG -c -I../Inc -I"C:/E/embedded/test/final simulation code for my assignments/IR_PROJECT/IR_NEC/STM32_DRIVERS/inc" -O0 -ffunction-sections -fdata-sections -Wall -fstack-usage -MMD -MP -MF"STM32_DRIVERS/STM32_TIMERS_DRIVER.d" -MT"STM32_DRIVERS/STM32_TIMERS_DRIVER.o" --specs=nano.specs -mfloat-abi=soft -mthumb -o "STM32_DRIVERS/STM32_TIMERS_DRIVER.o"
arm-none-eabi-gcc "../STM32_DRIVERS/Triac_drimmer.c" -mcpu=cortex-m3 -std=gnu11 -g3 -DSTM32 -DSTM32F1 -DSTM32F103C8Tx -DDEBUG -c -I../Inc -I"C:/E/embedded/test/final simulation code for my assignments/IR_PROJECT/IR_NEC/STM32_DRIVERS/inc" -O0 -ffunction-sections -fdata-sections -Wall -fstack-usage -MMD -MP -MF"STM32_DRIVERS/Triac_drimmer.d" -MT"STM32_DRIVERS/Triac_drimmer.o" --specs=nano.specs -mfloat-abi=soft -mthumb -o "STM32_DRIVERS/Triac_drimmer.o"
arm-none-eabi-gcc "../STM32_DRIVERS/stm32f103c6_ISR_DRIVER.c" -mcpu=cortex-m3 -std=gnu11 -g3 -DSTM32 -DSTM32F1 -DSTM32F103C8Tx -DDEBUG -c -I../Inc -I"C:/E/embedded/test/final simulation code for my assignments/IR_PROJECT/IR_NEC/STM32_DRIVERS/inc" -O0 -ffunction-sections -fdata-sections -Wall -fstack-usage -MMD -MP -MF"STM32_DRIVERS/stm32f103c6_ISR_DRIVER.d" -MT"STM32_DRIVERS/stm32f103c6_ISR_DRIVER.o" --specs=nano.specs -mfloat-abi=soft -mthumb -o "STM32_DRIVERS/stm32f103c6_ISR_DRIVER.o"
../STM32_DRIVERS/CLICK_MODE.c: In function 'CLICK_MODE_INIT':
../STM32_DRIVERS/CLICK_MODE.c:89:46: warning: passing argument 4 of 'EXTI' from incompatible pointer type [-Wincompatible-pointer-types]
   EXTI(GPIOx,*arr_pins, EXTI_Trigger_Rising, CLICK_ISR);
                                              ^~~~~~~~~
In file included from C:/E/embedded/test/final simulation code for my assignments/IR_PROJECT/IR_NEC/STM32_DRIVERS/inc/STM32_TIMERS_DRIVER.h:18:0,
                 from C:/E/embedded/test/final simulation code for my assignments/IR_PROJECT/IR_NEC/STM32_DRIVERS/inc/CLICK_MODE.h:12,
                 from ../STM32_DRIVERS/CLICK_MODE.c:8:
C:/E/embedded/test/final simulation code for my assignments/IR_PROJECT/IR_NEC/STM32_DRIVERS/inc/stm32f103c6_ISR_DRIVER.h:71:6: note: expected 'void (*)()' but argument is of type 'void (*)(interrupt_data *, uint8_t) {aka void (*)(struct <anonymous> *, unsigned char)}'
 void EXTI(GPIO_typeDef* PORTx ,uint16_t pin,uint16_t triggercase,void (*function_addres)());
      ^~~~
arm-none-eabi-gcc -o "IR_NEC.axf" @"objects.list"   -mcpu=cortex-m3 -T"C:\E\embedded\test\final simulation code for my assignments\IR_PROJECT\IR_NEC\STM32F103C8TX_FLASH.ld" --specs=nosys.specs -Wl,-Map="IR_NEC.map" -Wl,--gc-sections -static --specs=nano.specs -mfloat-abi=soft -mthumb -Wl,--start-group -lc -lm -Wl,--end-group
Finished building target: IR_NEC.axf
 
arm-none-eabi-objdump -h -S  IR_NEC.axf  > "IR_NEC.list"
arm-none-eabi-objcopy  -O binary  IR_NEC.axf  "IR_NEC.bin"
arm-none-eabi-size   IR_NEC.axf 
   text	   data	    bss	    dec	    hex	filename
  13336	    156	   1764	  15256	   3b98	IR_NEC.axf
Finished building: default.size.stdout
 
Finished building: IR_NEC.bin
 
Finished building: IR_NEC.list
 
14:28:23 **** Incremental Build of configuration Debug for project IR_NEC ****
make -j16 all 
arm-none-eabi-gcc "../STM32_DRIVERS/stm32f103c6_ISR_DRIVER.c" -mcpu=cortex-m3 -std=gnu11 -g3 -DSTM32 -DSTM32F1 -DSTM32F103C8Tx -DDEBUG -c -I../Inc -I"C:/E/embedded/test/final simulation code for my assignments/IR_PROJECT/IR_NEC/STM32_DRIVERS/inc" -O0 -ffunction-sections -fdata-sections -Wall -fstack-usage -MMD -MP -MF"STM32_DRIVERS/stm32f103c6_ISR_DRIVER.d" -MT"STM32_DRIVERS/stm32f103c6_ISR_DRIVER.o" --specs=nano.specs -mfloat-abi=soft -mthumb -o "STM32_DRIVERS/stm32f103c6_ISR_DRIVER.o"
arm-none-eabi-gcc -o "IR_NEC.axf" @"objects.list"   -mcpu=cortex-m3 -T"C:\E\embedded\test\final simulation code for my assignments\IR_PROJECT\IR_NEC\STM32F103C8TX_FLASH.ld" --specs=nosys.specs -Wl,-Map="IR_NEC.map" -Wl,--gc-sections -static --specs=nano.specs -mfloat-abi=soft -mthumb -Wl,--start-group -lc -lm -Wl,--end-group
Finished building target: IR_NEC.axf
 
arm-none-eabi-objdump -h -S  IR_NEC.axf  > "IR_NEC.list"
arm-none-eabi-objcopy  -O binary  IR_NEC.axf  "IR_NEC.bin"
arm-none-eabi-size   IR_NEC.axf 
   text	   data	    bss	    dec	    hex	filename
  13336	    156	   1764	  15256	   3b98	IR_NEC.axf
Finished building: default.size.stdout
 
Finished building: IR_NEC.bin
 
Finished building: IR_NEC.list
 
14:31:47 **** Incremental Build of configuration Debug for project IR_NEC ****
make -j16 all 
arm-none-eabi-gcc "../Src/main.c" -mcpu=cortex-m3 -std=gnu11 -g3 -DSTM32 -DSTM32F1 -DSTM32F103C8Tx -DDEBUG -c -I../Inc -I"C:/E/embedded/test/final simulation code for my assignments/IR_PROJECT/IR_NEC/STM32_DRIVERS/inc" -O0 -ffunction-sections -fdata-sections -Wall -fstack-usage -MMD -MP -MF"Src/main.d" -MT"Src/main.o" --specs=nano.specs -mfloat-abi=soft -mthumb -o "Src/main.o"
arm-none-eabi-gcc -o "IR_NEC.axf" @"objects.list"   -mcpu=cortex-m3 -T"C:\E\embedded\test\final simulation code for my assignments\IR_PROJECT\IR_NEC\STM32F103C8TX_FLASH.ld" --specs=nosys.specs -Wl,-Map="IR_NEC.map" -Wl,--gc-sections -static --specs=nano.specs -mfloat-abi=soft -mthumb -Wl,--start-group -lc -lm -Wl,--end-group
Finished building target: IR_NEC.axf
 
arm-none-eabi-objdump -h -S  IR_NEC.axf  > "IR_NEC.list"
arm-none-eabi-objcopy  -O binary  IR_NEC.axf  "IR_NEC.bin"
arm-none-eabi-size   IR_NEC.axf 
   text	   data	    bss	    dec	    hex	filename
  13336	    156	   1764	  15256	   3b98	IR_NEC.axf
Finished building: default.size.stdout
 
Finished building: IR_NEC.bin
 
Finished building: IR_NEC.list
 
14:39:11 **** Incremental Build of configuration Debug for project IR_NEC ****
make -j16 all 
arm-none-eabi-gcc "../Src/main.c" -mcpu=cortex-m3 -std=gnu11 -g3 -DSTM32 -DSTM32F1 -DSTM32F103C8Tx -DDEBUG -c -I../Inc -I"C:/E/embedded/test/final simulation code for my assignments/IR_PROJECT/IR_NEC/STM32_DRIVERS/inc" -O0 -ffunction-sections -fdata-sections -Wall -fstack-usage -MMD -MP -MF"Src/main.d" -MT"Src/main.o" --specs=nano.specs -mfloat-abi=soft -mthumb -o "Src/main.o"
arm-none-eabi-gcc -o "IR_NEC.axf" @"objects.list"   -mcpu=cortex-m3 -T"C:\E\embedded\test\final simulation code for my assignments\IR_PROJECT\IR_NEC\STM32F103C8TX_FLASH.ld" --specs=nosys.specs -Wl,-Map="IR_NEC.map" -Wl,--gc-sections -static --specs=nano.specs -mfloat-abi=soft -mthumb -Wl,--start-group -lc -lm -Wl,--end-group
Finished building target: IR_NEC.axf
 
arm-none-eabi-objdump -h -S  IR_NEC.axf  > "IR_NEC.list"
arm-none-eabi-objcopy  -O binary  IR_NEC.axf  "IR_NEC.bin"
arm-none-eabi-size   IR_NEC.axf 
   text	   data	    bss	    dec	    hex	filename
  13336	    156	   1764	  15256	   3b98	IR_NEC.axf
Finished building: default.size.stdout
 
Finished building: IR_NEC.bin
 
Finished building: IR_NEC.list
 
14:40:15 **** Incremental Build of configuration Debug for project IR_NEC ****
make -j16 all 
arm-none-eabi-gcc "../Src/main.c" -mcpu=cortex-m3 -std=gnu11 -g3 -DSTM32 -DSTM32F1 -DSTM32F103C8Tx -DDEBUG -c -I../Inc -I"C:/E/embedded/test/final simulation code for my assignments/IR_PROJECT/IR_NEC/STM32_DRIVERS/inc" -O0 -ffunction-sections -fdata-sections -Wall -fstack-usage -MMD -MP -MF"Src/main.d" -MT"Src/main.o" --specs=nano.specs -mfloat-abi=soft -mthumb -o "Src/main.o"
arm-none-eabi-gcc -o "IR_NEC.axf" @"objects.list"   -mcpu=cortex-m3 -T"C:\E\embedded\test\final simulation code for my assignments\IR_PROJECT\IR_NEC\STM32F103C8TX_FLASH.ld" --specs=nosys.specs -Wl,-Map="IR_NEC.map" -Wl,--gc-sections -static --specs=nano.specs -mfloat-abi=soft -mthumb -Wl,--start-group -lc -lm -Wl,--end-group
Finished building target: IR_NEC.axf
 
arm-none-eabi-objdump -h -S  IR_NEC.axf  > "IR_NEC.list"
arm-none-eabi-objcopy  -O binary  IR_NEC.axf  "IR_NEC.bin"
arm-none-eabi-size   IR_NEC.axf 
   text	   data	    bss	    dec	    hex	filename
  13340	    156	   1764	  15260	   3b9c	IR_NEC.axf
Finished building: default.size.stdout
Finished building: IR_NEC.bin
 
 
Finished building: IR_NEC.list
 
14:41:01 **** Incremental Build of configuration Debug for project IR_NEC ****
make -j16 all 
arm-none-eabi-gcc "../Src/main.c" -mcpu=cortex-m3 -std=gnu11 -g3 -DSTM32 -DSTM32F1 -DSTM32F103C8Tx -DDEBUG -c -I../Inc -I"C:/E/embedded/test/final simulation code for my assignments/IR_PROJECT/IR_NEC/STM32_DRIVERS/inc" -O0 -ffunction-sections -fdata-sections -Wall -fstack-usage -MMD -MP -MF"Src/main.d" -MT"Src/main.o" --specs=nano.specs -mfloat-abi=soft -mthumb -o "Src/main.o"
arm-none-eabi-gcc "../STM32_DRIVERS/CLICK_MODE.c" -mcpu=cortex-m3 -std=gnu11 -g3 -DSTM32 -DSTM32F1 -DSTM32F103C8Tx -DDEBUG -c -I../Inc -I"C:/E/embedded/test/final simulation code for my assignments/IR_PROJECT/IR_NEC/STM32_DRIVERS/inc" -O0 -ffunction-sections -fdata-sections -Wall -fstack-usage -MMD -MP -MF"STM32_DRIVERS/CLICK_MODE.d" -MT"STM32_DRIVERS/CLICK_MODE.o" --specs=nano.specs -mfloat-abi=soft -mthumb -o "STM32_DRIVERS/CLICK_MODE.o"
arm-none-eabi-gcc "../STM32_DRIVERS/STM32_TIMERS_DRIVER.c" -mcpu=cortex-m3 -std=gnu11 -g3 -DSTM32 -DSTM32F1 -DSTM32F103C8Tx -DDEBUG -c -I../Inc -I"C:/E/embedded/test/final simulation code for my assignments/IR_PROJECT/IR_NEC/STM32_DRIVERS/inc" -O0 -ffunction-sections -fdata-sections -Wall -fstack-usage -MMD -MP -MF"STM32_DRIVERS/STM32_TIMERS_DRIVER.d" -MT"STM32_DRIVERS/STM32_TIMERS_DRIVER.o" --specs=nano.specs -mfloat-abi=soft -mthumb -o "STM32_DRIVERS/STM32_TIMERS_DRIVER.o"
arm-none-eabi-gcc "../STM32_DRIVERS/Triac_drimmer.c" -mcpu=cortex-m3 -std=gnu11 -g3 -DSTM32 -DSTM32F1 -DSTM32F103C8Tx -DDEBUG -c -I../Inc -I"C:/E/embedded/test/final simulation code for my assignments/IR_PROJECT/IR_NEC/STM32_DRIVERS/inc" -O0 -ffunction-sections -fdata-sections -Wall -fstack-usage -MMD -MP -MF"STM32_DRIVERS/Triac_drimmer.d" -MT"STM32_DRIVERS/Triac_drimmer.o" --specs=nano.specs -mfloat-abi=soft -mthumb -o "STM32_DRIVERS/Triac_drimmer.o"
arm-none-eabi-gcc "../STM32_DRIVERS/stm32f103c6_ISR_DRIVER.c" -mcpu=cortex-m3 -std=gnu11 -g3 -DSTM32 -DSTM32F1 -DSTM32F103C8Tx -DDEBUG -c -I../Inc -I"C:/E/embedded/test/final simulation code for my assignments/IR_PROJECT/IR_NEC/STM32_DRIVERS/inc" -O0 -ffunction-sections -fdata-sections -Wall -fstack-usage -MMD -MP -MF"STM32_DRIVERS/stm32f103c6_ISR_DRIVER.d" -MT"STM32_DRIVERS/stm32f103c6_ISR_DRIVER.o" --specs=nano.specs -mfloat-abi=soft -mthumb -o "STM32_DRIVERS/stm32f103c6_ISR_DRIVER.o"
../Src/main.c: In function 'main':
../Src/main.c:42:40: warning: passing argument 4 of 'EXTI' from incompatible pointer type [-Wincompatible-pointer-types]
  EXTI(GPIOB, pin1,EXTI_Trigger_Rising, IR_TIME_READ);
                                        ^~~~~~~~~~~~
In file included from C:/E/embedded/test/final simulation code for my assignments/IR_PROJECT/IR_NEC/STM32_DRIVERS/inc/STM32_TIMERS_DRIVER.h:18:0,
                 from ../Src/main.c:12:
C:/E/embedded/test/final simulation code for my assignments/IR_PROJECT/IR_NEC/STM32_DRIVERS/inc/stm32f103c6_ISR_DRIVER.h:71:6: note: expected 'void (*)(interrupt_data *, uint8_t) {aka void (*)(struct <anonymous> *, unsigned char)}' but argument is of type 'void (*)(void)'
 void EXTI(GPIO_typeDef* PORTx ,uint16_t pin,uint16_t triggercase,void(*function_addres)(interrupt_data* isr_data,uint8_t interupt_num));
      ^~~~
../STM32_DRIVERS/Triac_drimmer.c: In function 'Drimmer_init':
../STM32_DRIVERS/Triac_drimmer.c:22:55: warning: passing argument 4 of 'EXTI' from incompatible pointer type [-Wincompatible-pointer-types]
  EXTI(Drimer_POART,ZERO_CROS_PIN,EXTI_Trigger_Rising, zero_cross_ISR);
                                                       ^~~~~~~~~~~~~~
In file included from C:/E/embedded/test/final simulation code for my assignments/IR_PROJECT/IR_NEC/STM32_DRIVERS/inc/STM32_TIMERS_DRIVER.h:18:0,
                 from C:/E/embedded/test/final simulation code for my assignments/IR_PROJECT/IR_NEC/STM32_DRIVERS/inc/Triac_drimmer.h:11,
                 from ../STM32_DRIVERS/Triac_drimmer.c:9:
C:/E/embedded/test/final simulation code for my assignments/IR_PROJECT/IR_NEC/STM32_DRIVERS/inc/stm32f103c6_ISR_DRIVER.h:71:6: note: expected 'void (*)(interrupt_data *, uint8_t) {aka void (*)(struct <anonymous> *, unsigned char)}' but argument is of type 'void (*)()'
 void EXTI(GPIO_typeDef* PORTx ,uint16_t pin,uint16_t triggercase,void(*function_addres)(interrupt_data* isr_data,uint8_t interupt_num));
      ^~~~
arm-none-eabi-gcc -o "IR_NEC.axf" @"objects.list"   -mcpu=cortex-m3 -T"C:\E\embedded\test\final simulation code for my assignments\IR_PROJECT\IR_NEC\STM32F103C8TX_FLASH.ld" --specs=nosys.specs -Wl,-Map="IR_NEC.map" -Wl,--gc-sections -static --specs=nano.specs -mfloat-abi=soft -mthumb -Wl,--start-group -lc -lm -Wl,--end-group
Finished building target: IR_NEC.axf
 
arm-none-eabi-objdump -h -S  IR_NEC.axf  > "IR_NEC.list"
arm-none-eabi-objcopy  -O binary  IR_NEC.axf  "IR_NEC.bin"
arm-none-eabi-size   IR_NEC.axf 
   text	   data	    bss	    dec	    hex	filename
  13340	    156	   1764	  15260	   3b9c	IR_NEC.axf
Finished building: default.size.stdout
 
Finished building: IR_NEC.bin
 
Finished building: IR_NEC.list
 
14:41:06 **** Incremental Build of configuration Debug for project IR_NEC ****
make -j16 all 
arm-none-eabi-size   IR_NEC.axf 
   text	   data	    bss	    dec	    hex	filename
  13340	    156	   1764	  15260	   3b9c	IR_NEC.axf
Finished building: default.size.stdout
 
14:41:10 **** Incremental Build of configuration Debug for project IR_NEC ****
make -j16 all 
arm-none-eabi-size   IR_NEC.axf 
   text	   data	    bss	    dec	    hex	filename
  13340	    156	   1764	  15260	   3b9c	IR_NEC.axf
Finished building: default.size.stdout
 
14:41:14 **** Incremental Build of configuration Debug for project IR_NEC ****
make -j16 all 
arm-none-eabi-size   IR_NEC.axf 
   text	   data	    bss	    dec	    hex	filename
  13340	    156	   1764	  15260	   3b9c	IR_NEC.axf
Finished building: default.size.stdout
 
14:41:30 **** Incremental Build of configuration Debug for project IR_NEC ****
make -j16 all 
arm-none-eabi-gcc "../Src/main.c" -mcpu=cortex-m3 -std=gnu11 -g3 -DSTM32 -DSTM32F1 -DSTM32F103C8Tx -DDEBUG -c -I../Inc -I"C:/E/embedded/test/final simulation code for my assignments/IR_PROJECT/IR_NEC/STM32_DRIVERS/inc" -O0 -ffunction-sections -fdata-sections -Wall -fstack-usage -MMD -MP -MF"Src/main.d" -MT"Src/main.o" --specs=nano.specs -mfloat-abi=soft -mthumb -o "Src/main.o"
arm-none-eabi-gcc "../STM32_DRIVERS/CLICK_MODE.c" -mcpu=cortex-m3 -std=gnu11 -g3 -DSTM32 -DSTM32F1 -DSTM32F103C8Tx -DDEBUG -c -I../Inc -I"C:/E/embedded/test/final simulation code for my assignments/IR_PROJECT/IR_NEC/STM32_DRIVERS/inc" -O0 -ffunction-sections -fdata-sections -Wall -fstack-usage -MMD -MP -MF"STM32_DRIVERS/CLICK_MODE.d" -MT"STM32_DRIVERS/CLICK_MODE.o" --specs=nano.specs -mfloat-abi=soft -mthumb -o "STM32_DRIVERS/CLICK_MODE.o"
arm-none-eabi-gcc "../STM32_DRIVERS/STM32_TIMERS_DRIVER.c" -mcpu=cortex-m3 -std=gnu11 -g3 -DSTM32 -DSTM32F1 -DSTM32F103C8Tx -DDEBUG -c -I../Inc -I"C:/E/embedded/test/final simulation code for my assignments/IR_PROJECT/IR_NEC/STM32_DRIVERS/inc" -O0 -ffunction-sections -fdata-sections -Wall -fstack-usage -MMD -MP -MF"STM32_DRIVERS/STM32_TIMERS_DRIVER.d" -MT"STM32_DRIVERS/STM32_TIMERS_DRIVER.o" --specs=nano.specs -mfloat-abi=soft -mthumb -o "STM32_DRIVERS/STM32_TIMERS_DRIVER.o"
arm-none-eabi-gcc "../STM32_DRIVERS/Triac_drimmer.c" -mcpu=cortex-m3 -std=gnu11 -g3 -DSTM32 -DSTM32F1 -DSTM32F103C8Tx -DDEBUG -c -I../Inc -I"C:/E/embedded/test/final simulation code for my assignments/IR_PROJECT/IR_NEC/STM32_DRIVERS/inc" -O0 -ffunction-sections -fdata-sections -Wall -fstack-usage -MMD -MP -MF"STM32_DRIVERS/Triac_drimmer.d" -MT"STM32_DRIVERS/Triac_drimmer.o" --specs=nano.specs -mfloat-abi=soft -mthumb -o "STM32_DRIVERS/Triac_drimmer.o"
arm-none-eabi-gcc "../STM32_DRIVERS/stm32f103c6_ISR_DRIVER.c" -mcpu=cortex-m3 -std=gnu11 -g3 -DSTM32 -DSTM32F1 -DSTM32F103C8Tx -DDEBUG -c -I../Inc -I"C:/E/embedded/test/final simulation code for my assignments/IR_PROJECT/IR_NEC/STM32_DRIVERS/inc" -O0 -ffunction-sections -fdata-sections -Wall -fstack-usage -MMD -MP -MF"STM32_DRIVERS/stm32f103c6_ISR_DRIVER.d" -MT"STM32_DRIVERS/stm32f103c6_ISR_DRIVER.o" --specs=nano.specs -mfloat-abi=soft -mthumb -o "STM32_DRIVERS/stm32f103c6_ISR_DRIVER.o"
../Src/main.c: In function 'main':
../Src/main.c:42:40: warning: passing argument 4 of 'EXTI' from incompatible pointer type [-Wincompatible-pointer-types]
  EXTI(GPIOB, pin1,EXTI_Trigger_Rising, IR_TIME_READ);
                                        ^~~~~~~~~~~~
In file included from C:/E/embedded/test/final simulation code for my assignments/IR_PROJECT/IR_NEC/STM32_DRIVERS/inc/STM32_TIMERS_DRIVER.h:18:0,
                 from ../Src/main.c:12:
C:/E/embedded/test/final simulation code for my assignments/IR_PROJECT/IR_NEC/STM32_DRIVERS/inc/stm32f103c6_ISR_DRIVER.h:71:6: note: expected 'void (*)(interrupt_data *, uint8_t) {aka void (*)(struct <anonymous> *, unsigned char)}' but argument is of type 'void (*)(void)'
 void EXTI(GPIO_typeDef* PORTx ,uint16_t pin,uint16_t triggercase,void(*function_addres)(interrupt_data* isr_data,uint8_t interupt_num));
      ^~~~
../STM32_DRIVERS/Triac_drimmer.c: In function 'Drimmer_init':
../STM32_DRIVERS/Triac_drimmer.c:22:55: warning: passing argument 4 of 'EXTI' from incompatible pointer type [-Wincompatible-pointer-types]
  EXTI(Drimer_POART,ZERO_CROS_PIN,EXTI_Trigger_Rising, zero_cross_ISR);
                                                       ^~~~~~~~~~~~~~
In file included from C:/E/embedded/test/final simulation code for my assignments/IR_PROJECT/IR_NEC/STM32_DRIVERS/inc/STM32_TIMERS_DRIVER.h:18:0,
                 from C:/E/embedded/test/final simulation code for my assignments/IR_PROJECT/IR_NEC/STM32_DRIVERS/inc/Triac_drimmer.h:11,
                 from ../STM32_DRIVERS/Triac_drimmer.c:9:
C:/E/embedded/test/final simulation code for my assignments/IR_PROJECT/IR_NEC/STM32_DRIVERS/inc/stm32f103c6_ISR_DRIVER.h:71:6: note: expected 'void (*)(interrupt_data *, uint8_t) {aka void (*)(struct <anonymous> *, unsigned char)}' but argument is of type 'void (*)()'
 void EXTI(GPIO_typeDef* PORTx ,uint16_t pin,uint16_t triggercase,void(*function_addres)(interrupt_data* isr_data,uint8_t interupt_num));
      ^~~~
arm-none-eabi-gcc -o "IR_NEC.axf" @"objects.list"   -mcpu=cortex-m3 -T"C:\E\embedded\test\final simulation code for my assignments\IR_PROJECT\IR_NEC\STM32F103C8TX_FLASH.ld" --specs=nosys.specs -Wl,-Map="IR_NEC.map" -Wl,--gc-sections -static --specs=nano.specs -mfloat-abi=soft -mthumb -Wl,--start-group -lc -lm -Wl,--end-group
Finished building target: IR_NEC.axf
 
arm-none-eabi-objdump -h -S  IR_NEC.axf  > "IR_NEC.list"
arm-none-eabi-objcopy  -O binary  IR_NEC.axf  "IR_NEC.bin"
arm-none-eabi-size   IR_NEC.axf 
   text	   data	    bss	    dec	    hex	filename
  13340	    156	   1764	  15260	   3b9c	IR_NEC.axf
Finished building: default.size.stdout
 
Finished building: IR_NEC.bin
 
Finished building: IR_NEC.list
 
14:43:18 **** Incremental Build of configuration Debug for project IR_NEC ****
make -j16 all 
arm-none-eabi-gcc "../Src/main.c" -mcpu=cortex-m3 -std=gnu11 -g3 -DSTM32 -DSTM32F1 -DSTM32F103C8Tx -DDEBUG -c -I../Inc -I"C:/E/embedded/test/final simulation code for my assignments/IR_PROJECT/IR_NEC/STM32_DRIVERS/inc" -O0 -ffunction-sections -fdata-sections -Wall -fstack-usage -MMD -MP -MF"Src/main.d" -MT"Src/main.o" --specs=nano.specs -mfloat-abi=soft -mthumb -o "Src/main.o"
../Src/main.c: In function 'main':
../Src/main.c:42:40: warning: passing argument 4 of 'EXTI' from incompatible pointer type [-Wincompatible-pointer-types]
  EXTI(GPIOB, pin1,EXTI_Trigger_Rising, IR_TIME_READ);
                                        ^~~~~~~~~~~~
In file included from C:/E/embedded/test/final simulation code for my assignments/IR_PROJECT/IR_NEC/STM32_DRIVERS/inc/STM32_TIMERS_DRIVER.h:18:0,
                 from ../Src/main.c:12:
C:/E/embedded/test/final simulation code for my assignments/IR_PROJECT/IR_NEC/STM32_DRIVERS/inc/stm32f103c6_ISR_DRIVER.h:71:6: note: expected 'void (*)(interrupt_data *, uint8_t) {aka void (*)(struct <anonymous> *, unsigned char)}' but argument is of type 'void (*)(void)'
 void EXTI(GPIO_typeDef* PORTx ,uint16_t pin,uint16_t triggercase,void(*function_addres)(interrupt_data* isr_data,uint8_t interupt_num));
      ^~~~
arm-none-eabi-gcc -o "IR_NEC.axf" @"objects.list"   -mcpu=cortex-m3 -T"C:\E\embedded\test\final simulation code for my assignments\IR_PROJECT\IR_NEC\STM32F103C8TX_FLASH.ld" --specs=nosys.specs -Wl,-Map="IR_NEC.map" -Wl,--gc-sections -static --specs=nano.specs -mfloat-abi=soft -mthumb -Wl,--start-group -lc -lm -Wl,--end-group
Finished building target: IR_NEC.axf
 
arm-none-eabi-objdump -h -S  IR_NEC.axf  > "IR_NEC.list"
arm-none-eabi-objcopy  -O binary  IR_NEC.axf  "IR_NEC.bin"
arm-none-eabi-size   IR_NEC.axf 
   text	   data	    bss	    dec	    hex	filename
  11028	     56	   1752	  12836	   3224	IR_NEC.axf
Finished building: default.size.stdout
 
Finished building: IR_NEC.bin
 
Finished building: IR_NEC.list
 
14:44:04 **** Incremental Build of configuration Debug for project IR_NEC ****
make -j16 all 
arm-none-eabi-gcc "../Src/main.c" -mcpu=cortex-m3 -std=gnu11 -g3 -DSTM32 -DSTM32F1 -DSTM32F103C8Tx -DDEBUG -c -I../Inc -I"C:/E/embedded/test/final simulation code for my assignments/IR_PROJECT/IR_NEC/STM32_DRIVERS/inc" -O0 -ffunction-sections -fdata-sections -Wall -fstack-usage -MMD -MP -MF"Src/main.d" -MT"Src/main.o" --specs=nano.specs -mfloat-abi=soft -mthumb -o "Src/main.o"
../Src/main.c: In function 'main':
../Src/main.c:42:40: warning: passing argument 4 of 'EXTI' from incompatible pointer type [-Wincompatible-pointer-types]
  EXTI(GPIOB, pin1,EXTI_Trigger_Rising, IR_TIME_READ);
                                        ^~~~~~~~~~~~
In file included from C:/E/embedded/test/final simulation code for my assignments/IR_PROJECT/IR_NEC/STM32_DRIVERS/inc/STM32_TIMERS_DRIVER.h:18:0,
                 from ../Src/main.c:12:
C:/E/embedded/test/final simulation code for my assignments/IR_PROJECT/IR_NEC/STM32_DRIVERS/inc/stm32f103c6_ISR_DRIVER.h:71:6: note: expected 'void (*)(interrupt_data *, uint8_t) {aka void (*)(struct <anonymous> *, unsigned char)}' but argument is of type 'void (*)(void)'
 void EXTI(GPIO_typeDef* PORTx ,uint16_t pin,uint16_t triggercase,void(*function_addres)(interrupt_data* isr_data,uint8_t interupt_num));
      ^~~~
../Src/main.c:44:15: error: expected expression before 'void'
  IR_TIME_READ(void);
               ^~~~
../Src/main.c:44:2: error: too many arguments to function 'IR_TIME_READ'
  IR_TIME_READ(void);
  ^~~~~~~~~~~~
../Src/main.c:20:6: note: declared here
 void IR_TIME_READ(void){
      ^~~~~~~~~~~~
make: *** [Src/subdir.mk:24: Src/main.o] Error 1
"make -j16 all" terminated with exit code 2. Build might be incomplete.
14:44:10 **** Incremental Build of configuration Debug for project IR_NEC ****
make -j16 all 
arm-none-eabi-gcc "../Src/main.c" -mcpu=cortex-m3 -std=gnu11 -g3 -DSTM32 -DSTM32F1 -DSTM32F103C8Tx -DDEBUG -c -I../Inc -I"C:/E/embedded/test/final simulation code for my assignments/IR_PROJECT/IR_NEC/STM32_DRIVERS/inc" -O0 -ffunction-sections -fdata-sections -Wall -fstack-usage -MMD -MP -MF"Src/main.d" -MT"Src/main.o" --specs=nano.specs -mfloat-abi=soft -mthumb -o "Src/main.o"
../Src/main.c: In function 'main':
../Src/main.c:42:40: warning: passing argument 4 of 'EXTI' from incompatible pointer type [-Wincompatible-pointer-types]
  EXTI(GPIOB, pin1,EXTI_Trigger_Rising, IR_TIME_READ);
                                        ^~~~~~~~~~~~
In file included from C:/E/embedded/test/final simulation code for my assignments/IR_PROJECT/IR_NEC/STM32_DRIVERS/inc/STM32_TIMERS_DRIVER.h:18:0,
                 from ../Src/main.c:12:
C:/E/embedded/test/final simulation code for my assignments/IR_PROJECT/IR_NEC/STM32_DRIVERS/inc/stm32f103c6_ISR_DRIVER.h:71:6: note: expected 'void (*)(interrupt_data *, uint8_t) {aka void (*)(struct <anonymous> *, unsigned char)}' but argument is of type 'void (*)(void)'
 void EXTI(GPIO_typeDef* PORTx ,uint16_t pin,uint16_t triggercase,void(*function_addres)(interrupt_data* isr_data,uint8_t interupt_num));
      ^~~~
arm-none-eabi-gcc -o "IR_NEC.axf" @"objects.list"   -mcpu=cortex-m3 -T"C:\E\embedded\test\final simulation code for my assignments\IR_PROJECT\IR_NEC\STM32F103C8TX_FLASH.ld" --specs=nosys.specs -Wl,-Map="IR_NEC.map" -Wl,--gc-sections -static --specs=nano.specs -mfloat-abi=soft -mthumb -Wl,--start-group -lc -lm -Wl,--end-group
Finished building target: IR_NEC.axf
 
arm-none-eabi-objdump -h -S  IR_NEC.axf  > "IR_NEC.list"
arm-none-eabi-objcopy  -O binary  IR_NEC.axf  "IR_NEC.bin"
arm-none-eabi-size   IR_NEC.axf 
   text	   data	    bss	    dec	    hex	filename
  11032	     56	   1752	  12840	   3228	IR_NEC.axf
Finished building: default.size.stdout
 
Finished building: IR_NEC.bin
 
Finished building: IR_NEC.list
 
14:45:06 **** Incremental Build of configuration Debug for project IR_NEC ****
make -j16 all 
arm-none-eabi-gcc "../Src/main.c" -mcpu=cortex-m3 -std=gnu11 -g3 -DSTM32 -DSTM32F1 -DSTM32F103C8Tx -DDEBUG -c -I../Inc -I"C:/E/embedded/test/final simulation code for my assignments/IR_PROJECT/IR_NEC/STM32_DRIVERS/inc" -O0 -ffunction-sections -fdata-sections -Wall -fstack-usage -MMD -MP -MF"Src/main.d" -MT"Src/main.o" --specs=nano.specs -mfloat-abi=soft -mthumb -o "Src/main.o"
../Src/main.c: In function 'main':
../Src/main.c:43:40: warning: passing argument 4 of 'EXTI' from incompatible pointer type [-Wincompatible-pointer-types]
  EXTI(GPIOB, pin1,EXTI_Trigger_Rising, IR_TIME_READ);
                                        ^~~~~~~~~~~~
In file included from C:/E/embedded/test/final simulation code for my assignments/IR_PROJECT/IR_NEC/STM32_DRIVERS/inc/STM32_TIMERS_DRIVER.h:18:0,
                 from ../Src/main.c:12:
C:/E/embedded/test/final simulation code for my assignments/IR_PROJECT/IR_NEC/STM32_DRIVERS/inc/stm32f103c6_ISR_DRIVER.h:71:6: note: expected 'void (*)(interrupt_data *, uint8_t) {aka void (*)(struct <anonymous> *, unsigned char)}' but argument is of type 'void (*)(void)'
 void EXTI(GPIO_typeDef* PORTx ,uint16_t pin,uint16_t triggercase,void(*function_addres)(interrupt_data* isr_data,uint8_t interupt_num));
      ^~~~
arm-none-eabi-gcc -o "IR_NEC.axf" @"objects.list"   -mcpu=cortex-m3 -T"C:\E\embedded\test\final simulation code for my assignments\IR_PROJECT\IR_NEC\STM32F103C8TX_FLASH.ld" --specs=nosys.specs -Wl,-Map="IR_NEC.map" -Wl,--gc-sections -static --specs=nano.specs -mfloat-abi=soft -mthumb -Wl,--start-group -lc -lm -Wl,--end-group
Finished building target: IR_NEC.axf
 
arm-none-eabi-objdump -h -S  IR_NEC.axf  > "IR_NEC.list"
arm-none-eabi-objcopy  -O binary  IR_NEC.axf  "IR_NEC.bin"
arm-none-eabi-size   IR_NEC.axf 
   text	   data	    bss	    dec	    hex	filename
  11048	     56	   1752	  12856	   3238	IR_NEC.axf
Finished building: default.size.stdout
 
Finished building: IR_NEC.bin
 
Finished building: IR_NEC.list
 
14:45:56 **** Incremental Build of configuration Debug for project IR_NEC ****
make -j16 all 
arm-none-eabi-gcc "../Src/main.c" -mcpu=cortex-m3 -std=gnu11 -g3 -DSTM32 -DSTM32F1 -DSTM32F103C8Tx -DDEBUG -c -I../Inc -I"C:/E/embedded/test/final simulation code for my assignments/IR_PROJECT/IR_NEC/STM32_DRIVERS/inc" -O0 -ffunction-sections -fdata-sections -Wall -fstack-usage -MMD -MP -MF"Src/main.d" -MT"Src/main.o" --specs=nano.specs -mfloat-abi=soft -mthumb -o "Src/main.o"
../Src/main.c: In function 'main':
../Src/main.c:43:40: warning: passing argument 4 of 'EXTI' from incompatible pointer type [-Wincompatible-pointer-types]
  EXTI(GPIOB, pin1,EXTI_Trigger_Rising, IR_TIME_READ);
                                        ^~~~~~~~~~~~
In file included from C:/E/embedded/test/final simulation code for my assignments/IR_PROJECT/IR_NEC/STM32_DRIVERS/inc/STM32_TIMERS_DRIVER.h:18:0,
                 from ../Src/main.c:12:
C:/E/embedded/test/final simulation code for my assignments/IR_PROJECT/IR_NEC/STM32_DRIVERS/inc/stm32f103c6_ISR_DRIVER.h:71:6: note: expected 'void (*)(interrupt_data *, uint8_t) {aka void (*)(struct <anonymous> *, unsigned char)}' but argument is of type 'void (*)(void)'
 void EXTI(GPIO_typeDef* PORTx ,uint16_t pin,uint16_t triggercase,void(*function_addres)(interrupt_data* isr_data,uint8_t interupt_num));
      ^~~~
arm-none-eabi-gcc -o "IR_NEC.axf" @"objects.list"   -mcpu=cortex-m3 -T"C:\E\embedded\test\final simulation code for my assignments\IR_PROJECT\IR_NEC\STM32F103C8TX_FLASH.ld" --specs=nosys.specs -Wl,-Map="IR_NEC.map" -Wl,--gc-sections -static --specs=nano.specs -mfloat-abi=soft -mthumb -Wl,--start-group -lc -lm -Wl,--end-group
Finished building target: IR_NEC.axf
 
arm-none-eabi-objdump -h -S  IR_NEC.axf  > "IR_NEC.list"
arm-none-eabi-objcopy  -O binary  IR_NEC.axf  "IR_NEC.bin"
arm-none-eabi-size   IR_NEC.axf 
   text	   data	    bss	    dec	    hex	filename
  10584	     56	   1752	  12392	   3068	IR_NEC.axf
Finished building: default.size.stdout
 
Finished building: IR_NEC.bin
 
Finished building: IR_NEC.list
 
14:50:06 **** Incremental Build of configuration Debug for project IR_NEC ****
make -j16 all 
arm-none-eabi-gcc "../Src/main.c" -mcpu=cortex-m3 -std=gnu11 -g3 -DSTM32 -DSTM32F1 -DSTM32F103C8Tx -DDEBUG -c -I../Inc -I"C:/E/embedded/test/final simulation code for my assignments/IR_PROJECT/IR_NEC/STM32_DRIVERS/inc" -O0 -ffunction-sections -fdata-sections -Wall -fstack-usage -MMD -MP -MF"Src/main.d" -MT"Src/main.o" --specs=nano.specs -mfloat-abi=soft -mthumb -o "Src/main.o"
../Src/main.c: In function 'main':
../Src/main.c:43:40: warning: passing argument 4 of 'EXTI' from incompatible pointer type [-Wincompatible-pointer-types]
  EXTI(GPIOB, pin0,EXTI_Trigger_Rising, IR_TIME_READ);
                                        ^~~~~~~~~~~~
In file included from C:/E/embedded/test/final simulation code for my assignments/IR_PROJECT/IR_NEC/STM32_DRIVERS/inc/STM32_TIMERS_DRIVER.h:18:0,
                 from ../Src/main.c:12:
C:/E/embedded/test/final simulation code for my assignments/IR_PROJECT/IR_NEC/STM32_DRIVERS/inc/stm32f103c6_ISR_DRIVER.h:71:6: note: expected 'void (*)(interrupt_data *, uint8_t) {aka void (*)(struct <anonymous> *, unsigned char)}' but argument is of type 'void (*)(void)'
 void EXTI(GPIO_typeDef* PORTx ,uint16_t pin,uint16_t triggercase,void(*function_addres)(interrupt_data* isr_data,uint8_t interupt_num));
      ^~~~
arm-none-eabi-gcc -o "IR_NEC.axf" @"objects.list"   -mcpu=cortex-m3 -T"C:\E\embedded\test\final simulation code for my assignments\IR_PROJECT\IR_NEC\STM32F103C8TX_FLASH.ld" --specs=nosys.specs -Wl,-Map="IR_NEC.map" -Wl,--gc-sections -static --specs=nano.specs -mfloat-abi=soft -mthumb -Wl,--start-group -lc -lm -Wl,--end-group
Finished building target: IR_NEC.axf
 
arm-none-eabi-objdump -h -S  IR_NEC.axf  > "IR_NEC.list"
arm-none-eabi-objcopy  -O binary  IR_NEC.axf  "IR_NEC.bin"
arm-none-eabi-size   IR_NEC.axf 
   text	   data	    bss	    dec	    hex	filename
  11048	     56	   1752	  12856	   3238	IR_NEC.axf
Finished building: default.size.stdout
 
Finished building: IR_NEC.bin
 
Finished building: IR_NEC.list
 
14:52:26 **** Incremental Build of configuration Debug for project IR_NEC ****
make -j16 all 
arm-none-eabi-gcc "../STM32_DRIVERS/stm32f103c6_USART_SRIVER.c" -mcpu=cortex-m3 -std=gnu11 -g3 -DSTM32 -DSTM32F1 -DSTM32F103C8Tx -DDEBUG -c -I../Inc -I"C:/E/embedded/test/final simulation code for my assignments/IR_PROJECT/IR_NEC/STM32_DRIVERS/inc" -O0 -ffunction-sections -fdata-sections -Wall -fstack-usage -MMD -MP -MF"STM32_DRIVERS/stm32f103c6_USART_SRIVER.d" -MT"STM32_DRIVERS/stm32f103c6_USART_SRIVER.o" --specs=nano.specs -mfloat-abi=soft -mthumb -o "STM32_DRIVERS/stm32f103c6_USART_SRIVER.o"
../STM32_DRIVERS/stm32f103c6_USART_SRIVER.c: In function 'USART1_IRQHandler':
../STM32_DRIVERS/stm32f103c6_USART_SRIVER.c:270:22: warning: unused variable 'd' [-Wunused-variable]
    volatile uint16_t d=USART1->USART_DR;
                      ^
../STM32_DRIVERS/stm32f103c6_USART_SRIVER.c:275:21: warning: unused variable 'w' [-Wunused-variable]
   volatile uint16_t w =USART1->USART_DR;
                     ^
../STM32_DRIVERS/stm32f103c6_USART_SRIVER.c: In function 'USART2_IRQHandler':
../STM32_DRIVERS/stm32f103c6_USART_SRIVER.c:350:22: warning: unused variable 'd' [-Wunused-variable]
    volatile uint16_t d =USART2->USART_DR;
                      ^
../STM32_DRIVERS/stm32f103c6_USART_SRIVER.c:355:21: warning: unused variable 'w' [-Wunused-variable]
   volatile uint16_t w =USART2->USART_DR;
                     ^
../STM32_DRIVERS/stm32f103c6_USART_SRIVER.c: In function 'USART3_IRQHandler':
../STM32_DRIVERS/stm32f103c6_USART_SRIVER.c:430:22: warning: unused variable 'd' [-Wunused-variable]
    volatile uint16_t d =USART3->USART_DR;
                      ^
../STM32_DRIVERS/stm32f103c6_USART_SRIVER.c:435:21: warning: unused variable 'w' [-Wunused-variable]
   volatile uint16_t w =USART3->USART_DR;
                     ^
arm-none-eabi-gcc -o "IR_NEC.axf" @"objects.list"   -mcpu=cortex-m3 -T"C:\E\embedded\test\final simulation code for my assignments\IR_PROJECT\IR_NEC\STM32F103C8TX_FLASH.ld" --specs=nosys.specs -Wl,-Map="IR_NEC.map" -Wl,--gc-sections -static --specs=nano.specs -mfloat-abi=soft -mthumb -Wl,--start-group -lc -lm -Wl,--end-group
Finished building target: IR_NEC.axf
 
arm-none-eabi-objdump -h -S  IR_NEC.axf  > "IR_NEC.list"
arm-none-eabi-objcopy  -O binary  IR_NEC.axf  "IR_NEC.bin"
arm-none-eabi-size   IR_NEC.axf 
   text	   data	    bss	    dec	    hex	filename
  10988	     56	   1752	  12796	   31fc	IR_NEC.axf
Finished building: default.size.stdout
 
Finished building: IR_NEC.bin
 
Finished building: IR_NEC.list
 
14:53:28 **** Incremental Build of configuration Debug for project IR_NEC ****
make -j16 all 
arm-none-eabi-gcc "../Src/main.c" -mcpu=cortex-m3 -std=gnu11 -g3 -DSTM32 -DSTM32F1 -DSTM32F103C8Tx -DDEBUG -c -I../Inc -I"C:/E/embedded/test/final simulation code for my assignments/IR_PROJECT/IR_NEC/STM32_DRIVERS/inc" -O0 -ffunction-sections -fdata-sections -Wall -fstack-usage -MMD -MP -MF"Src/main.d" -MT"Src/main.o" --specs=nano.specs -mfloat-abi=soft -mthumb -o "Src/main.o"
../Src/main.c: In function 'main':
../Src/main.c:41:50: warning: passing argument 4 of 'EXTI' from incompatible pointer type [-Wincompatible-pointer-types]
  EXTI(GPIOB, pin0,EXTI_Trigger_RisingAndFalling, IR_TIME_READ);
                                                  ^~~~~~~~~~~~
[...]
../STM32_DRIVERS/IR_NEC.c: In function 'IR_NEC_init':
../STM32_DRIVERS/IR_NEC.c:21:39: warning: passing argument 4 of 'EXTI' from incompatible pointer type [-Wincompatible-pointer-types]
  EXTI(GPIOx,pin,EXTI_Trigger_Falling, IR_TIME_READ);
                                       ^~~~~~~~~~~~
In file included from C:/E/embedded/test/final simulation code for my assignments/IR_PROJECT/IR_NEC/STM32_DRIVERS/inc/STM32_TIMERS_DRIVER.h:18:0,
                 from C:/E/embedded/test/final simulation code for my assignments/IR_PROJECT/IR_NEC/STM32_DRIVERS/inc/IR_NEC.h:10,
                 from ../STM32_DRIVERS/IR_NEC.c:7:
C:/E/embedded/test/final simulation code for my assignments/IR_PROJECT/IR_NEC/STM32_DRIVERS/inc/stm32f103c6_ISR_DRIVER.h:71:6: note: expected 'void (*)(interrupt_data *, uint8_t) {aka void (*)(struct <anonymous> *, unsigned char)}' but argument is of type 'void (*)()'
 void EXTI(GPIO_typeDef* PORTx ,uint16_t pin,uint16_t triggercase,void(*function_addres)(interrupt_data* isr_data,uint8_t interupt_num));
      ^~~~
arm-none-eabi-gcc -o "IR_NEC.axf" @"objects.list"   -mcpu=cortex-m3 -T"C:\E\embedded\test\final simulation code for my assignments\IR_PROJECT\IR_NEC\STM32F103C8TX_FLASH.ld" --specs=nosys.specs -Wl,-Map="IR_NEC.map" -Wl,--gc-sections -static --specs=nano.specs -mfloat-abi=soft -mthumb -Wl,--start-group -lc -lm -Wl,--end-group
Finished building target: IR_NEC.axf
 
arm-none-eabi-objdump -h -S  IR_NEC.axf  > "IR_NEC.list"
arm-none-eabi-objcopy  -O binary  IR_NEC.axf  "IR_NEC.bin"
arm-none-eabi-size   IR_NEC.axf 
   text	   data	    bss	    dec	    hex	filename
  16080	    140	   1932	  18152	   46e8	IR_NEC.axf
Finished building: default.size.stdout
 
Finished building: IR_NEC.bin
 
Finished building: IR_NEC.list
 
15:13:15 **** Incremental Build of configuration Debug for project IR_NEC ****
make -j16 all 
arm-none-eabi-gcc "../STM32_DRIVERS/IR_NEC.c" -mcpu=cortex-m3 -std=gnu11 -g3 -DSTM32 -DSTM32F1 -DSTM32F103C8Tx -DDEBUG -c -I../Inc -I"C:/E/embedded/test/final simulation code for my assignments/IR_PROJECT/IR_NEC/STM32_DRIVERS/inc" -O0 -ffunction-sections -fdata-sections -Wall -fstack-usage -MMD -MP -MF"STM32_DRIVERS/IR_NEC.d" -MT"STM32_DRIVERS/IR_NEC.o" --specs=nano.specs -mfloat-abi=soft -mthumb -o "STM32_DRIVERS/IR_NEC.o"
../STM32_DRIVERS/IR_NEC.c: In function 'IR_NEC_init':
../STM32_DRIVERS/IR_NEC.c:21:39: warning: passing argument 4 of 'EXTI' from incompatible pointer type [-Wincompatible-pointer-types]
  EXTI(GPIOx,pin,EXTI_Trigger_Falling, IR_TIME_READ);
                                       ^~~~~~~~~~~~
In file included from C:/E/embedded/test/final simulation code for my assignments/IR_PROJECT/IR_NEC/STM32_DRIVERS/inc/STM32_TIMERS_DRIVER.h:18:0,
                 from C:/E/embedded/test/final simulation code for my assignments/IR_PROJECT/IR_NEC/STM32_DRIVERS/inc/IR_NEC.h:10,
                 from ../STM32_DRIVERS/IR_NEC.c:7:
C:/E/embedded/test/final simulation code for my assignments/IR_PROJECT/IR_NEC/STM32_DRIVERS/inc/stm32f103c6_ISR_DRIVER.h:71:6: note: expected 'void (*)(interrupt_data *, uint8_t) {aka void (*)(struct <anonymous> *, unsigned char)}' but argument is of type 'void (*)()'
 void EXTI(GPIO_typeDef* PORTx ,uint16_t pin,uint16_t triggercase,void(*function_addres)(interrupt_data* isr_data,uint8_t interupt_num));
      ^~~~
arm-none-eabi-gcc -o "IR_NEC.axf" @"objects.list"   -mcpu=cortex-m3 -T"C:\E\embedded\test\final simulation code for my assignments\IR_PROJECT\IR_NEC\STM32F103C8TX_FLASH.ld" --specs=nosys.specs -Wl,-Map="IR_NEC.map" -Wl,--gc-sections -static --specs=nano.specs -mfloat-abi=soft -mthumb -Wl,--start-group -lc -lm -Wl,--end-group
Finished building target: IR_NEC.axf
 
arm-none-eabi-objdump -h -S  IR_NEC.axf  > "IR_NEC.list"
arm-none-eabi-objcopy  -O binary  IR_NEC.axf  "IR_NEC.bin"
arm-none-eabi-size   IR_NEC.axf 
   text	   data	    bss	    dec	    hex	filename
  14160	    140	   1932	  16232	   3f68	IR_NEC.axf
Finished building: default.size.stdout
 
Finished building: IR_NEC.bin
 
Finished building: IR_NEC.list
 
15:39:58 **** Incremental Build of configuration Debug for project IR_NEC ****
make -j16 all 
arm-none-eabi-gcc "../Src/main.c" -mcpu=cortex-m3 -std=gnu11 -g3 -DSTM32 -DSTM32F1 -DSTM32F103C8Tx -DDEBUG -c -I../Inc -I"C:/E/embedded/test/final simulation code for my assignments/IR_PROJECT/IR_NEC/STM32_DRIVERS/inc" -O0 -ffunction-sections -fdata-sections -Wall -fstack-usage -MMD -MP -MF"Src/main.d" -MT"Src/main.o" --specs=nano.specs -mfloat-abi=soft -mthumb -o "Src/main.o"
arm-none-eabi-gcc "../STM32_DRIVERS/IR_NEC.c" -mcpu=cortex-m3 -std=gnu11 -g3 -DSTM32 -DSTM32F1 -DSTM32F103C8Tx -DDEBUG -c -I../Inc -I"C:/E/embedded/test/final simulation code for my assignments/IR_PROJECT/IR_NEC/STM32_DRIVERS/inc" -O0 -ffunction-sections -fdata-sections -Wall -fstack-usage -MMD -MP -MF"STM32_DRIVERS/IR_NEC.d" -MT"STM32_DRIVERS/IR_NEC.o" --specs=nano.specs -mfloat-abi=soft -mthumb -o "STM32_DRIVERS/IR_NEC.o"
../STM32_DRIVERS/IR_NEC.c: In function 'IR_NEC_init':
../STM32_DRIVERS/IR_NEC.c:21:39: warning: passing argument 4 of 'EXTI' from incompatible pointer type [-Wincompatible-pointer-types]
  EXTI(GPIOx,pin,EXTI_Trigger_Falling, IR_TIME_READ);
                                       ^~~~~~~~~~~~
In file included from C:/E/embedded/test/final simulation code for my assignments/IR_PROJECT/IR_NEC/STM32_DRIVERS/inc/STM32_TIMERS_DRIVER.h:18:0,
                 from C:/E/embedded/test/final simulation code for my assignments/IR_PROJECT/IR_NEC/STM32_DRIVERS/inc/IR_NEC.h:10,
                 from ../STM32_DRIVERS/IR_NEC.c:7:
C:/E/embedded/test/final simulation code for my assignments/IR_PROJECT/IR_NEC/STM32_DRIVERS/inc/stm32f103c6_ISR_DRIVER.h:71:6: note: expected 'void (*)(interrupt_data *, uint8_t) {aka void (*)(struct <anonymous> *, unsigned char)}' but argument is of type 'void (*)()'
 void EXTI(GPIO_typeDef* PORTx ,uint16_t pin,uint16_t triggercase,void(*function_addres)(interrupt_data* isr_data,uint8_t interupt_num));
      ^~~~
arm-none-eabi-gcc -o "IR_NEC.axf" @"objects.list"   -mcpu=cortex-m3 -T"C:\E\embedded\test\final simulation code for my assignments\IR_PROJECT\IR_NEC\STM32F103C8TX_FLASH.ld" --specs=nosys.specs -Wl,-Map="IR_NEC.map" -Wl,--gc-sections -static --specs=nano.specs -mfloat-abi=soft -mthumb -Wl,--start-group -lc -lm -Wl,--end-group
Finished building target: IR_NEC.axf
 
arm-none-eabi-objdump -h -S  IR_NEC.axf  > "IR_NEC.list"
arm-none-eabi-objcopy  -O binary  IR_NEC.axf  "IR_NEC.bin"
arm-none-eabi-size   IR_NEC.axf 
   text	   data	    bss	    dec	    hex	filename
  16076	    140	   1932	  18148	   46e4	IR_NEC.axf
Finished building: default.size.stdout
 
Finished building: IR_NEC.bin
 
Finished building: IR_NEC.list
 
15:42:06 **** Incremental Build of configuration Debug for project IR_NEC ****
make -j16 all 
arm-none-eabi-gcc "../STM32_DRIVERS/IR_NEC.c" -mcpu=cortex-m3 -std=gnu11 -g3 -DSTM32 -DSTM32F1 -DSTM32F103C8Tx -DDEBUG -c -I../Inc -I"C:/E/embedded/test/final simulation code for my assignments/IR_PROJECT/IR_NEC/STM32_DRIVERS/inc" -O0 -ffunction-sections -fdata-sections -Wall -fstack-usage -MMD -MP -MF"STM32_DRIVERS/IR_NEC.d" -MT"STM32_DRIVERS/IR_NEC.o" --specs=nano.specs -mfloat-abi=soft -mthumb -o "STM32_DRIVERS/IR_NEC.o"
../STM32_DRIVERS/IR_NEC.c: In function 'IR_NEC_init':
../STM32_DRIVERS/IR_NEC.c:21:39: warning: passing argument 4 of 'EXTI' from incompatible pointer type [-Wincompatible-pointer-types]
  EXTI(GPIOx,pin,EXTI_Trigger_Falling, IR_TIME_READ);
                                       ^~~~~~~~~~~~
In file included from C:/E/embedded/test/final simulation code for my assignments/IR_PROJECT/IR_NEC/STM32_DRIVERS/inc/STM32_TIMERS_DRIVER.h:18:0,
                 from C:/E/embedded/test/final simulation code for my assignments/IR_PROJECT/IR_NEC/STM32_DRIVERS/inc/IR_NEC.h:10,
                 from ../STM32_DRIVERS/IR_NEC.c:7:
C:/E/embedded/test/final simulation code for my assignments/IR_PROJECT/IR_NEC/STM32_DRIVERS/inc/stm32f103c6_ISR_DRIVER.h:71:6: note: expected 'void (*)(interrupt_data *, uint8_t) {aka void (*)(struct <anonymous> *, unsigned char)}' but argument is of type 'void (*)()'
 void EXTI(GPIO_typeDef* PORTx ,uint16_t pin,uint16_t triggercase,void(*function_addres)(interrupt_data* isr_data,uint8_t interupt_num));
      ^~~~
arm-none-eabi-gcc -o "IR_NEC.axf" @"objects.list"   -mcpu=cortex-m3 -T"C:\E\embedded\test\final simulation code for my assignments\IR_PROJECT\IR_NEC\STM32F103C8TX_FLASH.ld" --specs=nosys.specs -Wl,-Map="IR_NEC.map" -Wl,--gc-sections -static --specs=nano.specs -mfloat-abi=soft -mthumb -Wl,--start-group -lc -lm -Wl,--end-group
Finished building target: IR_NEC.axf
 
arm-none-eabi-objdump -h -S  IR_NEC.axf  > "IR_NEC.list"
arm-none-eabi-objcopy  -O binary  IR_NEC.axf  "IR_NEC.bin"
arm-none-eabi-size   IR_NEC.axf 
   text	   data	    bss	    dec	    hex	filename
  16076	    140	   1932	  18148	   46e4	IR_NEC.axf
Finished building: default.size.stdout
 
Finished building: IR_NEC.bin
 
Finished building: IR_NEC.list
 
15:49:26 **** Incremental Build of configuration Debug for project IR_NEC ****
make -j16 all 
arm-none-eabi-gcc "../STM32_DRIVERS/IR_NEC.c" -mcpu=cortex-m3 -std=gnu11 -g3 -DSTM32 -DSTM32F1 -DSTM32F103C8Tx -DDEBUG -c -I../Inc -I"C:/E/embedded/test/final simulation code for my assignments/IR_PROJECT/IR_NEC/STM32_DRIVERS/inc" -O0 -ffunction-sections -fdata-sections -Wall -fstack-usage -MMD -MP -MF"STM32_DRIVERS/IR_NEC.d" -MT"STM32_DRIVERS/IR_NEC.o" --specs=nano.specs -mfloat-abi=soft -mthumb -o "STM32_DRIVERS/IR_NEC.o"
../STM32_DRIVERS/IR_NEC.c: In function 'IR_NEC_init':
../STM32_DRIVERS/IR_NEC.c:21:39: warning: passing argument 4 of 'EXTI' from incompatible pointer type [-Wincompatible-pointer-types]
  EXTI(GPIOx,pin,EXTI_Trigger_Falling, IR_TIME_READ);
                                       ^~~~~~~~~~~~
In file included from C:/E/embedded/test/final simulation code for my assignments/IR_PROJECT/IR_NEC/STM32_DRIVERS/inc/STM32_TIMERS_DRIVER.h:18:0,
                 from C:/E/embedded/test/final simulation code for my assignments/IR_PROJECT/IR_NEC/STM32_DRIVERS/inc/IR_NEC.h:10,
                 from ../STM32_DRIVERS/IR_NEC.c:7:
C:/E/embedded/test/final simulation code for my assignments/IR_PROJECT/IR_NEC/STM32_DRIVERS/inc/stm32f103c6_ISR_DRIVER.h:71:6: note: expected 'void (*)(interrupt_data *, uint8_t) {aka void (*)(struct <anonymous> *, unsigned char)}' but argument is of type 'void (*)()'
 void EXTI(GPIO_typeDef* PORTx ,uint16_t pin,uint16_t triggercase,void(*function_addres)(interrupt_data* isr_data,uint8_t interupt_num));
      ^~~~
arm-none-eabi-gcc -o "IR_NEC.axf" @"objects.list"   -mcpu=cortex-m3 -T"C:\E\embedded\test\final simulation code for my assignments\IR_PROJECT\IR_NEC\STM32F103C8TX_FLASH.ld" --specs=nosys.specs -Wl,-Map="IR_NEC.map" -Wl,--gc-sections -static --specs=nano.specs -mfloat-abi=soft -mthumb -Wl,--start-group -lc -lm -Wl,--end-group
Finished building target: IR_NEC.axf
 
arm-none-eabi-objdump -h -S  IR_NEC.axf  > "IR_NEC.list"
arm-none-eabi-objcopy  -O binary  IR_NEC.axf  "IR_NEC.bin"
arm-none-eabi-size   IR_NEC.axf 
   text	   data	    bss	    dec	    hex	filename
  16172	    140	   1932	  18244	   4744	IR_NEC.axf
Finished building: default.size.stdout
 
Finished building: IR_NEC.bin
 
Finished building: IR_NEC.list
 
15:51:17 **** Incremental Build of configuration Debug for project IR_NEC ****
make -j16 all 
arm-none-eabi-gcc "../Src/main.c" -mcpu=cortex-m3 -std=gnu11 -g3 -DSTM32 -DSTM32F1 -DSTM32F103C8Tx -DDEBUG -c -I../Inc -I"C:/E/embedded/test/final simulation code for my assignments/IR_PROJECT/IR_NEC/STM32_DRIVERS/inc" -O0 -ffunction-sections -fdata-sections -Wall -fstack-usage -MMD -MP -MF"Src/main.d" -MT"Src/main.o" --specs=nano.specs -mfloat-abi=soft -mthumb -o "Src/main.o"
arm-none-eabi-gcc "../STM32_DRIVERS/IR_NEC.c" -mcpu=cortex-m3 -std=gnu11 -g3 -DSTM32 -DSTM32F1 -DSTM32F103C8Tx -DDEBUG -c -I../Inc -I"C:/E/embedded/test/final simulation code for my assignments/IR_PROJECT/IR_NEC/STM32_DRIVERS/inc" -O0 -ffunction-sections -fdata-sections -Wall -fstack-usage -MMD -MP -MF"STM32_DRIVERS/IR_NEC.d" -MT"STM32_DRIVERS/IR_NEC.o" --specs=nano.specs -mfloat-abi=soft -mthumb -o "STM32_DRIVERS/IR_NEC.o"
../STM32_DRIVERS/IR_NEC.c: In function 'IR_NEC_init':
../STM32_DRIVERS/IR_NEC.c:21:39: warning: passing argument 4 of 'EXTI' from incompatible pointer type [-Wincompatible-pointer-types]
  EXTI(GPIOx,pin,EXTI_Trigger_Falling, IR_TIME_READ);
                                       ^~~~~~~~~~~~
In file included from C:/E/embedded/test/final simulation code for my assignments/IR_PROJECT/IR_NEC/STM32_DRIVERS/inc/STM32_TIMERS_DRIVER.h:18:0,
                 from C:/E/embedded/test/final simulation code for my assignments/IR_PROJECT/IR_NEC/STM32_DRIVERS/inc/IR_NEC.h:10,
                 from ../STM32_DRIVERS/IR_NEC.c:7:
C:/E/embedded/test/final simulation code for my assignments/IR_PROJECT/IR_NEC/STM32_DRIVERS/inc/stm32f103c6_ISR_DRIVER.h:71:6: note: expected 'void (*)(interrupt_data *, uint8_t) {aka void (*)(struct <anonymous> *, unsigned char)}' but argument is of type 'void (*)()'
 void EXTI(GPIO_typeDef* PORTx ,uint16_t pin,uint16_t triggercase,void(*function_addres)(interrupt_data* isr_data,uint8_t interupt_num));
      ^~~~
arm-none-eabi-gcc -o "IR_NEC.axf" @"objects.list"   -mcpu=cortex-m3 -T"C:\E\embedded\test\final simulation code for my assignments\IR_PROJECT\IR_NEC\STM32F103C8TX_FLASH.ld" --specs=nosys.specs -Wl,-Map="IR_NEC.map" -Wl,--gc-sections -static --specs=nano.specs -mfloat-abi=soft -mthumb -Wl,--start-group -lc -lm -Wl,--end-group
Finished building target: IR_NEC.axf
 
arm-none-eabi-objdump -h -S  IR_NEC.axf  > "IR_NEC.list"
arm-none-eabi-objcopy  -O binary  IR_NEC.axf  "IR_NEC.bin"
arm-none-eabi-size   IR_NEC.axf 
   text	   data	    bss	    dec	    hex	filename
  16252	    140	   1932	  18324	   4794	IR_NEC.axf
Finished building: default.size.stdout
 
Finished building: IR_NEC.bin
 
Finished building: IR_NEC.list
 
15:58:53 **** Incremental Build of configuration Debug for project IR_NEC ****
make -j16 all 
arm-none-eabi-gcc "../STM32_DRIVERS/IR_NEC.c" -mcpu=cortex-m3 -std=gnu11 -g3 -DSTM32 -DSTM32F1 -DSTM32F103C8Tx -DDEBUG -c -I../Inc -I"C:/E/embedded/test/final simulation code for my assignments/IR_PROJECT/IR_NEC/STM32_DRIVERS/inc" -O0 -ffunction-sections -fdata-sections -Wall -fstack-usage -MMD -MP -MF"STM32_DRIVERS/IR_NEC.d" -MT"STM32_DRIVERS/IR_NEC.o" --specs=nano.specs -mfloat-abi=soft -mthumb -o "STM32_DRIVERS/IR_NEC.o"
../STM32_DRIVERS/IR_NEC.c: In function 'IR_NEC_init':
../STM32_DRIVERS/IR_NEC.c:21:39: warning: passing argument 4 of 'EXTI' from incompatible pointer type [-Wincompatible-pointer-types]
  EXTI(GPIOx,pin,EXTI_Trigger_Falling, IR_TIME_READ);
                                       ^~~~~~~~~~~~
In file included from C:/E/embedded/test/final simulation code for my assignments/IR_PROJECT/IR_NEC/STM32_DRIVERS/inc/STM32_TIMERS_DRIVER.h:18:0,
                 from C:/E/embedded/test/final simulation code for my assignments/IR_PROJECT/IR_NEC/STM32_DRIVERS/inc/IR_NEC.h:10,
                 from ../STM32_DRIVERS/IR_NEC.c:7:
C:/E/embedded/test/final simulation code for my assignments/IR_PROJECT/IR_NEC/STM32_DRIVERS/inc/stm32f103c6_ISR_DRIVER.h:71:6: note: expected 'void (*)(interrupt_data *, uint8_t) {aka void (*)(struct <anonymous> *, unsigned char)}' but argument is of type 'void (*)()'
 void EXTI(GPIO_typeDef* PORTx ,uint16_t pin,uint16_t triggercase,void(*function_addres)(interrupt_data* isr_data,uint8_t interupt_num));
      ^~~~
arm-none-eabi-gcc -o "IR_NEC.axf" @"objects.list"   -mcpu=cortex-m3 -T"C:\E\embedded\test\final simulation code for my assignments\IR_PROJECT\IR_NEC\STM32F103C8TX_FLASH.ld" --specs=nosys.specs -Wl,-Map="IR_NEC.map" -Wl,--gc-sections -static --specs=nano.specs -mfloat-abi=soft -mthumb -Wl,--start-group -lc -lm -Wl,--end-group
Finished building target: IR_NEC.axf
 
arm-none-eabi-objdump -h -S  IR_NEC.axf  > "IR_NEC.list"
arm-none-eabi-objcopy  -O binary  IR_NEC.axf  "IR_NEC.bin"
arm-none-eabi-size   IR_NEC.axf 
   text	   data	    bss	    dec	    hex	filename
  16372	    140	   1932	  18444	   480c	IR_NEC.axf
Finished building: default.size.stdout
 
Finished building: IR_NEC.bin
 
Finished building: IR_NEC.list
 
16:46:38 **** Incremental Build of configuration Debug for project IR_NEC ****
make -j16 all 
arm-none-eabi-gcc "../STM32_DRIVERS/IR_NEC.c" -mcpu=cortex-m3 -std=gnu11 -g3 -DSTM32 -DSTM32F1 -DSTM32F103C8Tx -DDEBUG -c -I../Inc -I"C:/E/embedded/test/final simulation code for my assignments/IR_PROJECT/IR_NEC/STM32_DRIVERS/inc" -O0 -ffunction-sections -fdata-sections -Wall -fstack-usage -MMD -MP -MF"STM32_DRIVERS/IR_NEC.d" -MT"STM32_DRIVERS/IR_NEC.o" --specs=nano.specs -mfloat-abi=soft -mthumb -o "STM32_DRIVERS/IR_NEC.o"
../STM32_DRIVERS/IR_NEC.c: In function 'IR_NEC_init':
../STM32_DRIVERS/IR_NEC.c:21:39: warning: passing argument 4 of 'EXTI' from incompatible pointer type [-Wincompatible-pointer-types]
  EXTI(GPIOx,pin,EXTI_Trigger_Falling, IR_TIME_READ);
                                       ^~~~~~~~~~~~
In file included from C:/E/embedded/test/final simulation code for my assignments/IR_PROJECT/IR_NEC/STM32_DRIVERS/inc/STM32_TIMERS_DRIVER.h:18:0,
                 from C:/E/embedded/test/final simulation code for my assignments/IR_PROJECT/IR_NEC/STM32_DRIVERS/inc/IR_NEC.h:10,
                 from ../STM32_DRIVERS/IR_NEC.c:7:
C:/E/embedded/test/final simulation code for my assignments/IR_PROJECT/IR_NEC/STM32_DRIVERS/inc/stm32f103c6_ISR_DRIVER.h:71:6: note: expected 'void (*)(interrupt_data *, uint8_t) {aka void (*)(struct <anonymous> *, unsigned char)}' but argument is of type 'void (*)()'
 void EXTI(GPIO_typeDef* PORTx ,uint16_t pin,uint16_t triggercase,void(*function_addres)(interrupt_data* isr_data,uint8_t interupt_num));
      ^~~~
arm-none-eabi-gcc -o "IR_NEC.axf" @"objects.list"   -mcpu=cortex-m3 -T"C:\E\embedded\test\final simulation code for my assignments\IR_PROJECT\IR_NEC\STM32F103C8TX_FLASH.ld" --specs=nosys.specs -Wl,-Map="IR_NEC.map" -Wl,--gc-sections -static --specs=nano.specs -mfloat-abi=soft -mthumb -Wl,--start-group -lc -lm -Wl,--end-group
Finished building target: IR_NEC.axf
 
arm-none-eabi-objdump -h -S  IR_NEC.axf  > "IR_NEC.list"
arm-none-eabi-objcopy  -O binary  IR_NEC.axf  "IR_NEC.bin"
arm-none-eabi-size   IR_NEC.axf 
   text	   data	    bss	    dec	    hex	filename
  16096	    140	   1932	  18168	   46f8	IR_NEC.axf
Finished building: default.size.stdout
 
Finished building: IR_NEC.bin
 
Finished building: IR_NEC.list
 
16:47:00 **** Incremental Build of configuration Debug for project IR_NEC ****
make -j16 all 
arm-none-eabi-gcc "../Src/main.c" -mcpu=cortex-m3 -std=gnu11 -g3 -DSTM32 -DSTM32F1 -DSTM32F103C8Tx -DDEBUG -c -I../Inc -I"C:/E/embedded/test/final simulation code for my assignments/IR_PROJECT/IR_NEC/STM32_DRIVERS/inc" -O0 -ffunction-sections -fdata-sections -Wall -fstack-usage -MMD -MP -MF"Src/main.d" -MT"Src/main.o" --specs=nano.specs -mfloat-abi=soft -mthumb -o "Src/main.o"
arm-none-eabi-gcc -o "IR_NEC.axf" @"objects.list"   -mcpu=cortex-m3 -T"C:\E\embedded\test\final simulation code for my assignments\IR_PROJECT\IR_NEC\STM32F103C8TX_FLASH.ld" --specs=nosys.specs -Wl,-Map="IR_NEC.map" -Wl,--gc-sections -static --specs=nano.specs -mfloat-abi=soft -mthumb -Wl,--start-group -lc -lm -Wl,--end-group
Finished building target: IR_NEC.axf
 
arm-none-eabi-objdump -h -S  IR_NEC.axf  > "IR_NEC.list"
arm-none-eabi-objcopy  -O binary  IR_NEC.axf  "IR_NEC.bin"
arm-none-eabi-size   IR_NEC.axf 
   text	   data	    bss	    dec	    hex	filename
  16096	    140	   1932	  18168	   46f8	IR_NEC.axf
Finished building: default.size.stdout
 
Finished building: IR_NEC.bin
 
Finished building: IR_NEC.list
 
